<html>
<body>
<pre>
<h1>µVision Build Log</h1>
<h2>Tool Versions:</h2>
IDE-Version: µVision V5.16a
Copyright (C) 2015 ARM Ltd and ARM Germany GmbH. All rights reserved.
License Information: DTD DDwe, dds, LIC=JL2BS-L0RMW-Y81FK-ZW2VU-KND07-42ARE
 
Tool Versions:
Toolchain:       MDK-ARM Standard  Version: 5.16a
Toolchain Path:  C:\Keil\ARM\ARMCC\Bin
C Compiler:      Armcc.exe V5.06 (build 20)
Assembler:       Armasm.exe V5.06 (build 20)
Linker/Locator:  ArmLink.exe V5.06 (build 20)
Library Manager: ArmAr.exe V5.06 (build 20)
Hex Converter:   FromElf.exe V5.06 (build 20)
CPU DLL:         SARMCM3.DLL V5.16a
Dialog DLL:      DCM.DLL V1.13.2.0
Target DLL:      STLink\ST-LINKIII-KEIL_SWO.dll V2.0.17.0
Dialog DLL:      TCM.DLL V1.14.5.0
 
<h2>Project:</h2>
C:\Sensor\FW\MDK-ARM\FW.uvprojx
Project File Date:  02/26/2016

<h2>Output:</h2>
*** Using Compiler 'V5.06 (build 20)', folder: 'C:\Keil\ARM\ARMCC\Bin'
Build target 'FW'
assembling startup_stm32l151xd.s...
compiling ff_gen_drv.c...
compiling diskio.c...
compiling sd_diskio.c...
compiling syscall.c...
compiling stm32l1xx_hal_gpio.c...
compiling ff.c...
compiling stm32l1xx_hal_cortex.c...
compiling stm32l1xx_hal.c...
compiling stm32l1xx_hal_adc_ex.c...
compiling stm32l1xx_hal_pwr_ex.c...
compiling stm32l1xx_hal_rtc_ex.c...
compiling stm32l1xx_hal_dma.c...
compiling stm32l1xx_hal_uart.c...
compiling stm32l1xx_hal_flash_ex.c...
compiling stm32l1xx_hal_tim_ex.c...
compiling stm32l1xx_hal_rcc_ex.c...
compiling stm32l1xx_hal_rtc.c...
compiling stm32l1xx_hal_spi_ex.c...
compiling stm32l1xx_hal_adc.c...
compiling stm32l1xx_hal_rcc.c...
compiling stm32l1xx_hal_flash.c...
compiling stm32l1xx_ll_sdmmc.c...
compiling stm32l1xx_hal_spi.c...
compiling stm32l1xx_hal_tim.c...
compiling stm32l1xx_hal_pwr.c...
compiling stm32l1xx_hal_sd.c...
compiling stm32l1xx_it.c...
compiling stm32l1xx_hal_flash_ramfunc.c...
compiling bsp_driver_sd.c...
compiling stm32l1xx_hal_msp.c...
compiling main.c...
../Src/main.c(228): warning:  #111-D: statement is unreachable
  	
D_PWR_ON;		//Power to SD card
../Src/main.c(288): warning:  #223-D: function "strcmp" declared implicitly
  												 if((strcmp(rtext,wtext)!=0)|| (res != FR_OK)){
../Src/main.c(167): warning:  #177-D: variable "r" was declared but never referenced
  	unsigned char r;	//ACC WHO_AM_I responce 
../Src/main.c: 3 warnings, 0 errors
compiling fatfs.c...
compiling system_stm32l1xx.c...
compiling lis3dh_driver.c...
linking...
Program Size: Code=11012 RO-data=356 RW-data=8 ZI-data=2832  
"FW\FW.axf" - 0 Error(s), 3 Warning(s).

<h2>Software Packages used:</h2>

Package Vendor: ARM
                http://www.keil.com/pack/ARM.CMSIS.4.5.0.pack
                ARM::CMSIS:CORE:4.3.0
                CMSIS (Cortex Microcontroller Software Interface Standard)
   * Component: CORE Version: 4.3.0

<h2>Collection of Component include folders:</h2>
  C:\Sensor\FW\MDK-ARM\RTE
  C:\Keil\ARM\PACK\ARM\CMSIS\4.5.0\CMSIS\Include
  C:\Keil\ARM\PACK\Keil\STM32L1xx_DFP\1.0.2\Device\Include

<h2>Collection of Component Files used:</h2>

   * Component: ARM::CMSIS:CORE:4.3.0
Build Time Elapsed:  00:00:23
</pre>
</body>
</html>
