<html>
<body>
<pre>
<h1>µVision Build Log</h1>
<h2>Tool Versions:</h2>
IDE-Version: µVision V5.16a
Copyright (C) 2015 ARM Ltd and ARM Germany GmbH. All rights reserved.
License Information: DTD DDwe, dds, LIC=JL2BS-L0RMW-Y81FK-ZW2VU-KND07-42ARE
 
Tool Versions:
Toolchain:       MDK-ARM Standard  Version: 5.16a
Toolchain Path:  C:\Keil\ARM\ARMCC\Bin
C Compiler:      Armcc.exe V5.06 (build 20)
Assembler:       Armasm.exe V5.06 (build 20)
Linker/Locator:  ArmLink.exe V5.06 (build 20)
Library Manager: ArmAr.exe V5.06 (build 20)
Hex Converter:   FromElf.exe V5.06 (build 20)
CPU DLL:         SARMCM3.DLL V5.16a
Dialog DLL:      DCM.DLL V1.13.2.0
Target DLL:      STLink\ST-LINKIII-KEIL_SWO.dll V2.0.17.0
Dialog DLL:      TCM.DLL V1.14.5.0
 
<h2>Project:</h2>
C:\Sensor\FW\MDK-ARM\FW.uvprojx
Project File Date:  03/31/2016

<h2>Output:</h2>
*** Using Compiler 'V5.06 (build 20)', folder: 'C:\Keil\ARM\ARMCC\Bin'
Build target 'FW'
compiling main.c...
../Src/main.c(235): warning:  #9-D: nested comment is not allowed
  /*		rep:
../Src/main.c(264): warning:  #128-D: loop is not reachable
    while (1)  {
../Src/main.c(283): warning:  #111-D: statement is unreachable
  	
D_PWR_ON;		//Power to SD card
../Src/main.c(409): warning:  #177-D: function "MX_ADC_Init" was declared but never referenced
  void MX_ADC_Init(void)
../Src/main.c(519): warning:  #177-D: function "MX_SPI2_Init" was declared but never referenced
  void MX_SPI2_Init(void)
../Src/main.c(539): warning:  #177-D: function "MX_USART1_UART_Init" was declared but never referenced
  void MX_USART1_UART_Init(void)
../Src/main.c(555): warning:  #177-D: function "MX_USART2_UART_Init" was declared but never referenced
  void MX_USART2_UART_Init(void)
../Src/main.c(92): warning:  #177-D: function "EXTI13_IRQHandler_Config" was declared but never referenced
  static void EXTI13_IRQHandler_Config(void);
../Src/main.c: 8 warnings, 0 errors
linking...
Program Size: Code=14876 RO-data=356 RW-data=28 ZI-data=2756  
FromELF: creating hex file...
"FW\FW.axf" - 0 Error(s), 8 Warning(s).

<h2>Software Packages used:</h2>

Package Vendor: ARM
                http://www.keil.com/pack/ARM.CMSIS.4.5.0.pack
                ARM::CMSIS:CORE:4.3.0
                CMSIS (Cortex Microcontroller Software Interface Standard)
   * Component: CORE Version: 4.3.0

<h2>Collection of Component include folders:</h2>
  C:\Sensor\FW\MDK-ARM\RTE
  C:\Keil\ARM\PACK\ARM\CMSIS\4.5.0\CMSIS\Include
  C:\Keil\ARM\PACK\Keil\STM32L1xx_DFP\1.0.2\Device\Include

<h2>Collection of Component Files used:</h2>

   * Component: ARM::CMSIS:CORE:4.3.0
Build Time Elapsed:  00:00:01
</pre>
</body>
</html>
