<!doctype html public "-//w3c//dtd html 4.0 transitional//en">
<html><head>
<title>Static Call Graph - [FW\FW.axf]</title></head>
<body><HR>
<H1>Static Call Graph for image FW\FW.axf</H1><HR>
<BR><P>#&#060CALLGRAPH&#062# ARM Linker, 5060020: Last Updated: Mon Mar 14 21:49:04 2016
<BR><P>
<H3>Maximum Stack Usage =       1072 bytes + Unknown(Cycles, Untraceable Function Pointers)</H3><H3>
Call chain for Maximum Stack Depth:</H3>
main &rArr; f_open &rArr; follow_path &rArr; dir_find &rArr; dir_next &rArr; create_chain &rArr; put_fat &rArr; move_window &rArr; sync_window &rArr; disk_write
<P>
<H3>
Mutually Recursive functions
</H3> <LI><a href="#[1]">NMI_Handler</a>&nbsp;&nbsp;&nbsp;&rArr;&nbsp;&nbsp;&nbsp;<a href="#[1]">NMI_Handler</a><BR>
 <LI><a href="#[2]">HardFault_Handler</a>&nbsp;&nbsp;&nbsp;&rArr;&nbsp;&nbsp;&nbsp;<a href="#[2]">HardFault_Handler</a><BR>
 <LI><a href="#[4]">BusFault_Handler</a>&nbsp;&nbsp;&nbsp;&rArr;&nbsp;&nbsp;&nbsp;<a href="#[4]">BusFault_Handler</a><BR>
 <LI><a href="#[5]">UsageFault_Handler</a>&nbsp;&nbsp;&nbsp;&rArr;&nbsp;&nbsp;&nbsp;<a href="#[5]">UsageFault_Handler</a><BR>
 <LI><a href="#[6]">SVC_Handler</a>&nbsp;&nbsp;&nbsp;&rArr;&nbsp;&nbsp;&nbsp;<a href="#[6]">SVC_Handler</a><BR>
 <LI><a href="#[7]">DebugMon_Handler</a>&nbsp;&nbsp;&nbsp;&rArr;&nbsp;&nbsp;&nbsp;<a href="#[7]">DebugMon_Handler</a><BR>
 <LI><a href="#[8]">PendSV_Handler</a>&nbsp;&nbsp;&nbsp;&rArr;&nbsp;&nbsp;&nbsp;<a href="#[8]">PendSV_Handler</a><BR>
 <LI><a href="#[40]">COMP_ACQ_IRQHandler</a>&nbsp;&nbsp;&nbsp;&rArr;&nbsp;&nbsp;&nbsp;<a href="#[40]">COMP_ACQ_IRQHandler</a><BR>
</UL>
<P>
<H3>
Function Pointers
</H3><UL>
 <LI><a href="#[1c]">ADC1_IRQHandler</a> from stm32l1xx_it.o(i.ADC1_IRQHandler) referenced from startup_stm32l151xd.o(RESET)
 <LI><a href="#[4]">BusFault_Handler</a> from startup_stm32l151xd.o(.text) referenced from startup_stm32l151xd.o(RESET)
 <LI><a href="#[40]">COMP_ACQ_IRQHandler</a> from startup_stm32l151xd.o(.text) referenced from startup_stm32l151xd.o(RESET)
 <LI><a href="#[20]">COMP_IRQHandler</a> from startup_stm32l151xd.o(.text) referenced from startup_stm32l151xd.o(RESET)
 <LI><a href="#[1f]">DAC_IRQHandler</a> from startup_stm32l151xd.o(.text) referenced from startup_stm32l151xd.o(RESET)
 <LI><a href="#[15]">DMA1_Channel1_IRQHandler</a> from startup_stm32l151xd.o(.text) referenced from startup_stm32l151xd.o(RESET)
 <LI><a href="#[16]">DMA1_Channel2_IRQHandler</a> from startup_stm32l151xd.o(.text) referenced from startup_stm32l151xd.o(RESET)
 <LI><a href="#[17]">DMA1_Channel3_IRQHandler</a> from startup_stm32l151xd.o(.text) referenced from startup_stm32l151xd.o(RESET)
 <LI><a href="#[18]">DMA1_Channel4_IRQHandler</a> from startup_stm32l151xd.o(.text) referenced from startup_stm32l151xd.o(RESET)
 <LI><a href="#[19]">DMA1_Channel5_IRQHandler</a> from startup_stm32l151xd.o(.text) referenced from startup_stm32l151xd.o(RESET)
 <LI><a href="#[1a]">DMA1_Channel6_IRQHandler</a> from startup_stm32l151xd.o(.text) referenced from startup_stm32l151xd.o(RESET)
 <LI><a href="#[1b]">DMA1_Channel7_IRQHandler</a> from startup_stm32l151xd.o(.text) referenced from startup_stm32l151xd.o(RESET)
 <LI><a href="#[3b]">DMA2_Channel1_IRQHandler</a> from startup_stm32l151xd.o(.text) referenced from startup_stm32l151xd.o(RESET)
 <LI><a href="#[3c]">DMA2_Channel2_IRQHandler</a> from startup_stm32l151xd.o(.text) referenced from startup_stm32l151xd.o(RESET)
 <LI><a href="#[3d]">DMA2_Channel3_IRQHandler</a> from startup_stm32l151xd.o(.text) referenced from startup_stm32l151xd.o(RESET)
 <LI><a href="#[3e]">DMA2_Channel4_IRQHandler</a> from startup_stm32l151xd.o(.text) referenced from startup_stm32l151xd.o(RESET)
 <LI><a href="#[3f]">DMA2_Channel5_IRQHandler</a> from startup_stm32l151xd.o(.text) referenced from startup_stm32l151xd.o(RESET)
 <LI><a href="#[7]">DebugMon_Handler</a> from startup_stm32l151xd.o(.text) referenced from startup_stm32l151xd.o(RESET)
 <LI><a href="#[10]">EXTI0_IRQHandler</a> from startup_stm32l151xd.o(.text) referenced from startup_stm32l151xd.o(RESET)
 <LI><a href="#[31]">EXTI15_10_IRQHandler</a> from startup_stm32l151xd.o(.text) referenced from startup_stm32l151xd.o(RESET)
 <LI><a href="#[11]">EXTI1_IRQHandler</a> from startup_stm32l151xd.o(.text) referenced from startup_stm32l151xd.o(RESET)
 <LI><a href="#[12]">EXTI2_IRQHandler</a> from startup_stm32l151xd.o(.text) referenced from startup_stm32l151xd.o(RESET)
 <LI><a href="#[13]">EXTI3_IRQHandler</a> from startup_stm32l151xd.o(.text) referenced from startup_stm32l151xd.o(RESET)
 <LI><a href="#[14]">EXTI4_IRQHandler</a> from startup_stm32l151xd.o(.text) referenced from startup_stm32l151xd.o(RESET)
 <LI><a href="#[21]">EXTI9_5_IRQHandler</a> from startup_stm32l151xd.o(.text) referenced from startup_stm32l151xd.o(RESET)
 <LI><a href="#[e]">FLASH_IRQHandler</a> from startup_stm32l151xd.o(.text) referenced from startup_stm32l151xd.o(RESET)
 <LI><a href="#[2]">HardFault_Handler</a> from startup_stm32l151xd.o(.text) referenced from startup_stm32l151xd.o(RESET)
 <LI><a href="#[29]">I2C1_ER_IRQHandler</a> from startup_stm32l151xd.o(.text) referenced from startup_stm32l151xd.o(RESET)
 <LI><a href="#[28]">I2C1_EV_IRQHandler</a> from startup_stm32l151xd.o(.text) referenced from startup_stm32l151xd.o(RESET)
 <LI><a href="#[2b]">I2C2_ER_IRQHandler</a> from startup_stm32l151xd.o(.text) referenced from startup_stm32l151xd.o(RESET)
 <LI><a href="#[2a]">I2C2_EV_IRQHandler</a> from startup_stm32l151xd.o(.text) referenced from startup_stm32l151xd.o(RESET)
 <LI><a href="#[3]">MemManage_Handler</a> from stm32l1xx_it.o(i.MemManage_Handler) referenced from startup_stm32l151xd.o(RESET)
 <LI><a href="#[1]">NMI_Handler</a> from startup_stm32l151xd.o(.text) referenced from startup_stm32l151xd.o(RESET)
 <LI><a href="#[b]">PVD_IRQHandler</a> from startup_stm32l151xd.o(.text) referenced from startup_stm32l151xd.o(RESET)
 <LI><a href="#[8]">PendSV_Handler</a> from startup_stm32l151xd.o(.text) referenced from startup_stm32l151xd.o(RESET)
 <LI><a href="#[f]">RCC_IRQHandler</a> from startup_stm32l151xd.o(.text) referenced from startup_stm32l151xd.o(RESET)
 <LI><a href="#[32]">RTC_Alarm_IRQHandler</a> from startup_stm32l151xd.o(.text) referenced from startup_stm32l151xd.o(RESET)
 <LI><a href="#[d]">RTC_WKUP_IRQHandler</a> from stm32l1xx_it.o(i.RTC_WKUP_IRQHandler) referenced from startup_stm32l151xd.o(RESET)
 <LI><a href="#[0]">Reset_Handler</a> from startup_stm32l151xd.o(.text) referenced from startup_stm32l151xd.o(RESET)
 <LI><a href="#[36]">SDIO_IRQHandler</a> from stm32l1xx_it.o(i.SDIO_IRQHandler) referenced from startup_stm32l151xd.o(RESET)
 <LI><a href="#[45]">SD_initialize</a> from sd_diskio.o(i.SD_initialize) referenced from sd_diskio.o(.constdata)
 <LI><a href="#[49]">SD_ioctl</a> from sd_diskio.o(i.SD_ioctl) referenced from sd_diskio.o(.constdata)
 <LI><a href="#[47]">SD_read</a> from sd_diskio.o(i.SD_read) referenced from sd_diskio.o(.constdata)
 <LI><a href="#[46]">SD_status</a> from sd_diskio.o(i.SD_status) referenced from sd_diskio.o(.constdata)
 <LI><a href="#[48]">SD_write</a> from sd_diskio.o(i.SD_write) referenced from sd_diskio.o(.constdata)
 <LI><a href="#[2c]">SPI1_IRQHandler</a> from stm32l1xx_it.o(i.SPI1_IRQHandler) referenced from startup_stm32l151xd.o(RESET)
 <LI><a href="#[2d]">SPI2_IRQHandler</a> from stm32l1xx_it.o(i.SPI2_IRQHandler) referenced from startup_stm32l151xd.o(RESET)
 <LI><a href="#[38]">SPI3_IRQHandler</a> from startup_stm32l151xd.o(.text) referenced from startup_stm32l151xd.o(RESET)
 <LI><a href="#[6]">SVC_Handler</a> from startup_stm32l151xd.o(.text) referenced from startup_stm32l151xd.o(RESET)
 <LI><a href="#[9]">SysTick_Handler</a> from stm32l1xx_it.o(i.SysTick_Handler) referenced from startup_stm32l151xd.o(RESET)
 <LI><a href="#[42]">SystemInit</a> from system_stm32l1xx.o(i.SystemInit) referenced from startup_stm32l151xd.o(.text)
 <LI><a href="#[c]">TAMPER_STAMP_IRQHandler</a> from startup_stm32l151xd.o(.text) referenced from startup_stm32l151xd.o(RESET)
 <LI><a href="#[23]">TIM10_IRQHandler</a> from startup_stm32l151xd.o(.text) referenced from startup_stm32l151xd.o(RESET)
 <LI><a href="#[24]">TIM11_IRQHandler</a> from startup_stm32l151xd.o(.text) referenced from startup_stm32l151xd.o(RESET)
 <LI><a href="#[25]">TIM2_IRQHandler</a> from startup_stm32l151xd.o(.text) referenced from startup_stm32l151xd.o(RESET)
 <LI><a href="#[26]">TIM3_IRQHandler</a> from startup_stm32l151xd.o(.text) referenced from startup_stm32l151xd.o(RESET)
 <LI><a href="#[27]">TIM4_IRQHandler</a> from startup_stm32l151xd.o(.text) referenced from startup_stm32l151xd.o(RESET)
 <LI><a href="#[37]">TIM5_IRQHandler</a> from startup_stm32l151xd.o(.text) referenced from startup_stm32l151xd.o(RESET)
 <LI><a href="#[34]">TIM6_IRQHandler</a> from startup_stm32l151xd.o(.text) referenced from startup_stm32l151xd.o(RESET)
 <LI><a href="#[35]">TIM7_IRQHandler</a> from startup_stm32l151xd.o(.text) referenced from startup_stm32l151xd.o(RESET)
 <LI><a href="#[22]">TIM9_IRQHandler</a> from startup_stm32l151xd.o(.text) referenced from startup_stm32l151xd.o(RESET)
 <LI><a href="#[39]">UART4_IRQHandler</a> from startup_stm32l151xd.o(.text) referenced from startup_stm32l151xd.o(RESET)
 <LI><a href="#[3a]">UART5_IRQHandler</a> from startup_stm32l151xd.o(.text) referenced from startup_stm32l151xd.o(RESET)
 <LI><a href="#[2e]">USART1_IRQHandler</a> from stm32l1xx_it.o(i.USART1_IRQHandler) referenced from startup_stm32l151xd.o(RESET)
 <LI><a href="#[2f]">USART2_IRQHandler</a> from stm32l1xx_it.o(i.USART2_IRQHandler) referenced from startup_stm32l151xd.o(RESET)
 <LI><a href="#[30]">USART3_IRQHandler</a> from startup_stm32l151xd.o(.text) referenced from startup_stm32l151xd.o(RESET)
 <LI><a href="#[33]">USB_FS_WKUP_IRQHandler</a> from startup_stm32l151xd.o(.text) referenced from startup_stm32l151xd.o(RESET)
 <LI><a href="#[1d]">USB_HP_IRQHandler</a> from startup_stm32l151xd.o(.text) referenced from startup_stm32l151xd.o(RESET)
 <LI><a href="#[1e]">USB_LP_IRQHandler</a> from startup_stm32l151xd.o(.text) referenced from startup_stm32l151xd.o(RESET)
 <LI><a href="#[5]">UsageFault_Handler</a> from startup_stm32l151xd.o(.text) referenced from startup_stm32l151xd.o(RESET)
 <LI><a href="#[a]">WWDG_IRQHandler</a> from startup_stm32l151xd.o(.text) referenced from startup_stm32l151xd.o(RESET)
 <LI><a href="#[43]">__main</a> from entry.o(.ARM.Collect$$$$00000000) referenced from startup_stm32l151xd.o(.text)
 <LI><a href="#[44]">fputc</a> from main.o(i.fputc) referenced from printf1.o(i.__0printf$1)
 <LI><a href="#[41]">main</a> from main.o(i.main) referenced from entry9a.o(.ARM.Collect$$$$0000000B)
</UL>
<P>
<H3>
Global Symbols
</H3>
<P><STRONG><a name="[43]"></a>__main</STRONG> (Thumb, 0 bytes, Stack size unknown bytes, entry.o(.ARM.Collect$$$$00000000))
<BR>[Address Reference Count : 1]<UL><LI> startup_stm32l151xd.o(.text)
</UL>
<P><STRONG><a name="[fb]"></a>_main_stk</STRONG> (Thumb, 0 bytes, Stack size unknown bytes, entry2.o(.ARM.Collect$$$$00000001))

<P><STRONG><a name="[4a]"></a>_main_scatterload</STRONG> (Thumb, 0 bytes, Stack size unknown bytes, entry5.o(.ARM.Collect$$$$00000004))
<BR><BR>[Calls]<UL><LI><a href="#[4b]">&gt;&gt;</a>&nbsp;&nbsp;&nbsp;__scatterload
</UL>

<P><STRONG><a name="[4f]"></a>__main_after_scatterload</STRONG> (Thumb, 0 bytes, Stack size unknown bytes, entry5.o(.ARM.Collect$$$$00000004))
<BR><BR>[Called By]<UL><LI><a href="#[4b]">&gt;&gt;</a>&nbsp;&nbsp;&nbsp;__scatterload
</UL>

<P><STRONG><a name="[fc]"></a>_main_clock</STRONG> (Thumb, 0 bytes, Stack size unknown bytes, entry7b.o(.ARM.Collect$$$$00000008))

<P><STRONG><a name="[fd]"></a>_main_cpp_init</STRONG> (Thumb, 0 bytes, Stack size unknown bytes, entry8b.o(.ARM.Collect$$$$0000000A))

<P><STRONG><a name="[fe]"></a>_main_init</STRONG> (Thumb, 0 bytes, Stack size unknown bytes, entry9a.o(.ARM.Collect$$$$0000000B))

<P><STRONG><a name="[ff]"></a>__rt_final_cpp</STRONG> (Thumb, 0 bytes, Stack size unknown bytes, entry10a.o(.ARM.Collect$$$$0000000D))

<P><STRONG><a name="[100]"></a>__rt_final_exit</STRONG> (Thumb, 0 bytes, Stack size unknown bytes, entry11a.o(.ARM.Collect$$$$0000000F))

<P><STRONG><a name="[0]"></a>Reset_Handler</STRONG> (Thumb, 8 bytes, Stack size 0 bytes, startup_stm32l151xd.o(.text))
<BR>[Address Reference Count : 1]<UL><LI> startup_stm32l151xd.o(RESET)
</UL>
<P><STRONG><a name="[1]"></a>NMI_Handler</STRONG> (Thumb, 2 bytes, Stack size 0 bytes, startup_stm32l151xd.o(.text))
<BR><BR>[Calls]<UL><LI><a href="#[1]">&gt;&gt;</a>&nbsp;&nbsp;&nbsp;NMI_Handler
</UL>
<BR>[Called By]<UL><LI><a href="#[1]">&gt;&gt;</a>&nbsp;&nbsp;&nbsp;NMI_Handler
</UL>
<BR>[Address Reference Count : 1]<UL><LI> startup_stm32l151xd.o(RESET)
</UL>
<P><STRONG><a name="[2]"></a>HardFault_Handler</STRONG> (Thumb, 2 bytes, Stack size 0 bytes, startup_stm32l151xd.o(.text))
<BR><BR>[Calls]<UL><LI><a href="#[2]">&gt;&gt;</a>&nbsp;&nbsp;&nbsp;HardFault_Handler
</UL>
<BR>[Called By]<UL><LI><a href="#[2]">&gt;&gt;</a>&nbsp;&nbsp;&nbsp;HardFault_Handler
</UL>
<BR>[Address Reference Count : 1]<UL><LI> startup_stm32l151xd.o(RESET)
</UL>
<P><STRONG><a name="[4]"></a>BusFault_Handler</STRONG> (Thumb, 2 bytes, Stack size 0 bytes, startup_stm32l151xd.o(.text))
<BR><BR>[Calls]<UL><LI><a href="#[4]">&gt;&gt;</a>&nbsp;&nbsp;&nbsp;BusFault_Handler
</UL>
<BR>[Called By]<UL><LI><a href="#[4]">&gt;&gt;</a>&nbsp;&nbsp;&nbsp;BusFault_Handler
</UL>
<BR>[Address Reference Count : 1]<UL><LI> startup_stm32l151xd.o(RESET)
</UL>
<P><STRONG><a name="[5]"></a>UsageFault_Handler</STRONG> (Thumb, 2 bytes, Stack size 0 bytes, startup_stm32l151xd.o(.text))
<BR><BR>[Calls]<UL><LI><a href="#[5]">&gt;&gt;</a>&nbsp;&nbsp;&nbsp;UsageFault_Handler
</UL>
<BR>[Called By]<UL><LI><a href="#[5]">&gt;&gt;</a>&nbsp;&nbsp;&nbsp;UsageFault_Handler
</UL>
<BR>[Address Reference Count : 1]<UL><LI> startup_stm32l151xd.o(RESET)
</UL>
<P><STRONG><a name="[6]"></a>SVC_Handler</STRONG> (Thumb, 2 bytes, Stack size 0 bytes, startup_stm32l151xd.o(.text))
<BR><BR>[Calls]<UL><LI><a href="#[6]">&gt;&gt;</a>&nbsp;&nbsp;&nbsp;SVC_Handler
</UL>
<BR>[Called By]<UL><LI><a href="#[6]">&gt;&gt;</a>&nbsp;&nbsp;&nbsp;SVC_Handler
</UL>
<BR>[Address Reference Count : 1]<UL><LI> startup_stm32l151xd.o(RESET)
</UL>
<P><STRONG><a name="[7]"></a>DebugMon_Handler</STRONG> (Thumb, 2 bytes, Stack size 0 bytes, startup_stm32l151xd.o(.text))
<BR><BR>[Calls]<UL><LI><a href="#[7]">&gt;&gt;</a>&nbsp;&nbsp;&nbsp;DebugMon_Handler
</UL>
<BR>[Called By]<UL><LI><a href="#[7]">&gt;&gt;</a>&nbsp;&nbsp;&nbsp;DebugMon_Handler
</UL>
<BR>[Address Reference Count : 1]<UL><LI> startup_stm32l151xd.o(RESET)
</UL>
<P><STRONG><a name="[8]"></a>PendSV_Handler</STRONG> (Thumb, 2 bytes, Stack size 0 bytes, startup_stm32l151xd.o(.text))
<BR><BR>[Calls]<UL><LI><a href="#[8]">&gt;&gt;</a>&nbsp;&nbsp;&nbsp;PendSV_Handler
</UL>
<BR>[Called By]<UL><LI><a href="#[8]">&gt;&gt;</a>&nbsp;&nbsp;&nbsp;PendSV_Handler
</UL>
<BR>[Address Reference Count : 1]<UL><LI> startup_stm32l151xd.o(RESET)
</UL>
<P><STRONG><a name="[40]"></a>COMP_ACQ_IRQHandler</STRONG> (Thumb, 0 bytes, Stack size 0 bytes, startup_stm32l151xd.o(.text))
<BR><BR>[Calls]<UL><LI><a href="#[40]">&gt;&gt;</a>&nbsp;&nbsp;&nbsp;COMP_ACQ_IRQHandler
</UL>
<BR>[Called By]<UL><LI><a href="#[40]">&gt;&gt;</a>&nbsp;&nbsp;&nbsp;COMP_ACQ_IRQHandler
</UL>
<BR>[Address Reference Count : 1]<UL><LI> startup_stm32l151xd.o(RESET)
</UL>
<P><STRONG><a name="[20]"></a>COMP_IRQHandler</STRONG> (Thumb, 0 bytes, Stack size 0 bytes, startup_stm32l151xd.o(.text))
<BR>[Address Reference Count : 1]<UL><LI> startup_stm32l151xd.o(RESET)
</UL>
<P><STRONG><a name="[1f]"></a>DAC_IRQHandler</STRONG> (Thumb, 0 bytes, Stack size 0 bytes, startup_stm32l151xd.o(.text))
<BR>[Address Reference Count : 1]<UL><LI> startup_stm32l151xd.o(RESET)
</UL>
<P><STRONG><a name="[15]"></a>DMA1_Channel1_IRQHandler</STRONG> (Thumb, 0 bytes, Stack size 0 bytes, startup_stm32l151xd.o(.text))
<BR>[Address Reference Count : 1]<UL><LI> startup_stm32l151xd.o(RESET)
</UL>
<P><STRONG><a name="[16]"></a>DMA1_Channel2_IRQHandler</STRONG> (Thumb, 0 bytes, Stack size 0 bytes, startup_stm32l151xd.o(.text))
<BR>[Address Reference Count : 1]<UL><LI> startup_stm32l151xd.o(RESET)
</UL>
<P><STRONG><a name="[17]"></a>DMA1_Channel3_IRQHandler</STRONG> (Thumb, 0 bytes, Stack size 0 bytes, startup_stm32l151xd.o(.text))
<BR>[Address Reference Count : 1]<UL><LI> startup_stm32l151xd.o(RESET)
</UL>
<P><STRONG><a name="[18]"></a>DMA1_Channel4_IRQHandler</STRONG> (Thumb, 0 bytes, Stack size 0 bytes, startup_stm32l151xd.o(.text))
<BR>[Address Reference Count : 1]<UL><LI> startup_stm32l151xd.o(RESET)
</UL>
<P><STRONG><a name="[19]"></a>DMA1_Channel5_IRQHandler</STRONG> (Thumb, 0 bytes, Stack size 0 bytes, startup_stm32l151xd.o(.text))
<BR>[Address Reference Count : 1]<UL><LI> startup_stm32l151xd.o(RESET)
</UL>
<P><STRONG><a name="[1a]"></a>DMA1_Channel6_IRQHandler</STRONG> (Thumb, 0 bytes, Stack size 0 bytes, startup_stm32l151xd.o(.text))
<BR>[Address Reference Count : 1]<UL><LI> startup_stm32l151xd.o(RESET)
</UL>
<P><STRONG><a name="[1b]"></a>DMA1_Channel7_IRQHandler</STRONG> (Thumb, 0 bytes, Stack size 0 bytes, startup_stm32l151xd.o(.text))
<BR>[Address Reference Count : 1]<UL><LI> startup_stm32l151xd.o(RESET)
</UL>
<P><STRONG><a name="[3b]"></a>DMA2_Channel1_IRQHandler</STRONG> (Thumb, 0 bytes, Stack size 0 bytes, startup_stm32l151xd.o(.text))
<BR>[Address Reference Count : 1]<UL><LI> startup_stm32l151xd.o(RESET)
</UL>
<P><STRONG><a name="[3c]"></a>DMA2_Channel2_IRQHandler</STRONG> (Thumb, 0 bytes, Stack size 0 bytes, startup_stm32l151xd.o(.text))
<BR>[Address Reference Count : 1]<UL><LI> startup_stm32l151xd.o(RESET)
</UL>
<P><STRONG><a name="[3d]"></a>DMA2_Channel3_IRQHandler</STRONG> (Thumb, 0 bytes, Stack size 0 bytes, startup_stm32l151xd.o(.text))
<BR>[Address Reference Count : 1]<UL><LI> startup_stm32l151xd.o(RESET)
</UL>
<P><STRONG><a name="[3e]"></a>DMA2_Channel4_IRQHandler</STRONG> (Thumb, 0 bytes, Stack size 0 bytes, startup_stm32l151xd.o(.text))
<BR>[Address Reference Count : 1]<UL><LI> startup_stm32l151xd.o(RESET)
</UL>
<P><STRONG><a name="[3f]"></a>DMA2_Channel5_IRQHandler</STRONG> (Thumb, 0 bytes, Stack size 0 bytes, startup_stm32l151xd.o(.text))
<BR>[Address Reference Count : 1]<UL><LI> startup_stm32l151xd.o(RESET)
</UL>
<P><STRONG><a name="[10]"></a>EXTI0_IRQHandler</STRONG> (Thumb, 0 bytes, Stack size 0 bytes, startup_stm32l151xd.o(.text))
<BR>[Address Reference Count : 1]<UL><LI> startup_stm32l151xd.o(RESET)
</UL>
<P><STRONG><a name="[31]"></a>EXTI15_10_IRQHandler</STRONG> (Thumb, 0 bytes, Stack size 0 bytes, startup_stm32l151xd.o(.text))
<BR>[Address Reference Count : 1]<UL><LI> startup_stm32l151xd.o(RESET)
</UL>
<P><STRONG><a name="[11]"></a>EXTI1_IRQHandler</STRONG> (Thumb, 0 bytes, Stack size 0 bytes, startup_stm32l151xd.o(.text))
<BR>[Address Reference Count : 1]<UL><LI> startup_stm32l151xd.o(RESET)
</UL>
<P><STRONG><a name="[12]"></a>EXTI2_IRQHandler</STRONG> (Thumb, 0 bytes, Stack size 0 bytes, startup_stm32l151xd.o(.text))
<BR>[Address Reference Count : 1]<UL><LI> startup_stm32l151xd.o(RESET)
</UL>
<P><STRONG><a name="[13]"></a>EXTI3_IRQHandler</STRONG> (Thumb, 0 bytes, Stack size 0 bytes, startup_stm32l151xd.o(.text))
<BR>[Address Reference Count : 1]<UL><LI> startup_stm32l151xd.o(RESET)
</UL>
<P><STRONG><a name="[14]"></a>EXTI4_IRQHandler</STRONG> (Thumb, 0 bytes, Stack size 0 bytes, startup_stm32l151xd.o(.text))
<BR>[Address Reference Count : 1]<UL><LI> startup_stm32l151xd.o(RESET)
</UL>
<P><STRONG><a name="[21]"></a>EXTI9_5_IRQHandler</STRONG> (Thumb, 0 bytes, Stack size 0 bytes, startup_stm32l151xd.o(.text))
<BR>[Address Reference Count : 1]<UL><LI> startup_stm32l151xd.o(RESET)
</UL>
<P><STRONG><a name="[e]"></a>FLASH_IRQHandler</STRONG> (Thumb, 0 bytes, Stack size 0 bytes, startup_stm32l151xd.o(.text))
<BR>[Address Reference Count : 1]<UL><LI> startup_stm32l151xd.o(RESET)
</UL>
<P><STRONG><a name="[29]"></a>I2C1_ER_IRQHandler</STRONG> (Thumb, 0 bytes, Stack size 0 bytes, startup_stm32l151xd.o(.text))
<BR>[Address Reference Count : 1]<UL><LI> startup_stm32l151xd.o(RESET)
</UL>
<P><STRONG><a name="[28]"></a>I2C1_EV_IRQHandler</STRONG> (Thumb, 0 bytes, Stack size 0 bytes, startup_stm32l151xd.o(.text))
<BR>[Address Reference Count : 1]<UL><LI> startup_stm32l151xd.o(RESET)
</UL>
<P><STRONG><a name="[2b]"></a>I2C2_ER_IRQHandler</STRONG> (Thumb, 0 bytes, Stack size 0 bytes, startup_stm32l151xd.o(.text))
<BR>[Address Reference Count : 1]<UL><LI> startup_stm32l151xd.o(RESET)
</UL>
<P><STRONG><a name="[2a]"></a>I2C2_EV_IRQHandler</STRONG> (Thumb, 0 bytes, Stack size 0 bytes, startup_stm32l151xd.o(.text))
<BR>[Address Reference Count : 1]<UL><LI> startup_stm32l151xd.o(RESET)
</UL>
<P><STRONG><a name="[b]"></a>PVD_IRQHandler</STRONG> (Thumb, 0 bytes, Stack size 0 bytes, startup_stm32l151xd.o(.text))
<BR>[Address Reference Count : 1]<UL><LI> startup_stm32l151xd.o(RESET)
</UL>
<P><STRONG><a name="[f]"></a>RCC_IRQHandler</STRONG> (Thumb, 0 bytes, Stack size 0 bytes, startup_stm32l151xd.o(.text))
<BR>[Address Reference Count : 1]<UL><LI> startup_stm32l151xd.o(RESET)
</UL>
<P><STRONG><a name="[32]"></a>RTC_Alarm_IRQHandler</STRONG> (Thumb, 0 bytes, Stack size 0 bytes, startup_stm32l151xd.o(.text))
<BR>[Address Reference Count : 1]<UL><LI> startup_stm32l151xd.o(RESET)
</UL>
<P><STRONG><a name="[38]"></a>SPI3_IRQHandler</STRONG> (Thumb, 0 bytes, Stack size 0 bytes, startup_stm32l151xd.o(.text))
<BR>[Address Reference Count : 1]<UL><LI> startup_stm32l151xd.o(RESET)
</UL>
<P><STRONG><a name="[c]"></a>TAMPER_STAMP_IRQHandler</STRONG> (Thumb, 0 bytes, Stack size 0 bytes, startup_stm32l151xd.o(.text))
<BR>[Address Reference Count : 1]<UL><LI> startup_stm32l151xd.o(RESET)
</UL>
<P><STRONG><a name="[23]"></a>TIM10_IRQHandler</STRONG> (Thumb, 0 bytes, Stack size 0 bytes, startup_stm32l151xd.o(.text))
<BR>[Address Reference Count : 1]<UL><LI> startup_stm32l151xd.o(RESET)
</UL>
<P><STRONG><a name="[24]"></a>TIM11_IRQHandler</STRONG> (Thumb, 0 bytes, Stack size 0 bytes, startup_stm32l151xd.o(.text))
<BR>[Address Reference Count : 1]<UL><LI> startup_stm32l151xd.o(RESET)
</UL>
<P><STRONG><a name="[25]"></a>TIM2_IRQHandler</STRONG> (Thumb, 0 bytes, Stack size 0 bytes, startup_stm32l151xd.o(.text))
<BR>[Address Reference Count : 1]<UL><LI> startup_stm32l151xd.o(RESET)
</UL>
<P><STRONG><a name="[26]"></a>TIM3_IRQHandler</STRONG> (Thumb, 0 bytes, Stack size 0 bytes, startup_stm32l151xd.o(.text))
<BR>[Address Reference Count : 1]<UL><LI> startup_stm32l151xd.o(RESET)
</UL>
<P><STRONG><a name="[27]"></a>TIM4_IRQHandler</STRONG> (Thumb, 0 bytes, Stack size 0 bytes, startup_stm32l151xd.o(.text))
<BR>[Address Reference Count : 1]<UL><LI> startup_stm32l151xd.o(RESET)
</UL>
<P><STRONG><a name="[37]"></a>TIM5_IRQHandler</STRONG> (Thumb, 0 bytes, Stack size 0 bytes, startup_stm32l151xd.o(.text))
<BR>[Address Reference Count : 1]<UL><LI> startup_stm32l151xd.o(RESET)
</UL>
<P><STRONG><a name="[34]"></a>TIM6_IRQHandler</STRONG> (Thumb, 0 bytes, Stack size 0 bytes, startup_stm32l151xd.o(.text))
<BR>[Address Reference Count : 1]<UL><LI> startup_stm32l151xd.o(RESET)
</UL>
<P><STRONG><a name="[35]"></a>TIM7_IRQHandler</STRONG> (Thumb, 0 bytes, Stack size 0 bytes, startup_stm32l151xd.o(.text))
<BR>[Address Reference Count : 1]<UL><LI> startup_stm32l151xd.o(RESET)
</UL>
<P><STRONG><a name="[22]"></a>TIM9_IRQHandler</STRONG> (Thumb, 0 bytes, Stack size 0 bytes, startup_stm32l151xd.o(.text))
<BR>[Address Reference Count : 1]<UL><LI> startup_stm32l151xd.o(RESET)
</UL>
<P><STRONG><a name="[39]"></a>UART4_IRQHandler</STRONG> (Thumb, 0 bytes, Stack size 0 bytes, startup_stm32l151xd.o(.text))
<BR>[Address Reference Count : 1]<UL><LI> startup_stm32l151xd.o(RESET)
</UL>
<P><STRONG><a name="[3a]"></a>UART5_IRQHandler</STRONG> (Thumb, 0 bytes, Stack size 0 bytes, startup_stm32l151xd.o(.text))
<BR>[Address Reference Count : 1]<UL><LI> startup_stm32l151xd.o(RESET)
</UL>
<P><STRONG><a name="[30]"></a>USART3_IRQHandler</STRONG> (Thumb, 0 bytes, Stack size 0 bytes, startup_stm32l151xd.o(.text))
<BR>[Address Reference Count : 1]<UL><LI> startup_stm32l151xd.o(RESET)
</UL>
<P><STRONG><a name="[33]"></a>USB_FS_WKUP_IRQHandler</STRONG> (Thumb, 0 bytes, Stack size 0 bytes, startup_stm32l151xd.o(.text))
<BR>[Address Reference Count : 1]<UL><LI> startup_stm32l151xd.o(RESET)
</UL>
<P><STRONG><a name="[1d]"></a>USB_HP_IRQHandler</STRONG> (Thumb, 0 bytes, Stack size 0 bytes, startup_stm32l151xd.o(.text))
<BR>[Address Reference Count : 1]<UL><LI> startup_stm32l151xd.o(RESET)
</UL>
<P><STRONG><a name="[1e]"></a>USB_LP_IRQHandler</STRONG> (Thumb, 0 bytes, Stack size 0 bytes, startup_stm32l151xd.o(.text))
<BR>[Address Reference Count : 1]<UL><LI> startup_stm32l151xd.o(RESET)
</UL>
<P><STRONG><a name="[a]"></a>WWDG_IRQHandler</STRONG> (Thumb, 0 bytes, Stack size 0 bytes, startup_stm32l151xd.o(.text))
<BR>[Address Reference Count : 1]<UL><LI> startup_stm32l151xd.o(RESET)
</UL>
<P><STRONG><a name="[4c]"></a>__aeabi_uldivmod</STRONG> (Thumb, 98 bytes, Stack size 40 bytes, uldiv.o(.text))
<BR><BR>[Stack]<UL><LI>Max Depth = 40<LI>Call Chain = __aeabi_uldivmod
</UL>
<BR>[Calls]<UL><LI><a href="#[4d]">&gt;&gt;</a>&nbsp;&nbsp;&nbsp;__aeabi_llsr
<LI><a href="#[4e]">&gt;&gt;</a>&nbsp;&nbsp;&nbsp;__aeabi_llsl
</UL>
<BR>[Called By]<UL><LI><a href="#[49]">&gt;&gt;</a>&nbsp;&nbsp;&nbsp;SD_ioctl
<LI><a href="#[5c]">&gt;&gt;</a>&nbsp;&nbsp;&nbsp;HAL_SD_WriteBlocks
<LI><a href="#[5a]">&gt;&gt;</a>&nbsp;&nbsp;&nbsp;HAL_SD_ReadBlocks
</UL>

<P><STRONG><a name="[f9]"></a>strcmp</STRONG> (Thumb, 28 bytes, Stack size 8 bytes, strcmp.o(.text))
<BR><BR>[Stack]<UL><LI>Max Depth = 8<LI>Call Chain = strcmp
</UL>
<BR>[Called By]<UL><LI><a href="#[41]">&gt;&gt;</a>&nbsp;&nbsp;&nbsp;main
</UL>

<P><STRONG><a name="[101]"></a>__aeabi_uidiv</STRONG> (Thumb, 0 bytes, Stack size 12 bytes, uidiv.o(.text), UNUSED)

<P><STRONG><a name="[c9]"></a>__aeabi_uidivmod</STRONG> (Thumb, 44 bytes, Stack size 12 bytes, uidiv.o(.text), UNUSED)
<BR><BR>[Called By]<UL><LI><a href="#[c8]">&gt;&gt;</a>&nbsp;&nbsp;&nbsp;_printf_core
</UL>

<P><STRONG><a name="[4e]"></a>__aeabi_llsl</STRONG> (Thumb, 30 bytes, Stack size 0 bytes, llshl.o(.text))
<BR><BR>[Called By]<UL><LI><a href="#[4c]">&gt;&gt;</a>&nbsp;&nbsp;&nbsp;__aeabi_uldivmod
</UL>

<P><STRONG><a name="[102]"></a>_ll_shift_l</STRONG> (Thumb, 0 bytes, Stack size 0 bytes, llshl.o(.text), UNUSED)

<P><STRONG><a name="[4d]"></a>__aeabi_llsr</STRONG> (Thumb, 32 bytes, Stack size 0 bytes, llushr.o(.text))
<BR><BR>[Called By]<UL><LI><a href="#[4c]">&gt;&gt;</a>&nbsp;&nbsp;&nbsp;__aeabi_uldivmod
</UL>

<P><STRONG><a name="[103]"></a>_ll_ushift_r</STRONG> (Thumb, 0 bytes, Stack size 0 bytes, llushr.o(.text), UNUSED)

<P><STRONG><a name="[4b]"></a>__scatterload</STRONG> (Thumb, 28 bytes, Stack size 0 bytes, init.o(.text))
<BR><BR>[Calls]<UL><LI><a href="#[4f]">&gt;&gt;</a>&nbsp;&nbsp;&nbsp;__main_after_scatterload
</UL>
<BR>[Called By]<UL><LI><a href="#[4a]">&gt;&gt;</a>&nbsp;&nbsp;&nbsp;_main_scatterload
</UL>

<P><STRONG><a name="[104]"></a>__scatterload_rt2</STRONG> (Thumb, 0 bytes, Stack size 0 bytes, init.o(.text), UNUSED)

<P><STRONG><a name="[1c]"></a>ADC1_IRQHandler</STRONG> (Thumb, 10 bytes, Stack size 8 bytes, stm32l1xx_it.o(i.ADC1_IRQHandler))
<BR><BR>[Stack]<UL><LI>Max Depth = 16<LI>Call Chain = ADC1_IRQHandler &rArr; HAL_ADC_IRQHandler
</UL>
<BR>[Calls]<UL><LI><a href="#[50]">&gt;&gt;</a>&nbsp;&nbsp;&nbsp;HAL_ADC_IRQHandler
</UL>
<BR>[Address Reference Count : 1]<UL><LI> startup_stm32l151xd.o(RESET)
</UL>
<P><STRONG><a name="[51]"></a>BSP_SD_GetCardInfo</STRONG> (Thumb, 14 bytes, Stack size 8 bytes, bsp_driver_sd.o(i.BSP_SD_GetCardInfo))
<BR><BR>[Stack]<UL><LI>Max Depth = 32<LI>Call Chain = BSP_SD_GetCardInfo &rArr; HAL_SD_Get_CardInfo
</UL>
<BR>[Calls]<UL><LI><a href="#[52]">&gt;&gt;</a>&nbsp;&nbsp;&nbsp;HAL_SD_Get_CardInfo
</UL>
<BR>[Called By]<UL><LI><a href="#[49]">&gt;&gt;</a>&nbsp;&nbsp;&nbsp;SD_ioctl
</UL>

<P><STRONG><a name="[53]"></a>BSP_SD_GetStatus</STRONG> (Thumb, 10 bytes, Stack size 8 bytes, bsp_driver_sd.o(i.BSP_SD_GetStatus))
<BR><BR>[Stack]<UL><LI>Max Depth = 112<LI>Call Chain = BSP_SD_GetStatus &rArr; HAL_SD_GetStatus &rArr; SD_GetState &rArr; SD_SendStatus &rArr; SD_CmdResp1Error &rArr; SDIO_GetResponse
</UL>
<BR>[Calls]<UL><LI><a href="#[54]">&gt;&gt;</a>&nbsp;&nbsp;&nbsp;HAL_SD_GetStatus
</UL>
<BR>[Called By]<UL><LI><a href="#[46]">&gt;&gt;</a>&nbsp;&nbsp;&nbsp;SD_status
</UL>

<P><STRONG><a name="[55]"></a>BSP_SD_Init</STRONG> (Thumb, 50 bytes, Stack size 8 bytes, bsp_driver_sd.o(i.BSP_SD_Init))
<BR><BR>[Stack]<UL><LI>Max Depth = 208<LI>Call Chain = BSP_SD_Init &rArr; HAL_SD_WideBusOperation_Config &rArr; SD_WideBus_Enable &rArr; SD_FindSCR &rArr; SD_CmdResp1Error &rArr; SDIO_GetResponse
</UL>
<BR>[Calls]<UL><LI><a href="#[58]">&gt;&gt;</a>&nbsp;&nbsp;&nbsp;HAL_SD_WideBusOperation_Config
<LI><a href="#[57]">&gt;&gt;</a>&nbsp;&nbsp;&nbsp;HAL_SD_Init
<LI><a href="#[56]">&gt;&gt;</a>&nbsp;&nbsp;&nbsp;BSP_SD_IsDetected
</UL>
<BR>[Called By]<UL><LI><a href="#[45]">&gt;&gt;</a>&nbsp;&nbsp;&nbsp;SD_initialize
</UL>

<P><STRONG><a name="[56]"></a>BSP_SD_IsDetected</STRONG> (Thumb, 12 bytes, Stack size 8 bytes, bsp_driver_sd.o(i.BSP_SD_IsDetected))
<BR><BR>[Stack]<UL><LI>Max Depth = 8<LI>Call Chain = BSP_SD_IsDetected
</UL>
<BR>[Called By]<UL><LI><a href="#[55]">&gt;&gt;</a>&nbsp;&nbsp;&nbsp;BSP_SD_Init
</UL>

<P><STRONG><a name="[59]"></a>BSP_SD_ReadBlocks</STRONG> (Thumb, 42 bytes, Stack size 32 bytes, bsp_driver_sd.o(i.BSP_SD_ReadBlocks))
<BR><BR>[Stack]<UL><LI>Max Depth = 200<LI>Call Chain = BSP_SD_ReadBlocks &rArr; HAL_SD_ReadBlocks &rArr; HAL_SD_StopTransfer &rArr; SD_CmdResp1Error &rArr; SDIO_GetResponse
</UL>
<BR>[Calls]<UL><LI><a href="#[5a]">&gt;&gt;</a>&nbsp;&nbsp;&nbsp;HAL_SD_ReadBlocks
</UL>
<BR>[Called By]<UL><LI><a href="#[47]">&gt;&gt;</a>&nbsp;&nbsp;&nbsp;SD_read
</UL>

<P><STRONG><a name="[5b]"></a>BSP_SD_WriteBlocks</STRONG> (Thumb, 42 bytes, Stack size 32 bytes, bsp_driver_sd.o(i.BSP_SD_WriteBlocks))
<BR><BR>[Stack]<UL><LI>Max Depth = 208<LI>Call Chain = BSP_SD_WriteBlocks &rArr; HAL_SD_WriteBlocks &rArr; HAL_SD_StopTransfer &rArr; SD_CmdResp1Error &rArr; SDIO_GetResponse
</UL>
<BR>[Calls]<UL><LI><a href="#[5c]">&gt;&gt;</a>&nbsp;&nbsp;&nbsp;HAL_SD_WriteBlocks
</UL>
<BR>[Called By]<UL><LI><a href="#[48]">&gt;&gt;</a>&nbsp;&nbsp;&nbsp;SD_write
</UL>

<P><STRONG><a name="[5d]"></a>FATFS_LinkDriver</STRONG> (Thumb, 18 bytes, Stack size 12 bytes, ff_gen_drv.o(i.FATFS_LinkDriver))
<BR><BR>[Stack]<UL><LI>Max Depth = 32<LI>Call Chain = FATFS_LinkDriver &rArr; FATFS_LinkDriverEx
</UL>
<BR>[Calls]<UL><LI><a href="#[5e]">&gt;&gt;</a>&nbsp;&nbsp;&nbsp;FATFS_LinkDriverEx
</UL>
<BR>[Called By]<UL><LI><a href="#[b1]">&gt;&gt;</a>&nbsp;&nbsp;&nbsp;MX_FATFS_Init
<LI><a href="#[41]">&gt;&gt;</a>&nbsp;&nbsp;&nbsp;main
</UL>

<P><STRONG><a name="[5e]"></a>FATFS_LinkDriverEx</STRONG> (Thumb, 78 bytes, Stack size 20 bytes, ff_gen_drv.o(i.FATFS_LinkDriverEx))
<BR><BR>[Stack]<UL><LI>Max Depth = 20<LI>Call Chain = FATFS_LinkDriverEx
</UL>
<BR>[Called By]<UL><LI><a href="#[5d]">&gt;&gt;</a>&nbsp;&nbsp;&nbsp;FATFS_LinkDriver
</UL>

<P><STRONG><a name="[5f]"></a>FATFS_UnLinkDriver</STRONG> (Thumb, 14 bytes, Stack size 8 bytes, ff_gen_drv.o(i.FATFS_UnLinkDriver))
<BR><BR>[Stack]<UL><LI>Max Depth = 20<LI>Call Chain = FATFS_UnLinkDriver &rArr; FATFS_UnLinkDriverEx
</UL>
<BR>[Calls]<UL><LI><a href="#[60]">&gt;&gt;</a>&nbsp;&nbsp;&nbsp;FATFS_UnLinkDriverEx
</UL>
<BR>[Called By]<UL><LI><a href="#[41]">&gt;&gt;</a>&nbsp;&nbsp;&nbsp;main
</UL>

<P><STRONG><a name="[60]"></a>FATFS_UnLinkDriverEx</STRONG> (Thumb, 62 bytes, Stack size 12 bytes, ff_gen_drv.o(i.FATFS_UnLinkDriverEx))
<BR><BR>[Stack]<UL><LI>Max Depth = 12<LI>Call Chain = FATFS_UnLinkDriverEx
</UL>
<BR>[Called By]<UL><LI><a href="#[5f]">&gt;&gt;</a>&nbsp;&nbsp;&nbsp;FATFS_UnLinkDriver
</UL>

<P><STRONG><a name="[62]"></a>HAL_ADCEx_InjectedConvCpltCallback</STRONG> (Thumb, 2 bytes, Stack size 0 bytes, stm32l1xx_hal_adc_ex.o(i.HAL_ADCEx_InjectedConvCpltCallback))
<BR><BR>[Called By]<UL><LI><a href="#[50]">&gt;&gt;</a>&nbsp;&nbsp;&nbsp;HAL_ADC_IRQHandler
</UL>

<P><STRONG><a name="[61]"></a>HAL_ADC_ConvCpltCallback</STRONG> (Thumb, 2 bytes, Stack size 0 bytes, stm32l1xx_hal_adc.o(i.HAL_ADC_ConvCpltCallback))
<BR><BR>[Called By]<UL><LI><a href="#[50]">&gt;&gt;</a>&nbsp;&nbsp;&nbsp;HAL_ADC_IRQHandler
</UL>

<P><STRONG><a name="[64]"></a>HAL_ADC_ErrorCallback</STRONG> (Thumb, 2 bytes, Stack size 0 bytes, stm32l1xx_hal_adc.o(i.HAL_ADC_ErrorCallback))
<BR><BR>[Called By]<UL><LI><a href="#[50]">&gt;&gt;</a>&nbsp;&nbsp;&nbsp;HAL_ADC_IRQHandler
</UL>

<P><STRONG><a name="[50]"></a>HAL_ADC_IRQHandler</STRONG> (Thumb, 374 bytes, Stack size 8 bytes, stm32l1xx_hal_adc.o(i.HAL_ADC_IRQHandler))
<BR><BR>[Stack]<UL><LI>Max Depth = 8<LI>Call Chain = HAL_ADC_IRQHandler
</UL>
<BR>[Calls]<UL><LI><a href="#[62]">&gt;&gt;</a>&nbsp;&nbsp;&nbsp;HAL_ADCEx_InjectedConvCpltCallback
<LI><a href="#[63]">&gt;&gt;</a>&nbsp;&nbsp;&nbsp;HAL_ADC_LevelOutOfWindowCallback
<LI><a href="#[64]">&gt;&gt;</a>&nbsp;&nbsp;&nbsp;HAL_ADC_ErrorCallback
<LI><a href="#[61]">&gt;&gt;</a>&nbsp;&nbsp;&nbsp;HAL_ADC_ConvCpltCallback
</UL>
<BR>[Called By]<UL><LI><a href="#[1c]">&gt;&gt;</a>&nbsp;&nbsp;&nbsp;ADC1_IRQHandler
</UL>

<P><STRONG><a name="[63]"></a>HAL_ADC_LevelOutOfWindowCallback</STRONG> (Thumb, 2 bytes, Stack size 0 bytes, stm32l1xx_hal_adc.o(i.HAL_ADC_LevelOutOfWindowCallback))
<BR><BR>[Called By]<UL><LI><a href="#[50]">&gt;&gt;</a>&nbsp;&nbsp;&nbsp;HAL_ADC_IRQHandler
</UL>

<P><STRONG><a name="[f6]"></a>HAL_DBGMCU_EnableDBGStopMode</STRONG> (Thumb, 14 bytes, Stack size 0 bytes, stm32l1xx_hal.o(i.HAL_DBGMCU_EnableDBGStopMode))
<BR><BR>[Called By]<UL><LI><a href="#[41]">&gt;&gt;</a>&nbsp;&nbsp;&nbsp;main
</UL>

<P><STRONG><a name="[65]"></a>HAL_Delay</STRONG> (Thumb, 26 bytes, Stack size 16 bytes, stm32l1xx_hal.o(i.HAL_Delay))
<BR><BR>[Stack]<UL><LI>Max Depth = 16<LI>Call Chain = HAL_Delay
</UL>
<BR>[Calls]<UL><LI><a href="#[66]">&gt;&gt;</a>&nbsp;&nbsp;&nbsp;HAL_GetTick
</UL>
<BR>[Called By]<UL><LI><a href="#[88]">&gt;&gt;</a>&nbsp;&nbsp;&nbsp;SD_PowerON
<LI><a href="#[a6]">&gt;&gt;</a>&nbsp;&nbsp;&nbsp;LIS3DH_WriteReg
<LI><a href="#[a5]">&gt;&gt;</a>&nbsp;&nbsp;&nbsp;LIS3DH_ReadReg
<LI><a href="#[41]">&gt;&gt;</a>&nbsp;&nbsp;&nbsp;main
</UL>

<P><STRONG><a name="[8b]"></a>HAL_GPIO_Init</STRONG> (Thumb, 450 bytes, Stack size 20 bytes, stm32l1xx_hal_gpio.o(i.HAL_GPIO_Init))
<BR><BR>[Stack]<UL><LI>Max Depth = 20<LI>Call Chain = HAL_GPIO_Init
</UL>
<BR>[Called By]<UL><LI><a href="#[b2]">&gt;&gt;</a>&nbsp;&nbsp;&nbsp;MX_GPIO_Init
<LI><a href="#[98]">&gt;&gt;</a>&nbsp;&nbsp;&nbsp;HAL_SPI_MspInit
<LI><a href="#[86]">&gt;&gt;</a>&nbsp;&nbsp;&nbsp;HAL_SD_MspInit
</UL>

<P><STRONG><a name="[b6]"></a>HAL_GPIO_TogglePin</STRONG> (Thumb, 8 bytes, Stack size 0 bytes, stm32l1xx_hal_gpio.o(i.HAL_GPIO_TogglePin))
<BR><BR>[Called By]<UL><LI><a href="#[9]">&gt;&gt;</a>&nbsp;&nbsp;&nbsp;SysTick_Handler
<LI><a href="#[d]">&gt;&gt;</a>&nbsp;&nbsp;&nbsp;RTC_WKUP_IRQHandler
</UL>

<P><STRONG><a name="[a9]"></a>HAL_GPIO_WritePin</STRONG> (Thumb, 12 bytes, Stack size 0 bytes, stm32l1xx_hal_gpio.o(i.HAL_GPIO_WritePin))
<BR><BR>[Called By]<UL><LI><a href="#[a6]">&gt;&gt;</a>&nbsp;&nbsp;&nbsp;LIS3DH_WriteReg
<LI><a href="#[a5]">&gt;&gt;</a>&nbsp;&nbsp;&nbsp;LIS3DH_ReadReg
<LI><a href="#[41]">&gt;&gt;</a>&nbsp;&nbsp;&nbsp;main
<LI><a href="#[b2]">&gt;&gt;</a>&nbsp;&nbsp;&nbsp;MX_GPIO_Init
</UL>

<P><STRONG><a name="[66]"></a>HAL_GetTick</STRONG> (Thumb, 6 bytes, Stack size 0 bytes, stm32l1xx_hal.o(i.HAL_GetTick))
<BR><BR>[Called By]<UL><LI><a href="#[7b]">&gt;&gt;</a>&nbsp;&nbsp;&nbsp;RTC_EnterInitMode
<LI><a href="#[80]">&gt;&gt;</a>&nbsp;&nbsp;&nbsp;HAL_RTC_WaitForSynchro
<LI><a href="#[76]">&gt;&gt;</a>&nbsp;&nbsp;&nbsp;HAL_RTCEx_SetWakeUpTimer_IT
<LI><a href="#[75]">&gt;&gt;</a>&nbsp;&nbsp;&nbsp;HAL_RTCEx_DeactivateWakeUpTimer
<LI><a href="#[65]">&gt;&gt;</a>&nbsp;&nbsp;&nbsp;HAL_Delay
<LI><a href="#[73]">&gt;&gt;</a>&nbsp;&nbsp;&nbsp;HAL_RCC_OscConfig
<LI><a href="#[71]">&gt;&gt;</a>&nbsp;&nbsp;&nbsp;HAL_RCC_ClockConfig
<LI><a href="#[70]">&gt;&gt;</a>&nbsp;&nbsp;&nbsp;HAL_RCCEx_PeriphCLKConfig
<LI><a href="#[9b]">&gt;&gt;</a>&nbsp;&nbsp;&nbsp;SPI_WaitOnFlagUntilTimeout
</UL>

<P><STRONG><a name="[c2]"></a>HAL_IncTick</STRONG> (Thumb, 12 bytes, Stack size 0 bytes, stm32l1xx_hal.o(i.HAL_IncTick))
<BR><BR>[Called By]<UL><LI><a href="#[9]">&gt;&gt;</a>&nbsp;&nbsp;&nbsp;SysTick_Handler
</UL>

<P><STRONG><a name="[67]"></a>HAL_Init</STRONG> (Thumb, 22 bytes, Stack size 8 bytes, stm32l1xx_hal.o(i.HAL_Init))
<BR><BR>[Stack]<UL><LI>Max Depth = 72<LI>Call Chain = HAL_Init &rArr; HAL_InitTick &rArr; HAL_NVIC_SetPriority &rArr; NVIC_SetPriority
</UL>
<BR>[Calls]<UL><LI><a href="#[69]">&gt;&gt;</a>&nbsp;&nbsp;&nbsp;HAL_InitTick
<LI><a href="#[68]">&gt;&gt;</a>&nbsp;&nbsp;&nbsp;HAL_NVIC_SetPriorityGrouping
<LI><a href="#[6a]">&gt;&gt;</a>&nbsp;&nbsp;&nbsp;HAL_MspInit
</UL>
<BR>[Called By]<UL><LI><a href="#[41]">&gt;&gt;</a>&nbsp;&nbsp;&nbsp;main
</UL>

<P><STRONG><a name="[69]"></a>HAL_InitTick</STRONG> (Thumb, 36 bytes, Stack size 16 bytes, stm32l1xx_hal.o(i.HAL_InitTick))
<BR><BR>[Stack]<UL><LI>Max Depth = 64<LI>Call Chain = HAL_InitTick &rArr; HAL_NVIC_SetPriority &rArr; NVIC_SetPriority
</UL>
<BR>[Calls]<UL><LI><a href="#[6b]">&gt;&gt;</a>&nbsp;&nbsp;&nbsp;HAL_RCC_GetHCLKFreq
<LI><a href="#[6c]">&gt;&gt;</a>&nbsp;&nbsp;&nbsp;HAL_SYSTICK_Config
<LI><a href="#[6d]">&gt;&gt;</a>&nbsp;&nbsp;&nbsp;HAL_NVIC_SetPriority
</UL>
<BR>[Called By]<UL><LI><a href="#[67]">&gt;&gt;</a>&nbsp;&nbsp;&nbsp;HAL_Init
<LI><a href="#[73]">&gt;&gt;</a>&nbsp;&nbsp;&nbsp;HAL_RCC_OscConfig
<LI><a href="#[71]">&gt;&gt;</a>&nbsp;&nbsp;&nbsp;HAL_RCC_ClockConfig
</UL>

<P><STRONG><a name="[6a]"></a>HAL_MspInit</STRONG> (Thumb, 88 bytes, Stack size 8 bytes, stm32l1xx_hal_msp.o(i.HAL_MspInit))
<BR><BR>[Stack]<UL><LI>Max Depth = 56<LI>Call Chain = HAL_MspInit &rArr; HAL_NVIC_SetPriority &rArr; NVIC_SetPriority
</UL>
<BR>[Calls]<UL><LI><a href="#[68]">&gt;&gt;</a>&nbsp;&nbsp;&nbsp;HAL_NVIC_SetPriorityGrouping
<LI><a href="#[6d]">&gt;&gt;</a>&nbsp;&nbsp;&nbsp;HAL_NVIC_SetPriority
</UL>
<BR>[Called By]<UL><LI><a href="#[67]">&gt;&gt;</a>&nbsp;&nbsp;&nbsp;HAL_Init
</UL>

<P><STRONG><a name="[7c]"></a>HAL_NVIC_EnableIRQ</STRONG> (Thumb, 26 bytes, Stack size 0 bytes, stm32l1xx_hal_cortex.o(i.HAL_NVIC_EnableIRQ))
<BR><BR>[Called By]<UL><LI><a href="#[98]">&gt;&gt;</a>&nbsp;&nbsp;&nbsp;HAL_SPI_MspInit
<LI><a href="#[86]">&gt;&gt;</a>&nbsp;&nbsp;&nbsp;HAL_SD_MspInit
<LI><a href="#[7a]">&gt;&gt;</a>&nbsp;&nbsp;&nbsp;HAL_RTC_MspInit
</UL>

<P><STRONG><a name="[6d]"></a>HAL_NVIC_SetPriority</STRONG> (Thumb, 124 bytes, Stack size 40 bytes, stm32l1xx_hal_cortex.o(i.HAL_NVIC_SetPriority))
<BR><BR>[Stack]<UL><LI>Max Depth = 48<LI>Call Chain = HAL_NVIC_SetPriority &rArr; NVIC_SetPriority
</UL>
<BR>[Calls]<UL><LI><a href="#[6f]">&gt;&gt;</a>&nbsp;&nbsp;&nbsp;NVIC_SetPriority
<LI><a href="#[6e]">&gt;&gt;</a>&nbsp;&nbsp;&nbsp;NVIC_GetPriorityGrouping
</UL>
<BR>[Called By]<UL><LI><a href="#[69]">&gt;&gt;</a>&nbsp;&nbsp;&nbsp;HAL_InitTick
<LI><a href="#[c3]">&gt;&gt;</a>&nbsp;&nbsp;&nbsp;SystemClock_Config
<LI><a href="#[98]">&gt;&gt;</a>&nbsp;&nbsp;&nbsp;HAL_SPI_MspInit
<LI><a href="#[86]">&gt;&gt;</a>&nbsp;&nbsp;&nbsp;HAL_SD_MspInit
<LI><a href="#[7a]">&gt;&gt;</a>&nbsp;&nbsp;&nbsp;HAL_RTC_MspInit
<LI><a href="#[6a]">&gt;&gt;</a>&nbsp;&nbsp;&nbsp;HAL_MspInit
</UL>

<P><STRONG><a name="[68]"></a>HAL_NVIC_SetPriorityGrouping</STRONG> (Thumb, 32 bytes, Stack size 0 bytes, stm32l1xx_hal_cortex.o(i.HAL_NVIC_SetPriorityGrouping))
<BR><BR>[Called By]<UL><LI><a href="#[67]">&gt;&gt;</a>&nbsp;&nbsp;&nbsp;HAL_Init
<LI><a href="#[6a]">&gt;&gt;</a>&nbsp;&nbsp;&nbsp;HAL_MspInit
</UL>

<P><STRONG><a name="[b5]"></a>HAL_PWREx_GetVoltageRange</STRONG> (Thumb, 10 bytes, Stack size 0 bytes, stm32l1xx_hal_pwr_ex.o(i.HAL_PWREx_GetVoltageRange))
<BR><BR>[Called By]<UL><LI><a href="#[74]">&gt;&gt;</a>&nbsp;&nbsp;&nbsp;RCC_SetFlashLatencyFromMSIRange
</UL>

<P><STRONG><a name="[fa]"></a>HAL_PWR_DisableWakeUpPin</STRONG> (Thumb, 22 bytes, Stack size 0 bytes, stm32l1xx_hal_pwr.o(i.HAL_PWR_DisableWakeUpPin))
<BR><BR>[Called By]<UL><LI><a href="#[41]">&gt;&gt;</a>&nbsp;&nbsp;&nbsp;main
</UL>

<P><STRONG><a name="[70]"></a>HAL_RCCEx_PeriphCLKConfig</STRONG> (Thumb, 356 bytes, Stack size 24 bytes, stm32l1xx_hal_rcc_ex.o(i.HAL_RCCEx_PeriphCLKConfig))
<BR><BR>[Stack]<UL><LI>Max Depth = 24<LI>Call Chain = HAL_RCCEx_PeriphCLKConfig
</UL>
<BR>[Calls]<UL><LI><a href="#[66]">&gt;&gt;</a>&nbsp;&nbsp;&nbsp;HAL_GetTick
</UL>
<BR>[Called By]<UL><LI><a href="#[c3]">&gt;&gt;</a>&nbsp;&nbsp;&nbsp;SystemClock_Config
</UL>

<P><STRONG><a name="[71]"></a>HAL_RCC_ClockConfig</STRONG> (Thumb, 1190 bytes, Stack size 16 bytes, stm32l1xx_hal_rcc.o(i.HAL_RCC_ClockConfig))
<BR><BR>[Stack]<UL><LI>Max Depth = 80<LI>Call Chain = HAL_RCC_ClockConfig &rArr; HAL_InitTick &rArr; HAL_NVIC_SetPriority &rArr; NVIC_SetPriority
</UL>
<BR>[Calls]<UL><LI><a href="#[69]">&gt;&gt;</a>&nbsp;&nbsp;&nbsp;HAL_InitTick
<LI><a href="#[66]">&gt;&gt;</a>&nbsp;&nbsp;&nbsp;HAL_GetTick
</UL>
<BR>[Called By]<UL><LI><a href="#[c3]">&gt;&gt;</a>&nbsp;&nbsp;&nbsp;SystemClock_Config
</UL>

<P><STRONG><a name="[6b]"></a>HAL_RCC_GetHCLKFreq</STRONG> (Thumb, 42 bytes, Stack size 4 bytes, stm32l1xx_hal_rcc.o(i.HAL_RCC_GetHCLKFreq))
<BR><BR>[Stack]<UL><LI>Max Depth = 24<LI>Call Chain = HAL_RCC_GetHCLKFreq &rArr; HAL_RCC_GetSysClockFreq
</UL>
<BR>[Calls]<UL><LI><a href="#[72]">&gt;&gt;</a>&nbsp;&nbsp;&nbsp;HAL_RCC_GetSysClockFreq
</UL>
<BR>[Called By]<UL><LI><a href="#[69]">&gt;&gt;</a>&nbsp;&nbsp;&nbsp;HAL_InitTick
<LI><a href="#[c3]">&gt;&gt;</a>&nbsp;&nbsp;&nbsp;SystemClock_Config
</UL>

<P><STRONG><a name="[72]"></a>HAL_RCC_GetSysClockFreq</STRONG> (Thumb, 166 bytes, Stack size 20 bytes, stm32l1xx_hal_rcc.o(i.HAL_RCC_GetSysClockFreq))
<BR><BR>[Stack]<UL><LI>Max Depth = 20<LI>Call Chain = HAL_RCC_GetSysClockFreq
</UL>
<BR>[Called By]<UL><LI><a href="#[6b]">&gt;&gt;</a>&nbsp;&nbsp;&nbsp;HAL_RCC_GetHCLKFreq
</UL>

<P><STRONG><a name="[73]"></a>HAL_RCC_OscConfig</STRONG> (Thumb, 2600 bytes, Stack size 16 bytes, stm32l1xx_hal_rcc.o(i.HAL_RCC_OscConfig))
<BR><BR>[Stack]<UL><LI>Max Depth = 80<LI>Call Chain = HAL_RCC_OscConfig &rArr; HAL_InitTick &rArr; HAL_NVIC_SetPriority &rArr; NVIC_SetPriority
</UL>
<BR>[Calls]<UL><LI><a href="#[69]">&gt;&gt;</a>&nbsp;&nbsp;&nbsp;HAL_InitTick
<LI><a href="#[66]">&gt;&gt;</a>&nbsp;&nbsp;&nbsp;HAL_GetTick
<LI><a href="#[74]">&gt;&gt;</a>&nbsp;&nbsp;&nbsp;RCC_SetFlashLatencyFromMSIRange
</UL>
<BR>[Called By]<UL><LI><a href="#[c3]">&gt;&gt;</a>&nbsp;&nbsp;&nbsp;SystemClock_Config
</UL>

<P><STRONG><a name="[75]"></a>HAL_RTCEx_DeactivateWakeUpTimer</STRONG> (Thumb, 152 bytes, Stack size 16 bytes, stm32l1xx_hal_rtc_ex.o(i.HAL_RTCEx_DeactivateWakeUpTimer))
<BR><BR>[Stack]<UL><LI>Max Depth = 16<LI>Call Chain = HAL_RTCEx_DeactivateWakeUpTimer
</UL>
<BR>[Calls]<UL><LI><a href="#[66]">&gt;&gt;</a>&nbsp;&nbsp;&nbsp;HAL_GetTick
</UL>
<BR>[Called By]<UL><LI><a href="#[b3]">&gt;&gt;</a>&nbsp;&nbsp;&nbsp;MX_RTC_Init
</UL>

<P><STRONG><a name="[76]"></a>HAL_RTCEx_SetWakeUpTimer_IT</STRONG> (Thumb, 294 bytes, Stack size 24 bytes, stm32l1xx_hal_rtc_ex.o(i.HAL_RTCEx_SetWakeUpTimer_IT))
<BR><BR>[Stack]<UL><LI>Max Depth = 24<LI>Call Chain = HAL_RTCEx_SetWakeUpTimer_IT
</UL>
<BR>[Calls]<UL><LI><a href="#[66]">&gt;&gt;</a>&nbsp;&nbsp;&nbsp;HAL_GetTick
</UL>
<BR>[Called By]<UL><LI><a href="#[b3]">&gt;&gt;</a>&nbsp;&nbsp;&nbsp;MX_RTC_Init
</UL>

<P><STRONG><a name="[78]"></a>HAL_RTCEx_WakeUpTimerEventCallback</STRONG> (Thumb, 2 bytes, Stack size 0 bytes, stm32l1xx_hal_rtc_ex.o(i.HAL_RTCEx_WakeUpTimerEventCallback))
<BR><BR>[Called By]<UL><LI><a href="#[77]">&gt;&gt;</a>&nbsp;&nbsp;&nbsp;HAL_RTCEx_WakeUpTimerIRQHandler
</UL>

<P><STRONG><a name="[77]"></a>HAL_RTCEx_WakeUpTimerIRQHandler</STRONG> (Thumb, 50 bytes, Stack size 8 bytes, stm32l1xx_hal_rtc_ex.o(i.HAL_RTCEx_WakeUpTimerIRQHandler))
<BR><BR>[Stack]<UL><LI>Max Depth = 8<LI>Call Chain = HAL_RTCEx_WakeUpTimerIRQHandler
</UL>
<BR>[Calls]<UL><LI><a href="#[78]">&gt;&gt;</a>&nbsp;&nbsp;&nbsp;HAL_RTCEx_WakeUpTimerEventCallback
</UL>
<BR>[Called By]<UL><LI><a href="#[d]">&gt;&gt;</a>&nbsp;&nbsp;&nbsp;RTC_WKUP_IRQHandler
</UL>

<P><STRONG><a name="[79]"></a>HAL_RTC_Init</STRONG> (Thumb, 176 bytes, Stack size 8 bytes, stm32l1xx_hal_rtc.o(i.HAL_RTC_Init))
<BR><BR>[Stack]<UL><LI>Max Depth = 64<LI>Call Chain = HAL_RTC_Init &rArr; HAL_RTC_MspInit &rArr; HAL_NVIC_SetPriority &rArr; NVIC_SetPriority
</UL>
<BR>[Calls]<UL><LI><a href="#[7b]">&gt;&gt;</a>&nbsp;&nbsp;&nbsp;RTC_EnterInitMode
<LI><a href="#[7a]">&gt;&gt;</a>&nbsp;&nbsp;&nbsp;HAL_RTC_MspInit
</UL>
<BR>[Called By]<UL><LI><a href="#[b3]">&gt;&gt;</a>&nbsp;&nbsp;&nbsp;MX_RTC_Init
</UL>

<P><STRONG><a name="[7a]"></a>HAL_RTC_MspInit</STRONG> (Thumb, 52 bytes, Stack size 8 bytes, stm32l1xx_hal_msp.o(i.HAL_RTC_MspInit))
<BR><BR>[Stack]<UL><LI>Max Depth = 56<LI>Call Chain = HAL_RTC_MspInit &rArr; HAL_NVIC_SetPriority &rArr; NVIC_SetPriority
</UL>
<BR>[Calls]<UL><LI><a href="#[6d]">&gt;&gt;</a>&nbsp;&nbsp;&nbsp;HAL_NVIC_SetPriority
<LI><a href="#[7c]">&gt;&gt;</a>&nbsp;&nbsp;&nbsp;HAL_NVIC_EnableIRQ
</UL>
<BR>[Called By]<UL><LI><a href="#[79]">&gt;&gt;</a>&nbsp;&nbsp;&nbsp;HAL_RTC_Init
</UL>

<P><STRONG><a name="[7d]"></a>HAL_RTC_SetDate</STRONG> (Thumb, 260 bytes, Stack size 24 bytes, stm32l1xx_hal_rtc.o(i.HAL_RTC_SetDate))
<BR><BR>[Stack]<UL><LI>Max Depth = 40<LI>Call Chain = HAL_RTC_SetDate &rArr; RTC_EnterInitMode
</UL>
<BR>[Calls]<UL><LI><a href="#[7b]">&gt;&gt;</a>&nbsp;&nbsp;&nbsp;RTC_EnterInitMode
<LI><a href="#[7e]">&gt;&gt;</a>&nbsp;&nbsp;&nbsp;RTC_ByteToBcd2
<LI><a href="#[7f]">&gt;&gt;</a>&nbsp;&nbsp;&nbsp;RTC_Bcd2ToByte
<LI><a href="#[80]">&gt;&gt;</a>&nbsp;&nbsp;&nbsp;HAL_RTC_WaitForSynchro
</UL>
<BR>[Called By]<UL><LI><a href="#[b3]">&gt;&gt;</a>&nbsp;&nbsp;&nbsp;MX_RTC_Init
</UL>

<P><STRONG><a name="[81]"></a>HAL_RTC_SetTime</STRONG> (Thumb, 294 bytes, Stack size 24 bytes, stm32l1xx_hal_rtc.o(i.HAL_RTC_SetTime))
<BR><BR>[Stack]<UL><LI>Max Depth = 40<LI>Call Chain = HAL_RTC_SetTime &rArr; RTC_EnterInitMode
</UL>
<BR>[Calls]<UL><LI><a href="#[7b]">&gt;&gt;</a>&nbsp;&nbsp;&nbsp;RTC_EnterInitMode
<LI><a href="#[7e]">&gt;&gt;</a>&nbsp;&nbsp;&nbsp;RTC_ByteToBcd2
<LI><a href="#[7f]">&gt;&gt;</a>&nbsp;&nbsp;&nbsp;RTC_Bcd2ToByte
<LI><a href="#[80]">&gt;&gt;</a>&nbsp;&nbsp;&nbsp;HAL_RTC_WaitForSynchro
</UL>
<BR>[Called By]<UL><LI><a href="#[b3]">&gt;&gt;</a>&nbsp;&nbsp;&nbsp;MX_RTC_Init
</UL>

<P><STRONG><a name="[80]"></a>HAL_RTC_WaitForSynchro</STRONG> (Thumb, 68 bytes, Stack size 16 bytes, stm32l1xx_hal_rtc_ex.o(i.HAL_RTC_WaitForSynchro))
<BR><BR>[Stack]<UL><LI>Max Depth = 16<LI>Call Chain = HAL_RTC_WaitForSynchro
</UL>
<BR>[Calls]<UL><LI><a href="#[66]">&gt;&gt;</a>&nbsp;&nbsp;&nbsp;HAL_GetTick
</UL>
<BR>[Called By]<UL><LI><a href="#[81]">&gt;&gt;</a>&nbsp;&nbsp;&nbsp;HAL_RTC_SetTime
<LI><a href="#[7d]">&gt;&gt;</a>&nbsp;&nbsp;&nbsp;HAL_RTC_SetDate
</UL>

<P><STRONG><a name="[54]"></a>HAL_SD_GetStatus</STRONG> (Thumb, 34 bytes, Stack size 16 bytes, stm32l1xx_hal_sd.o(i.HAL_SD_GetStatus))
<BR><BR>[Stack]<UL><LI>Max Depth = 104<LI>Call Chain = HAL_SD_GetStatus &rArr; SD_GetState &rArr; SD_SendStatus &rArr; SD_CmdResp1Error &rArr; SDIO_GetResponse
</UL>
<BR>[Calls]<UL><LI><a href="#[82]">&gt;&gt;</a>&nbsp;&nbsp;&nbsp;SD_GetState
</UL>
<BR>[Called By]<UL><LI><a href="#[53]">&gt;&gt;</a>&nbsp;&nbsp;&nbsp;BSP_SD_GetStatus
</UL>

<P><STRONG><a name="[52]"></a>HAL_SD_Get_CardInfo</STRONG> (Thumb, 750 bytes, Stack size 24 bytes, stm32l1xx_hal_sd.o(i.HAL_SD_Get_CardInfo))
<BR><BR>[Stack]<UL><LI>Max Depth = 24<LI>Call Chain = HAL_SD_Get_CardInfo
</UL>
<BR>[Called By]<UL><LI><a href="#[51]">&gt;&gt;</a>&nbsp;&nbsp;&nbsp;BSP_SD_GetCardInfo
<LI><a href="#[57]">&gt;&gt;</a>&nbsp;&nbsp;&nbsp;HAL_SD_Init
</UL>

<P><STRONG><a name="[83]"></a>HAL_SD_IRQHandler</STRONG> (Thumb, 192 bytes, Stack size 8 bytes, stm32l1xx_hal_sd.o(i.HAL_SD_IRQHandler))
<BR><BR>[Stack]<UL><LI>Max Depth = 8<LI>Call Chain = HAL_SD_IRQHandler
</UL>
<BR>[Calls]<UL><LI><a href="#[85]">&gt;&gt;</a>&nbsp;&nbsp;&nbsp;HAL_SD_XferErrorCallback
<LI><a href="#[84]">&gt;&gt;</a>&nbsp;&nbsp;&nbsp;HAL_SD_XferCpltCallback
</UL>
<BR>[Called By]<UL><LI><a href="#[36]">&gt;&gt;</a>&nbsp;&nbsp;&nbsp;SDIO_IRQHandler
</UL>

<P><STRONG><a name="[57]"></a>HAL_SD_Init</STRONG> (Thumb, 154 bytes, Stack size 56 bytes, stm32l1xx_hal_sd.o(i.HAL_SD_Init))
<BR><BR>[Stack]<UL><LI>Max Depth = 136<LI>Call Chain = HAL_SD_Init &rArr; SD_PowerON &rArr; SD_CmdResp1Error &rArr; SDIO_GetResponse
</UL>
<BR>[Calls]<UL><LI><a href="#[52]">&gt;&gt;</a>&nbsp;&nbsp;&nbsp;HAL_SD_Get_CardInfo
<LI><a href="#[8a]">&gt;&gt;</a>&nbsp;&nbsp;&nbsp;SD_Select_Deselect
<LI><a href="#[88]">&gt;&gt;</a>&nbsp;&nbsp;&nbsp;SD_PowerON
<LI><a href="#[89]">&gt;&gt;</a>&nbsp;&nbsp;&nbsp;SD_Initialize_Cards
<LI><a href="#[87]">&gt;&gt;</a>&nbsp;&nbsp;&nbsp;SDIO_Init
<LI><a href="#[86]">&gt;&gt;</a>&nbsp;&nbsp;&nbsp;HAL_SD_MspInit
</UL>
<BR>[Called By]<UL><LI><a href="#[55]">&gt;&gt;</a>&nbsp;&nbsp;&nbsp;BSP_SD_Init
</UL>

<P><STRONG><a name="[86]"></a>HAL_SD_MspInit</STRONG> (Thumb, 150 bytes, Stack size 32 bytes, stm32l1xx_hal_msp.o(i.HAL_SD_MspInit))
<BR><BR>[Stack]<UL><LI>Max Depth = 80<LI>Call Chain = HAL_SD_MspInit &rArr; HAL_NVIC_SetPriority &rArr; NVIC_SetPriority
</UL>
<BR>[Calls]<UL><LI><a href="#[8b]">&gt;&gt;</a>&nbsp;&nbsp;&nbsp;HAL_GPIO_Init
<LI><a href="#[6d]">&gt;&gt;</a>&nbsp;&nbsp;&nbsp;HAL_NVIC_SetPriority
<LI><a href="#[7c]">&gt;&gt;</a>&nbsp;&nbsp;&nbsp;HAL_NVIC_EnableIRQ
</UL>
<BR>[Called By]<UL><LI><a href="#[57]">&gt;&gt;</a>&nbsp;&nbsp;&nbsp;HAL_SD_Init
</UL>

<P><STRONG><a name="[5a]"></a>HAL_SD_ReadBlocks</STRONG> (Thumb, 496 bytes, Stack size 104 bytes, stm32l1xx_hal_sd.o(i.HAL_SD_ReadBlocks))
<BR><BR>[Stack]<UL><LI>Max Depth = 168<LI>Call Chain = HAL_SD_ReadBlocks &rArr; HAL_SD_StopTransfer &rArr; SD_CmdResp1Error &rArr; SDIO_GetResponse
</UL>
<BR>[Calls]<UL><LI><a href="#[90]">&gt;&gt;</a>&nbsp;&nbsp;&nbsp;HAL_SD_StopTransfer
<LI><a href="#[8d]">&gt;&gt;</a>&nbsp;&nbsp;&nbsp;SD_CmdResp1Error
<LI><a href="#[8c]">&gt;&gt;</a>&nbsp;&nbsp;&nbsp;SDIO_SendCommand
<LI><a href="#[8f]">&gt;&gt;</a>&nbsp;&nbsp;&nbsp;SDIO_ReadFIFO
<LI><a href="#[8e]">&gt;&gt;</a>&nbsp;&nbsp;&nbsp;SDIO_DataConfig
<LI><a href="#[4c]">&gt;&gt;</a>&nbsp;&nbsp;&nbsp;__aeabi_uldivmod
</UL>
<BR>[Called By]<UL><LI><a href="#[59]">&gt;&gt;</a>&nbsp;&nbsp;&nbsp;BSP_SD_ReadBlocks
</UL>

<P><STRONG><a name="[90]"></a>HAL_SD_StopTransfer</STRONG> (Thumb, 54 bytes, Stack size 32 bytes, stm32l1xx_hal_sd.o(i.HAL_SD_StopTransfer))
<BR><BR>[Stack]<UL><LI>Max Depth = 64<LI>Call Chain = HAL_SD_StopTransfer &rArr; SD_CmdResp1Error &rArr; SDIO_GetResponse
</UL>
<BR>[Calls]<UL><LI><a href="#[8d]">&gt;&gt;</a>&nbsp;&nbsp;&nbsp;SD_CmdResp1Error
<LI><a href="#[8c]">&gt;&gt;</a>&nbsp;&nbsp;&nbsp;SDIO_SendCommand
</UL>
<BR>[Called By]<UL><LI><a href="#[5c]">&gt;&gt;</a>&nbsp;&nbsp;&nbsp;HAL_SD_WriteBlocks
<LI><a href="#[5a]">&gt;&gt;</a>&nbsp;&nbsp;&nbsp;HAL_SD_ReadBlocks
</UL>

<P><STRONG><a name="[58]"></a>HAL_SD_WideBusOperation_Config</STRONG> (Thumb, 128 bytes, Stack size 56 bytes, stm32l1xx_hal_sd.o(i.HAL_SD_WideBusOperation_Config))
<BR><BR>[Stack]<UL><LI>Max Depth = 200<LI>Call Chain = HAL_SD_WideBusOperation_Config &rArr; SD_WideBus_Enable &rArr; SD_FindSCR &rArr; SD_CmdResp1Error &rArr; SDIO_GetResponse
</UL>
<BR>[Calls]<UL><LI><a href="#[91]">&gt;&gt;</a>&nbsp;&nbsp;&nbsp;SD_WideBus_Enable
<LI><a href="#[92]">&gt;&gt;</a>&nbsp;&nbsp;&nbsp;SD_WideBus_Disable
<LI><a href="#[87]">&gt;&gt;</a>&nbsp;&nbsp;&nbsp;SDIO_Init
</UL>
<BR>[Called By]<UL><LI><a href="#[55]">&gt;&gt;</a>&nbsp;&nbsp;&nbsp;BSP_SD_Init
</UL>

<P><STRONG><a name="[5c]"></a>HAL_SD_WriteBlocks</STRONG> (Thumb, 650 bytes, Stack size 112 bytes, stm32l1xx_hal_sd.o(i.HAL_SD_WriteBlocks))
<BR><BR>[Stack]<UL><LI>Max Depth = 176<LI>Call Chain = HAL_SD_WriteBlocks &rArr; HAL_SD_StopTransfer &rArr; SD_CmdResp1Error &rArr; SDIO_GetResponse
</UL>
<BR>[Calls]<UL><LI><a href="#[90]">&gt;&gt;</a>&nbsp;&nbsp;&nbsp;HAL_SD_StopTransfer
<LI><a href="#[94]">&gt;&gt;</a>&nbsp;&nbsp;&nbsp;SD_IsCardProgramming
<LI><a href="#[8d]">&gt;&gt;</a>&nbsp;&nbsp;&nbsp;SD_CmdResp1Error
<LI><a href="#[93]">&gt;&gt;</a>&nbsp;&nbsp;&nbsp;SDIO_WriteFIFO
<LI><a href="#[8c]">&gt;&gt;</a>&nbsp;&nbsp;&nbsp;SDIO_SendCommand
<LI><a href="#[8e]">&gt;&gt;</a>&nbsp;&nbsp;&nbsp;SDIO_DataConfig
<LI><a href="#[4c]">&gt;&gt;</a>&nbsp;&nbsp;&nbsp;__aeabi_uldivmod
</UL>
<BR>[Called By]<UL><LI><a href="#[5b]">&gt;&gt;</a>&nbsp;&nbsp;&nbsp;BSP_SD_WriteBlocks
</UL>

<P><STRONG><a name="[84]"></a>HAL_SD_XferCpltCallback</STRONG> (Thumb, 2 bytes, Stack size 0 bytes, stm32l1xx_hal_sd.o(i.HAL_SD_XferCpltCallback))
<BR><BR>[Called By]<UL><LI><a href="#[83]">&gt;&gt;</a>&nbsp;&nbsp;&nbsp;HAL_SD_IRQHandler
</UL>

<P><STRONG><a name="[85]"></a>HAL_SD_XferErrorCallback</STRONG> (Thumb, 2 bytes, Stack size 0 bytes, stm32l1xx_hal_sd.o(i.HAL_SD_XferErrorCallback))
<BR><BR>[Called By]<UL><LI><a href="#[83]">&gt;&gt;</a>&nbsp;&nbsp;&nbsp;HAL_SD_IRQHandler
</UL>

<P><STRONG><a name="[96]"></a>HAL_SPI_ErrorCallback</STRONG> (Thumb, 2 bytes, Stack size 0 bytes, stm32l1xx_hal_spi.o(i.HAL_SPI_ErrorCallback))
<BR><BR>[Called By]<UL><LI><a href="#[95]">&gt;&gt;</a>&nbsp;&nbsp;&nbsp;HAL_SPI_IRQHandler
</UL>

<P><STRONG><a name="[95]"></a>HAL_SPI_IRQHandler</STRONG> (Thumb, 256 bytes, Stack size 16 bytes, stm32l1xx_hal_spi.o(i.HAL_SPI_IRQHandler))
<BR><BR>[Stack]<UL><LI>Max Depth = 16<LI>Call Chain = HAL_SPI_IRQHandler
</UL>
<BR>[Calls]<UL><LI><a href="#[96]">&gt;&gt;</a>&nbsp;&nbsp;&nbsp;HAL_SPI_ErrorCallback
</UL>
<BR>[Called By]<UL><LI><a href="#[2d]">&gt;&gt;</a>&nbsp;&nbsp;&nbsp;SPI2_IRQHandler
<LI><a href="#[2c]">&gt;&gt;</a>&nbsp;&nbsp;&nbsp;SPI1_IRQHandler
</UL>

<P><STRONG><a name="[97]"></a>HAL_SPI_Init</STRONG> (Thumb, 136 bytes, Stack size 8 bytes, stm32l1xx_hal_spi_ex.o(i.HAL_SPI_Init))
<BR><BR>[Stack]<UL><LI>Max Depth = 88<LI>Call Chain = HAL_SPI_Init &rArr; HAL_SPI_MspInit &rArr; HAL_NVIC_SetPriority &rArr; NVIC_SetPriority
</UL>
<BR>[Calls]<UL><LI><a href="#[98]">&gt;&gt;</a>&nbsp;&nbsp;&nbsp;HAL_SPI_MspInit
</UL>
<BR>[Called By]<UL><LI><a href="#[b4]">&gt;&gt;</a>&nbsp;&nbsp;&nbsp;MX_SPI1_Init
</UL>

<P><STRONG><a name="[98]"></a>HAL_SPI_MspInit</STRONG> (Thumb, 178 bytes, Stack size 32 bytes, stm32l1xx_hal_msp.o(i.HAL_SPI_MspInit))
<BR><BR>[Stack]<UL><LI>Max Depth = 80<LI>Call Chain = HAL_SPI_MspInit &rArr; HAL_NVIC_SetPriority &rArr; NVIC_SetPriority
</UL>
<BR>[Calls]<UL><LI><a href="#[8b]">&gt;&gt;</a>&nbsp;&nbsp;&nbsp;HAL_GPIO_Init
<LI><a href="#[6d]">&gt;&gt;</a>&nbsp;&nbsp;&nbsp;HAL_NVIC_SetPriority
<LI><a href="#[7c]">&gt;&gt;</a>&nbsp;&nbsp;&nbsp;HAL_NVIC_EnableIRQ
</UL>
<BR>[Called By]<UL><LI><a href="#[97]">&gt;&gt;</a>&nbsp;&nbsp;&nbsp;HAL_SPI_Init
</UL>

<P><STRONG><a name="[99]"></a>HAL_SPI_Receive</STRONG> (Thumb, 570 bytes, Stack size 32 bytes, stm32l1xx_hal_spi.o(i.HAL_SPI_Receive))
<BR><BR>[Stack]<UL><LI>Max Depth = 88<LI>Call Chain = HAL_SPI_Receive &rArr; HAL_SPI_TransmitReceive &rArr; SPI_WaitOnFlagUntilTimeout
</UL>
<BR>[Calls]<UL><LI><a href="#[9a]">&gt;&gt;</a>&nbsp;&nbsp;&nbsp;HAL_SPI_TransmitReceive
<LI><a href="#[9b]">&gt;&gt;</a>&nbsp;&nbsp;&nbsp;SPI_WaitOnFlagUntilTimeout
</UL>
<BR>[Called By]<UL><LI><a href="#[a5]">&gt;&gt;</a>&nbsp;&nbsp;&nbsp;LIS3DH_ReadReg
</UL>

<P><STRONG><a name="[9c]"></a>HAL_SPI_Transmit</STRONG> (Thumb, 448 bytes, Stack size 24 bytes, stm32l1xx_hal_spi.o(i.HAL_SPI_Transmit))
<BR><BR>[Stack]<UL><LI>Max Depth = 48<LI>Call Chain = HAL_SPI_Transmit &rArr; SPI_WaitOnFlagUntilTimeout
</UL>
<BR>[Calls]<UL><LI><a href="#[9b]">&gt;&gt;</a>&nbsp;&nbsp;&nbsp;SPI_WaitOnFlagUntilTimeout
</UL>
<BR>[Called By]<UL><LI><a href="#[a6]">&gt;&gt;</a>&nbsp;&nbsp;&nbsp;LIS3DH_WriteReg
<LI><a href="#[a5]">&gt;&gt;</a>&nbsp;&nbsp;&nbsp;LIS3DH_ReadReg
</UL>

<P><STRONG><a name="[9a]"></a>HAL_SPI_TransmitReceive</STRONG> (Thumb, 844 bytes, Stack size 32 bytes, stm32l1xx_hal_spi.o(i.HAL_SPI_TransmitReceive))
<BR><BR>[Stack]<UL><LI>Max Depth = 56<LI>Call Chain = HAL_SPI_TransmitReceive &rArr; SPI_WaitOnFlagUntilTimeout
</UL>
<BR>[Calls]<UL><LI><a href="#[9b]">&gt;&gt;</a>&nbsp;&nbsp;&nbsp;SPI_WaitOnFlagUntilTimeout
</UL>
<BR>[Called By]<UL><LI><a href="#[99]">&gt;&gt;</a>&nbsp;&nbsp;&nbsp;HAL_SPI_Receive
</UL>

<P><STRONG><a name="[c4]"></a>HAL_SYSTICK_CLKSourceConfig</STRONG> (Thumb, 40 bytes, Stack size 0 bytes, stm32l1xx_hal_cortex.o(i.HAL_SYSTICK_CLKSourceConfig))
<BR><BR>[Called By]<UL><LI><a href="#[c3]">&gt;&gt;</a>&nbsp;&nbsp;&nbsp;SystemClock_Config
</UL>

<P><STRONG><a name="[9e]"></a>HAL_SYSTICK_Callback</STRONG> (Thumb, 2 bytes, Stack size 0 bytes, stm32l1xx_hal_cortex.o(i.HAL_SYSTICK_Callback))
<BR><BR>[Called By]<UL><LI><a href="#[9d]">&gt;&gt;</a>&nbsp;&nbsp;&nbsp;HAL_SYSTICK_IRQHandler
</UL>

<P><STRONG><a name="[6c]"></a>HAL_SYSTICK_Config</STRONG> (Thumb, 52 bytes, Stack size 16 bytes, stm32l1xx_hal_cortex.o(i.HAL_SYSTICK_Config))
<BR><BR>[Stack]<UL><LI>Max Depth = 24<LI>Call Chain = HAL_SYSTICK_Config &rArr; NVIC_SetPriority
</UL>
<BR>[Calls]<UL><LI><a href="#[6f]">&gt;&gt;</a>&nbsp;&nbsp;&nbsp;NVIC_SetPriority
</UL>
<BR>[Called By]<UL><LI><a href="#[69]">&gt;&gt;</a>&nbsp;&nbsp;&nbsp;HAL_InitTick
<LI><a href="#[c3]">&gt;&gt;</a>&nbsp;&nbsp;&nbsp;SystemClock_Config
</UL>

<P><STRONG><a name="[9d]"></a>HAL_SYSTICK_IRQHandler</STRONG> (Thumb, 8 bytes, Stack size 8 bytes, stm32l1xx_hal_cortex.o(i.HAL_SYSTICK_IRQHandler))
<BR><BR>[Stack]<UL><LI>Max Depth = 8<LI>Call Chain = HAL_SYSTICK_IRQHandler
</UL>
<BR>[Calls]<UL><LI><a href="#[9e]">&gt;&gt;</a>&nbsp;&nbsp;&nbsp;HAL_SYSTICK_Callback
</UL>
<BR>[Called By]<UL><LI><a href="#[9]">&gt;&gt;</a>&nbsp;&nbsp;&nbsp;SysTick_Handler
</UL>

<P><STRONG><a name="[a3]"></a>HAL_UART_ErrorCallback</STRONG> (Thumb, 2 bytes, Stack size 0 bytes, stm32l1xx_hal_uart.o(i.HAL_UART_ErrorCallback))
<BR><BR>[Called By]<UL><LI><a href="#[9f]">&gt;&gt;</a>&nbsp;&nbsp;&nbsp;HAL_UART_IRQHandler
</UL>

<P><STRONG><a name="[9f]"></a>HAL_UART_IRQHandler</STRONG> (Thumb, 218 bytes, Stack size 24 bytes, stm32l1xx_hal_uart.o(i.HAL_UART_IRQHandler))
<BR><BR>[Stack]<UL><LI>Max Depth = 40<LI>Call Chain = HAL_UART_IRQHandler &rArr; UART_Receive_IT
</UL>
<BR>[Calls]<UL><LI><a href="#[a1]">&gt;&gt;</a>&nbsp;&nbsp;&nbsp;UART_Transmit_IT
<LI><a href="#[a0]">&gt;&gt;</a>&nbsp;&nbsp;&nbsp;UART_Receive_IT
<LI><a href="#[a2]">&gt;&gt;</a>&nbsp;&nbsp;&nbsp;UART_EndTransmit_IT
<LI><a href="#[a3]">&gt;&gt;</a>&nbsp;&nbsp;&nbsp;HAL_UART_ErrorCallback
</UL>
<BR>[Called By]<UL><LI><a href="#[2f]">&gt;&gt;</a>&nbsp;&nbsp;&nbsp;USART2_IRQHandler
<LI><a href="#[2e]">&gt;&gt;</a>&nbsp;&nbsp;&nbsp;USART1_IRQHandler
</UL>

<P><STRONG><a name="[c6]"></a>HAL_UART_RxCpltCallback</STRONG> (Thumb, 2 bytes, Stack size 0 bytes, stm32l1xx_hal_uart.o(i.HAL_UART_RxCpltCallback))
<BR><BR>[Called By]<UL><LI><a href="#[a0]">&gt;&gt;</a>&nbsp;&nbsp;&nbsp;UART_Receive_IT
</UL>

<P><STRONG><a name="[c5]"></a>HAL_UART_TxCpltCallback</STRONG> (Thumb, 2 bytes, Stack size 0 bytes, stm32l1xx_hal_uart.o(i.HAL_UART_TxCpltCallback))
<BR><BR>[Called By]<UL><LI><a href="#[a2]">&gt;&gt;</a>&nbsp;&nbsp;&nbsp;UART_EndTransmit_IT
</UL>

<P><STRONG><a name="[a4]"></a>LIS3DH_FIFOModeEnable</STRONG> (Thumb, 522 bytes, Stack size 16 bytes, lis3dh_driver.o(i.LIS3DH_FIFOModeEnable))
<BR><BR>[Stack]<UL><LI>Max Depth = 120<LI>Call Chain = LIS3DH_FIFOModeEnable &rArr; LIS3DH_ReadReg &rArr; HAL_SPI_Receive &rArr; HAL_SPI_TransmitReceive &rArr; SPI_WaitOnFlagUntilTimeout
</UL>
<BR>[Calls]<UL><LI><a href="#[a6]">&gt;&gt;</a>&nbsp;&nbsp;&nbsp;LIS3DH_WriteReg
<LI><a href="#[a5]">&gt;&gt;</a>&nbsp;&nbsp;&nbsp;LIS3DH_ReadReg
</UL>
<BR>[Called By]<UL><LI><a href="#[41]">&gt;&gt;</a>&nbsp;&nbsp;&nbsp;main
</UL>

<P><STRONG><a name="[a7]"></a>LIS3DH_GetWHO_AM_I</STRONG> (Thumb, 22 bytes, Stack size 8 bytes, lis3dh_driver.o(i.LIS3DH_GetWHO_AM_I))
<BR><BR>[Stack]<UL><LI>Max Depth = 112<LI>Call Chain = LIS3DH_GetWHO_AM_I &rArr; LIS3DH_ReadReg &rArr; HAL_SPI_Receive &rArr; HAL_SPI_TransmitReceive &rArr; SPI_WaitOnFlagUntilTimeout
</UL>
<BR>[Calls]<UL><LI><a href="#[a5]">&gt;&gt;</a>&nbsp;&nbsp;&nbsp;LIS3DH_ReadReg
</UL>
<BR>[Called By]<UL><LI><a href="#[41]">&gt;&gt;</a>&nbsp;&nbsp;&nbsp;main
</UL>

<P><STRONG><a name="[a8]"></a>LIS3DH_Int1LatchEnable</STRONG> (Thumb, 60 bytes, Stack size 16 bytes, lis3dh_driver.o(i.LIS3DH_Int1LatchEnable))
<BR><BR>[Stack]<UL><LI>Max Depth = 120<LI>Call Chain = LIS3DH_Int1LatchEnable &rArr; LIS3DH_ReadReg &rArr; HAL_SPI_Receive &rArr; HAL_SPI_TransmitReceive &rArr; SPI_WaitOnFlagUntilTimeout
</UL>
<BR>[Calls]<UL><LI><a href="#[a6]">&gt;&gt;</a>&nbsp;&nbsp;&nbsp;LIS3DH_WriteReg
<LI><a href="#[a5]">&gt;&gt;</a>&nbsp;&nbsp;&nbsp;LIS3DH_ReadReg
</UL>
<BR>[Called By]<UL><LI><a href="#[41]">&gt;&gt;</a>&nbsp;&nbsp;&nbsp;main
</UL>

<P><STRONG><a name="[a5]"></a>LIS3DH_ReadReg</STRONG> (Thumb, 80 bytes, Stack size 16 bytes, lis3dh_driver.o(i.LIS3DH_ReadReg))
<BR><BR>[Stack]<UL><LI>Max Depth = 104<LI>Call Chain = LIS3DH_ReadReg &rArr; HAL_SPI_Receive &rArr; HAL_SPI_TransmitReceive &rArr; SPI_WaitOnFlagUntilTimeout
</UL>
<BR>[Calls]<UL><LI><a href="#[a9]">&gt;&gt;</a>&nbsp;&nbsp;&nbsp;HAL_GPIO_WritePin
<LI><a href="#[65]">&gt;&gt;</a>&nbsp;&nbsp;&nbsp;HAL_Delay
<LI><a href="#[9c]">&gt;&gt;</a>&nbsp;&nbsp;&nbsp;HAL_SPI_Transmit
<LI><a href="#[99]">&gt;&gt;</a>&nbsp;&nbsp;&nbsp;HAL_SPI_Receive
</UL>
<BR>[Called By]<UL><LI><a href="#[b0]">&gt;&gt;</a>&nbsp;&nbsp;&nbsp;LIS3DH_SetWaterMark
<LI><a href="#[af]">&gt;&gt;</a>&nbsp;&nbsp;&nbsp;LIS3DH_SetODR
<LI><a href="#[ae]">&gt;&gt;</a>&nbsp;&nbsp;&nbsp;LIS3DH_SetMode
<LI><a href="#[ad]">&gt;&gt;</a>&nbsp;&nbsp;&nbsp;LIS3DH_SetInt1Pin
<LI><a href="#[ab]">&gt;&gt;</a>&nbsp;&nbsp;&nbsp;LIS3DH_SetFullScale
<LI><a href="#[aa]">&gt;&gt;</a>&nbsp;&nbsp;&nbsp;LIS3DH_SetAxis
<LI><a href="#[a8]">&gt;&gt;</a>&nbsp;&nbsp;&nbsp;LIS3DH_Int1LatchEnable
<LI><a href="#[a7]">&gt;&gt;</a>&nbsp;&nbsp;&nbsp;LIS3DH_GetWHO_AM_I
<LI><a href="#[a4]">&gt;&gt;</a>&nbsp;&nbsp;&nbsp;LIS3DH_FIFOModeEnable
</UL>

<P><STRONG><a name="[aa]"></a>LIS3DH_SetAxis</STRONG> (Thumb, 60 bytes, Stack size 16 bytes, lis3dh_driver.o(i.LIS3DH_SetAxis))
<BR><BR>[Stack]<UL><LI>Max Depth = 120<LI>Call Chain = LIS3DH_SetAxis &rArr; LIS3DH_ReadReg &rArr; HAL_SPI_Receive &rArr; HAL_SPI_TransmitReceive &rArr; SPI_WaitOnFlagUntilTimeout
</UL>
<BR>[Calls]<UL><LI><a href="#[a6]">&gt;&gt;</a>&nbsp;&nbsp;&nbsp;LIS3DH_WriteReg
<LI><a href="#[a5]">&gt;&gt;</a>&nbsp;&nbsp;&nbsp;LIS3DH_ReadReg
</UL>
<BR>[Called By]<UL><LI><a href="#[41]">&gt;&gt;</a>&nbsp;&nbsp;&nbsp;main
</UL>

<P><STRONG><a name="[ab]"></a>LIS3DH_SetFullScale</STRONG> (Thumb, 60 bytes, Stack size 16 bytes, lis3dh_driver.o(i.LIS3DH_SetFullScale))
<BR><BR>[Stack]<UL><LI>Max Depth = 120<LI>Call Chain = LIS3DH_SetFullScale &rArr; LIS3DH_ReadReg &rArr; HAL_SPI_Receive &rArr; HAL_SPI_TransmitReceive &rArr; SPI_WaitOnFlagUntilTimeout
</UL>
<BR>[Calls]<UL><LI><a href="#[a6]">&gt;&gt;</a>&nbsp;&nbsp;&nbsp;LIS3DH_WriteReg
<LI><a href="#[a5]">&gt;&gt;</a>&nbsp;&nbsp;&nbsp;LIS3DH_ReadReg
</UL>
<BR>[Called By]<UL><LI><a href="#[41]">&gt;&gt;</a>&nbsp;&nbsp;&nbsp;main
</UL>

<P><STRONG><a name="[ac]"></a>LIS3DH_SetInt1Duration</STRONG> (Thumb, 30 bytes, Stack size 8 bytes, lis3dh_driver.o(i.LIS3DH_SetInt1Duration))
<BR><BR>[Stack]<UL><LI>Max Depth = 80<LI>Call Chain = LIS3DH_SetInt1Duration &rArr; LIS3DH_WriteReg &rArr; HAL_SPI_Transmit &rArr; SPI_WaitOnFlagUntilTimeout
</UL>
<BR>[Calls]<UL><LI><a href="#[a6]">&gt;&gt;</a>&nbsp;&nbsp;&nbsp;LIS3DH_WriteReg
</UL>
<BR>[Called By]<UL><LI><a href="#[41]">&gt;&gt;</a>&nbsp;&nbsp;&nbsp;main
</UL>

<P><STRONG><a name="[ad]"></a>LIS3DH_SetInt1Pin</STRONG> (Thumb, 50 bytes, Stack size 16 bytes, lis3dh_driver.o(i.LIS3DH_SetInt1Pin))
<BR><BR>[Stack]<UL><LI>Max Depth = 120<LI>Call Chain = LIS3DH_SetInt1Pin &rArr; LIS3DH_ReadReg &rArr; HAL_SPI_Receive &rArr; HAL_SPI_TransmitReceive &rArr; SPI_WaitOnFlagUntilTimeout
</UL>
<BR>[Calls]<UL><LI><a href="#[a6]">&gt;&gt;</a>&nbsp;&nbsp;&nbsp;LIS3DH_WriteReg
<LI><a href="#[a5]">&gt;&gt;</a>&nbsp;&nbsp;&nbsp;LIS3DH_ReadReg
</UL>
<BR>[Called By]<UL><LI><a href="#[41]">&gt;&gt;</a>&nbsp;&nbsp;&nbsp;main
</UL>

<P><STRONG><a name="[ae]"></a>LIS3DH_SetMode</STRONG> (Thumb, 208 bytes, Stack size 16 bytes, lis3dh_driver.o(i.LIS3DH_SetMode))
<BR><BR>[Stack]<UL><LI>Max Depth = 120<LI>Call Chain = LIS3DH_SetMode &rArr; LIS3DH_ReadReg &rArr; HAL_SPI_Receive &rArr; HAL_SPI_TransmitReceive &rArr; SPI_WaitOnFlagUntilTimeout
</UL>
<BR>[Calls]<UL><LI><a href="#[a6]">&gt;&gt;</a>&nbsp;&nbsp;&nbsp;LIS3DH_WriteReg
<LI><a href="#[a5]">&gt;&gt;</a>&nbsp;&nbsp;&nbsp;LIS3DH_ReadReg
</UL>
<BR>[Called By]<UL><LI><a href="#[41]">&gt;&gt;</a>&nbsp;&nbsp;&nbsp;main
</UL>

<P><STRONG><a name="[af]"></a>LIS3DH_SetODR</STRONG> (Thumb, 60 bytes, Stack size 16 bytes, lis3dh_driver.o(i.LIS3DH_SetODR))
<BR><BR>[Stack]<UL><LI>Max Depth = 120<LI>Call Chain = LIS3DH_SetODR &rArr; LIS3DH_ReadReg &rArr; HAL_SPI_Receive &rArr; HAL_SPI_TransmitReceive &rArr; SPI_WaitOnFlagUntilTimeout
</UL>
<BR>[Calls]<UL><LI><a href="#[a6]">&gt;&gt;</a>&nbsp;&nbsp;&nbsp;LIS3DH_WriteReg
<LI><a href="#[a5]">&gt;&gt;</a>&nbsp;&nbsp;&nbsp;LIS3DH_ReadReg
</UL>
<BR>[Called By]<UL><LI><a href="#[41]">&gt;&gt;</a>&nbsp;&nbsp;&nbsp;main
</UL>

<P><STRONG><a name="[b0]"></a>LIS3DH_SetWaterMark</STRONG> (Thumb, 64 bytes, Stack size 16 bytes, lis3dh_driver.o(i.LIS3DH_SetWaterMark))
<BR><BR>[Stack]<UL><LI>Max Depth = 120<LI>Call Chain = LIS3DH_SetWaterMark &rArr; LIS3DH_ReadReg &rArr; HAL_SPI_Receive &rArr; HAL_SPI_TransmitReceive &rArr; SPI_WaitOnFlagUntilTimeout
</UL>
<BR>[Calls]<UL><LI><a href="#[a6]">&gt;&gt;</a>&nbsp;&nbsp;&nbsp;LIS3DH_WriteReg
<LI><a href="#[a5]">&gt;&gt;</a>&nbsp;&nbsp;&nbsp;LIS3DH_ReadReg
</UL>
<BR>[Called By]<UL><LI><a href="#[41]">&gt;&gt;</a>&nbsp;&nbsp;&nbsp;main
</UL>

<P><STRONG><a name="[a6]"></a>LIS3DH_WriteReg</STRONG> (Thumb, 86 bytes, Stack size 24 bytes, lis3dh_driver.o(i.LIS3DH_WriteReg))
<BR><BR>[Stack]<UL><LI>Max Depth = 72<LI>Call Chain = LIS3DH_WriteReg &rArr; HAL_SPI_Transmit &rArr; SPI_WaitOnFlagUntilTimeout
</UL>
<BR>[Calls]<UL><LI><a href="#[a9]">&gt;&gt;</a>&nbsp;&nbsp;&nbsp;HAL_GPIO_WritePin
<LI><a href="#[65]">&gt;&gt;</a>&nbsp;&nbsp;&nbsp;HAL_Delay
<LI><a href="#[9c]">&gt;&gt;</a>&nbsp;&nbsp;&nbsp;HAL_SPI_Transmit
</UL>
<BR>[Called By]<UL><LI><a href="#[b0]">&gt;&gt;</a>&nbsp;&nbsp;&nbsp;LIS3DH_SetWaterMark
<LI><a href="#[af]">&gt;&gt;</a>&nbsp;&nbsp;&nbsp;LIS3DH_SetODR
<LI><a href="#[ae]">&gt;&gt;</a>&nbsp;&nbsp;&nbsp;LIS3DH_SetMode
<LI><a href="#[ad]">&gt;&gt;</a>&nbsp;&nbsp;&nbsp;LIS3DH_SetInt1Pin
<LI><a href="#[ac]">&gt;&gt;</a>&nbsp;&nbsp;&nbsp;LIS3DH_SetInt1Duration
<LI><a href="#[ab]">&gt;&gt;</a>&nbsp;&nbsp;&nbsp;LIS3DH_SetFullScale
<LI><a href="#[aa]">&gt;&gt;</a>&nbsp;&nbsp;&nbsp;LIS3DH_SetAxis
<LI><a href="#[a8]">&gt;&gt;</a>&nbsp;&nbsp;&nbsp;LIS3DH_Int1LatchEnable
<LI><a href="#[a4]">&gt;&gt;</a>&nbsp;&nbsp;&nbsp;LIS3DH_FIFOModeEnable
</UL>

<P><STRONG><a name="[b1]"></a>MX_FATFS_Init</STRONG> (Thumb, 16 bytes, Stack size 8 bytes, fatfs.o(i.MX_FATFS_Init))
<BR><BR>[Stack]<UL><LI>Max Depth = 40<LI>Call Chain = MX_FATFS_Init &rArr; FATFS_LinkDriver &rArr; FATFS_LinkDriverEx
</UL>
<BR>[Calls]<UL><LI><a href="#[5d]">&gt;&gt;</a>&nbsp;&nbsp;&nbsp;FATFS_LinkDriver
</UL>
<BR>[Called By]<UL><LI><a href="#[41]">&gt;&gt;</a>&nbsp;&nbsp;&nbsp;main
</UL>

<P><STRONG><a name="[3]"></a>MemManage_Handler</STRONG> (Thumb, 4 bytes, Stack size 0 bytes, stm32l1xx_it.o(i.MemManage_Handler))
<BR>[Address Reference Count : 1]<UL><LI> startup_stm32l151xd.o(RESET)
</UL>
<P><STRONG><a name="[7f]"></a>RTC_Bcd2ToByte</STRONG> (Thumb, 22 bytes, Stack size 0 bytes, stm32l1xx_hal_rtc.o(i.RTC_Bcd2ToByte))
<BR><BR>[Called By]<UL><LI><a href="#[81]">&gt;&gt;</a>&nbsp;&nbsp;&nbsp;HAL_RTC_SetTime
<LI><a href="#[7d]">&gt;&gt;</a>&nbsp;&nbsp;&nbsp;HAL_RTC_SetDate
</UL>

<P><STRONG><a name="[7e]"></a>RTC_ByteToBcd2</STRONG> (Thumb, 26 bytes, Stack size 0 bytes, stm32l1xx_hal_rtc.o(i.RTC_ByteToBcd2))
<BR><BR>[Called By]<UL><LI><a href="#[81]">&gt;&gt;</a>&nbsp;&nbsp;&nbsp;HAL_RTC_SetTime
<LI><a href="#[7d]">&gt;&gt;</a>&nbsp;&nbsp;&nbsp;HAL_RTC_SetDate
</UL>

<P><STRONG><a name="[7b]"></a>RTC_EnterInitMode</STRONG> (Thumb, 62 bytes, Stack size 16 bytes, stm32l1xx_hal_rtc.o(i.RTC_EnterInitMode))
<BR><BR>[Stack]<UL><LI>Max Depth = 16<LI>Call Chain = RTC_EnterInitMode
</UL>
<BR>[Calls]<UL><LI><a href="#[66]">&gt;&gt;</a>&nbsp;&nbsp;&nbsp;HAL_GetTick
</UL>
<BR>[Called By]<UL><LI><a href="#[81]">&gt;&gt;</a>&nbsp;&nbsp;&nbsp;HAL_RTC_SetTime
<LI><a href="#[7d]">&gt;&gt;</a>&nbsp;&nbsp;&nbsp;HAL_RTC_SetDate
<LI><a href="#[79]">&gt;&gt;</a>&nbsp;&nbsp;&nbsp;HAL_RTC_Init
</UL>

<P><STRONG><a name="[d]"></a>RTC_WKUP_IRQHandler</STRONG> (Thumb, 20 bytes, Stack size 8 bytes, stm32l1xx_it.o(i.RTC_WKUP_IRQHandler))
<BR><BR>[Stack]<UL><LI>Max Depth = 16<LI>Call Chain = RTC_WKUP_IRQHandler &rArr; HAL_RTCEx_WakeUpTimerIRQHandler
</UL>
<BR>[Calls]<UL><LI><a href="#[b6]">&gt;&gt;</a>&nbsp;&nbsp;&nbsp;HAL_GPIO_TogglePin
<LI><a href="#[77]">&gt;&gt;</a>&nbsp;&nbsp;&nbsp;HAL_RTCEx_WakeUpTimerIRQHandler
</UL>
<BR>[Address Reference Count : 1]<UL><LI> startup_stm32l151xd.o(RESET)
</UL>
<P><STRONG><a name="[8e]"></a>SDIO_DataConfig</STRONG> (Thumb, 44 bytes, Stack size 8 bytes, stm32l1xx_ll_sdmmc.o(i.SDIO_DataConfig))
<BR><BR>[Stack]<UL><LI>Max Depth = 8<LI>Call Chain = SDIO_DataConfig
</UL>
<BR>[Called By]<UL><LI><a href="#[5c]">&gt;&gt;</a>&nbsp;&nbsp;&nbsp;HAL_SD_WriteBlocks
<LI><a href="#[5a]">&gt;&gt;</a>&nbsp;&nbsp;&nbsp;HAL_SD_ReadBlocks
<LI><a href="#[ba]">&gt;&gt;</a>&nbsp;&nbsp;&nbsp;SD_FindSCR
</UL>

<P><STRONG><a name="[b7]"></a>SDIO_GetCommandResponse</STRONG> (Thumb, 8 bytes, Stack size 0 bytes, stm32l1xx_ll_sdmmc.o(i.SDIO_GetCommandResponse))
<BR><BR>[Called By]<UL><LI><a href="#[94]">&gt;&gt;</a>&nbsp;&nbsp;&nbsp;SD_IsCardProgramming
<LI><a href="#[b9]">&gt;&gt;</a>&nbsp;&nbsp;&nbsp;SD_CmdResp6Error
<LI><a href="#[8d]">&gt;&gt;</a>&nbsp;&nbsp;&nbsp;SD_CmdResp1Error
</UL>

<P><STRONG><a name="[bc]"></a>SDIO_GetPowerState</STRONG> (Thumb, 10 bytes, Stack size 0 bytes, stm32l1xx_ll_sdmmc.o(i.SDIO_GetPowerState))
<BR><BR>[Called By]<UL><LI><a href="#[89]">&gt;&gt;</a>&nbsp;&nbsp;&nbsp;SD_Initialize_Cards
</UL>

<P><STRONG><a name="[b8]"></a>SDIO_GetResponse</STRONG> (Thumb, 20 bytes, Stack size 8 bytes, stm32l1xx_ll_sdmmc.o(i.SDIO_GetResponse))
<BR><BR>[Stack]<UL><LI>Max Depth = 8<LI>Call Chain = SDIO_GetResponse
</UL>
<BR>[Called By]<UL><LI><a href="#[91]">&gt;&gt;</a>&nbsp;&nbsp;&nbsp;SD_WideBus_Enable
<LI><a href="#[92]">&gt;&gt;</a>&nbsp;&nbsp;&nbsp;SD_WideBus_Disable
<LI><a href="#[bb]">&gt;&gt;</a>&nbsp;&nbsp;&nbsp;SD_SendStatus
<LI><a href="#[88]">&gt;&gt;</a>&nbsp;&nbsp;&nbsp;SD_PowerON
<LI><a href="#[94]">&gt;&gt;</a>&nbsp;&nbsp;&nbsp;SD_IsCardProgramming
<LI><a href="#[89]">&gt;&gt;</a>&nbsp;&nbsp;&nbsp;SD_Initialize_Cards
<LI><a href="#[b9]">&gt;&gt;</a>&nbsp;&nbsp;&nbsp;SD_CmdResp6Error
<LI><a href="#[8d]">&gt;&gt;</a>&nbsp;&nbsp;&nbsp;SD_CmdResp1Error
</UL>

<P><STRONG><a name="[36]"></a>SDIO_IRQHandler</STRONG> (Thumb, 10 bytes, Stack size 8 bytes, stm32l1xx_it.o(i.SDIO_IRQHandler))
<BR><BR>[Stack]<UL><LI>Max Depth = 16<LI>Call Chain = SDIO_IRQHandler &rArr; HAL_SD_IRQHandler
</UL>
<BR>[Calls]<UL><LI><a href="#[83]">&gt;&gt;</a>&nbsp;&nbsp;&nbsp;HAL_SD_IRQHandler
</UL>
<BR>[Address Reference Count : 1]<UL><LI> startup_stm32l151xd.o(RESET)
</UL>
<P><STRONG><a name="[87]"></a>SDIO_Init</STRONG> (Thumb, 52 bytes, Stack size 24 bytes, stm32l1xx_ll_sdmmc.o(i.SDIO_Init))
<BR><BR>[Stack]<UL><LI>Max Depth = 24<LI>Call Chain = SDIO_Init
</UL>
<BR>[Called By]<UL><LI><a href="#[58]">&gt;&gt;</a>&nbsp;&nbsp;&nbsp;HAL_SD_WideBusOperation_Config
<LI><a href="#[57]">&gt;&gt;</a>&nbsp;&nbsp;&nbsp;HAL_SD_Init
</UL>

<P><STRONG><a name="[be]"></a>SDIO_PowerState_ON</STRONG> (Thumb, 10 bytes, Stack size 0 bytes, stm32l1xx_ll_sdmmc.o(i.SDIO_PowerState_ON))
<BR><BR>[Called By]<UL><LI><a href="#[88]">&gt;&gt;</a>&nbsp;&nbsp;&nbsp;SD_PowerON
</UL>

<P><STRONG><a name="[8f]"></a>SDIO_ReadFIFO</STRONG> (Thumb, 8 bytes, Stack size 0 bytes, stm32l1xx_ll_sdmmc.o(i.SDIO_ReadFIFO))
<BR><BR>[Called By]<UL><LI><a href="#[5a]">&gt;&gt;</a>&nbsp;&nbsp;&nbsp;HAL_SD_ReadBlocks
<LI><a href="#[ba]">&gt;&gt;</a>&nbsp;&nbsp;&nbsp;SD_FindSCR
</UL>

<P><STRONG><a name="[8c]"></a>SDIO_SendCommand</STRONG> (Thumb, 40 bytes, Stack size 8 bytes, stm32l1xx_ll_sdmmc.o(i.SDIO_SendCommand))
<BR><BR>[Stack]<UL><LI>Max Depth = 8<LI>Call Chain = SDIO_SendCommand
</UL>
<BR>[Called By]<UL><LI><a href="#[5c]">&gt;&gt;</a>&nbsp;&nbsp;&nbsp;HAL_SD_WriteBlocks
<LI><a href="#[90]">&gt;&gt;</a>&nbsp;&nbsp;&nbsp;HAL_SD_StopTransfer
<LI><a href="#[5a]">&gt;&gt;</a>&nbsp;&nbsp;&nbsp;HAL_SD_ReadBlocks
<LI><a href="#[91]">&gt;&gt;</a>&nbsp;&nbsp;&nbsp;SD_WideBus_Enable
<LI><a href="#[92]">&gt;&gt;</a>&nbsp;&nbsp;&nbsp;SD_WideBus_Disable
<LI><a href="#[bb]">&gt;&gt;</a>&nbsp;&nbsp;&nbsp;SD_SendStatus
<LI><a href="#[8a]">&gt;&gt;</a>&nbsp;&nbsp;&nbsp;SD_Select_Deselect
<LI><a href="#[88]">&gt;&gt;</a>&nbsp;&nbsp;&nbsp;SD_PowerON
<LI><a href="#[94]">&gt;&gt;</a>&nbsp;&nbsp;&nbsp;SD_IsCardProgramming
<LI><a href="#[89]">&gt;&gt;</a>&nbsp;&nbsp;&nbsp;SD_Initialize_Cards
<LI><a href="#[ba]">&gt;&gt;</a>&nbsp;&nbsp;&nbsp;SD_FindSCR
</UL>

<P><STRONG><a name="[93]"></a>SDIO_WriteFIFO</STRONG> (Thumb, 12 bytes, Stack size 0 bytes, stm32l1xx_ll_sdmmc.o(i.SDIO_WriteFIFO))
<BR><BR>[Called By]<UL><LI><a href="#[5c]">&gt;&gt;</a>&nbsp;&nbsp;&nbsp;HAL_SD_WriteBlocks
</UL>

<P><STRONG><a name="[45]"></a>SD_initialize</STRONG> (Thumb, 34 bytes, Stack size 8 bytes, sd_diskio.o(i.SD_initialize))
<BR><BR>[Stack]<UL><LI>Max Depth = 216<LI>Call Chain = SD_initialize &rArr; BSP_SD_Init &rArr; HAL_SD_WideBusOperation_Config &rArr; SD_WideBus_Enable &rArr; SD_FindSCR &rArr; SD_CmdResp1Error &rArr; SDIO_GetResponse
</UL>
<BR>[Calls]<UL><LI><a href="#[55]">&gt;&gt;</a>&nbsp;&nbsp;&nbsp;BSP_SD_Init
</UL>
<BR>[Address Reference Count : 1]<UL><LI> sd_diskio.o(.constdata)
</UL>
<P><STRONG><a name="[49]"></a>SD_ioctl</STRONG> (Thumb, 118 bytes, Stack size 120 bytes, sd_diskio.o(i.SD_ioctl))
<BR><BR>[Stack]<UL><LI>Max Depth = 160<LI>Call Chain = SD_ioctl &rArr; __aeabi_uldivmod
</UL>
<BR>[Calls]<UL><LI><a href="#[51]">&gt;&gt;</a>&nbsp;&nbsp;&nbsp;BSP_SD_GetCardInfo
<LI><a href="#[4c]">&gt;&gt;</a>&nbsp;&nbsp;&nbsp;__aeabi_uldivmod
</UL>
<BR>[Address Reference Count : 1]<UL><LI> sd_diskio.o(.constdata)
</UL>
<P><STRONG><a name="[47]"></a>SD_read</STRONG> (Thumb, 44 bytes, Stack size 32 bytes, sd_diskio.o(i.SD_read))
<BR><BR>[Stack]<UL><LI>Max Depth = 232<LI>Call Chain = SD_read &rArr; BSP_SD_ReadBlocks &rArr; HAL_SD_ReadBlocks &rArr; HAL_SD_StopTransfer &rArr; SD_CmdResp1Error &rArr; SDIO_GetResponse
</UL>
<BR>[Calls]<UL><LI><a href="#[59]">&gt;&gt;</a>&nbsp;&nbsp;&nbsp;BSP_SD_ReadBlocks
</UL>
<BR>[Address Reference Count : 1]<UL><LI> sd_diskio.o(.constdata)
</UL>
<P><STRONG><a name="[46]"></a>SD_status</STRONG> (Thumb, 34 bytes, Stack size 8 bytes, sd_diskio.o(i.SD_status))
<BR><BR>[Stack]<UL><LI>Max Depth = 120<LI>Call Chain = SD_status &rArr; BSP_SD_GetStatus &rArr; HAL_SD_GetStatus &rArr; SD_GetState &rArr; SD_SendStatus &rArr; SD_CmdResp1Error &rArr; SDIO_GetResponse
</UL>
<BR>[Calls]<UL><LI><a href="#[53]">&gt;&gt;</a>&nbsp;&nbsp;&nbsp;BSP_SD_GetStatus
</UL>
<BR>[Address Reference Count : 1]<UL><LI> sd_diskio.o(.constdata)
</UL>
<P><STRONG><a name="[48]"></a>SD_write</STRONG> (Thumb, 44 bytes, Stack size 32 bytes, sd_diskio.o(i.SD_write))
<BR><BR>[Stack]<UL><LI>Max Depth = 240<LI>Call Chain = SD_write &rArr; BSP_SD_WriteBlocks &rArr; HAL_SD_WriteBlocks &rArr; HAL_SD_StopTransfer &rArr; SD_CmdResp1Error &rArr; SDIO_GetResponse
</UL>
<BR>[Calls]<UL><LI><a href="#[5b]">&gt;&gt;</a>&nbsp;&nbsp;&nbsp;BSP_SD_WriteBlocks
</UL>
<BR>[Address Reference Count : 1]<UL><LI> sd_diskio.o(.constdata)
</UL>
<P><STRONG><a name="[2c]"></a>SPI1_IRQHandler</STRONG> (Thumb, 10 bytes, Stack size 8 bytes, stm32l1xx_it.o(i.SPI1_IRQHandler))
<BR><BR>[Stack]<UL><LI>Max Depth = 24<LI>Call Chain = SPI1_IRQHandler &rArr; HAL_SPI_IRQHandler
</UL>
<BR>[Calls]<UL><LI><a href="#[95]">&gt;&gt;</a>&nbsp;&nbsp;&nbsp;HAL_SPI_IRQHandler
</UL>
<BR>[Address Reference Count : 1]<UL><LI> startup_stm32l151xd.o(RESET)
</UL>
<P><STRONG><a name="[2d]"></a>SPI2_IRQHandler</STRONG> (Thumb, 10 bytes, Stack size 8 bytes, stm32l1xx_it.o(i.SPI2_IRQHandler))
<BR><BR>[Stack]<UL><LI>Max Depth = 24<LI>Call Chain = SPI2_IRQHandler &rArr; HAL_SPI_IRQHandler
</UL>
<BR>[Calls]<UL><LI><a href="#[95]">&gt;&gt;</a>&nbsp;&nbsp;&nbsp;HAL_SPI_IRQHandler
</UL>
<BR>[Address Reference Count : 1]<UL><LI> startup_stm32l151xd.o(RESET)
</UL>
<P><STRONG><a name="[9]"></a>SysTick_Handler</STRONG> (Thumb, 20 bytes, Stack size 8 bytes, stm32l1xx_it.o(i.SysTick_Handler))
<BR><BR>[Stack]<UL><LI>Max Depth = 16<LI>Call Chain = SysTick_Handler &rArr; HAL_SYSTICK_IRQHandler
</UL>
<BR>[Calls]<UL><LI><a href="#[b6]">&gt;&gt;</a>&nbsp;&nbsp;&nbsp;HAL_GPIO_TogglePin
<LI><a href="#[c2]">&gt;&gt;</a>&nbsp;&nbsp;&nbsp;HAL_IncTick
<LI><a href="#[9d]">&gt;&gt;</a>&nbsp;&nbsp;&nbsp;HAL_SYSTICK_IRQHandler
</UL>
<BR>[Address Reference Count : 1]<UL><LI> startup_stm32l151xd.o(RESET)
</UL>
<P><STRONG><a name="[c3]"></a>SystemClock_Config</STRONG> (Thumb, 160 bytes, Stack size 96 bytes, main.o(i.SystemClock_Config))
<BR><BR>[Stack]<UL><LI>Max Depth = 176<LI>Call Chain = SystemClock_Config &rArr; HAL_RCC_OscConfig &rArr; HAL_InitTick &rArr; HAL_NVIC_SetPriority &rArr; NVIC_SetPriority
</UL>
<BR>[Calls]<UL><LI><a href="#[6b]">&gt;&gt;</a>&nbsp;&nbsp;&nbsp;HAL_RCC_GetHCLKFreq
<LI><a href="#[6c]">&gt;&gt;</a>&nbsp;&nbsp;&nbsp;HAL_SYSTICK_Config
<LI><a href="#[c4]">&gt;&gt;</a>&nbsp;&nbsp;&nbsp;HAL_SYSTICK_CLKSourceConfig
<LI><a href="#[6d]">&gt;&gt;</a>&nbsp;&nbsp;&nbsp;HAL_NVIC_SetPriority
<LI><a href="#[73]">&gt;&gt;</a>&nbsp;&nbsp;&nbsp;HAL_RCC_OscConfig
<LI><a href="#[71]">&gt;&gt;</a>&nbsp;&nbsp;&nbsp;HAL_RCC_ClockConfig
<LI><a href="#[70]">&gt;&gt;</a>&nbsp;&nbsp;&nbsp;HAL_RCCEx_PeriphCLKConfig
</UL>
<BR>[Called By]<UL><LI><a href="#[41]">&gt;&gt;</a>&nbsp;&nbsp;&nbsp;main
</UL>

<P><STRONG><a name="[42]"></a>SystemInit</STRONG> (Thumb, 82 bytes, Stack size 0 bytes, system_stm32l1xx.o(i.SystemInit))
<BR>[Address Reference Count : 1]<UL><LI> startup_stm32l151xd.o(.text)
</UL>
<P><STRONG><a name="[2e]"></a>USART1_IRQHandler</STRONG> (Thumb, 10 bytes, Stack size 8 bytes, stm32l1xx_it.o(i.USART1_IRQHandler))
<BR><BR>[Stack]<UL><LI>Max Depth = 48<LI>Call Chain = USART1_IRQHandler &rArr; HAL_UART_IRQHandler &rArr; UART_Receive_IT
</UL>
<BR>[Calls]<UL><LI><a href="#[9f]">&gt;&gt;</a>&nbsp;&nbsp;&nbsp;HAL_UART_IRQHandler
</UL>
<BR>[Address Reference Count : 1]<UL><LI> startup_stm32l151xd.o(RESET)
</UL>
<P><STRONG><a name="[2f]"></a>USART2_IRQHandler</STRONG> (Thumb, 10 bytes, Stack size 8 bytes, stm32l1xx_it.o(i.USART2_IRQHandler))
<BR><BR>[Stack]<UL><LI>Max Depth = 48<LI>Call Chain = USART2_IRQHandler &rArr; HAL_UART_IRQHandler &rArr; UART_Receive_IT
</UL>
<BR>[Calls]<UL><LI><a href="#[9f]">&gt;&gt;</a>&nbsp;&nbsp;&nbsp;HAL_UART_IRQHandler
</UL>
<BR>[Address Reference Count : 1]<UL><LI> startup_stm32l151xd.o(RESET)
</UL>
<P><STRONG><a name="[c7]"></a>__0printf$1</STRONG> (Thumb, 22 bytes, Stack size 24 bytes, printf1.o(i.__0printf$1), UNUSED)
<BR><BR>[Calls]<UL><LI><a href="#[c8]">&gt;&gt;</a>&nbsp;&nbsp;&nbsp;_printf_core
</UL>

<P><STRONG><a name="[105]"></a>__1printf$1</STRONG> (Thumb, 0 bytes, Stack size 24 bytes, printf1.o(i.__0printf$1), UNUSED)

<P><STRONG><a name="[f8]"></a>__2printf</STRONG> (Thumb, 0 bytes, Stack size 24 bytes, printf1.o(i.__0printf$1))
<BR><BR>[Stack]<UL><LI>Max Depth = 24<LI>Call Chain = __2printf
</UL>
<BR>[Called By]<UL><LI><a href="#[41]">&gt;&gt;</a>&nbsp;&nbsp;&nbsp;main
</UL>

<P><STRONG><a name="[106]"></a>__scatterload_copy</STRONG> (Thumb, 14 bytes, Stack size unknown bytes, handlers.o(i.__scatterload_copy), UNUSED)

<P><STRONG><a name="[107]"></a>__scatterload_null</STRONG> (Thumb, 2 bytes, Stack size unknown bytes, handlers.o(i.__scatterload_null), UNUSED)

[...]
<BR><BR>[Stack]<UL><LI>Max Depth = 168<LI>Call Chain = find_volume &rArr; check_fs &rArr; move_window &rArr; sync_window &rArr; disk_write
</UL>
<BR>[Calls]<UL><LI><a href="#[cb]">&gt;&gt;</a>&nbsp;&nbsp;&nbsp;move_window
<LI><a href="#[e0]">&gt;&gt;</a>&nbsp;&nbsp;&nbsp;get_ldnumber
<LI><a href="#[e6]">&gt;&gt;</a>&nbsp;&nbsp;&nbsp;clear_lock
<LI><a href="#[ca]">&gt;&gt;</a>&nbsp;&nbsp;&nbsp;check_fs
<LI><a href="#[f5]">&gt;&gt;</a>&nbsp;&nbsp;&nbsp;disk_status
<LI><a href="#[e1]">&gt;&gt;</a>&nbsp;&nbsp;&nbsp;disk_initialize
</UL>
<BR>[Called By]<UL><LI><a href="#[e8]">&gt;&gt;</a>&nbsp;&nbsp;&nbsp;f_open
<LI><a href="#[e5]">&gt;&gt;</a>&nbsp;&nbsp;&nbsp;f_mount
</UL>

<P><STRONG><a name="[e9]"></a>follow_path</STRONG> (Thumb, 156 bytes, Stack size 32 bytes, ff.o(i.follow_path))
<BR><BR>[Stack]<UL><LI>Max Depth = 208<LI>Call Chain = follow_path &rArr; dir_find &rArr; dir_next &rArr; create_chain &rArr; put_fat &rArr; move_window &rArr; sync_window &rArr; disk_write
</UL>
<BR>[Calls]<UL><LI><a href="#[ec]">&gt;&gt;</a>&nbsp;&nbsp;&nbsp;ld_clust
<LI><a href="#[d3]">&gt;&gt;</a>&nbsp;&nbsp;&nbsp;dir_sdi
<LI><a href="#[d5]">&gt;&gt;</a>&nbsp;&nbsp;&nbsp;dir_find
<LI><a href="#[cf]">&gt;&gt;</a>&nbsp;&nbsp;&nbsp;create_name
</UL>
<BR>[Called By]<UL><LI><a href="#[e8]">&gt;&gt;</a>&nbsp;&nbsp;&nbsp;f_open
</UL>

<P><STRONG><a name="[e0]"></a>get_ldnumber</STRONG> (Thumb, 72 bytes, Stack size 16 bytes, ff.o(i.get_ldnumber))
<BR><BR>[Stack]<UL><LI>Max Depth = 16<LI>Call Chain = get_ldnumber
</UL>
<BR>[Called By]<UL><LI><a href="#[e5]">&gt;&gt;</a>&nbsp;&nbsp;&nbsp;f_mount
<LI><a href="#[df]">&gt;&gt;</a>&nbsp;&nbsp;&nbsp;f_mkfs
<LI><a href="#[e7]">&gt;&gt;</a>&nbsp;&nbsp;&nbsp;find_volume
</UL>

<P><STRONG><a name="[ef]"></a>inc_lock</STRONG> (Thumb, 226 bytes, Stack size 12 bytes, ff.o(i.inc_lock))
<BR><BR>[Stack]<UL><LI>Max Depth = 12<LI>Call Chain = inc_lock
</UL>
<BR>[Called By]<UL><LI><a href="#[e8]">&gt;&gt;</a>&nbsp;&nbsp;&nbsp;f_open
</UL>

<P><STRONG><a name="[ec]"></a>ld_clust</STRONG> (Thumb, 34 bytes, Stack size 8 bytes, ff.o(i.ld_clust))
<BR><BR>[Stack]<UL><LI>Max Depth = 8<LI>Call Chain = ld_clust
</UL>
<BR>[Called By]<UL><LI><a href="#[e8]">&gt;&gt;</a>&nbsp;&nbsp;&nbsp;f_open
<LI><a href="#[e9]">&gt;&gt;</a>&nbsp;&nbsp;&nbsp;follow_path
</UL>

<P><STRONG><a name="[d6]"></a>mem_cmp</STRONG> (Thumb, 38 bytes, Stack size 20 bytes, ff.o(i.mem_cmp))
<BR><BR>[Stack]<UL><LI>Max Depth = 20<LI>Call Chain = mem_cmp
</UL>
<BR>[Called By]<UL><LI><a href="#[d5]">&gt;&gt;</a>&nbsp;&nbsp;&nbsp;dir_find
</UL>

<P><STRONG><a name="[da]"></a>mem_cpy</STRONG> (Thumb, 26 bytes, Stack size 16 bytes, ff.o(i.mem_cpy))
<BR><BR>[Stack]<UL><LI>Max Depth = 16<LI>Call Chain = mem_cpy
</UL>
<BR>[Called By]<UL><LI><a href="#[f4]">&gt;&gt;</a>&nbsp;&nbsp;&nbsp;f_write
<LI><a href="#[f0]">&gt;&gt;</a>&nbsp;&nbsp;&nbsp;f_read
<LI><a href="#[df]">&gt;&gt;</a>&nbsp;&nbsp;&nbsp;f_mkfs
<LI><a href="#[d9]">&gt;&gt;</a>&nbsp;&nbsp;&nbsp;dir_register
</UL>

<P><STRONG><a name="[d0]"></a>mem_set</STRONG> (Thumb, 20 bytes, Stack size 12 bytes, ff.o(i.mem_set))
<BR><BR>[Stack]<UL><LI>Max Depth = 12<LI>Call Chain = mem_set
</UL>
<BR>[Called By]<UL><LI><a href="#[df]">&gt;&gt;</a>&nbsp;&nbsp;&nbsp;f_mkfs
<LI><a href="#[f3]">&gt;&gt;</a>&nbsp;&nbsp;&nbsp;sync_fs
<LI><a href="#[d9]">&gt;&gt;</a>&nbsp;&nbsp;&nbsp;dir_register
<LI><a href="#[d4]">&gt;&gt;</a>&nbsp;&nbsp;&nbsp;dir_next
<LI><a href="#[cf]">&gt;&gt;</a>&nbsp;&nbsp;&nbsp;create_name
</UL>

<P><STRONG><a name="[cb]"></a>move_window</STRONG> (Thumb, 56 bytes, Stack size 16 bytes, ff.o(i.move_window))
<BR><BR>[Stack]<UL><LI>Max Depth = 64<LI>Call Chain = move_window &rArr; sync_window &rArr; disk_write
</UL>
<BR>[Calls]<UL><LI><a href="#[d7]">&gt;&gt;</a>&nbsp;&nbsp;&nbsp;sync_window
<LI><a href="#[f2]">&gt;&gt;</a>&nbsp;&nbsp;&nbsp;disk_read
</UL>
<BR>[Called By]<UL><LI><a href="#[ce]">&gt;&gt;</a>&nbsp;&nbsp;&nbsp;put_fat
<LI><a href="#[cd]">&gt;&gt;</a>&nbsp;&nbsp;&nbsp;get_fat
<LI><a href="#[dc]">&gt;&gt;</a>&nbsp;&nbsp;&nbsp;f_sync
<LI><a href="#[e8]">&gt;&gt;</a>&nbsp;&nbsp;&nbsp;f_open
<LI><a href="#[e7]">&gt;&gt;</a>&nbsp;&nbsp;&nbsp;find_volume
<LI><a href="#[d9]">&gt;&gt;</a>&nbsp;&nbsp;&nbsp;dir_register
<LI><a href="#[d5]">&gt;&gt;</a>&nbsp;&nbsp;&nbsp;dir_find
<LI><a href="#[d2]">&gt;&gt;</a>&nbsp;&nbsp;&nbsp;dir_alloc
<LI><a href="#[ca]">&gt;&gt;</a>&nbsp;&nbsp;&nbsp;check_fs
</UL>

<P><STRONG><a name="[ee]"></a>remove_chain</STRONG> (Thumb, 122 bytes, Stack size 24 bytes, ff.o(i.remove_chain))
<BR><BR>[Stack]<UL><LI>Max Depth = 120<LI>Call Chain = remove_chain &rArr; put_fat &rArr; move_window &rArr; sync_window &rArr; disk_write
</UL>
<BR>[Calls]<UL><LI><a href="#[ce]">&gt;&gt;</a>&nbsp;&nbsp;&nbsp;put_fat
<LI><a href="#[cd]">&gt;&gt;</a>&nbsp;&nbsp;&nbsp;get_fat
</UL>
<BR>[Called By]<UL><LI><a href="#[e8]">&gt;&gt;</a>&nbsp;&nbsp;&nbsp;f_open
</UL>

<P><STRONG><a name="[ed]"></a>st_clust</STRONG> (Thumb, 16 bytes, Stack size 0 bytes, ff.o(i.st_clust))
<BR><BR>[Called By]<UL><LI><a href="#[dc]">&gt;&gt;</a>&nbsp;&nbsp;&nbsp;f_sync
<LI><a href="#[e8]">&gt;&gt;</a>&nbsp;&nbsp;&nbsp;f_open
</UL>

<P><STRONG><a name="[f3]"></a>sync_fs</STRONG> (Thumb, 244 bytes, Stack size 16 bytes, ff.o(i.sync_fs))
<BR><BR>[Stack]<UL><LI>Max Depth = 64<LI>Call Chain = sync_fs &rArr; sync_window &rArr; disk_write
</UL>
<BR>[Calls]<UL><LI><a href="#[d7]">&gt;&gt;</a>&nbsp;&nbsp;&nbsp;sync_window
<LI><a href="#[d0]">&gt;&gt;</a>&nbsp;&nbsp;&nbsp;mem_set
<LI><a href="#[e3]">&gt;&gt;</a>&nbsp;&nbsp;&nbsp;disk_write
<LI><a href="#[e2]">&gt;&gt;</a>&nbsp;&nbsp;&nbsp;disk_ioctl
</UL>
<BR>[Called By]<UL><LI><a href="#[dc]">&gt;&gt;</a>&nbsp;&nbsp;&nbsp;f_sync
</UL>

<P><STRONG><a name="[d7]"></a>sync_window</STRONG> (Thumb, 96 bytes, Stack size 24 bytes, ff.o(i.sync_window))
<BR><BR>[Stack]<UL><LI>Max Depth = 48<LI>Call Chain = sync_window &rArr; disk_write
</UL>
<BR>[Calls]<UL><LI><a href="#[e3]">&gt;&gt;</a>&nbsp;&nbsp;&nbsp;disk_write
</UL>
<BR>[Called By]<UL><LI><a href="#[f3]">&gt;&gt;</a>&nbsp;&nbsp;&nbsp;sync_fs
<LI><a href="#[cb]">&gt;&gt;</a>&nbsp;&nbsp;&nbsp;move_window
<LI><a href="#[d4]">&gt;&gt;</a>&nbsp;&nbsp;&nbsp;dir_next
</UL>

<P><STRONG><a name="[dd]"></a>validate</STRONG> (Thumb, 66 bytes, Stack size 16 bytes, ff.o(i.validate))
<BR><BR>[Stack]<UL><LI>Max Depth = 32<LI>Call Chain = validate &rArr; disk_status
</UL>
<BR>[Calls]<UL><LI><a href="#[f5]">&gt;&gt;</a>&nbsp;&nbsp;&nbsp;disk_status
</UL>
<BR>[Called By]<UL><LI><a href="#[f4]">&gt;&gt;</a>&nbsp;&nbsp;&nbsp;f_write
<LI><a href="#[dc]">&gt;&gt;</a>&nbsp;&nbsp;&nbsp;f_sync
<LI><a href="#[f0]">&gt;&gt;</a>&nbsp;&nbsp;&nbsp;f_read
<LI><a href="#[db]">&gt;&gt;</a>&nbsp;&nbsp;&nbsp;f_close
</UL>

<P><STRONG><a name="[6e]"></a>NVIC_GetPriorityGrouping</STRONG> (Thumb, 10 bytes, Stack size 0 bytes, stm32l1xx_hal_cortex.o(i.NVIC_GetPriorityGrouping))
<BR><BR>[Called By]<UL><LI><a href="#[6d]">&gt;&gt;</a>&nbsp;&nbsp;&nbsp;HAL_NVIC_SetPriority
</UL>

<P><STRONG><a name="[6f]"></a>NVIC_SetPriority</STRONG> (Thumb, 32 bytes, Stack size 8 bytes, stm32l1xx_hal_cortex.o(i.NVIC_SetPriority))
<BR><BR>[Stack]<UL><LI>Max Depth = 8<LI>Call Chain = NVIC_SetPriority
</UL>
<BR>[Called By]<UL><LI><a href="#[6c]">&gt;&gt;</a>&nbsp;&nbsp;&nbsp;HAL_SYSTICK_Config
<LI><a href="#[6d]">&gt;&gt;</a>&nbsp;&nbsp;&nbsp;HAL_NVIC_SetPriority
</UL>

<P><STRONG><a name="[a2]"></a>UART_EndTransmit_IT</STRONG> (Thumb, 48 bytes, Stack size 8 bytes, stm32l1xx_hal_uart.o(i.UART_EndTransmit_IT))
<BR><BR>[Stack]<UL><LI>Max Depth = 8<LI>Call Chain = UART_EndTransmit_IT
</UL>
<BR>[Calls]<UL><LI><a href="#[c5]">&gt;&gt;</a>&nbsp;&nbsp;&nbsp;HAL_UART_TxCpltCallback
</UL>
<BR>[Called By]<UL><LI><a href="#[9f]">&gt;&gt;</a>&nbsp;&nbsp;&nbsp;HAL_UART_IRQHandler
</UL>

<P><STRONG><a name="[a0]"></a>UART_Receive_IT</STRONG> (Thumb, 188 bytes, Stack size 16 bytes, stm32l1xx_hal_uart.o(i.UART_Receive_IT))
<BR><BR>[Stack]<UL><LI>Max Depth = 16<LI>Call Chain = UART_Receive_IT
</UL>
<BR>[Calls]<UL><LI><a href="#[c6]">&gt;&gt;</a>&nbsp;&nbsp;&nbsp;HAL_UART_RxCpltCallback
</UL>
<BR>[Called By]<UL><LI><a href="#[9f]">&gt;&gt;</a>&nbsp;&nbsp;&nbsp;HAL_UART_IRQHandler
</UL>

<P><STRONG><a name="[a1]"></a>UART_Transmit_IT</STRONG> (Thumb, 112 bytes, Stack size 8 bytes, stm32l1xx_hal_uart.o(i.UART_Transmit_IT))
<BR><BR>[Stack]<UL><LI>Max Depth = 8<LI>Call Chain = UART_Transmit_IT
</UL>
<BR>[Called By]<UL><LI><a href="#[9f]">&gt;&gt;</a>&nbsp;&nbsp;&nbsp;HAL_UART_IRQHandler
</UL>

<P><STRONG><a name="[74]"></a>RCC_SetFlashLatencyFromMSIRange</STRONG> (Thumb, 160 bytes, Stack size 24 bytes, stm32l1xx_hal_rcc.o(i.RCC_SetFlashLatencyFromMSIRange))
<BR><BR>[Stack]<UL><LI>Max Depth = 24<LI>Call Chain = RCC_SetFlashLatencyFromMSIRange
</UL>
<BR>[Calls]<UL><LI><a href="#[b5]">&gt;&gt;</a>&nbsp;&nbsp;&nbsp;HAL_PWREx_GetVoltageRange
</UL>
<BR>[Called By]<UL><LI><a href="#[73]">&gt;&gt;</a>&nbsp;&nbsp;&nbsp;HAL_RCC_OscConfig
</UL>

<P><STRONG><a name="[9b]"></a>SPI_WaitOnFlagUntilTimeout</STRONG> (Thumb, 276 bytes, Stack size 24 bytes, stm32l1xx_hal_spi.o(i.SPI_WaitOnFlagUntilTimeout))
<BR><BR>[Stack]<UL><LI>Max Depth = 24<LI>Call Chain = SPI_WaitOnFlagUntilTimeout
</UL>
<BR>[Calls]<UL><LI><a href="#[66]">&gt;&gt;</a>&nbsp;&nbsp;&nbsp;HAL_GetTick
</UL>
<BR>[Called By]<UL><LI><a href="#[9a]">&gt;&gt;</a>&nbsp;&nbsp;&nbsp;HAL_SPI_TransmitReceive
<LI><a href="#[9c]">&gt;&gt;</a>&nbsp;&nbsp;&nbsp;HAL_SPI_Transmit
<LI><a href="#[99]">&gt;&gt;</a>&nbsp;&nbsp;&nbsp;HAL_SPI_Receive
</UL>

<P><STRONG><a name="[bf]"></a>SD_CmdError</STRONG> (Thumb, 54 bytes, Stack size 12 bytes, stm32l1xx_hal_sd.o(i.SD_CmdError))
<BR><BR>[Stack]<UL><LI>Max Depth = 12<LI>Call Chain = SD_CmdError
</UL>
<BR>[Called By]<UL><LI><a href="#[88]">&gt;&gt;</a>&nbsp;&nbsp;&nbsp;SD_PowerON
</UL>

<P><STRONG><a name="[8d]"></a>SD_CmdResp1Error</STRONG> (Thumb, 380 bytes, Stack size 24 bytes, stm32l1xx_hal_sd.o(i.SD_CmdResp1Error))
<BR><BR>[Stack]<UL><LI>Max Depth = 32<LI>Call Chain = SD_CmdResp1Error &rArr; SDIO_GetResponse
</UL>
<BR>[Calls]<UL><LI><a href="#[b8]">&gt;&gt;</a>&nbsp;&nbsp;&nbsp;SDIO_GetResponse
<LI><a href="#[b7]">&gt;&gt;</a>&nbsp;&nbsp;&nbsp;SDIO_GetCommandResponse
</UL>
<BR>[Called By]<UL><LI><a href="#[5c]">&gt;&gt;</a>&nbsp;&nbsp;&nbsp;HAL_SD_WriteBlocks
<LI><a href="#[90]">&gt;&gt;</a>&nbsp;&nbsp;&nbsp;HAL_SD_StopTransfer
<LI><a href="#[5a]">&gt;&gt;</a>&nbsp;&nbsp;&nbsp;HAL_SD_ReadBlocks
<LI><a href="#[91]">&gt;&gt;</a>&nbsp;&nbsp;&nbsp;SD_WideBus_Enable
<LI><a href="#[92]">&gt;&gt;</a>&nbsp;&nbsp;&nbsp;SD_WideBus_Disable
<LI><a href="#[bb]">&gt;&gt;</a>&nbsp;&nbsp;&nbsp;SD_SendStatus
<LI><a href="#[8a]">&gt;&gt;</a>&nbsp;&nbsp;&nbsp;SD_Select_Deselect
<LI><a href="#[88]">&gt;&gt;</a>&nbsp;&nbsp;&nbsp;SD_PowerON
<LI><a href="#[ba]">&gt;&gt;</a>&nbsp;&nbsp;&nbsp;SD_FindSCR
</UL>

<P><STRONG><a name="[bd]"></a>SD_CmdResp2Error</STRONG> (Thumb, 70 bytes, Stack size 0 bytes, stm32l1xx_hal_sd.o(i.SD_CmdResp2Error))
<BR><BR>[Called By]<UL><LI><a href="#[89]">&gt;&gt;</a>&nbsp;&nbsp;&nbsp;SD_Initialize_Cards
</UL>

<P><STRONG><a name="[c1]"></a>SD_CmdResp3Error</STRONG> (Thumb, 50 bytes, Stack size 0 bytes, stm32l1xx_hal_sd.o(i.SD_CmdResp3Error))
<BR><BR>[Called By]<UL><LI><a href="#[88]">&gt;&gt;</a>&nbsp;&nbsp;&nbsp;SD_PowerON
</UL>

<P><STRONG><a name="[b9]"></a>SD_CmdResp6Error</STRONG> (Thumb, 172 bytes, Stack size 24 bytes, stm32l1xx_hal_sd.o(i.SD_CmdResp6Error))
<BR><BR>[Stack]<UL><LI>Max Depth = 32<LI>Call Chain = SD_CmdResp6Error &rArr; SDIO_GetResponse
</UL>
<BR>[Calls]<UL><LI><a href="#[b8]">&gt;&gt;</a>&nbsp;&nbsp;&nbsp;SDIO_GetResponse
<LI><a href="#[b7]">&gt;&gt;</a>&nbsp;&nbsp;&nbsp;SDIO_GetCommandResponse
</UL>
<BR>[Called By]<UL><LI><a href="#[89]">&gt;&gt;</a>&nbsp;&nbsp;&nbsp;SD_Initialize_Cards
</UL>

<P><STRONG><a name="[c0]"></a>SD_CmdResp7Error</STRONG> (Thumb, 102 bytes, Stack size 12 bytes, stm32l1xx_hal_sd.o(i.SD_CmdResp7Error))
<BR><BR>[Stack]<UL><LI>Max Depth = 12<LI>Call Chain = SD_CmdResp7Error
</UL>
<BR>[Called By]<UL><LI><a href="#[88]">&gt;&gt;</a>&nbsp;&nbsp;&nbsp;SD_PowerON
</UL>

<P><STRONG><a name="[ba]"></a>SD_FindSCR</STRONG> (Thumb, 370 bytes, Stack size 72 bytes, stm32l1xx_hal_sd.o(i.SD_FindSCR))
<BR><BR>[Stack]<UL><LI>Max Depth = 104<LI>Call Chain = SD_FindSCR &rArr; SD_CmdResp1Error &rArr; SDIO_GetResponse
</UL>
<BR>[Calls]<UL><LI><a href="#[8d]">&gt;&gt;</a>&nbsp;&nbsp;&nbsp;SD_CmdResp1Error
<LI><a href="#[8c]">&gt;&gt;</a>&nbsp;&nbsp;&nbsp;SDIO_SendCommand
<LI><a href="#[8f]">&gt;&gt;</a>&nbsp;&nbsp;&nbsp;SDIO_ReadFIFO
<LI><a href="#[8e]">&gt;&gt;</a>&nbsp;&nbsp;&nbsp;SDIO_DataConfig
</UL>
<BR>[Called By]<UL><LI><a href="#[91]">&gt;&gt;</a>&nbsp;&nbsp;&nbsp;SD_WideBus_Enable
<LI><a href="#[92]">&gt;&gt;</a>&nbsp;&nbsp;&nbsp;SD_WideBus_Disable
</UL>

<P><STRONG><a name="[82]"></a>SD_GetState</STRONG> (Thumb, 30 bytes, Stack size 16 bytes, stm32l1xx_hal_sd.o(i.SD_GetState))
<BR><BR>[Stack]<UL><LI>Max Depth = 88<LI>Call Chain = SD_GetState &rArr; SD_SendStatus &rArr; SD_CmdResp1Error &rArr; SDIO_GetResponse
</UL>
<BR>[Calls]<UL><LI><a href="#[bb]">&gt;&gt;</a>&nbsp;&nbsp;&nbsp;SD_SendStatus
</UL>
<BR>[Called By]<UL><LI><a href="#[54]">&gt;&gt;</a>&nbsp;&nbsp;&nbsp;HAL_SD_GetStatus
</UL>

<P><STRONG><a name="[89]"></a>SD_Initialize_Cards</STRONG> (Thumb, 250 bytes, Stack size 40 bytes, stm32l1xx_hal_sd.o(i.SD_Initialize_Cards))
<BR><BR>[Stack]<UL><LI>Max Depth = 72<LI>Call Chain = SD_Initialize_Cards &rArr; SD_CmdResp6Error &rArr; SDIO_GetResponse
</UL>
<BR>[Calls]<UL><LI><a href="#[b9]">&gt;&gt;</a>&nbsp;&nbsp;&nbsp;SD_CmdResp6Error
<LI><a href="#[bd]">&gt;&gt;</a>&nbsp;&nbsp;&nbsp;SD_CmdResp2Error
<LI><a href="#[8c]">&gt;&gt;</a>&nbsp;&nbsp;&nbsp;SDIO_SendCommand
<LI><a href="#[b8]">&gt;&gt;</a>&nbsp;&nbsp;&nbsp;SDIO_GetResponse
<LI><a href="#[bc]">&gt;&gt;</a>&nbsp;&nbsp;&nbsp;SDIO_GetPowerState
</UL>
<BR>[Called By]<UL><LI><a href="#[57]">&gt;&gt;</a>&nbsp;&nbsp;&nbsp;HAL_SD_Init
</UL>

<P><STRONG><a name="[94]"></a>SD_IsCardProgramming</STRONG> (Thumb, 464 bytes, Stack size 40 bytes, stm32l1xx_hal_sd.o(i.SD_IsCardProgramming))
<BR><BR>[Stack]<UL><LI>Max Depth = 48<LI>Call Chain = SD_IsCardProgramming &rArr; SDIO_SendCommand
</UL>
<BR>[Calls]<UL><LI><a href="#[8c]">&gt;&gt;</a>&nbsp;&nbsp;&nbsp;SDIO_SendCommand
<LI><a href="#[b8]">&gt;&gt;</a>&nbsp;&nbsp;&nbsp;SDIO_GetResponse
<LI><a href="#[b7]">&gt;&gt;</a>&nbsp;&nbsp;&nbsp;SDIO_GetCommandResponse
</UL>
<BR>[Called By]<UL><LI><a href="#[5c]">&gt;&gt;</a>&nbsp;&nbsp;&nbsp;HAL_SD_WriteBlocks
</UL>

<P><STRONG><a name="[88]"></a>SD_PowerON</STRONG> (Thumb, 348 bytes, Stack size 48 bytes, stm32l1xx_hal_sd.o(i.SD_PowerON))
<BR><BR>[Stack]<UL><LI>Max Depth = 80<LI>Call Chain = SD_PowerON &rArr; SD_CmdResp1Error &rArr; SDIO_GetResponse
</UL>
<BR>[Calls]<UL><LI><a href="#[65]">&gt;&gt;</a>&nbsp;&nbsp;&nbsp;HAL_Delay
<LI><a href="#[c0]">&gt;&gt;</a>&nbsp;&nbsp;&nbsp;SD_CmdResp7Error
<LI><a href="#[c1]">&gt;&gt;</a>&nbsp;&nbsp;&nbsp;SD_CmdResp3Error
<LI><a href="#[8d]">&gt;&gt;</a>&nbsp;&nbsp;&nbsp;SD_CmdResp1Error
<LI><a href="#[bf]">&gt;&gt;</a>&nbsp;&nbsp;&nbsp;SD_CmdError
<LI><a href="#[8c]">&gt;&gt;</a>&nbsp;&nbsp;&nbsp;SDIO_SendCommand
<LI><a href="#[be]">&gt;&gt;</a>&nbsp;&nbsp;&nbsp;SDIO_PowerState_ON
<LI><a href="#[b8]">&gt;&gt;</a>&nbsp;&nbsp;&nbsp;SDIO_GetResponse
</UL>
<BR>[Called By]<UL><LI><a href="#[57]">&gt;&gt;</a>&nbsp;&nbsp;&nbsp;HAL_SD_Init
</UL>

<P><STRONG><a name="[8a]"></a>SD_Select_Deselect</STRONG> (Thumb, 56 bytes, Stack size 40 bytes, stm32l1xx_hal_sd.o(i.SD_Select_Deselect))
<BR><BR>[Stack]<UL><LI>Max Depth = 72<LI>Call Chain = SD_Select_Deselect &rArr; SD_CmdResp1Error &rArr; SDIO_GetResponse
</UL>
<BR>[Calls]<UL><LI><a href="#[8d]">&gt;&gt;</a>&nbsp;&nbsp;&nbsp;SD_CmdResp1Error
<LI><a href="#[8c]">&gt;&gt;</a>&nbsp;&nbsp;&nbsp;SDIO_SendCommand
</UL>
<BR>[Called By]<UL><LI><a href="#[57]">&gt;&gt;</a>&nbsp;&nbsp;&nbsp;HAL_SD_Init
</UL>

<P><STRONG><a name="[bb]"></a>SD_SendStatus</STRONG> (Thumb, 80 bytes, Stack size 40 bytes, stm32l1xx_hal_sd.o(i.SD_SendStatus))
<BR><BR>[Stack]<UL><LI>Max Depth = 72<LI>Call Chain = SD_SendStatus &rArr; SD_CmdResp1Error &rArr; SDIO_GetResponse
</UL>
<BR>[Calls]<UL><LI><a href="#[8d]">&gt;&gt;</a>&nbsp;&nbsp;&nbsp;SD_CmdResp1Error
<LI><a href="#[8c]">&gt;&gt;</a>&nbsp;&nbsp;&nbsp;SDIO_SendCommand
<LI><a href="#[b8]">&gt;&gt;</a>&nbsp;&nbsp;&nbsp;SDIO_GetResponse
</UL>
<BR>[Called By]<UL><LI><a href="#[82]">&gt;&gt;</a>&nbsp;&nbsp;&nbsp;SD_GetState
</UL>

<P><STRONG><a name="[92]"></a>SD_WideBus_Disable</STRONG> (Thumb, 150 bytes, Stack size 40 bytes, stm32l1xx_hal_sd.o(i.SD_WideBus_Disable))
<BR><BR>[Stack]<UL><LI>Max Depth = 144<LI>Call Chain = SD_WideBus_Disable &rArr; SD_FindSCR &rArr; SD_CmdResp1Error &rArr; SDIO_GetResponse
</UL>
<BR>[Calls]<UL><LI><a href="#[ba]">&gt;&gt;</a>&nbsp;&nbsp;&nbsp;SD_FindSCR
<LI><a href="#[8d]">&gt;&gt;</a>&nbsp;&nbsp;&nbsp;SD_CmdResp1Error
<LI><a href="#[8c]">&gt;&gt;</a>&nbsp;&nbsp;&nbsp;SDIO_SendCommand
<LI><a href="#[b8]">&gt;&gt;</a>&nbsp;&nbsp;&nbsp;SDIO_GetResponse
</UL>
<BR>[Called By]<UL><LI><a href="#[58]">&gt;&gt;</a>&nbsp;&nbsp;&nbsp;HAL_SD_WideBusOperation_Config
</UL>

<P><STRONG><a name="[91]"></a>SD_WideBus_Enable</STRONG> (Thumb, 150 bytes, Stack size 40 bytes, stm32l1xx_hal_sd.o(i.SD_WideBus_Enable))
<BR><BR>[Stack]<UL><LI>Max Depth = 144<LI>Call Chain = SD_WideBus_Enable &rArr; SD_FindSCR &rArr; SD_CmdResp1Error &rArr; SDIO_GetResponse
</UL>
<BR>[Calls]<UL><LI><a href="#[ba]">&gt;&gt;</a>&nbsp;&nbsp;&nbsp;SD_FindSCR
<LI><a href="#[8d]">&gt;&gt;</a>&nbsp;&nbsp;&nbsp;SD_CmdResp1Error
<LI><a href="#[8c]">&gt;&gt;</a>&nbsp;&nbsp;&nbsp;SDIO_SendCommand
<LI><a href="#[b8]">&gt;&gt;</a>&nbsp;&nbsp;&nbsp;SDIO_GetResponse
</UL>
<BR>[Called By]<UL><LI><a href="#[58]">&gt;&gt;</a>&nbsp;&nbsp;&nbsp;HAL_SD_WideBusOperation_Config
</UL>

<P><STRONG><a name="[b2]"></a>MX_GPIO_Init</STRONG> (Thumb, 382 bytes, Stack size 32 bytes, main.o(i.MX_GPIO_Init))
<BR><BR>[Stack]<UL><LI>Max Depth = 52<LI>Call Chain = MX_GPIO_Init &rArr; HAL_GPIO_Init
</UL>
<BR>[Calls]<UL><LI><a href="#[a9]">&gt;&gt;</a>&nbsp;&nbsp;&nbsp;HAL_GPIO_WritePin
<LI><a href="#[8b]">&gt;&gt;</a>&nbsp;&nbsp;&nbsp;HAL_GPIO_Init
</UL>
<BR>[Called By]<UL><LI><a href="#[41]">&gt;&gt;</a>&nbsp;&nbsp;&nbsp;main
</UL>

<P><STRONG><a name="[b3]"></a>MX_RTC_Init</STRONG> (Thumb, 118 bytes, Stack size 32 bytes, main.o(i.MX_RTC_Init))
<BR><BR>[Stack]<UL><LI>Max Depth = 96<LI>Call Chain = MX_RTC_Init &rArr; HAL_RTC_Init &rArr; HAL_RTC_MspInit &rArr; HAL_NVIC_SetPriority &rArr; NVIC_SetPriority
</UL>
<BR>[Calls]<UL><LI><a href="#[76]">&gt;&gt;</a>&nbsp;&nbsp;&nbsp;HAL_RTCEx_SetWakeUpTimer_IT
<LI><a href="#[75]">&gt;&gt;</a>&nbsp;&nbsp;&nbsp;HAL_RTCEx_DeactivateWakeUpTimer
<LI><a href="#[81]">&gt;&gt;</a>&nbsp;&nbsp;&nbsp;HAL_RTC_SetTime
<LI><a href="#[7d]">&gt;&gt;</a>&nbsp;&nbsp;&nbsp;HAL_RTC_SetDate
<LI><a href="#[79]">&gt;&gt;</a>&nbsp;&nbsp;&nbsp;HAL_RTC_Init
</UL>
<BR>[Called By]<UL><LI><a href="#[41]">&gt;&gt;</a>&nbsp;&nbsp;&nbsp;main
</UL>

<P><STRONG><a name="[f7]"></a>MX_SDIO_SD_Init</STRONG> (Thumb, 28 bytes, Stack size 0 bytes, main.o(i.MX_SDIO_SD_Init))
<BR><BR>[Called By]<UL><LI><a href="#[41]">&gt;&gt;</a>&nbsp;&nbsp;&nbsp;main
</UL>

<P><STRONG><a name="[b4]"></a>MX_SPI1_Init</STRONG> (Thumb, 52 bytes, Stack size 8 bytes, main.o(i.MX_SPI1_Init))
<BR><BR>[Stack]<UL><LI>Max Depth = 96<LI>Call Chain = MX_SPI1_Init &rArr; HAL_SPI_Init &rArr; HAL_SPI_MspInit &rArr; HAL_NVIC_SetPriority &rArr; NVIC_SetPriority
</UL>
<BR>[Calls]<UL><LI><a href="#[97]">&gt;&gt;</a>&nbsp;&nbsp;&nbsp;HAL_SPI_Init
</UL>
<BR>[Called By]<UL><LI><a href="#[41]">&gt;&gt;</a>&nbsp;&nbsp;&nbsp;main
</UL>

<P><STRONG><a name="[c8]"></a>_printf_core</STRONG> (Thumb, 336 bytes, Stack size 88 bytes, printf1.o(i._printf_core), UNUSED)
<BR><BR>[Calls]<UL><LI><a href="#[c9]">&gt;&gt;</a>&nbsp;&nbsp;&nbsp;__aeabi_uidivmod
</UL>
<BR>[Called By]<UL><LI><a href="#[c7]">&gt;&gt;</a>&nbsp;&nbsp;&nbsp;__0printf$1
</UL>
<P>
<H3>
Undefined Global Symbols
</H3><HR></body></html>
