Component: ARM Compiler 5.06 (build 20) Tool: armlink [4d35a3]

==============================================================================

Section Cross References

    startup_stm32l151xd.o(RESET) refers to startup_stm32l151xd.o(STACK) for __initial_sp
    startup_stm32l151xd.o(RESET) refers to startup_stm32l151xd.o(.text) for Reset_Handler
    startup_stm32l151xd.o(RESET) refers to stm32l1xx_it.o(i.MemManage_Handler) for MemManage_Handler
    startup_stm32l151xd.o(RESET) refers to stm32l1xx_it.o(i.SysTick_Handler) for SysTick_Handler
    startup_stm32l151xd.o(RESET) refers to stm32l1xx_it.o(i.RTC_WKUP_IRQHandler) for RTC_WKUP_IRQHandler
    startup_stm32l151xd.o(RESET) refers to stm32l1xx_it.o(i.ADC1_IRQHandler) for ADC1_IRQHandler
    startup_stm32l151xd.o(RESET) refers to stm32l1xx_it.o(i.SPI1_IRQHandler) for SPI1_IRQHandler
    startup_stm32l151xd.o(RESET) refers to stm32l1xx_it.o(i.SPI2_IRQHandler) for SPI2_IRQHandler
    startup_stm32l151xd.o(RESET) refers to stm32l1xx_it.o(i.USART1_IRQHandler) for USART1_IRQHandler
    startup_stm32l151xd.o(RESET) refers to stm32l1xx_it.o(i.USART2_IRQHandler) for USART2_IRQHandler
    startup_stm32l151xd.o(RESET) refers to stm32l1xx_it.o(i.SDIO_IRQHandler) for SDIO_IRQHandler
    startup_stm32l151xd.o(.text) refers to system_stm32l1xx.o(i.SystemInit) for SystemInit
    startup_stm32l151xd.o(.text) refers to entry.o(.ARM.Collect$$$$00000000) for __main
    diskio.o(i.disk_initialize) refers to ff_gen_drv.o(.bss) for disk
    diskio.o(i.disk_ioctl) refers to ff_gen_drv.o(.bss) for disk
    diskio.o(i.disk_read) refers to ff_gen_drv.o(.bss) for disk
    diskio.o(i.disk_status) refers to ff_gen_drv.o(.bss) for disk
    diskio.o(i.disk_write) refers to ff_gen_drv.o(.bss) for disk
    ff_gen_drv.o(i.FATFS_GetAttachedDriversNbr) refers to ff_gen_drv.o(.bss) for disk
    ff_gen_drv.o(i.FATFS_LinkDriver) refers to ff_gen_drv.o(i.FATFS_LinkDriverEx) for FATFS_LinkDriverEx
    ff_gen_drv.o(i.FATFS_LinkDriverEx) refers to ff_gen_drv.o(.bss) for disk
    ff_gen_drv.o(i.FATFS_UnLinkDriver) refers to ff_gen_drv.o(i.FATFS_UnLinkDriverEx) for FATFS_UnLinkDriverEx
    ff_gen_drv.o(i.FATFS_UnLinkDriverEx) refers to ff_gen_drv.o(.bss) for disk
    sd_diskio.o(i.SD_initialize) refers to bsp_driver_sd.o(i.BSP_SD_Init) for BSP_SD_Init
    sd_diskio.o(i.SD_initialize) refers to sd_diskio.o(.data) for Stat
    sd_diskio.o(i.SD_ioctl) refers to bsp_driver_sd.o(i.BSP_SD_GetCardInfo) for BSP_SD_GetCardInfo
    sd_diskio.o(i.SD_ioctl) refers to uldiv.o(.text) for __aeabi_uldivmod
    sd_diskio.o(i.SD_ioctl) refers to sd_diskio.o(.data) for Stat
    sd_diskio.o(i.SD_read) refers to bsp_driver_sd.o(i.BSP_SD_ReadBlocks) for BSP_SD_ReadBlocks
    sd_diskio.o(i.SD_status) refers to bsp_driver_sd.o(i.BSP_SD_GetStatus) for BSP_SD_GetStatus
    sd_diskio.o(i.SD_status) refers to sd_diskio.o(.data) for Stat
    sd_diskio.o(i.SD_write) refers to bsp_driver_sd.o(i.BSP_SD_WriteBlocks) for BSP_SD_WriteBlocks
    sd_diskio.o(.constdata) refers to sd_diskio.o(i.SD_initialize) for SD_initialize
    sd_diskio.o(.constdata) refers to sd_diskio.o(i.SD_status) for SD_status
    sd_diskio.o(.constdata) refers to sd_diskio.o(i.SD_read) for SD_read
    sd_diskio.o(.constdata) refers to sd_diskio.o(i.SD_write) for SD_write
    sd_diskio.o(.constdata) refers to sd_diskio.o(i.SD_ioctl) for SD_ioctl
    ff.o(i.check_fs) refers to ff.o(i.move_window) for move_window
    ff.o(i.chk_lock) refers to ff.o(.bss) for Files
    ff.o(i.clear_lock) refers to ff.o(.bss) for Files
    ff.o(i.create_chain) refers to ff.o(i.get_fat) for get_fat
    ff.o(i.create_chain) refers to ff.o(i.put_fat) for put_fat
    ff.o(i.create_name) refers to ff.o(i.mem_set) for mem_set
    ff.o(i.create_name) refers to ff.o(i.chk_chr) for chk_chr
    ff.o(i.create_name) refers to ff.o(.constdata) for ExCvt
    ff.o(i.dec_lock) refers to ff.o(.bss) for Files
    ff.o(i.dir_alloc) refers to ff.o(i.dir_sdi) for dir_sdi
    ff.o(i.dir_alloc) refers to ff.o(i.move_window) for move_window
    ff.o(i.dir_alloc) refers to ff.o(i.dir_next) for dir_next
    ff.o(i.dir_find) refers to ff.o(i.dir_sdi) for dir_sdi
    ff.o(i.dir_find) refers to ff.o(i.move_window) for move_window
    ff.o(i.dir_find) refers to ff.o(i.mem_cmp) for mem_cmp
    ff.o(i.dir_find) refers to ff.o(i.dir_next) for dir_next
    ff.o(i.dir_next) refers to ff.o(i.get_fat) for get_fat
    ff.o(i.dir_next) refers to ff.o(i.create_chain) for create_chain
    ff.o(i.dir_next) refers to ff.o(i.sync_window) for sync_window
    ff.o(i.dir_next) refers to ff.o(i.mem_set) for mem_set
    ff.o(i.dir_next) refers to ff.o(i.clust2sect) for clust2sect
    ff.o(i.dir_read) refers to ff.o(i.move_window) for move_window
    ff.o(i.dir_read) refers to ff.o(i.dir_next) for dir_next
    ff.o(i.dir_register) refers to ff.o(i.dir_alloc) for dir_alloc
    ff.o(i.dir_register) refers to ff.o(i.move_window) for move_window
    ff.o(i.dir_register) refers to ff.o(i.mem_set) for mem_set
[...]
    ../clib/microlib/printf/printf.c         0x00000000   Number         0  printf0.o ABSOLUTE
    ../clib/microlib/printf/printf.c         0x00000000   Number         0  printf6.o ABSOLUTE
    ../clib/microlib/printf/printf.c         0x00000000   Number         0  printf2.o ABSOLUTE
    ../clib/microlib/printf/printf.c         0x00000000   Number         0  printf1.o ABSOLUTE
    ../clib/microlib/printf/printf.c         0x00000000   Number         0  printf5.o ABSOLUTE
    ../clib/microlib/printf/printf.c         0x00000000   Number         0  printf3.o ABSOLUTE
    ../clib/microlib/printf/printf.c         0x00000000   Number         0  printf4.o ABSOLUTE
    ../clib/microlib/printf/stubs.s          0x00000000   Number         0  stubs.o ABSOLUTE
    ../clib/microlib/string/memset.c         0x00000000   Number         0  memseta.o ABSOLUTE
    ../clib/microlib/string/strcmp.c         0x00000000   Number         0  strcmp.o ABSOLUTE
    ../clib/microlib/stubs.s                 0x00000000   Number         0  iusefp.o ABSOLUTE
    ../fplib/microlib/fpadd.c                0x00000000   Number         0  dadd.o ABSOLUTE
    ../fplib/microlib/fpdiv.c                0x00000000   Number         0  ddiv.o ABSOLUTE
    ../fplib/microlib/fpepilogue.c           0x00000000   Number         0  depilogue.o ABSOLUTE
    ../fplib/microlib/fpfix.c                0x00000000   Number         0  dfixul.o ABSOLUTE
    ../fplib/microlib/fpmul.c                0x00000000   Number         0  dmul.o ABSOLUTE
    ..\Drivers\CMSIS\Device\ST\STM32L1xx\Source\Templates\system_stm32l1xx.c 0x00000000   Number         0  system_stm32l1xx.o ABSOLUTE
    ..\Drivers\STM32L1xx_HAL_Driver\Src\stm32l1xx_hal.c 0x00000000   Number         0  stm32l1xx_hal.o ABSOLUTE
    ..\Drivers\STM32L1xx_HAL_Driver\Src\stm32l1xx_hal_adc.c 0x00000000   Number         0  stm32l1xx_hal_adc.o ABSOLUTE
    ..\Drivers\STM32L1xx_HAL_Driver\Src\stm32l1xx_hal_adc_ex.c 0x00000000   Number         0  stm32l1xx_hal_adc_ex.o ABSOLUTE
    ..\Drivers\STM32L1xx_HAL_Driver\Src\stm32l1xx_hal_cortex.c 0x00000000   Number         0  stm32l1xx_hal_cortex.o ABSOLUTE
    ..\Drivers\STM32L1xx_HAL_Driver\Src\stm32l1xx_hal_dma.c 0x00000000   Number         0  stm32l1xx_hal_dma.o ABSOLUTE
    ..\Drivers\STM32L1xx_HAL_Driver\Src\stm32l1xx_hal_flash.c 0x00000000   Number         0  stm32l1xx_hal_flash.o ABSOLUTE
    ..\Drivers\STM32L1xx_HAL_Driver\Src\stm32l1xx_hal_flash_ex.c 0x00000000   Number         0  stm32l1xx_hal_flash_ex.o ABSOLUTE
    ..\Drivers\STM32L1xx_HAL_Driver\Src\stm32l1xx_hal_flash_ramfunc.c 0x00000000   Number         0  stm32l1xx_hal_flash_ramfunc.o ABSOLUTE
    ..\Drivers\STM32L1xx_HAL_Driver\Src\stm32l1xx_hal_gpio.c 0x00000000   Number         0  stm32l1xx_hal_gpio.o ABSOLUTE
    ..\Drivers\STM32L1xx_HAL_Driver\Src\stm32l1xx_hal_pwr.c 0x00000000   Number         0  stm32l1xx_hal_pwr.o ABSOLUTE
    ..\Drivers\STM32L1xx_HAL_Driver\Src\stm32l1xx_hal_pwr_ex.c 0x00000000   Number         0  stm32l1xx_hal_pwr_ex.o ABSOLUTE
    ..\Drivers\STM32L1xx_HAL_Driver\Src\stm32l1xx_hal_rcc.c 0x00000000   Number         0  stm32l1xx_hal_rcc.o ABSOLUTE
    ..\Drivers\STM32L1xx_HAL_Driver\Src\stm32l1xx_hal_rcc_ex.c 0x00000000   Number         0  stm32l1xx_hal_rcc_ex.o ABSOLUTE
    ..\Drivers\STM32L1xx_HAL_Driver\Src\stm32l1xx_hal_rtc.c 0x00000000   Number         0  stm32l1xx_hal_rtc.o ABSOLUTE
    ..\Drivers\STM32L1xx_HAL_Driver\Src\stm32l1xx_hal_rtc_ex.c 0x00000000   Number         0  stm32l1xx_hal_rtc_ex.o ABSOLUTE
    ..\Drivers\STM32L1xx_HAL_Driver\Src\stm32l1xx_hal_sd.c 0x00000000   Number         0  stm32l1xx_hal_sd.o ABSOLUTE
    ..\Drivers\STM32L1xx_HAL_Driver\Src\stm32l1xx_hal_spi.c 0x00000000   Number         0  stm32l1xx_hal_spi.o ABSOLUTE
    ..\Drivers\STM32L1xx_HAL_Driver\Src\stm32l1xx_hal_spi_ex.c 0x00000000   Number         0  stm32l1xx_hal_spi_ex.o ABSOLUTE
    ..\Drivers\STM32L1xx_HAL_Driver\Src\stm32l1xx_hal_tim.c 0x00000000   Number         0  stm32l1xx_hal_tim.o ABSOLUTE
    ..\Drivers\STM32L1xx_HAL_Driver\Src\stm32l1xx_hal_tim_ex.c 0x00000000   Number         0  stm32l1xx_hal_tim_ex.o ABSOLUTE
    ..\Drivers\STM32L1xx_HAL_Driver\Src\stm32l1xx_hal_uart.c 0x00000000   Number         0  stm32l1xx_hal_uart.o ABSOLUTE
    ..\Drivers\STM32L1xx_HAL_Driver\Src\stm32l1xx_ll_sdmmc.c 0x00000000   Number         0  stm32l1xx_ll_sdmmc.o ABSOLUTE
    ..\Middlewares\Third_Party\FatFs\src\diskio.c 0x00000000   Number         0  diskio.o ABSOLUTE
    ..\Middlewares\Third_Party\FatFs\src\drivers\sd_diskio.c 0x00000000   Number         0  sd_diskio.o ABSOLUTE
    ..\Middlewares\Third_Party\FatFs\src\ff.c 0x00000000   Number         0  ff.o ABSOLUTE
    ..\Middlewares\Third_Party\FatFs\src\ff_gen_drv.c 0x00000000   Number         0  ff_gen_drv.o ABSOLUTE
    ..\Middlewares\Third_Party\FatFs\src\option\syscall.c 0x00000000   Number         0  syscall.o ABSOLUTE
    ..\Src\bsp_driver_sd.c                   0x00000000   Number         0  bsp_driver_sd.o ABSOLUTE
    ..\Src\fatfs.c                           0x00000000   Number         0  fatfs.o ABSOLUTE
    ..\Src\lis3dh_driver.c                   0x00000000   Number         0  lis3dh_driver.o ABSOLUTE
    ..\Src\main.c                            0x00000000   Number         0  main.o ABSOLUTE
    ..\Src\power.c                           0x00000000   Number         0  power.o ABSOLUTE
    ..\Src\stm32l1xx_hal_msp.c               0x00000000   Number         0  stm32l1xx_hal_msp.o ABSOLUTE
    ..\Src\stm32l1xx_it.c                    0x00000000   Number         0  stm32l1xx_it.o ABSOLUTE
    ..\\Src\\lis3dh_driver.c                 0x00000000   Number         0  lis3dh_driver.o ABSOLUTE
    ..\\Src\\power.c                         0x00000000   Number         0  power.o ABSOLUTE
    cdrcmple.s                               0x00000000   Number         0  cdrcmple.o ABSOLUTE
    dc.s                                     0x00000000   Number         0  dc.o ABSOLUTE
    handlers.s                               0x00000000   Number         0  handlers.o ABSOLUTE
    init.s                                   0x00000000   Number         0  init.o ABSOLUTE
    startup_stm32l151xd.s                    0x00000000   Number         0  startup_stm32l151xd.o ABSOLUTE
    RESET                                    0x08000000   Section      292  startup_stm32l151xd.o(RESET)
    .ARM.Collect$$$$00000000                 0x08000124   Section        0  entry.o(.ARM.Collect$$$$00000000)
    .ARM.Collect$$$$00000001                 0x08000124   Section        4  entry2.o(.ARM.Collect$$$$00000001)
    .ARM.Collect$$$$00000004                 0x08000128   Section        4  entry5.o(.ARM.Collect$$$$00000004)
    .ARM.Collect$$$$00000008                 0x0800012c   Section        0  entry7b.o(.ARM.Collect$$$$00000008)
    .ARM.Collect$$$$0000000A                 0x0800012c   Section        0  entry8b.o(.ARM.Collect$$$$0000000A)
    .ARM.Collect$$$$0000000B                 0x0800012c   Section        8  entry9a.o(.ARM.Collect$$$$0000000B)
    .ARM.Collect$$$$0000000D                 0x08000134   Section        0  entry10a.o(.ARM.Collect$$$$0000000D)
    .ARM.Collect$$$$0000000F                 0x08000134   Section        0  entry11a.o(.ARM.Collect$$$$0000000F)
    .ARM.Collect$$$$00002712                 0x08000134   Section        4  entry2.o(.ARM.Collect$$$$00002712)
    __lit__00000000                          0x08000134   Data           4  entry2.o(.ARM.Collect$$$$00002712)
    .text                                    0x08000138   Section       36  startup_stm32l151xd.o(.text)
    .text                                    0x0800015c   Section        0  uldiv.o(.text)
    .text                                    0x080001be   Section        0  strcmp.o(.text)
    .text                                    0x080001da   Section        0  uidiv.o(.text)
    .text                                    0x08000206   Section        0  llshl.o(.text)
    .text                                    0x08000224   Section        0  llushr.o(.text)
    .text                                    0x08000244   Section       36  init.o(.text)
    i.ADC1_IRQHandler                        0x08000268   Section        0  stm32l1xx_it.o(i.ADC1_IRQHandler)
    i.BSP_SD_GetCardInfo                     0x08000278   Section        0  bsp_driver_sd.o(i.BSP_SD_GetCardInfo)
    i.BSP_SD_GetStatus                       0x0800028c   Section        0  bsp_driver_sd.o(i.BSP_SD_GetStatus)
    i.BSP_SD_Init                            0x0800029c   Section        0  bsp_driver_sd.o(i.BSP_SD_Init)
    i.BSP_SD_IsDetected                      0x080002d8   Section        0  bsp_driver_sd.o(i.BSP_SD_IsDetected)
    i.BSP_SD_ReadBlocks                      0x080002e4   Section        0  bsp_driver_sd.o(i.BSP_SD_ReadBlocks)
    i.BSP_SD_WriteBlocks                     0x08000314   Section        0  bsp_driver_sd.o(i.BSP_SD_WriteBlocks)
    i.FATFS_LinkDriver                       0x08000344   Section        0  ff_gen_drv.o(i.FATFS_LinkDriver)
    i.FATFS_LinkDriverEx                     0x08000358   Section        0  ff_gen_drv.o(i.FATFS_LinkDriverEx)
    i.FATFS_UnLinkDriver                     0x080003ac   Section        0  ff_gen_drv.o(i.FATFS_UnLinkDriver)
    i.FATFS_UnLinkDriverEx                   0x080003bc   Section        0  ff_gen_drv.o(i.FATFS_UnLinkDriverEx)
    i.HAL_ADCEx_InjectedConvCpltCallback     0x08000400   Section        0  stm32l1xx_hal_adc_ex.o(i.HAL_ADCEx_InjectedConvCpltCallback)
    i.HAL_ADC_ConvCpltCallback               0x08000402   Section        0  stm32l1xx_hal_adc.o(i.HAL_ADC_ConvCpltCallback)
    i.HAL_ADC_ErrorCallback                  0x08000404   Section        0  stm32l1xx_hal_adc.o(i.HAL_ADC_ErrorCallback)
    i.HAL_ADC_IRQHandler                     0x08000406   Section        0  stm32l1xx_hal_adc.o(i.HAL_ADC_IRQHandler)
    i.HAL_ADC_LevelOutOfWindowCallback       0x0800057c   Section        0  stm32l1xx_hal_adc.o(i.HAL_ADC_LevelOutOfWindowCallback)
    i.HAL_DBGMCU_EnableDBGStopMode           0x08000580   Section        0  stm32l1xx_hal.o(i.HAL_DBGMCU_EnableDBGStopMode)
    i.HAL_Delay                              0x08000594   Section        0  stm32l1xx_hal.o(i.HAL_Delay)
    i.HAL_GPIO_Init                          0x080005b0   Section        0  stm32l1xx_hal_gpio.o(i.HAL_GPIO_Init)
    i.HAL_GPIO_TogglePin                     0x0800079c   Section        0  stm32l1xx_hal_gpio.o(i.HAL_GPIO_TogglePin)
    i.HAL_GPIO_WritePin                      0x080007a4   Section        0  stm32l1xx_hal_gpio.o(i.HAL_GPIO_WritePin)
    i.HAL_GetTick                            0x080007b0   Section        0  stm32l1xx_hal.o(i.HAL_GetTick)
    i.HAL_IncTick                            0x080007bc   Section        0  stm32l1xx_hal.o(i.HAL_IncTick)
    i.HAL_Init                               0x080007cc   Section        0  stm32l1xx_hal.o(i.HAL_Init)
    i.HAL_InitTick                           0x080007e2   Section        0  stm32l1xx_hal.o(i.HAL_InitTick)
    i.HAL_MspInit                            0x08000808   Section        0  stm32l1xx_hal_msp.o(i.HAL_MspInit)
    i.HAL_NVIC_EnableIRQ                     0x08000864   Section        0  stm32l1xx_hal_cortex.o(i.HAL_NVIC_EnableIRQ)
    i.HAL_NVIC_SetPriority                   0x0800087e   Section        0  stm32l1xx_hal_cortex.o(i.HAL_NVIC_SetPriority)
    i.HAL_NVIC_SetPriorityGrouping           0x080008fc   Section        0  stm32l1xx_hal_cortex.o(i.HAL_NVIC_SetPriorityGrouping)
    i.HAL_PWREx_GetVoltageRange              0x08000924   Section        0  stm32l1xx_hal_pwr_ex.o(i.HAL_PWREx_GetVoltageRange)
    i.HAL_PWR_DisableWakeUpPin               0x08000934   Section        0  stm32l1xx_hal_pwr.o(i.HAL_PWR_DisableWakeUpPin)
    i.HAL_RCCEx_PeriphCLKConfig              0x08000950   Section        0  stm32l1xx_hal_rcc_ex.o(i.HAL_RCCEx_PeriphCLKConfig)
    i.HAL_RCC_ClockConfig                    0x08000ac0   Section        0  stm32l1xx_hal_rcc.o(i.HAL_RCC_ClockConfig)
    i.HAL_RCC_GetHCLKFreq                    0x08000f70   Section        0  stm32l1xx_hal_rcc.o(i.HAL_RCC_GetHCLKFreq)
    i.HAL_RCC_GetSysClockFreq                0x08000fa8   Section        0  stm32l1xx_hal_rcc.o(i.HAL_RCC_GetSysClockFreq)
    i.HAL_RCC_OscConfig                      0x08001064   Section        0  stm32l1xx_hal_rcc.o(i.HAL_RCC_OscConfig)
    i.HAL_RTCEx_DeactivateWakeUpTimer        0x08001a94   Section        0  stm32l1xx_hal_rtc_ex.o(i.HAL_RTCEx_DeactivateWakeUpTimer)
    i.HAL_RTCEx_SetWakeUpTimer_IT            0x08001b2c   Section        0  stm32l1xx_hal_rtc_ex.o(i.HAL_RTCEx_SetWakeUpTimer_IT)
    i.HAL_RTCEx_WakeUpTimerEventCallback     0x08001c58   Section        0  stm32l1xx_hal_rtc_ex.o(i.HAL_RTCEx_WakeUpTimerEventCallback)
    i.HAL_RTCEx_WakeUpTimerIRQHandler        0x08001c5c   Section        0  stm32l1xx_hal_rtc_ex.o(i.HAL_RTCEx_WakeUpTimerIRQHandler)
    i.HAL_RTC_Init                           0x08001c94   Section        0  stm32l1xx_hal_rtc.o(i.HAL_RTC_Init)
    i.HAL_RTC_MspInit                        0x08001d48   Section        0  stm32l1xx_hal_msp.o(i.HAL_RTC_MspInit)
    i.HAL_RTC_SetDate                        0x08001d84   Section        0  stm32l1xx_hal_rtc.o(i.HAL_RTC_SetDate)
    i.HAL_RTC_SetTime                        0x08001e8c   Section        0  stm32l1xx_hal_rtc.o(i.HAL_RTC_SetTime)
    i.HAL_RTC_WaitForSynchro                 0x08001fb8   Section        0  stm32l1xx_hal_rtc_ex.o(i.HAL_RTC_WaitForSynchro)
    i.HAL_SD_GetStatus                       0x08001ffc   Section        0  stm32l1xx_hal_sd.o(i.HAL_SD_GetStatus)
    i.HAL_SD_Get_CardInfo                    0x0800201e   Section        0  stm32l1xx_hal_sd.o(i.HAL_SD_Get_CardInfo)
    i.HAL_SD_IRQHandler                      0x0800230c   Section        0  stm32l1xx_hal_sd.o(i.HAL_SD_IRQHandler)
    i.HAL_SD_Init                            0x080023cc   Section        0  stm32l1xx_hal_sd.o(i.HAL_SD_Init)
    i.HAL_SD_MspInit                         0x08002468   Section        0  stm32l1xx_hal_msp.o(i.HAL_SD_MspInit)
    i.HAL_SD_ReadBlocks                      0x08002510   Section        0  stm32l1xx_hal_sd.o(i.HAL_SD_ReadBlocks)
    i.HAL_SD_StopTransfer                    0x08002700   Section        0  stm32l1xx_hal_sd.o(i.HAL_SD_StopTransfer)
    i.HAL_SD_WideBusOperation_Config         0x08002736   Section        0  stm32l1xx_hal_sd.o(i.HAL_SD_WideBusOperation_Config)
    i.HAL_SD_WriteBlocks                     0x080027b6   Section        0  stm32l1xx_hal_sd.o(i.HAL_SD_WriteBlocks)
    i.HAL_SD_XferCpltCallback                0x08002a40   Section        0  stm32l1xx_hal_sd.o(i.HAL_SD_XferCpltCallback)
    i.HAL_SD_XferErrorCallback               0x08002a42   Section        0  stm32l1xx_hal_sd.o(i.HAL_SD_XferErrorCallback)
    i.HAL_SPI_ErrorCallback                  0x08002a44   Section        0  stm32l1xx_hal_spi.o(i.HAL_SPI_ErrorCallback)
    i.HAL_SPI_IRQHandler                     0x08002a46   Section        0  stm32l1xx_hal_spi.o(i.HAL_SPI_IRQHandler)
    i.HAL_SPI_Init                           0x08002b46   Section        0  stm32l1xx_hal_spi_ex.o(i.HAL_SPI_Init)
    i.HAL_SPI_MspInit                        0x08002bd0   Section        0  stm32l1xx_hal_msp.o(i.HAL_SPI_MspInit)
    i.HAL_SPI_Receive                        0x08002c98   Section        0  stm32l1xx_hal_spi.o(i.HAL_SPI_Receive)
    i.HAL_SPI_Transmit                       0x08002ed2   Section        0  stm32l1xx_hal_spi.o(i.HAL_SPI_Transmit)
    i.HAL_SPI_TransmitReceive                0x08003092   Section        0  stm32l1xx_hal_spi.o(i.HAL_SPI_TransmitReceive)
    i.HAL_SYSTICK_CLKSourceConfig            0x080033de   Section        0  stm32l1xx_hal_cortex.o(i.HAL_SYSTICK_CLKSourceConfig)
    i.HAL_SYSTICK_Callback                   0x08003406   Section        0  stm32l1xx_hal_cortex.o(i.HAL_SYSTICK_Callback)
    i.HAL_SYSTICK_Config                     0x08003408   Section        0  stm32l1xx_hal_cortex.o(i.HAL_SYSTICK_Config)
    i.HAL_SYSTICK_IRQHandler                 0x0800343c   Section        0  stm32l1xx_hal_cortex.o(i.HAL_SYSTICK_IRQHandler)
    i.HAL_UART_ErrorCallback                 0x08003444   Section        0  stm32l1xx_hal_uart.o(i.HAL_UART_ErrorCallback)
    i.HAL_UART_IRQHandler                    0x08003446   Section        0  stm32l1xx_hal_uart.o(i.HAL_UART_IRQHandler)
    i.HAL_UART_RxCpltCallback                0x08003520   Section        0  stm32l1xx_hal_uart.o(i.HAL_UART_RxCpltCallback)
    i.HAL_UART_TxCpltCallback                0x08003522   Section        0  stm32l1xx_hal_uart.o(i.HAL_UART_TxCpltCallback)
    i.LIS3DH_FIFOModeEnable                  0x08003524   Section        0  lis3dh_driver.o(i.LIS3DH_FIFOModeEnable)
    i.LIS3DH_GetWHO_AM_I                     0x0800372e   Section        0  lis3dh_driver.o(i.LIS3DH_GetWHO_AM_I)
    i.LIS3DH_Int1LatchEnable                 0x08003744   Section        0  lis3dh_driver.o(i.LIS3DH_Int1LatchEnable)
    i.LIS3DH_ReadReg                         0x08003780   Section        0  lis3dh_driver.o(i.LIS3DH_ReadReg)
    i.LIS3DH_SetAxis                         0x080037d8   Section        0  lis3dh_driver.o(i.LIS3DH_SetAxis)
    i.LIS3DH_SetFullScale                    0x08003814   Section        0  lis3dh_driver.o(i.LIS3DH_SetFullScale)
    i.LIS3DH_SetInt1Duration                 0x08003850   Section        0  lis3dh_driver.o(i.LIS3DH_SetInt1Duration)
    i.LIS3DH_SetInt1Pin                      0x0800386e   Section        0  lis3dh_driver.o(i.LIS3DH_SetInt1Pin)
    i.LIS3DH_SetMode                         0x080038a0   Section        0  lis3dh_driver.o(i.LIS3DH_SetMode)
    i.LIS3DH_SetODR                          0x08003974   Section        0  lis3dh_driver.o(i.LIS3DH_SetODR)
    i.LIS3DH_SetWaterMark                    0x080039b0   Section        0  lis3dh_driver.o(i.LIS3DH_SetWaterMark)
    i.LIS3DH_WriteReg                        0x080039f0   Section        0  lis3dh_driver.o(i.LIS3DH_WriteReg)
    i.MX_FATFS_Init                          0x08003a50   Section        0  fatfs.o(i.MX_FATFS_Init)
    i.MX_GPIO_Init                           0x08003a6c   Section        0  main.o(i.MX_GPIO_Init)
    MX_GPIO_Init                             0x08003a6d   Thumb Code   382  main.o(i.MX_GPIO_Init)
    i.MX_RTC_Init                            0x08003c04   Section        0  main.o(i.MX_RTC_Init)
    MX_RTC_Init                              0x08003c05   Thumb Code   118  main.o(i.MX_RTC_Init)
    i.MX_SDIO_SD_Init                        0x08003c84   Section        0  main.o(i.MX_SDIO_SD_Init)
    MX_SDIO_SD_Init                          0x08003c85   Thumb Code    28  main.o(i.MX_SDIO_SD_Init)
    i.MX_SPI1_Init                           0x08003ca8   Section        0  main.o(i.MX_SPI1_Init)
    MX_SPI1_Init                             0x08003ca9   Thumb Code    52  main.o(i.MX_SPI1_Init)
    i.MemManage_Handler                      0x08003ce4   Section        0  stm32l1xx_it.o(i.MemManage_Handler)
    i.NVIC_GetPriorityGrouping               0x08003ce8   Section        0  stm32l1xx_hal_cortex.o(i.NVIC_GetPriorityGrouping)
    NVIC_GetPriorityGrouping                 0x08003ce9   Thumb Code    10  stm32l1xx_hal_cortex.o(i.NVIC_GetPriorityGrouping)
    i.NVIC_SetPriority                       0x08003cf8   Section        0  stm32l1xx_hal_cortex.o(i.NVIC_SetPriority)
    NVIC_SetPriority                         0x08003cf9   Thumb Code    32  stm32l1xx_hal_cortex.o(i.NVIC_SetPriority)
    i.RCC_SetFlashLatencyFromMSIRange        0x08003d20   Section        0  stm32l1xx_hal_rcc.o(i.RCC_SetFlashLatencyFromMSIRange)
    RCC_SetFlashLatencyFromMSIRange          0x08003d21   Thumb Code   160  stm32l1xx_hal_rcc.o(i.RCC_SetFlashLatencyFromMSIRange)
    i.RTC_Bcd2ToByte                         0x08003dc8   Section        0  stm32l1xx_hal_rtc.o(i.RTC_Bcd2ToByte)
    i.RTC_ByteToBcd2                         0x08003dde   Section        0  stm32l1xx_hal_rtc.o(i.RTC_ByteToBcd2)
    i.RTC_EnterInitMode                      0x08003df8   Section        0  stm32l1xx_hal_rtc.o(i.RTC_EnterInitMode)
    i.RTC_WKUP_IRQHandler                    0x08003e38   Section        0  stm32l1xx_it.o(i.RTC_WKUP_IRQHandler)
    i.SDIO_DataConfig                        0x08003e54   Section        0  stm32l1xx_ll_sdmmc.o(i.SDIO_DataConfig)
    i.SDIO_GetCommandResponse                0x08003e80   Section        0  stm32l1xx_ll_sdmmc.o(i.SDIO_GetCommandResponse)
    i.SDIO_GetPowerState                     0x08003e88   Section        0  stm32l1xx_ll_sdmmc.o(i.SDIO_GetPowerState)
    i.SDIO_GetResponse                       0x08003e94   Section        0  stm32l1xx_ll_sdmmc.o(i.SDIO_GetResponse)
    i.SDIO_IRQHandler                        0x08003eac   Section        0  stm32l1xx_it.o(i.SDIO_IRQHandler)
    i.SDIO_Init                              0x08003ebc   Section        0  stm32l1xx_ll_sdmmc.o(i.SDIO_Init)
    i.SDIO_PowerState_ON                     0x08003ef0   Section        0  stm32l1xx_ll_sdmmc.o(i.SDIO_PowerState_ON)
    i.SDIO_ReadFIFO                          0x08003efa   Section        0  stm32l1xx_ll_sdmmc.o(i.SDIO_ReadFIFO)
    i.SDIO_SendCommand                       0x08003f02   Section        0  stm32l1xx_ll_sdmmc.o(i.SDIO_SendCommand)
    i.SDIO_WriteFIFO                         0x08003f2a   Section        0  stm32l1xx_ll_sdmmc.o(i.SDIO_WriteFIFO)
    i.SD_CmdError                            0x08003f36   Section        0  stm32l1xx_hal_sd.o(i.SD_CmdError)
    SD_CmdError                              0x08003f37   Thumb Code    54  stm32l1xx_hal_sd.o(i.SD_CmdError)
    i.SD_CmdResp1Error                       0x08003f6c   Section        0  stm32l1xx_hal_sd.o(i.SD_CmdResp1Error)
    SD_CmdResp1Error                         0x08003f6d   Thumb Code   380  stm32l1xx_hal_sd.o(i.SD_CmdResp1Error)
    i.SD_CmdResp2Error                       0x080040ec   Section        0  stm32l1xx_hal_sd.o(i.SD_CmdResp2Error)
    SD_CmdResp2Error                         0x080040ed   Thumb Code    70  stm32l1xx_hal_sd.o(i.SD_CmdResp2Error)
    i.SD_CmdResp3Error                       0x08004132   Section        0  stm32l1xx_hal_sd.o(i.SD_CmdResp3Error)
    SD_CmdResp3Error                         0x08004133   Thumb Code    50  stm32l1xx_hal_sd.o(i.SD_CmdResp3Error)
    i.SD_CmdResp6Error                       0x08004164   Section        0  stm32l1xx_hal_sd.o(i.SD_CmdResp6Error)
    SD_CmdResp6Error                         0x08004165   Thumb Code   172  stm32l1xx_hal_sd.o(i.SD_CmdResp6Error)
    i.SD_CmdResp7Error                       0x08004210   Section        0  stm32l1xx_hal_sd.o(i.SD_CmdResp7Error)
    SD_CmdResp7Error                         0x08004211   Thumb Code   102  stm32l1xx_hal_sd.o(i.SD_CmdResp7Error)
    i.SD_FindSCR                             0x08004276   Section        0  stm32l1xx_hal_sd.o(i.SD_FindSCR)
    SD_FindSCR                               0x08004277   Thumb Code   370  stm32l1xx_hal_sd.o(i.SD_FindSCR)
    i.SD_GetState                            0x080043e8   Section        0  stm32l1xx_hal_sd.o(i.SD_GetState)
    SD_GetState                              0x080043e9   Thumb Code    30  stm32l1xx_hal_sd.o(i.SD_GetState)
    i.SD_Initialize_Cards                    0x08004406   Section        0  stm32l1xx_hal_sd.o(i.SD_Initialize_Cards)
    SD_Initialize_Cards                      0x08004407   Thumb Code   250  stm32l1xx_hal_sd.o(i.SD_Initialize_Cards)
    i.SD_IsCardProgramming                   0x08004500   Section        0  stm32l1xx_hal_sd.o(i.SD_IsCardProgramming)
    SD_IsCardProgramming                     0x08004501   Thumb Code   464  stm32l1xx_hal_sd.o(i.SD_IsCardProgramming)
    i.SD_PowerON                             0x080046d4   Section        0  stm32l1xx_hal_sd.o(i.SD_PowerON)
    SD_PowerON                               0x080046d5   Thumb Code   348  stm32l1xx_hal_sd.o(i.SD_PowerON)
    i.SD_Select_Deselect                     0x08004838   Section        0  stm32l1xx_hal_sd.o(i.SD_Select_Deselect)
    SD_Select_Deselect                       0x08004839   Thumb Code    56  stm32l1xx_hal_sd.o(i.SD_Select_Deselect)
    i.SD_SendStatus                          0x08004870   Section        0  stm32l1xx_hal_sd.o(i.SD_SendStatus)
    SD_SendStatus                            0x08004871   Thumb Code    80  stm32l1xx_hal_sd.o(i.SD_SendStatus)
    i.SD_WideBus_Disable                     0x080048c0   Section        0  stm32l1xx_hal_sd.o(i.SD_WideBus_Disable)
    SD_WideBus_Disable                       0x080048c1   Thumb Code   150  stm32l1xx_hal_sd.o(i.SD_WideBus_Disable)
    i.SD_WideBus_Enable                      0x08004956   Section        0  stm32l1xx_hal_sd.o(i.SD_WideBus_Enable)
    SD_WideBus_Enable                        0x08004957   Thumb Code   150  stm32l1xx_hal_sd.o(i.SD_WideBus_Enable)
    i.SD_initialize                          0x080049ec   Section        0  sd_diskio.o(i.SD_initialize)
    i.SD_ioctl                               0x08004a14   Section        0  sd_diskio.o(i.SD_ioctl)
    i.SD_read                                0x08004a90   Section        0  sd_diskio.o(i.SD_read)
    i.SD_status                              0x08004abc   Section        0  sd_diskio.o(i.SD_status)
    i.SD_write                               0x08004ae4   Section        0  sd_diskio.o(i.SD_write)
    i.SPI1_IRQHandler                        0x08004b10   Section        0  stm32l1xx_it.o(i.SPI1_IRQHandler)
    i.SPI2_IRQHandler                        0x08004b20   Section        0  stm32l1xx_it.o(i.SPI2_IRQHandler)
    i.SPI_WaitOnFlagUntilTimeout             0x08004b30   Section        0  stm32l1xx_hal_spi.o(i.SPI_WaitOnFlagUntilTimeout)
    SPI_WaitOnFlagUntilTimeout               0x08004b31   Thumb Code   276  stm32l1xx_hal_spi.o(i.SPI_WaitOnFlagUntilTimeout)
    i.SysTick_Handler                        0x08004c44   Section        0  stm32l1xx_it.o(i.SysTick_Handler)
    i.SystemClock_Config                     0x08004c5c   Section        0  main.o(i.SystemClock_Config)
    i.SystemInit                             0x08004d04   Section        0  system_stm32l1xx.o(i.SystemInit)
    i.UART_EndTransmit_IT                    0x08004d68   Section        0  stm32l1xx_hal_uart.o(i.UART_EndTransmit_IT)
    UART_EndTransmit_IT                      0x08004d69   Thumb Code    48  stm32l1xx_hal_uart.o(i.UART_EndTransmit_IT)
    i.UART_Receive_IT                        0x08004d98   Section        0  stm32l1xx_hal_uart.o(i.UART_Receive_IT)
    UART_Receive_IT                          0x08004d99   Thumb Code   188  stm32l1xx_hal_uart.o(i.UART_Receive_IT)
    i.UART_Transmit_IT                       0x08004e54   Section        0  stm32l1xx_hal_uart.o(i.UART_Transmit_IT)
    UART_Transmit_IT                         0x08004e55   Thumb Code   112  stm32l1xx_hal_uart.o(i.UART_Transmit_IT)
    i.USART1_IRQHandler                      0x08004ec4   Section        0  stm32l1xx_it.o(i.USART1_IRQHandler)
    i.USART2_IRQHandler                      0x08004ed4   Section        0  stm32l1xx_it.o(i.USART2_IRQHandler)
    i.__0printf$1                            0x08004ee4   Section        0  printf1.o(i.__0printf$1)
    i.__scatterload_copy                     0x08004f04   Section       14  handlers.o(i.__scatterload_copy)
    i.__scatterload_null                     0x08004f12   Section        2  handlers.o(i.__scatterload_null)
    i.__scatterload_zeroinit                 0x08004f14   Section       14  handlers.o(i.__scatterload_zeroinit)
    i._printf_core                           0x08004f24   Section        0  printf1.o(i._printf_core)
    _printf_core                             0x08004f25   Thumb Code   336  printf1.o(i._printf_core)
    i.check_fs                               0x08005078   Section        0  ff.o(i.check_fs)
    check_fs                                 0x08005079   Thumb Code   146  ff.o(i.check_fs)
    i.chk_chr                                0x08005110   Section        0  ff.o(i.chk_chr)
    chk_chr                                  0x08005111   Thumb Code    20  ff.o(i.chk_chr)
    i.chk_lock                               0x08005124   Section        0  ff.o(i.chk_lock)
    chk_lock                                 0x08005125   Thumb Code   140  ff.o(i.chk_lock)
    i.clear_lock                             0x080051b4   Section        0  ff.o(i.clear_lock)
    clear_lock                               0x080051b5   Thumb Code    42  ff.o(i.clear_lock)
    i.clmt_clust                             0x080051e4   Section        0  ff.o(i.clmt_clust)
    clmt_clust                               0x080051e5   Thumb Code    56  ff.o(i.clmt_clust)
    i.clust2sect                             0x0800521c   Section        0  ff.o(i.clust2sect)
    i.create_chain                           0x0800523c   Section        0  ff.o(i.create_chain)
    create_chain                             0x0800523d   Thumb Code   234  ff.o(i.create_chain)
    i.create_name                            0x08005328   Section        0  ff.o(i.create_name)
    create_name                              0x08005329   Thumb Code   268  ff.o(i.create_name)
    i.dec_lock                               0x08005448   Section        0  ff.o(i.dec_lock)
    dec_lock                                 0x08005449   Thumb Code    72  ff.o(i.dec_lock)
    i.dir_alloc                              0x08005494   Section        0  ff.o(i.dir_alloc)
    dir_alloc                                0x08005495   Thumb Code   100  ff.o(i.dir_alloc)
    i.dir_find                               0x080054f8   Section        0  ff.o(i.dir_find)
    dir_find                                 0x080054f9   Thumb Code   100  ff.o(i.dir_find)
    i.dir_next                               0x0800555c   Section        0  ff.o(i.dir_next)
    dir_next                                 0x0800555d   Thumb Code   346  ff.o(i.dir_next)
    i.dir_register                           0x080056b6   Section        0  ff.o(i.dir_register)
    dir_register                             0x080056b7   Thumb Code    70  ff.o(i.dir_register)
    i.dir_sdi                                0x080056fc   Section        0  ff.o(i.dir_sdi)
    dir_sdi                                  0x080056fd   Thumb Code   200  ff.o(i.dir_sdi)
    i.disk_initialize                        0x080057c4   Section        0  diskio.o(i.disk_initialize)
    i.disk_ioctl                             0x080057f0   Section        0  diskio.o(i.disk_ioctl)
    i.disk_read                              0x08005818   Section        0  diskio.o(i.disk_read)
    i.disk_status                            0x08005848   Section        0  diskio.o(i.disk_status)
    i.disk_write                             0x08005864   Section        0  diskio.o(i.disk_write)
    i.enq_lock                               0x08005894   Section        0  ff.o(i.enq_lock)
    enq_lock                                 0x08005895   Thumb Code    36  ff.o(i.enq_lock)
    i.f_close                                0x080058bc   Section        0  ff.o(i.f_close)
    i.f_mkfs                                 0x080058ec   Section        0  ff.o(i.f_mkfs)
    i.f_mount                                0x08005f30   Section        0  ff.o(i.f_mount)
    i.f_open                                 0x08005f94   Section        0  ff.o(i.f_open)
    i.f_read                                 0x08006152   Section        0  ff.o(i.f_read)
    i.f_sync                                 0x08006356   Section        0  ff.o(i.f_sync)
    i.f_write                                0x08006420   Section        0  ff.o(i.f_write)
    i.find_volume                            0x08006678   Section        0  ff.o(i.find_volume)
    find_volume                              0x08006679   Thumb Code   970  ff.o(i.find_volume)
    i.follow_path                            0x08006a54   Section        0  ff.o(i.follow_path)
    follow_path                              0x08006a55   Thumb Code   156  ff.o(i.follow_path)
    i.fputc                                  0x08006af0   Section        0  main.o(i.fputc)
    i.get_fat                                0x08006b14   Section        0  ff.o(i.get_fat)
    i.get_fattime                            0x08006c02   Section        0  fatfs.o(i.get_fattime)
    i.get_ldnumber                           0x08006c06   Section        0  ff.o(i.get_ldnumber)
    get_ldnumber                             0x08006c07   Thumb Code    72  ff.o(i.get_ldnumber)
    i.inc_lock                               0x08006c50   Section        0  ff.o(i.inc_lock)
    inc_lock                                 0x08006c51   Thumb Code   226  ff.o(i.inc_lock)
    i.ld_clust                               0x08006d38   Section        0  ff.o(i.ld_clust)
    ld_clust                                 0x08006d39   Thumb Code    34  ff.o(i.ld_clust)
    i.main                                   0x08006d5c   Section        0  main.o(i.main)
    i.mem_cmp                                0x08006fa8   Section        0  ff.o(i.mem_cmp)
    mem_cmp                                  0x08006fa9   Thumb Code    38  ff.o(i.mem_cmp)
    i.mem_cpy                                0x08006fce   Section        0  ff.o(i.mem_cpy)
    mem_cpy                                  0x08006fcf   Thumb Code    26  ff.o(i.mem_cpy)
    i.mem_set                                0x08006fe8   Section        0  ff.o(i.mem_set)
    mem_set                                  0x08006fe9   Thumb Code    20  ff.o(i.mem_set)
    i.move_window                            0x08006ffc   Section        0  ff.o(i.move_window)
    move_window                              0x08006ffd   Thumb Code    56  ff.o(i.move_window)
    i.put_fat                                0x08007034   Section        0  ff.o(i.put_fat)
    i.remove_chain                           0x0800717a   Section        0  ff.o(i.remove_chain)
    remove_chain                             0x0800717b   Thumb Code   122  ff.o(i.remove_chain)
    i.st_clust                               0x080071f4   Section        0  ff.o(i.st_clust)
    st_clust                                 0x080071f5   Thumb Code    16  ff.o(i.st_clust)
    i.sync_fs                                0x08007204   Section        0  ff.o(i.sync_fs)
    sync_fs                                  0x08007205   Thumb Code   244  ff.o(i.sync_fs)
    i.sync_window                            0x080072f8   Section        0  ff.o(i.sync_window)
    sync_window                              0x080072f9   Thumb Code    96  ff.o(i.sync_window)
    i.validate                               0x08007358   Section        0  ff.o(i.validate)
    validate                                 0x08007359   Thumb Code    66  ff.o(i.validate)
    .constdata                               0x0800739c   Section       20  sd_diskio.o(.constdata)
    .constdata                               0x080073b0   Section      172  ff.o(.constdata)
    ExCvt                                    0x080073b0   Data         128  ff.o(.constdata)
    vst                                      0x08007430   Data          22  ff.o(.constdata)
    cst                                      0x08007446   Data          22  ff.o(.constdata)
    .constdata                               0x0800745c   Section       29  stm32l1xx_hal_rcc.o(.constdata)
    .constdata                               0x08007479   Section       13  main.o(.constdata)
    .data                                    0x20000000   Section        1  sd_diskio.o(.data)
    Stat                                     0x20000000   Data           1  sd_diskio.o(.data)
    .data                                    0x20000004   Section        6  ff.o(.data)
    FatFs                                    0x20000004   Data           4  ff.o(.data)
    Fsid                                     0x20000008   Data           2  ff.o(.data)
    .data                                    0x2000000c   Section        4  stm32l1xx_hal.o(.data)
    uwTick                                   0x2000000c   Data           4  stm32l1xx_hal.o(.data)
    .data                                    0x20000010   Section       16  main.o(.data)
    .data                                    0x20000020   Section        5  fatfs.o(.data)
    .data                                    0x20000025   Section        1  lis3dh_driver.o(.data)
    ODR_old_value                            0x20000025   Data           1  lis3dh_driver.o(.data)
    .data                                    0x20000028   Section        4  system_stm32l1xx.o(.data)
    .bss                                     0x2000002c   Section       12  ff_gen_drv.o(.bss)
    .bss                                     0x20000038   Section       24  ff.o(.bss)
    Files                                    0x20000038   Data          24  ff.o(.bss)
    .bss                                     0x20000050   Section     1724  main.o(.bss)
    STACK                                    0x20000710   Section     1024  startup_stm32l151xd.o(STACK)

    Global Symbols

    Symbol Name                              Value     Ov Type        Size  Object(Section)

    BuildAttributes$$THM_ISAv4$P$D$K$B$S$PE$A:L22UL41UL21$X:L11$S22US41US21$IEEE1$IW$USESV6$~STKCKD$USESV7$~SHL$OSPACE$ROPI$EBA8$MICROLIB$REQ8$PRES8$EABIv2 0x00000000   Number         0  anon$$obj.o ABSOLUTE
    __ARM_use_no_argv                        0x00000000   Number         0  main.o ABSOLUTE
    _printf_a                                0x00000000   Number         0  stubs.o ABSOLUTE
    _printf_c                                0x00000000   Number         0  stubs.o ABSOLUTE
    _printf_charcount                        0x00000000   Number         0  stubs.o ABSOLUTE
    _printf_d                                0x00000000   Number         0  stubs.o ABSOLUTE
    _printf_e                                0x00000000   Number         0  stubs.o ABSOLUTE
    _printf_f                                0x00000000   Number         0  stubs.o ABSOLUTE
    _printf_flags                            0x00000000   Number         0  stubs.o ABSOLUTE
    _printf_fp_dec                           0x00000000   Number         0  stubs.o ABSOLUTE
    _printf_fp_hex                           0x00000000   Number         0  stubs.o ABSOLUTE
    _printf_g                                0x00000000   Number         0  stubs.o ABSOLUTE
    _printf_i                                0x00000000   Number         0  stubs.o ABSOLUTE
    _printf_int_dec                          0x00000000   Number         0  stubs.o ABSOLUTE
    _printf_l                                0x00000000   Number         0  stubs.o ABSOLUTE
    _printf_lc                               0x00000000   Number         0  stubs.o ABSOLUTE
    _printf_ll                               0x00000000   Number         0  stubs.o ABSOLUTE
    _printf_lld                              0x00000000   Number         0  stubs.o ABSOLUTE
    _printf_lli                              0x00000000   Number         0  stubs.o ABSOLUTE
    _printf_llo                              0x00000000   Number         0  stubs.o ABSOLUTE
    _printf_llu                              0x00000000   Number         0  stubs.o ABSOLUTE
    _printf_llx                              0x00000000   Number         0  stubs.o ABSOLUTE
    _printf_longlong_dec                     0x00000000   Number         0  stubs.o ABSOLUTE
    _printf_longlong_hex                     0x00000000   Number         0  stubs.o ABSOLUTE
    _printf_longlong_oct                     0x00000000   Number         0  stubs.o ABSOLUTE
    _printf_ls                               0x00000000   Number         0  stubs.o ABSOLUTE
    _printf_mbtowc                           0x00000000   Number         0  stubs.o ABSOLUTE
    _printf_n                                0x00000000   Number         0  stubs.o ABSOLUTE
    _printf_o                                0x00000000   Number         0  stubs.o ABSOLUTE
    _printf_p                                0x00000000   Number         0  stubs.o ABSOLUTE
    _printf_percent                          0x00000000   Number         0  stubs.o ABSOLUTE
    _printf_pre_padding                      0x00000000   Number         0  stubs.o ABSOLUTE
    _printf_return_value                     0x00000000   Number         0  stubs.o ABSOLUTE
    _printf_s                                0x00000000   Number         0  stubs.o ABSOLUTE
    _printf_sizespec                         0x00000000   Number         0  stubs.o ABSOLUTE
    _printf_str                              0x00000000   Number         0  stubs.o ABSOLUTE
    _printf_truncate_signed                  0x00000000   Number         0  stubs.o ABSOLUTE
    _printf_truncate_unsigned                0x00000000   Number         0  stubs.o ABSOLUTE
    _printf_u                                0x00000000   Number         0  stubs.o ABSOLUTE
    _printf_wc                               0x00000000   Number         0  stubs.o ABSOLUTE
    _printf_wctomb                           0x00000000   Number         0  stubs.o ABSOLUTE
    _printf_widthprec                        0x00000000   Number         0  stubs.o ABSOLUTE
    _printf_x                                0x00000000   Number         0  stubs.o ABSOLUTE
    __cpp_initialize__aeabi_                  - Undefined Weak Reference
    __cxa_finalize                            - Undefined Weak Reference
    __decompress                              - Undefined Weak Reference
    _clock_init                               - Undefined Weak Reference
    _microlib_exit                            - Undefined Weak Reference
    __Vectors_Size                           0x00000124   Number         0  startup_stm32l151xd.o ABSOLUTE
    __Vectors                                0x08000000   Data           4  startup_stm32l151xd.o(RESET)
    __Vectors_End                            0x08000124   Data           0  startup_stm32l151xd.o(RESET)
    __main                                   0x08000125   Thumb Code     0  entry.o(.ARM.Collect$$$$00000000)
    _main_stk                                0x08000125   Thumb Code     0  entry2.o(.ARM.Collect$$$$00000001)
    _main_scatterload                        0x08000129   Thumb Code     0  entry5.o(.ARM.Collect$$$$00000004)
    __main_after_scatterload                 0x0800012d   Thumb Code     0  entry5.o(.ARM.Collect$$$$00000004)
    _main_clock                              0x0800012d   Thumb Code     0  entry7b.o(.ARM.Collect$$$$00000008)
    _main_cpp_init                           0x0800012d   Thumb Code     0  entry8b.o(.ARM.Collect$$$$0000000A)
    _main_init                               0x0800012d   Thumb Code     0  entry9a.o(.ARM.Collect$$$$0000000B)
    __rt_final_cpp                           0x08000135   Thumb Code     0  entry10a.o(.ARM.Collect$$$$0000000D)
    __rt_final_exit                          0x08000135   Thumb Code     0  entry11a.o(.ARM.Collect$$$$0000000F)
    Reset_Handler                            0x08000139   Thumb Code     8  startup_stm32l151xd.o(.text)
    NMI_Handler                              0x08000141   Thumb Code     2  startup_stm32l151xd.o(.text)
    HardFault_Handler                        0x08000143   Thumb Code     2  startup_stm32l151xd.o(.text)
    BusFault_Handler                         0x08000147   Thumb Code     2  startup_stm32l151xd.o(.text)
    UsageFault_Handler                       0x08000149   Thumb Code     2  startup_stm32l151xd.o(.text)
    SVC_Handler                              0x0800014b   Thumb Code     2  startup_stm32l151xd.o(.text)
    DebugMon_Handler                         0x0800014d   Thumb Code     2  startup_stm32l151xd.o(.text)
    PendSV_Handler                           0x0800014f   Thumb Code     2  startup_stm32l151xd.o(.text)
    COMP_ACQ_IRQHandler                      0x08000153   Thumb Code     0  startup_stm32l151xd.o(.text)
    COMP_IRQHandler                          0x08000153   Thumb Code     0  startup_stm32l151xd.o(.text)
    DAC_IRQHandler                           0x08000153   Thumb Code     0  startup_stm32l151xd.o(.text)
    DMA1_Channel1_IRQHandler                 0x08000153   Thumb Code     0  startup_stm32l151xd.o(.text)
    DMA1_Channel2_IRQHandler                 0x08000153   Thumb Code     0  startup_stm32l151xd.o(.text)
    DMA1_Channel3_IRQHandler                 0x08000153   Thumb Code     0  startup_stm32l151xd.o(.text)
    DMA1_Channel4_IRQHandler                 0x08000153   Thumb Code     0  startup_stm32l151xd.o(.text)
    DMA1_Channel5_IRQHandler                 0x08000153   Thumb Code     0  startup_stm32l151xd.o(.text)
    DMA1_Channel6_IRQHandler                 0x08000153   Thumb Code     0  startup_stm32l151xd.o(.text)
    DMA1_Channel7_IRQHandler                 0x08000153   Thumb Code     0  startup_stm32l151xd.o(.text)
    DMA2_Channel1_IRQHandler                 0x08000153   Thumb Code     0  startup_stm32l151xd.o(.text)
    DMA2_Channel2_IRQHandler                 0x08000153   Thumb Code     0  startup_stm32l151xd.o(.text)
    DMA2_Channel3_IRQHandler                 0x08000153   Thumb Code     0  startup_stm32l151xd.o(.text)
    DMA2_Channel4_IRQHandler                 0x08000153   Thumb Code     0  startup_stm32l151xd.o(.text)
    DMA2_Channel5_IRQHandler                 0x08000153   Thumb Code     0  startup_stm32l151xd.o(.text)
    EXTI0_IRQHandler                         0x08000153   Thumb Code     0  startup_stm32l151xd.o(.text)
    EXTI15_10_IRQHandler                     0x08000153   Thumb Code     0  startup_stm32l151xd.o(.text)
    EXTI1_IRQHandler                         0x08000153   Thumb Code     0  startup_stm32l151xd.o(.text)
    EXTI2_IRQHandler                         0x08000153   Thumb Code     0  startup_stm32l151xd.o(.text)
    EXTI3_IRQHandler                         0x08000153   Thumb Code     0  startup_stm32l151xd.o(.text)
    EXTI4_IRQHandler                         0x08000153   Thumb Code     0  startup_stm32l151xd.o(.text)
    EXTI9_5_IRQHandler                       0x08000153   Thumb Code     0  startup_stm32l151xd.o(.text)
    FLASH_IRQHandler                         0x08000153   Thumb Code     0  startup_stm32l151xd.o(.text)
    I2C1_ER_IRQHandler                       0x08000153   Thumb Code     0  startup_stm32l151xd.o(.text)
    I2C1_EV_IRQHandler                       0x08000153   Thumb Code     0  startup_stm32l151xd.o(.text)
    I2C2_ER_IRQHandler                       0x08000153   Thumb Code     0  startup_stm32l151xd.o(.text)
    I2C2_EV_IRQHandler                       0x08000153   Thumb Code     0  startup_stm32l151xd.o(.text)
    PVD_IRQHandler                           0x08000153   Thumb Code     0  startup_stm32l151xd.o(.text)
    RCC_IRQHandler                           0x08000153   Thumb Code     0  startup_stm32l151xd.o(.text)
    RTC_Alarm_IRQHandler                     0x08000153   Thumb Code     0  startup_stm32l151xd.o(.text)
    SPI3_IRQHandler                          0x08000153   Thumb Code     0  startup_stm32l151xd.o(.text)
    TAMPER_STAMP_IRQHandler                  0x08000153   Thumb Code     0  startup_stm32l151xd.o(.text)
    TIM10_IRQHandler                         0x08000153   Thumb Code     0  startup_stm32l151xd.o(.text)
    TIM11_IRQHandler                         0x08000153   Thumb Code     0  startup_stm32l151xd.o(.text)
    TIM2_IRQHandler                          0x08000153   Thumb Code     0  startup_stm32l151xd.o(.text)
    TIM3_IRQHandler                          0x08000153   Thumb Code     0  startup_stm32l151xd.o(.text)
    TIM4_IRQHandler                          0x08000153   Thumb Code     0  startup_stm32l151xd.o(.text)
    TIM5_IRQHandler                          0x08000153   Thumb Code     0  startup_stm32l151xd.o(.text)
    TIM6_IRQHandler                          0x08000153   Thumb Code     0  startup_stm32l151xd.o(.text)
    TIM7_IRQHandler                          0x08000153   Thumb Code     0  startup_stm32l151xd.o(.text)
    TIM9_IRQHandler                          0x08000153   Thumb Code     0  startup_stm32l151xd.o(.text)
    UART4_IRQHandler                         0x08000153   Thumb Code     0  startup_stm32l151xd.o(.text)
    UART5_IRQHandler                         0x08000153   Thumb Code     0  startup_stm32l151xd.o(.text)
    USART3_IRQHandler                        0x08000153   Thumb Code     0  startup_stm32l151xd.o(.text)
    USB_FS_WKUP_IRQHandler                   0x08000153   Thumb Code     0  startup_stm32l151xd.o(.text)
    USB_HP_IRQHandler                        0x08000153   Thumb Code     0  startup_stm32l151xd.o(.text)
    USB_LP_IRQHandler                        0x08000153   Thumb Code     0  startup_stm32l151xd.o(.text)
    WWDG_IRQHandler                          0x08000153   Thumb Code     0  startup_stm32l151xd.o(.text)
    __aeabi_uldivmod                         0x0800015d   Thumb Code    98  uldiv.o(.text)
    strcmp                                   0x080001bf   Thumb Code    28  strcmp.o(.text)
    __aeabi_uidiv                            0x080001db   Thumb Code     0  uidiv.o(.text)
    __aeabi_uidivmod                         0x080001db   Thumb Code    44  uidiv.o(.text)
    __aeabi_llsl                             0x08000207   Thumb Code    30  llshl.o(.text)
    _ll_shift_l                              0x08000207   Thumb Code     0  llshl.o(.text)
    __aeabi_llsr                             0x08000225   Thumb Code    32  llushr.o(.text)
    _ll_ushift_r                             0x08000225   Thumb Code     0  llushr.o(.text)
    __scatterload                            0x08000245   Thumb Code    28  init.o(.text)
    __scatterload_rt2                        0x08000245   Thumb Code     0  init.o(.text)
    ADC1_IRQHandler                          0x08000269   Thumb Code    10  stm32l1xx_it.o(i.ADC1_IRQHandler)
    BSP_SD_GetCardInfo                       0x08000279   Thumb Code    14  bsp_driver_sd.o(i.BSP_SD_GetCardInfo)
    BSP_SD_GetStatus                         0x0800028d   Thumb Code    10  bsp_driver_sd.o(i.BSP_SD_GetStatus)
    BSP_SD_Init                              0x0800029d   Thumb Code    50  bsp_driver_sd.o(i.BSP_SD_Init)
    BSP_SD_IsDetected                        0x080002d9   Thumb Code    12  bsp_driver_sd.o(i.BSP_SD_IsDetected)
    BSP_SD_ReadBlocks                        0x080002e5   Thumb Code    42  bsp_driver_sd.o(i.BSP_SD_ReadBlocks)
    BSP_SD_WriteBlocks                       0x08000315   Thumb Code    42  bsp_driver_sd.o(i.BSP_SD_WriteBlocks)
    FATFS_LinkDriver                         0x08000345   Thumb Code    18  ff_gen_drv.o(i.FATFS_LinkDriver)
    FATFS_LinkDriverEx                       0x08000359   Thumb Code    78  ff_gen_drv.o(i.FATFS_LinkDriverEx)
    FATFS_UnLinkDriver                       0x080003ad   Thumb Code    14  ff_gen_drv.o(i.FATFS_UnLinkDriver)
    FATFS_UnLinkDriverEx                     0x080003bd   Thumb Code    62  ff_gen_drv.o(i.FATFS_UnLinkDriverEx)
    HAL_ADCEx_InjectedConvCpltCallback       0x08000401   Thumb Code     2  stm32l1xx_hal_adc_ex.o(i.HAL_ADCEx_InjectedConvCpltCallback)
    HAL_ADC_ConvCpltCallback                 0x08000403   Thumb Code     2  stm32l1xx_hal_adc.o(i.HAL_ADC_ConvCpltCallback)
    HAL_ADC_ErrorCallback                    0x08000405   Thumb Code     2  stm32l1xx_hal_adc.o(i.HAL_ADC_ErrorCallback)
    HAL_ADC_IRQHandler                       0x08000407   Thumb Code   374  stm32l1xx_hal_adc.o(i.HAL_ADC_IRQHandler)
    HAL_ADC_LevelOutOfWindowCallback         0x0800057d   Thumb Code     2  stm32l1xx_hal_adc.o(i.HAL_ADC_LevelOutOfWindowCallback)
    HAL_DBGMCU_EnableDBGStopMode             0x08000581   Thumb Code    14  stm32l1xx_hal.o(i.HAL_DBGMCU_EnableDBGStopMode)
    HAL_Delay                                0x08000595   Thumb Code    26  stm32l1xx_hal.o(i.HAL_Delay)
    HAL_GPIO_Init                            0x080005b1   Thumb Code   450  stm32l1xx_hal_gpio.o(i.HAL_GPIO_Init)
    HAL_GPIO_TogglePin                       0x0800079d   Thumb Code     8  stm32l1xx_hal_gpio.o(i.HAL_GPIO_TogglePin)
    HAL_GPIO_WritePin                        0x080007a5   Thumb Code    12  stm32l1xx_hal_gpio.o(i.HAL_GPIO_WritePin)
    HAL_GetTick                              0x080007b1   Thumb Code     6  stm32l1xx_hal.o(i.HAL_GetTick)
    HAL_IncTick                              0x080007bd   Thumb Code    12  stm32l1xx_hal.o(i.HAL_IncTick)
    HAL_Init                                 0x080007cd   Thumb Code    22  stm32l1xx_hal.o(i.HAL_Init)
    HAL_InitTick                             0x080007e3   Thumb Code    36  stm32l1xx_hal.o(i.HAL_InitTick)
    HAL_MspInit                              0x08000809   Thumb Code    88  stm32l1xx_hal_msp.o(i.HAL_MspInit)
    HAL_NVIC_EnableIRQ                       0x08000865   Thumb Code    26  stm32l1xx_hal_cortex.o(i.HAL_NVIC_EnableIRQ)
    HAL_NVIC_SetPriority                     0x0800087f   Thumb Code   124  stm32l1xx_hal_cortex.o(i.HAL_NVIC_SetPriority)
    HAL_NVIC_SetPriorityGrouping             0x080008fd   Thumb Code    32  stm32l1xx_hal_cortex.o(i.HAL_NVIC_SetPriorityGrouping)
    HAL_PWREx_GetVoltageRange                0x08000925   Thumb Code    10  stm32l1xx_hal_pwr_ex.o(i.HAL_PWREx_GetVoltageRange)
    HAL_PWR_DisableWakeUpPin                 0x08000935   Thumb Code    22  stm32l1xx_hal_pwr.o(i.HAL_PWR_DisableWakeUpPin)
    HAL_RCCEx_PeriphCLKConfig                0x08000951   Thumb Code   356  stm32l1xx_hal_rcc_ex.o(i.HAL_RCCEx_PeriphCLKConfig)
    HAL_RCC_ClockConfig                      0x08000ac1   Thumb Code  1190  stm32l1xx_hal_rcc.o(i.HAL_RCC_ClockConfig)
    HAL_RCC_GetHCLKFreq                      0x08000f71   Thumb Code    42  stm32l1xx_hal_rcc.o(i.HAL_RCC_GetHCLKFreq)
    HAL_RCC_GetSysClockFreq                  0x08000fa9   Thumb Code   166  stm32l1xx_hal_rcc.o(i.HAL_RCC_GetSysClockFreq)
    HAL_RCC_OscConfig                        0x08001065   Thumb Code  2600  stm32l1xx_hal_rcc.o(i.HAL_RCC_OscConfig)
    HAL_RTCEx_DeactivateWakeUpTimer          0x08001a95   Thumb Code   152  stm32l1xx_hal_rtc_ex.o(i.HAL_RTCEx_DeactivateWakeUpTimer)
    HAL_RTCEx_SetWakeUpTimer_IT              0x08001b2d   Thumb Code   294  stm32l1xx_hal_rtc_ex.o(i.HAL_RTCEx_SetWakeUpTimer_IT)
    HAL_RTCEx_WakeUpTimerEventCallback       0x08001c59   Thumb Code     2  stm32l1xx_hal_rtc_ex.o(i.HAL_RTCEx_WakeUpTimerEventCallback)
    HAL_RTCEx_WakeUpTimerIRQHandler          0x08001c5d   Thumb Code    50  stm32l1xx_hal_rtc_ex.o(i.HAL_RTCEx_WakeUpTimerIRQHandler)
    HAL_RTC_Init                             0x08001c95   Thumb Code   176  stm32l1xx_hal_rtc.o(i.HAL_RTC_Init)
    HAL_RTC_MspInit                          0x08001d49   Thumb Code    52  stm32l1xx_hal_msp.o(i.HAL_RTC_MspInit)
    HAL_RTC_SetDate                          0x08001d85   Thumb Code   260  stm32l1xx_hal_rtc.o(i.HAL_RTC_SetDate)
    HAL_RTC_SetTime                          0x08001e8d   Thumb Code   294  stm32l1xx_hal_rtc.o(i.HAL_RTC_SetTime)
    HAL_RTC_WaitForSynchro                   0x08001fb9   Thumb Code    68  stm32l1xx_hal_rtc_ex.o(i.HAL_RTC_WaitForSynchro)
    HAL_SD_GetStatus                         0x08001ffd   Thumb Code    34  stm32l1xx_hal_sd.o(i.HAL_SD_GetStatus)
    HAL_SD_Get_CardInfo                      0x0800201f   Thumb Code   750  stm32l1xx_hal_sd.o(i.HAL_SD_Get_CardInfo)
    HAL_SD_IRQHandler                        0x0800230d   Thumb Code   192  stm32l1xx_hal_sd.o(i.HAL_SD_IRQHandler)
    HAL_SD_Init                              0x080023cd   Thumb Code   154  stm32l1xx_hal_sd.o(i.HAL_SD_Init)
    HAL_SD_MspInit                           0x08002469   Thumb Code   150  stm32l1xx_hal_msp.o(i.HAL_SD_MspInit)
    HAL_SD_ReadBlocks                        0x08002511   Thumb Code   496  stm32l1xx_hal_sd.o(i.HAL_SD_ReadBlocks)
    HAL_SD_StopTransfer                      0x08002701   Thumb Code    54  stm32l1xx_hal_sd.o(i.HAL_SD_StopTransfer)
    HAL_SD_WideBusOperation_Config           0x08002737   Thumb Code   128  stm32l1xx_hal_sd.o(i.HAL_SD_WideBusOperation_Config)
    HAL_SD_WriteBlocks                       0x080027b7   Thumb Code   650  stm32l1xx_hal_sd.o(i.HAL_SD_WriteBlocks)
    HAL_SD_XferCpltCallback                  0x08002a41   Thumb Code     2  stm32l1xx_hal_sd.o(i.HAL_SD_XferCpltCallback)
    HAL_SD_XferErrorCallback                 0x08002a43   Thumb Code     2  stm32l1xx_hal_sd.o(i.HAL_SD_XferErrorCallback)
    HAL_SPI_ErrorCallback                    0x08002a45   Thumb Code     2  stm32l1xx_hal_spi.o(i.HAL_SPI_ErrorCallback)
    HAL_SPI_IRQHandler                       0x08002a47   Thumb Code   256  stm32l1xx_hal_spi.o(i.HAL_SPI_IRQHandler)
    HAL_SPI_Init                             0x08002b47   Thumb Code   136  stm32l1xx_hal_spi_ex.o(i.HAL_SPI_Init)
    HAL_SPI_MspInit                          0x08002bd1   Thumb Code   178  stm32l1xx_hal_msp.o(i.HAL_SPI_MspInit)
    HAL_SPI_Receive                          0x08002c99   Thumb Code   570  stm32l1xx_hal_spi.o(i.HAL_SPI_Receive)
    HAL_SPI_Transmit                         0x08002ed3   Thumb Code   448  stm32l1xx_hal_spi.o(i.HAL_SPI_Transmit)
    HAL_SPI_TransmitReceive                  0x08003093   Thumb Code   844  stm32l1xx_hal_spi.o(i.HAL_SPI_TransmitReceive)
    HAL_SYSTICK_CLKSourceConfig              0x080033df   Thumb Code    40  stm32l1xx_hal_cortex.o(i.HAL_SYSTICK_CLKSourceConfig)
    HAL_SYSTICK_Callback                     0x08003407   Thumb Code     2  stm32l1xx_hal_cortex.o(i.HAL_SYSTICK_Callback)
    HAL_SYSTICK_Config                       0x08003409   Thumb Code    52  stm32l1xx_hal_cortex.o(i.HAL_SYSTICK_Config)
    HAL_SYSTICK_IRQHandler                   0x0800343d   Thumb Code     8  stm32l1xx_hal_cortex.o(i.HAL_SYSTICK_IRQHandler)
    HAL_UART_ErrorCallback                   0x08003445   Thumb Code     2  stm32l1xx_hal_uart.o(i.HAL_UART_ErrorCallback)
    HAL_UART_IRQHandler                      0x08003447   Thumb Code   218  stm32l1xx_hal_uart.o(i.HAL_UART_IRQHandler)
    HAL_UART_RxCpltCallback                  0x08003521   Thumb Code     2  stm32l1xx_hal_uart.o(i.HAL_UART_RxCpltCallback)
    HAL_UART_TxCpltCallback                  0x08003523   Thumb Code     2  stm32l1xx_hal_uart.o(i.HAL_UART_TxCpltCallback)
    LIS3DH_FIFOModeEnable                    0x08003525   Thumb Code   522  lis3dh_driver.o(i.LIS3DH_FIFOModeEnable)
    LIS3DH_GetWHO_AM_I                       0x0800372f   Thumb Code    22  lis3dh_driver.o(i.LIS3DH_GetWHO_AM_I)
    LIS3DH_Int1LatchEnable                   0x08003745   Thumb Code    60  lis3dh_driver.o(i.LIS3DH_Int1LatchEnable)
    LIS3DH_ReadReg                           0x08003781   Thumb Code    80  lis3dh_driver.o(i.LIS3DH_ReadReg)
    LIS3DH_SetAxis                           0x080037d9   Thumb Code    60  lis3dh_driver.o(i.LIS3DH_SetAxis)
    LIS3DH_SetFullScale                      0x08003815   Thumb Code    60  lis3dh_driver.o(i.LIS3DH_SetFullScale)
    LIS3DH_SetInt1Duration                   0x08003851   Thumb Code    30  lis3dh_driver.o(i.LIS3DH_SetInt1Duration)
    LIS3DH_SetInt1Pin                        0x0800386f   Thumb Code    50  lis3dh_driver.o(i.LIS3DH_SetInt1Pin)
    LIS3DH_SetMode                           0x080038a1   Thumb Code   208  lis3dh_driver.o(i.LIS3DH_SetMode)
    LIS3DH_SetODR                            0x08003975   Thumb Code    60  lis3dh_driver.o(i.LIS3DH_SetODR)
    LIS3DH_SetWaterMark                      0x080039b1   Thumb Code    64  lis3dh_driver.o(i.LIS3DH_SetWaterMark)
    LIS3DH_WriteReg                          0x080039f1   Thumb Code    86  lis3dh_driver.o(i.LIS3DH_WriteReg)
    MX_FATFS_Init                            0x08003a51   Thumb Code    16  fatfs.o(i.MX_FATFS_Init)
    MemManage_Handler                        0x08003ce5   Thumb Code     4  stm32l1xx_it.o(i.MemManage_Handler)
    RTC_Bcd2ToByte                           0x08003dc9   Thumb Code    22  stm32l1xx_hal_rtc.o(i.RTC_Bcd2ToByte)
    RTC_ByteToBcd2                           0x08003ddf   Thumb Code    26  stm32l1xx_hal_rtc.o(i.RTC_ByteToBcd2)
    RTC_EnterInitMode                        0x08003df9   Thumb Code    62  stm32l1xx_hal_rtc.o(i.RTC_EnterInitMode)
    RTC_WKUP_IRQHandler                      0x08003e39   Thumb Code    20  stm32l1xx_it.o(i.RTC_WKUP_IRQHandler)
    SDIO_DataConfig                          0x08003e55   Thumb Code    44  stm32l1xx_ll_sdmmc.o(i.SDIO_DataConfig)
    SDIO_GetCommandResponse                  0x08003e81   Thumb Code     8  stm32l1xx_ll_sdmmc.o(i.SDIO_GetCommandResponse)
    SDIO_GetPowerState                       0x08003e89   Thumb Code    10  stm32l1xx_ll_sdmmc.o(i.SDIO_GetPowerState)
    SDIO_GetResponse                         0x08003e95   Thumb Code    20  stm32l1xx_ll_sdmmc.o(i.SDIO_GetResponse)
    SDIO_IRQHandler                          0x08003ead   Thumb Code    10  stm32l1xx_it.o(i.SDIO_IRQHandler)
    SDIO_Init                                0x08003ebd   Thumb Code    52  stm32l1xx_ll_sdmmc.o(i.SDIO_Init)
    SDIO_PowerState_ON                       0x08003ef1   Thumb Code    10  stm32l1xx_ll_sdmmc.o(i.SDIO_PowerState_ON)
    SDIO_ReadFIFO                            0x08003efb   Thumb Code     8  stm32l1xx_ll_sdmmc.o(i.SDIO_ReadFIFO)
    SDIO_SendCommand                         0x08003f03   Thumb Code    40  stm32l1xx_ll_sdmmc.o(i.SDIO_SendCommand)
    SDIO_WriteFIFO                           0x08003f2b   Thumb Code    12  stm32l1xx_ll_sdmmc.o(i.SDIO_WriteFIFO)
    SD_initialize                            0x080049ed   Thumb Code    34  sd_diskio.o(i.SD_initialize)
    SD_ioctl                                 0x08004a15   Thumb Code   118  sd_diskio.o(i.SD_ioctl)
    SD_read                                  0x08004a91   Thumb Code    44  sd_diskio.o(i.SD_read)
    SD_status                                0x08004abd   Thumb Code    34  sd_diskio.o(i.SD_status)
    SD_write                                 0x08004ae5   Thumb Code    44  sd_diskio.o(i.SD_write)
    SPI1_IRQHandler                          0x08004b11   Thumb Code    10  stm32l1xx_it.o(i.SPI1_IRQHandler)
    SPI2_IRQHandler                          0x08004b21   Thumb Code    10  stm32l1xx_it.o(i.SPI2_IRQHandler)
    SysTick_Handler                          0x08004c45   Thumb Code    20  stm32l1xx_it.o(i.SysTick_Handler)
    SystemClock_Config                       0x08004c5d   Thumb Code   160  main.o(i.SystemClock_Config)
    SystemInit                               0x08004d05   Thumb Code    82  system_stm32l1xx.o(i.SystemInit)
    USART1_IRQHandler                        0x08004ec5   Thumb Code    10  stm32l1xx_it.o(i.USART1_IRQHandler)
    USART2_IRQHandler                        0x08004ed5   Thumb Code    10  stm32l1xx_it.o(i.USART2_IRQHandler)
    __0printf$1                              0x08004ee5   Thumb Code    22  printf1.o(i.__0printf$1)
    __1printf$1                              0x08004ee5   Thumb Code     0  printf1.o(i.__0printf$1)
    __2printf                                0x08004ee5   Thumb Code     0  printf1.o(i.__0printf$1)
    __scatterload_copy                       0x08004f05   Thumb Code    14  handlers.o(i.__scatterload_copy)
    __scatterload_null                       0x08004f13   Thumb Code     2  handlers.o(i.__scatterload_null)
    __scatterload_zeroinit                   0x08004f15   Thumb Code    14  handlers.o(i.__scatterload_zeroinit)
    clust2sect                               0x0800521d   Thumb Code    32  ff.o(i.clust2sect)
    disk_initialize                          0x080057c5   Thumb Code    40  diskio.o(i.disk_initialize)
    disk_ioctl                               0x080057f1   Thumb Code    36  diskio.o(i.disk_ioctl)
    disk_read                                0x08005819   Thumb Code    42  diskio.o(i.disk_read)
    disk_status                              0x08005849   Thumb Code    24  diskio.o(i.disk_status)
    disk_write                               0x08005865   Thumb Code    42  diskio.o(i.disk_write)
    f_close                                  0x080058bd   Thumb Code    46  ff.o(i.f_close)
    f_mkfs                                   0x080058ed   Thumb Code  1580  ff.o(i.f_mkfs)
    f_mount                                  0x08005f31   Thumb Code    96  ff.o(i.f_mount)
    f_open                                   0x08005f95   Thumb Code   446  ff.o(i.f_open)
    f_read                                   0x08006153   Thumb Code   516  ff.o(i.f_read)
    f_sync                                   0x08006357   Thumb Code   202  ff.o(i.f_sync)
    f_write                                  0x08006421   Thumb Code   598  ff.o(i.f_write)
    fputc                                    0x08006af1   Thumb Code    30  main.o(i.fputc)
    get_fat                                  0x08006b15   Thumb Code   238  ff.o(i.get_fat)
    get_fattime                              0x08006c03   Thumb Code     4  fatfs.o(i.get_fattime)
    main                                     0x08006d5d   Thumb Code   376  main.o(i.main)
    put_fat                                  0x08007035   Thumb Code   326  ff.o(i.put_fat)
    SD_Driver                                0x0800739c   Data          20  sd_diskio.o(.constdata)
    aAPBAHBPrescTable                        0x0800745c   Data          16  stm32l1xx_hal_rcc.o(.constdata)
    aPLLDivisionFactorTable                  0x0800746c   Data           4  stm32l1xx_hal_rcc.o(.constdata)
    aPLLMULFactorTable                       0x08007470   Data           9  stm32l1xx_hal_rcc.o(.constdata)
    wtext                                    0x08007479   Data          13  main.o(.constdata)
    Region$$Table$$Base                      0x08007488   Number         0  anon$$obj.o(Region$$Table)
    Region$$Table$$Limit                     0x080074a8   Number         0  anon$$obj.o(Region$$Table)
    SDPath                                   0x20000010   Data           4  main.o(.data)
    resp                                     0x20000014   Data           1  main.o(.data)
    __stdout                                 0x20000018   Data           4  main.o(.data)
    __stdin                                  0x2000001c   Data           4  main.o(.data)
    retSD                                    0x20000020   Data           1  fatfs.o(.data)
    SD_Path                                  0x20000021   Data           4  fatfs.o(.data)
    SystemCoreClock                          0x20000028   Data           4  system_stm32l1xx.o(.data)
    disk                                     0x2000002c   Data          12  ff_gen_drv.o(.bss)
    hadc                                     0x20000050   Data          84  main.o(.bss)
    hrtc                                     0x200000a4   Data          32  main.o(.bss)
    hsd                                      0x200000c4   Data          96  main.o(.bss)
    SDCardInfo                               0x20000128   Data          88  main.o(.bss)
    hspi1                                    0x20000180   Data          88  main.o(.bss)
    hspi2                                    0x200001d8   Data          88  main.o(.bss)
    huart1                                   0x20000230   Data          64  main.o(.bss)
    huart2                                   0x20000270   Data          64  main.o(.bss)
    SDFatFs                                  0x200002b0   Data         560  main.o(.bss)
    MyFile                                   0x200004e0   Data         556  main.o(.bss)
    __initial_sp                             0x20000b10   Data           0  startup_stm32l151xd.o(STACK)



==============================================================================

Memory Map of the image

  Image Entry point : 0x08000125

  Load Region LR_IROM1 (Base: 0x08000000, Size: 0x000074d4, Max: 0x00060000, ABSOLUTE)

    Execution Region ER_IROM1 (Base: 0x08000000, Size: 0x000074a8, Max: 0x00060000, ABSOLUTE)

    Base Addr    Size         Type   Attr      Idx    E Section Name        Object

    0x08000000   0x00000124   Data   RO            3    RESET               startup_stm32l151xd.o
    0x08000124   0x00000000   Code   RO         4117  * .ARM.Collect$$$$00000000  mc_w.l(entry.o)
    0x08000124   0x00000004   Code   RO         4387    .ARM.Collect$$$$00000001  mc_w.l(entry2.o)
    0x08000128   0x00000004   Code   RO         4390    .ARM.Collect$$$$00000004  mc_w.l(entry5.o)
    0x0800012c   0x00000000   Code   RO         4392    .ARM.Collect$$$$00000008  mc_w.l(entry7b.o)
    0x0800012c   0x00000000   Code   RO         4394    .ARM.Collect$$$$0000000A  mc_w.l(entry8b.o)
    0x0800012c   0x00000008   Code   RO         4395    .ARM.Collect$$$$0000000B  mc_w.l(entry9a.o)
    0x08000134   0x00000000   Code   RO         4397    .ARM.Collect$$$$0000000D  mc_w.l(entry10a.o)
    0x08000134   0x00000000   Code   RO         4399    .ARM.Collect$$$$0000000F  mc_w.l(entry11a.o)
    0x08000134   0x00000004   Code   RO         4388    .ARM.Collect$$$$00002712  mc_w.l(entry2.o)
    0x08000138   0x00000024   Code   RO            4    .text               startup_stm32l151xd.o
    0x0800015c   0x00000062   Code   RO         4120    .text               mc_w.l(uldiv.o)
    0x080001be   0x0000001c   Code   RO         4124    .text               mc_w.l(strcmp.o)
    0x080001da   0x0000002c   Code   RO         4401    .text               mc_w.l(uidiv.o)
    0x08000206   0x0000001e   Code   RO         4403    .text               mc_w.l(llshl.o)
    0x08000224   0x00000020   Code   RO         4405    .text               mc_w.l(llushr.o)
    0x08000244   0x00000024   Code   RO         4418    .text               mc_w.l(init.o)
    0x08000268   0x00000010   Code   RO         3316    i.ADC1_IRQHandler   stm32l1xx_it.o
    0x08000278   0x00000014   Code   RO         3409    i.BSP_SD_GetCardInfo  bsp_driver_sd.o
    0x0800028c   0x00000010   Code   RO         3410    i.BSP_SD_GetStatus  bsp_driver_sd.o
    0x0800029c   0x0000003c   Code   RO         3413    i.BSP_SD_Init       bsp_driver_sd.o
    0x080002d8   0x0000000c   Code   RO         3414    i.BSP_SD_IsDetected  bsp_driver_sd.o
    0x080002e4   0x00000030   Code   RO         3415    i.BSP_SD_ReadBlocks  bsp_driver_sd.o
    0x08000314   0x00000030   Code   RO         3417    i.BSP_SD_WriteBlocks  bsp_driver_sd.o
    0x08000344   0x00000012   Code   RO          193    i.FATFS_LinkDriver  ff_gen_drv.o
    0x08000356   0x00000002   PAD
    0x08000358   0x00000054   Code   RO          194    i.FATFS_LinkDriverEx  ff_gen_drv.o
    0x080003ac   0x0000000e   Code   RO          195    i.FATFS_UnLinkDriver  ff_gen_drv.o
    0x080003ba   0x00000002   PAD
    0x080003bc   0x00000044   Code   RO          196    i.FATFS_UnLinkDriverEx  ff_gen_drv.o
    0x08000400   0x00000002   Code   RO         1007    i.HAL_ADCEx_InjectedConvCpltCallback  stm32l1xx_hal_adc_ex.o
    0x08000402   0x00000002   Code   RO         2108    i.HAL_ADC_ConvCpltCallback  stm32l1xx_hal_adc.o
    0x08000404   0x00000002   Code   RO         2111    i.HAL_ADC_ErrorCallback  stm32l1xx_hal_adc.o
    0x08000406   0x00000176   Code   RO         2115    i.HAL_ADC_IRQHandler  stm32l1xx_hal_adc.o
    0x0800057c   0x00000002   Code   RO         2117    i.HAL_ADC_LevelOutOfWindowCallback  stm32l1xx_hal_adc.o
    0x0800057e   0x00000002   PAD
    0x08000580   0x00000014   Code   RO          877    i.HAL_DBGMCU_EnableDBGStopMode  stm32l1xx_hal.o
    0x08000594   0x0000001a   Code   RO          879    i.HAL_Delay         stm32l1xx_hal.o
    0x080005ae   0x00000002   PAD
    0x080005b0   0x000001ec   Code   RO          681    i.HAL_GPIO_Init     stm32l1xx_hal_gpio.o
    0x0800079c   0x00000008   Code   RO          684    i.HAL_GPIO_TogglePin  stm32l1xx_hal_gpio.o
    0x080007a4   0x0000000c   Code   RO          685    i.HAL_GPIO_WritePin  stm32l1xx_hal_gpio.o
    0x080007b0   0x0000000c   Code   RO          883    i.HAL_GetTick       stm32l1xx_hal.o
    0x080007bc   0x00000010   Code   RO          884    i.HAL_IncTick       stm32l1xx_hal.o
    0x080007cc   0x00000016   Code   RO          885    i.HAL_Init          stm32l1xx_hal.o
    0x080007e2   0x00000024   Code   RO          886    i.HAL_InitTick      stm32l1xx_hal.o
    0x08000806   0x00000002   PAD
    0x08000808   0x0000005c   Code   RO         3515    i.HAL_MspInit       stm32l1xx_hal_msp.o
    0x08000864   0x0000001a   Code   RO          747    i.HAL_NVIC_EnableIRQ  stm32l1xx_hal_cortex.o
    0x0800087e   0x0000007c   Code   RO          753    i.HAL_NVIC_SetPriority  stm32l1xx_hal_cortex.o
    0x080008fa   0x00000002   PAD
    0x080008fc   0x00000028   Code   RO          754    i.HAL_NVIC_SetPriorityGrouping  stm32l1xx_hal_cortex.o
    0x08000924   0x00000010   Code   RO         1078    i.HAL_PWREx_GetVoltageRange  stm32l1xx_hal_pwr_ex.o
    0x08000934   0x0000001c   Code   RO         2869    i.HAL_PWR_DisableWakeUpPin  stm32l1xx_hal_pwr.o
    0x08000950   0x00000170   Code   RO         1916    i.HAL_RCCEx_PeriphCLKConfig  stm32l1xx_hal_rcc_ex.o
    0x08000ac0   0x000004b0   Code   RO         2279    i.HAL_RCC_ClockConfig  stm32l1xx_hal_rcc.o
    0x08000f70   0x00000038   Code   RO         2284    i.HAL_RCC_GetHCLKFreq  stm32l1xx_hal_rcc.o
    0x08000fa8   0x000000bc   Code   RO         2288    i.HAL_RCC_GetSysClockFreq  stm32l1xx_hal_rcc.o
    0x08001064   0x00000a30   Code   RO         2291    i.HAL_RCC_OscConfig  stm32l1xx_hal_rcc.o
    0x08001a94   0x00000098   Code   RO         1140    i.HAL_RTCEx_DeactivateWakeUpTimer  stm32l1xx_hal_rtc_ex.o
    0x08001b2c   0x0000012c   Code   RO         1161    i.HAL_RTCEx_SetWakeUpTimer_IT  stm32l1xx_hal_rtc_ex.o
    0x08001c58   0x00000002   Code   RO         1167    i.HAL_RTCEx_WakeUpTimerEventCallback  stm32l1xx_hal_rtc_ex.o
    0x08001c5a   0x00000002   PAD
    0x08001c5c   0x00000038   Code   RO         1168    i.HAL_RTCEx_WakeUpTimerIRQHandler  stm32l1xx_hal_rtc_ex.o
    0x08001c94   0x000000b4   Code   RO         1999    i.HAL_RTC_Init      stm32l1xx_hal_rtc.o
    0x08001d48   0x0000003c   Code   RO         3517    i.HAL_RTC_MspInit   stm32l1xx_hal_msp.o
    0x08001d84   0x00000108   Code   RO         2003    i.HAL_RTC_SetDate   stm32l1xx_hal_rtc.o
    0x08001e8c   0x0000012c   Code   RO         2004    i.HAL_RTC_SetTime   stm32l1xx_hal_rtc.o
    0x08001fb8   0x00000044   Code   RO         1174    i.HAL_RTC_WaitForSynchro  stm32l1xx_hal_rtc_ex.o
    0x08001ffc   0x00000022   Code   RO         2992    i.HAL_SD_GetStatus  stm32l1xx_hal_sd.o
    0x0800201e   0x000002ee   Code   RO         2993    i.HAL_SD_Get_CardInfo  stm32l1xx_hal_sd.o
    0x0800230c   0x000000c0   Code   RO         2995    i.HAL_SD_IRQHandler  stm32l1xx_hal_sd.o
    0x080023cc   0x0000009a   Code   RO         2996    i.HAL_SD_Init       stm32l1xx_hal_sd.o
    0x08002466   0x00000002   PAD
    0x08002468   0x000000a8   Code   RO         3519    i.HAL_SD_MspInit    stm32l1xx_hal_msp.o
    0x08002510   0x000001f0   Code   RO         2999    i.HAL_SD_ReadBlocks  stm32l1xx_hal_sd.o
    0x08002700   0x00000036   Code   RO         3002    i.HAL_SD_StopTransfer  stm32l1xx_hal_sd.o
    0x08002736   0x00000080   Code   RO         3003    i.HAL_SD_WideBusOperation_Config  stm32l1xx_hal_sd.o
    0x080027b6   0x0000028a   Code   RO         3004    i.HAL_SD_WriteBlocks  stm32l1xx_hal_sd.o
    0x08002a40   0x00000002   Code   RO         3006    i.HAL_SD_XferCpltCallback  stm32l1xx_hal_sd.o
    0x08002a42   0x00000002   Code   RO         3007    i.HAL_SD_XferErrorCallback  stm32l1xx_hal_sd.o
    0x08002a44   0x00000002   Code   RO         2610    i.HAL_SPI_ErrorCallback  stm32l1xx_hal_spi.o
    0x08002a46   0x00000100   Code   RO         2613    i.HAL_SPI_IRQHandler  stm32l1xx_hal_spi.o
    0x08002b46   0x00000088   Code   RO         2388    i.HAL_SPI_Init      stm32l1xx_hal_spi_ex.o
    0x08002bce   0x00000002   PAD
    0x08002bd0   0x000000c8   Code   RO         3521    i.HAL_SPI_MspInit   stm32l1xx_hal_msp.o
    0x08002c98   0x0000023a   Code   RO         2617    i.HAL_SPI_Receive   stm32l1xx_hal_spi.o
    0x08002ed2   0x000001c0   Code   RO         2622    i.HAL_SPI_Transmit  stm32l1xx_hal_spi.o
    0x08003092   0x0000034c   Code   RO         2623    i.HAL_SPI_TransmitReceive  stm32l1xx_hal_spi.o
    0x080033de   0x00000028   Code   RO          756    i.HAL_SYSTICK_CLKSourceConfig  stm32l1xx_hal_cortex.o
    0x08003406   0x00000002   Code   RO          757    i.HAL_SYSTICK_Callback  stm32l1xx_hal_cortex.o
    0x08003408   0x00000034   Code   RO          758    i.HAL_SYSTICK_Config  stm32l1xx_hal_cortex.o
    0x0800343c   0x00000008   Code   RO          759    i.HAL_SYSTICK_IRQHandler  stm32l1xx_hal_cortex.o
    0x08003444   0x00000002   Code   RO         1497    i.HAL_UART_ErrorCallback  stm32l1xx_hal_uart.o
    0x08003446   0x000000da   Code   RO         1500    i.HAL_UART_IRQHandler  stm32l1xx_hal_uart.o
    0x08003520   0x00000002   Code   RO         1507    i.HAL_UART_RxCpltCallback  stm32l1xx_hal_uart.o
    0x08003522   0x00000002   Code   RO         1512    i.HAL_UART_TxCpltCallback  stm32l1xx_hal_uart.o
    0x08003524   0x0000020a   Code   RO         3729    i.LIS3DH_FIFOModeEnable  lis3dh_driver.o
    0x0800372e   0x00000016   Code   RO         3744    i.LIS3DH_GetWHO_AM_I  lis3dh_driver.o
    0x08003744   0x0000003c   Code   RO         3748    i.LIS3DH_Int1LatchEnable  lis3dh_driver.o
    0x08003780   0x00000058   Code   RO         3749    i.LIS3DH_ReadReg    lis3dh_driver.o
    0x080037d8   0x0000003c   Code   RO         3752    i.LIS3DH_SetAxis    lis3dh_driver.o
    0x08003814   0x0000003c   Code   RO         3761    i.LIS3DH_SetFullScale  lis3dh_driver.o
    0x08003850   0x0000001e   Code   RO         3764    i.LIS3DH_SetInt1Duration  lis3dh_driver.o
    0x0800386e   0x00000032   Code   RO         3765    i.LIS3DH_SetInt1Pin  lis3dh_driver.o
    0x080038a0   0x000000d4   Code   RO         3771    i.LIS3DH_SetMode    lis3dh_driver.o
    0x08003974   0x0000003c   Code   RO         3772    i.LIS3DH_SetODR     lis3dh_driver.o
    0x080039b0   0x00000040   Code   RO         3777    i.LIS3DH_SetWaterMark  lis3dh_driver.o
    0x080039f0   0x00000060   Code   RO         3778    i.LIS3DH_WriteReg   lis3dh_driver.o
    0x08003a50   0x0000001c   Code   RO         3693    i.MX_FATFS_Init     fatfs.o
    0x08003a6c   0x00000198   Code   RO         3598    i.MX_GPIO_Init      main.o
    0x08003c04   0x00000080   Code   RO         3599    i.MX_RTC_Init       main.o
    0x08003c84   0x00000024   Code   RO         3600    i.MX_SDIO_SD_Init   main.o
    0x08003ca8   0x0000003c   Code   RO         3601    i.MX_SPI1_Init      main.o
    0x08003ce4   0x00000004   Code   RO         3318    i.MemManage_Handler  stm32l1xx_it.o
    0x08003ce8   0x00000010   Code   RO          760    i.NVIC_GetPriorityGrouping  stm32l1xx_hal_cortex.o
    0x08003cf8   0x00000028   Code   RO          761    i.NVIC_SetPriority  stm32l1xx_hal_cortex.o
    0x08003d20   0x000000a8   Code   RO         2292    i.RCC_SetFlashLatencyFromMSIRange  stm32l1xx_hal_rcc.o
    0x08003dc8   0x00000016   Code   RO         2005    i.RTC_Bcd2ToByte    stm32l1xx_hal_rtc.o
    0x08003dde   0x0000001a   Code   RO         2006    i.RTC_ByteToBcd2    stm32l1xx_hal_rtc.o
    0x08003df8   0x0000003e   Code   RO         2007    i.RTC_EnterInitMode  stm32l1xx_hal_rtc.o
    0x08003e36   0x00000002   PAD
    0x08003e38   0x0000001c   Code   RO         3319    i.RTC_WKUP_IRQHandler  stm32l1xx_it.o
    0x08003e54   0x0000002c   Code   RO         2510    i.SDIO_DataConfig   stm32l1xx_ll_sdmmc.o
    0x08003e80   0x00000008   Code   RO         2511    i.SDIO_GetCommandResponse  stm32l1xx_ll_sdmmc.o
    0x08003e88   0x0000000a   Code   RO         2514    i.SDIO_GetPowerState  stm32l1xx_ll_sdmmc.o
    0x08003e92   0x00000002   PAD
    0x08003e94   0x00000018   Code   RO         2515    i.SDIO_GetResponse  stm32l1xx_ll_sdmmc.o
    0x08003eac   0x00000010   Code   RO         3320    i.SDIO_IRQHandler   stm32l1xx_it.o
    0x08003ebc   0x00000034   Code   RO         2516    i.SDIO_Init         stm32l1xx_ll_sdmmc.o
    0x08003ef0   0x0000000a   Code   RO         2518    i.SDIO_PowerState_ON  stm32l1xx_ll_sdmmc.o
    0x08003efa   0x00000008   Code   RO         2519    i.SDIO_ReadFIFO     stm32l1xx_ll_sdmmc.o
    0x08003f02   0x00000028   Code   RO         2520    i.SDIO_SendCommand  stm32l1xx_ll_sdmmc.o
    0x08003f2a   0x0000000c   Code   RO         2522    i.SDIO_WriteFIFO    stm32l1xx_ll_sdmmc.o
    0x08003f36   0x00000036   Code   RO         3008    i.SD_CmdError       stm32l1xx_hal_sd.o
    0x08003f6c   0x00000180   Code   RO         3009    i.SD_CmdResp1Error  stm32l1xx_hal_sd.o
    0x080040ec   0x00000046   Code   RO         3010    i.SD_CmdResp2Error  stm32l1xx_hal_sd.o
    0x08004132   0x00000032   Code   RO         3011    i.SD_CmdResp3Error  stm32l1xx_hal_sd.o
    0x08004164   0x000000ac   Code   RO         3012    i.SD_CmdResp6Error  stm32l1xx_hal_sd.o
    0x08004210   0x00000066   Code   RO         3013    i.SD_CmdResp7Error  stm32l1xx_hal_sd.o
    0x08004276   0x00000172   Code   RO         3018    i.SD_FindSCR        stm32l1xx_hal_sd.o
    0x080043e8   0x0000001e   Code   RO         3019    i.SD_GetState       stm32l1xx_hal_sd.o
    0x08004406   0x000000fa   Code   RO         3020    i.SD_Initialize_Cards  stm32l1xx_hal_sd.o
    0x08004500   0x000001d4   Code   RO         3021    i.SD_IsCardProgramming  stm32l1xx_hal_sd.o
    0x080046d4   0x00000164   Code   RO         3023    i.SD_PowerON        stm32l1xx_hal_sd.o
    0x08004838   0x00000038   Code   RO         3024    i.SD_Select_Deselect  stm32l1xx_hal_sd.o
    0x08004870   0x00000050   Code   RO         3025    i.SD_SendStatus     stm32l1xx_hal_sd.o
    0x080048c0   0x00000096   Code   RO         3026    i.SD_WideBus_Disable  stm32l1xx_hal_sd.o
    0x08004956   0x00000096   Code   RO         3027    i.SD_WideBus_Enable  stm32l1xx_hal_sd.o
    0x080049ec   0x00000028   Code   RO          243    i.SD_initialize     sd_diskio.o
    0x08004a14   0x0000007c   Code   RO          244    i.SD_ioctl          sd_diskio.o
    0x08004a90   0x0000002c   Code   RO          245    i.SD_read           sd_diskio.o
    0x08004abc   0x00000028   Code   RO          246    i.SD_status         sd_diskio.o
    0x08004ae4   0x0000002c   Code   RO          247    i.SD_write          sd_diskio.o
    0x08004b10   0x00000010   Code   RO         3321    i.SPI1_IRQHandler   stm32l1xx_it.o
    0x08004b20   0x00000010   Code   RO         3322    i.SPI2_IRQHandler   stm32l1xx_it.o
    0x08004b30   0x00000114   Code   RO         2644    i.SPI_WaitOnFlagUntilTimeout  stm32l1xx_hal_spi.o
    0x08004c44   0x00000018   Code   RO         3323    i.SysTick_Handler   stm32l1xx_it.o
    0x08004c5c   0x000000a8   Code   RO         3605    i.SystemClock_Config  main.o
    0x08004d04   0x00000064   Code   RO         4084    i.SystemInit        system_stm32l1xx.o
    0x08004d68   0x00000030   Code   RO         1519    i.UART_EndTransmit_IT  stm32l1xx_hal_uart.o
    0x08004d98   0x000000bc   Code   RO         1520    i.UART_Receive_IT   stm32l1xx_hal_uart.o
    0x08004e54   0x00000070   Code   RO         1522    i.UART_Transmit_IT  stm32l1xx_hal_uart.o
    0x08004ec4   0x00000010   Code   RO         3324    i.USART1_IRQHandler  stm32l1xx_it.o
    0x08004ed4   0x00000010   Code   RO         3325    i.USART2_IRQHandler  stm32l1xx_it.o
    0x08004ee4   0x00000020   Code   RO         4171    i.__0printf$1       mc_w.l(printf1.o)
    0x08004f04   0x0000000e   Code   RO         4426    i.__scatterload_copy  mc_w.l(handlers.o)
    0x08004f12   0x00000002   Code   RO         4427    i.__scatterload_null  mc_w.l(handlers.o)
    0x08004f14   0x0000000e   Code   RO         4428    i.__scatterload_zeroinit  mc_w.l(handlers.o)
    0x08004f22   0x00000002   PAD
    0x08004f24   0x00000154   Code   RO         4178    i._printf_core      mc_w.l(printf1.o)
    0x08005078   0x00000098   Code   RO          333    i.check_fs          ff.o
    0x08005110   0x00000014   Code   RO          334    i.chk_chr           ff.o
    0x08005124   0x00000090   Code   RO          335    i.chk_lock          ff.o
    0x080051b4   0x00000030   Code   RO          336    i.clear_lock        ff.o
    0x080051e4   0x00000038   Code   RO          337    i.clmt_clust        ff.o
    0x0800521c   0x00000020   Code   RO          338    i.clust2sect        ff.o
    0x0800523c   0x000000ea   Code   RO          339    i.create_chain      ff.o
    0x08005326   0x00000002   PAD
    0x08005328   0x00000120   Code   RO          340    i.create_name       ff.o
    0x08005448   0x0000004c   Code   RO          341    i.dec_lock          ff.o
    0x08005494   0x00000064   Code   RO          342    i.dir_alloc         ff.o
    0x080054f8   0x00000064   Code   RO          343    i.dir_find          ff.o
    0x0800555c   0x0000015a   Code   RO          344    i.dir_next          ff.o
    0x080056b6   0x00000046   Code   RO          346    i.dir_register      ff.o
    0x080056fc   0x000000c8   Code   RO          348    i.dir_sdi           ff.o
    0x080057c4   0x0000002c   Code   RO           13    i.disk_initialize   diskio.o
    0x080057f0   0x00000028   Code   RO           14    i.disk_ioctl        diskio.o
    0x08005818   0x00000030   Code   RO           15    i.disk_read         diskio.o
    0x08005848   0x0000001c   Code   RO           16    i.disk_status       diskio.o
    0x08005864   0x00000030   Code   RO           17    i.disk_write        diskio.o
    0x08005894   0x00000028   Code   RO          349    i.enq_lock          ff.o
    0x080058bc   0x0000002e   Code   RO          351    i.f_close           ff.o
    0x080058ea   0x00000002   PAD
    0x080058ec   0x00000644   Code   RO          357    i.f_mkfs            ff.o
    0x08005f30   0x00000064   Code   RO          358    i.f_mount           ff.o
    0x08005f94   0x000001be   Code   RO          359    i.f_open            ff.o
    0x08006152   0x00000204   Code   RO          364    i.f_read            ff.o
    0x08006356   0x000000ca   Code   RO          368    i.f_sync            ff.o
    0x08006420   0x00000256   Code   RO          372    i.f_write           ff.o
    0x08006676   0x00000002   PAD
    0x08006678   0x000003dc   Code   RO          373    i.find_volume       ff.o
    0x08006a54   0x0000009c   Code   RO          374    i.follow_path       ff.o
    0x08006af0   0x00000024   Code   RO         3606    i.fputc             main.o
    0x08006b14   0x000000ee   Code   RO          375    i.get_fat           ff.o
    0x08006c02   0x00000004   Code   RO         3694    i.get_fattime       fatfs.o
    0x08006c06   0x00000048   Code   RO          377    i.get_ldnumber      ff.o
    0x08006c4e   0x00000002   PAD
    0x08006c50   0x000000e8   Code   RO          378    i.inc_lock          ff.o
    0x08006d38   0x00000022   Code   RO          379    i.ld_clust          ff.o
    0x08006d5a   0x00000002   PAD
    0x08006d5c   0x0000024c   Code   RO         3607    i.main              main.o
    0x08006fa8   0x00000026   Code   RO          380    i.mem_cmp           ff.o
    0x08006fce   0x0000001a   Code   RO          381    i.mem_cpy           ff.o
    0x08006fe8   0x00000014   Code   RO          382    i.mem_set           ff.o
    0x08006ffc   0x00000038   Code   RO          383    i.move_window       ff.o
    0x08007034   0x00000146   Code   RO          384    i.put_fat           ff.o
    0x0800717a   0x0000007a   Code   RO          386    i.remove_chain      ff.o
    0x080071f4   0x00000010   Code   RO          387    i.st_clust          ff.o
    0x08007204   0x000000f4   Code   RO          388    i.sync_fs           ff.o
    0x080072f8   0x00000060   Code   RO          389    i.sync_window       ff.o
    0x08007358   0x00000042   Code   RO          390    i.validate          ff.o
    0x0800739a   0x00000002   PAD
    0x0800739c   0x00000014   Data   RO          248    .constdata          sd_diskio.o
    0x080073b0   0x000000ac   Data   RO          392    .constdata          ff.o
    0x0800745c   0x0000001d   Data   RO         2293    .constdata          stm32l1xx_hal_rcc.o
    0x08007479   0x0000000d   Data   RO         3609    .constdata          main.o
    0x08007486   0x00000002   PAD
    0x08007488   0x00000020   Data   RO         4424    Region$$Table       anon$$obj.o


    Execution Region RW_IRAM1 (Base: 0x20000000, Size: 0x00000b10, Max: 0x0000c000, ABSOLUTE)

    Base Addr    Size         Type   Attr      Idx    E Section Name        Object

    0x20000000   0x00000001   Data   RW          249    .data               sd_diskio.o
    0x20000001   0x00000003   PAD
    0x20000004   0x00000006   Data   RW          393    .data               ff.o
    0x2000000a   0x00000002   PAD
    0x2000000c   0x00000004   Data   RW          891    .data               stm32l1xx_hal.o
    0x20000010   0x00000010   Data   RW         3610    .data               main.o
    0x20000020   0x00000005   Data   RW         3695    .data               fatfs.o
    0x20000025   0x00000001   Data   RW         3779    .data               lis3dh_driver.o
    0x20000026   0x00000002   PAD
    0x20000028   0x00000004   Data   RW         4086    .data               system_stm32l1xx.o
    0x2000002c   0x0000000c   Zero   RW          197    .bss                ff_gen_drv.o
    0x20000038   0x00000018   Zero   RW          391    .bss                ff.o
    0x20000050   0x000006bc   Zero   RW         3608    .bss                main.o
    0x2000070c   0x00000004   PAD
    0x20000710   0x00000400   Zero   RW            1    STACK               startup_stm32l151xd.o


==============================================================================

Image component sizes


      Code (inc. data)   RO Data    RW Data    ZI Data      Debug   Object Name

       204         34          0          0          0       3468   bsp_driver_sd.o
       208         24          0          0          0     347625   diskio.o
        32         12          0          5          0       1174   fatfs.o
      8148        140        172          6         24      32547   ff.o
       184         12          0          0         12       2679   ff_gen_drv.o
      1324         22          0          1          0       7808   lis3dh_driver.o
      1424        278         13         16       1724      15606   main.o
       292         18         20          1          0       3980   sd_diskio.o
        36          8        292          0       1024        752   startup_stm32l151xd.o
       132         16          0          4          0       3721   stm32l1xx_hal.o
       380          0          0          0          0       2739   stm32l1xx_hal_adc.o
         2          0          0          0          0       1417   stm32l1xx_hal_adc_ex.o
       348         22          0          0          0      28577   stm32l1xx_hal_cortex.o
       512         42          0          0          0       2677   stm32l1xx_hal_gpio.o
       520         52          0          0          0       2575   stm32l1xx_hal_msp.o
        28          6          0          0          0        507   stm32l1xx_hal_pwr.o
        16          6          0          0          0        492   stm32l1xx_hal_pwr_ex.o
      4220         90         29          0          0       5781   stm32l1xx_hal_rcc.o
       368         12          0          0          0       1212   stm32l1xx_hal_rcc_ex.o
       854         14          0          0          0       4453   stm32l1xx_hal_rtc.o
       578         12          0          0          0       3776   stm32l1xx_hal_rtc_ex.o
      5204         16          0          0          0      23120   stm32l1xx_hal_sd.o
      2396          0          0          0          0       6008   stm32l1xx_hal_spi.o
       136          0          0          0          0        955   stm32l1xx_hal_spi_ex.o
       572          0          0          0          0       4571   stm32l1xx_hal_uart.o
       152         48          0          0          0       3612   stm32l1xx_it.o
       208          4          0          0          0       5469   stm32l1xx_ll_sdmmc.o
       100         18          0          4          0       1225   system_stm32l1xx.o

    ----------------------------------------------------------------------
     28612        906        560         44       2788     518526   Object Totals
         0          0         32          0          0          0   (incl. Generated)
        34          0          2          7          4          0   (incl. Padding)

    ----------------------------------------------------------------------

      Code (inc. data)   RO Data    RW Data    ZI Data      Debug   Library Member Name

         0          0          0          0          0          0   entry.o
         0          0          0          0          0          0   entry10a.o
         0          0          0          0          0          0   entry11a.o
         8          4          0          0          0          0   entry2.o
         4          0          0          0          0          0   entry5.o
         0          0          0          0          0          0   entry7b.o
         0          0          0          0          0          0   entry8b.o
         8          4          0          0          0          0   entry9a.o
        30          0          0          0          0          0   handlers.o
        36          8          0          0          0         68   init.o
        30          0          0          0          0         68   llshl.o
        32          0          0          0          0         68   llushr.o
       372         14          0          0          0        184   printf1.o
        28          0          0          0          0         76   strcmp.o
        44          0          0          0          0         80   uidiv.o
        98          0          0          0          0         92   uldiv.o

    ----------------------------------------------------------------------
       692         30          0          0          0        636   Library Totals
         2          0          0          0          0          0   (incl. Padding)

    ----------------------------------------------------------------------

      Code (inc. data)   RO Data    RW Data    ZI Data      Debug   Library Name

       690         30          0          0          0        636   mc_w.l

    ----------------------------------------------------------------------
       692         30          0          0          0        636   Library Totals

    ----------------------------------------------------------------------

==============================================================================


      Code (inc. data)   RO Data    RW Data    ZI Data      Debug   

     29304        936        560         44       2788     509850   Grand Totals
     29304        936        560         44       2788     509850   ELF Image Totals
     29304        936        560         44          0          0   ROM Totals

==============================================================================

    Total RO  Size (Code + RO Data)                29864 (  29.16kB)
    Total RW  Size (RW Data + ZI Data)              2832 (   2.77kB)
    Total ROM Size (Code + RO Data + RW Data)      29908 (  29.21kB)

==============================================================================

