Component: ARM Compiler 5.06 (build 20) Tool: armlink [4d35a3]

==============================================================================

Section Cross References

    startup_stm32l151xd.o(RESET) refers to startup_stm32l151xd.o(STACK) for __initial_sp
    startup_stm32l151xd.o(RESET) refers to startup_stm32l151xd.o(.text) for Reset_Handler
    startup_stm32l151xd.o(RESET) refers to stm32l1xx_it.o(i.SysTick_Handler) for SysTick_Handler
    startup_stm32l151xd.o(RESET) refers to stm32l1xx_it.o(i.ADC1_IRQHandler) for ADC1_IRQHandler
    startup_stm32l151xd.o(RESET) refers to stm32l1xx_it.o(i.SPI1_IRQHandler) for SPI1_IRQHandler
    startup_stm32l151xd.o(RESET) refers to stm32l1xx_it.o(i.SPI2_IRQHandler) for SPI2_IRQHandler
    startup_stm32l151xd.o(RESET) refers to stm32l1xx_it.o(i.USART1_IRQHandler) for USART1_IRQHandler
    startup_stm32l151xd.o(RESET) refers to stm32l1xx_it.o(i.USART2_IRQHandler) for USART2_IRQHandler
    startup_stm32l151xd.o(RESET) refers to stm32l1xx_it.o(i.SDIO_IRQHandler) for SDIO_IRQHandler
    startup_stm32l151xd.o(.text) refers to system_stm32l1xx.o(i.SystemInit) for SystemInit
    startup_stm32l151xd.o(.text) refers to entry.o(.ARM.Collect$$$$00000000) for __main
    diskio.o(i.disk_initialize) refers to ff_gen_drv.o(.bss) for disk
    diskio.o(i.disk_ioctl) refers to ff_gen_drv.o(.bss) for disk
    diskio.o(i.disk_read) refers to ff_gen_drv.o(.bss) for disk
    diskio.o(i.disk_status) refers to ff_gen_drv.o(.bss) for disk
    diskio.o(i.disk_write) refers to ff_gen_drv.o(.bss) for disk
    ff_gen_drv.o(i.FATFS_GetAttachedDriversNbr) refers to ff_gen_drv.o(.bss) for .bss
    ff_gen_drv.o(i.FATFS_LinkDriver) refers to ff_gen_drv.o(i.FATFS_LinkDriverEx) for FATFS_LinkDriverEx
    ff_gen_drv.o(i.FATFS_LinkDriverEx) refers to ff_gen_drv.o(.bss) for .bss
    ff_gen_drv.o(i.FATFS_UnLinkDriver) refers to ff_gen_drv.o(i.FATFS_UnLinkDriverEx) for FATFS_UnLinkDriverEx
    ff_gen_drv.o(i.FATFS_UnLinkDriverEx) refers to ff_gen_drv.o(.bss) for .bss
    sd_diskio.o(i.SD_initialize) refers to bsp_driver_sd.o(i.BSP_SD_Init) for BSP_SD_Init
    sd_diskio.o(i.SD_initialize) refers to sd_diskio.o(.data) for .data
    sd_diskio.o(i.SD_ioctl) refers to bsp_driver_sd.o(i.BSP_SD_GetCardInfo) for BSP_SD_GetCardInfo
    sd_diskio.o(i.SD_ioctl) refers to sd_diskio.o(.data) for .data
    sd_diskio.o(i.SD_read) refers to bsp_driver_sd.o(i.BSP_SD_ReadBlocks) for BSP_SD_ReadBlocks
    sd_diskio.o(i.SD_status) refers to bsp_driver_sd.o(i.BSP_SD_GetStatus) for BSP_SD_GetStatus
    sd_diskio.o(i.SD_status) refers to sd_diskio.o(.data) for .data
    sd_diskio.o(i.SD_write) refers to bsp_driver_sd.o(i.BSP_SD_WriteBlocks) for BSP_SD_WriteBlocks
    sd_diskio.o(.constdata) refers to sd_diskio.o(i.SD_initialize) for SD_initialize
    sd_diskio.o(.constdata) refers to sd_diskio.o(i.SD_status) for SD_status
    sd_diskio.o(.constdata) refers to sd_diskio.o(i.SD_read) for SD_read
    sd_diskio.o(.constdata) refers to sd_diskio.o(i.SD_write) for SD_write
    sd_diskio.o(.constdata) refers to sd_diskio.o(i.SD_ioctl) for SD_ioctl
    ff.o(i.check_fs) refers to ff.o(i.move_window) for move_window
    ff.o(i.chk_lock) refers to ff.o(.bss) for .bss
    ff.o(i.clear_lock) refers to ff.o(.bss) for .bss
    ff.o(i.create_chain) refers to ff.o(i.get_fat) for get_fat
    ff.o(i.create_chain) refers to ff.o(i.put_fat) for put_fat
    ff.o(i.create_name) refers to ff.o(i.mem_set) for mem_set
    ff.o(i.create_name) refers to ff.o(.constdata) for .constdata
    ff.o(i.dec_lock) refers to ff.o(.bss) for .bss
    ff.o(i.dir_next) refers to ff.o(i.get_fat) for get_fat
    ff.o(i.dir_next) refers to ff.o(i.create_chain) for create_chain
    ff.o(i.dir_next) refers to ff.o(i.sync_window) for sync_window
    ff.o(i.dir_next) refers to ff.o(i.mem_set) for mem_set
    ff.o(i.dir_next) refers to ff.o(i.clust2sect) for clust2sect
    ff.o(i.dir_read) refers to ff.o(i.move_window) for move_window
    ff.o(i.dir_read) refers to ff.o(i.dir_next) for dir_next
    ff.o(i.dir_register) refers to ff.o(i.dir_sdi) for dir_sdi
    ff.o(i.dir_register) refers to ff.o(i.move_window) for move_window
    ff.o(i.dir_register) refers to ff.o(i.dir_next) for dir_next
    ff.o(i.dir_register) refers to ff.o(i.mem_set) for mem_set
    ff.o(i.dir_register) refers to ff.o(i.mem_cpy) for mem_cpy
    ff.o(i.dir_remove) refers to ff.o(i.dir_sdi) for dir_sdi
    ff.o(i.dir_remove) refers to ff.o(i.move_window) for move_window
    ff.o(i.dir_remove) refers to ff.o(i.mem_set) for mem_set
    ff.o(i.dir_sdi) refers to ff.o(i.get_fat) for get_fat
    ff.o(i.dir_sdi) refers to ff.o(i.clust2sect) for clust2sect
    ff.o(i.f_chmod) refers to ff.o(i.find_volume) for find_volume
    ff.o(i.f_chmod) refers to ff.o(i.follow_path) for follow_path
    ff.o(i.f_chmod) refers to ff.o(i.sync_fs) for sync_fs
    ff.o(i.f_close) refers to ff.o(i.f_sync) for f_sync
    ff.o(i.f_close) refers to ff.o(i.validate) for validate
[...]
    Removing stm32l1xx_hal_pwr_ex.o(.rrx_text), (6 bytes).
    Removing stm32l1xx_hal_pwr_ex.o(i.HAL_PWREx_DisableFastWakeUp), (28 bytes).
    Removing stm32l1xx_hal_pwr_ex.o(i.HAL_PWREx_DisableLowPowerRunMode), (40 bytes).
    Removing stm32l1xx_hal_pwr_ex.o(i.HAL_PWREx_DisableUltraLowPower), (28 bytes).
    Removing stm32l1xx_hal_pwr_ex.o(i.HAL_PWREx_EnableFastWakeUp), (24 bytes).
    Removing stm32l1xx_hal_pwr_ex.o(i.HAL_PWREx_EnableLowPowerRunMode), (36 bytes).
    Removing stm32l1xx_hal_pwr_ex.o(i.HAL_PWREx_EnableUltraLowPower), (24 bytes).
    Removing stm32l1xx_hal_rtc_ex.o(.rev16_text), (4 bytes).
    Removing stm32l1xx_hal_rtc_ex.o(.revsh_text), (4 bytes).
    Removing stm32l1xx_hal_rtc_ex.o(.rrx_text), (6 bytes).
    Removing stm32l1xx_hal_dma.o(.rev16_text), (4 bytes).
    Removing stm32l1xx_hal_dma.o(.revsh_text), (4 bytes).
    Removing stm32l1xx_hal_dma.o(.rrx_text), (6 bytes).
    Removing stm32l1xx_hal_dma.o(i.DMA_SetConfig), (30 bytes).
    Removing stm32l1xx_hal_dma.o(i.HAL_DMA_Abort), (86 bytes).
    Removing stm32l1xx_hal_dma.o(i.HAL_DMA_DeInit), (684 bytes).
    Removing stm32l1xx_hal_dma.o(i.HAL_DMA_GetError), (4 bytes).
    Removing stm32l1xx_hal_dma.o(i.HAL_DMA_GetState), (6 bytes).
    Removing stm32l1xx_hal_dma.o(i.HAL_DMA_IRQHandler), (1208 bytes).
    Removing stm32l1xx_hal_dma.o(i.HAL_DMA_Init), (80 bytes).
    Removing stm32l1xx_hal_dma.o(i.HAL_DMA_PollForTransfer), (1156 bytes).
    Removing stm32l1xx_hal_dma.o(i.HAL_DMA_Start), (58 bytes).
    Removing stm32l1xx_hal_dma.o(i.HAL_DMA_Start_IT), (88 bytes).
    Removing stm32l1xx_hal_uart.o(.rev16_text), (4 bytes).
    Removing stm32l1xx_hal_uart.o(.revsh_text), (4 bytes).
    Removing stm32l1xx_hal_uart.o(.rrx_text), (6 bytes).
    Removing stm32l1xx_hal_uart.o(i.HAL_HalfDuplex_EnableReceiver), (46 bytes).
    Removing stm32l1xx_hal_uart.o(i.HAL_HalfDuplex_EnableTransmitter), (48 bytes).
    Removing stm32l1xx_hal_uart.o(i.HAL_HalfDuplex_Init), (104 bytes).
    Removing stm32l1xx_hal_uart.o(i.HAL_LIN_Init), (118 bytes).
    Removing stm32l1xx_hal_uart.o(i.HAL_LIN_SendBreak), (44 bytes).
    Removing stm32l1xx_hal_uart.o(i.HAL_MultiProcessor_EnterMuteMode), (44 bytes).
    Removing stm32l1xx_hal_uart.o(i.HAL_MultiProcessor_ExitMuteMode), (44 bytes).
    Removing stm32l1xx_hal_uart.o(i.HAL_MultiProcessor_Init), (126 bytes).
    Removing stm32l1xx_hal_uart.o(i.HAL_UART_DMAPause), (90 bytes).
    Removing stm32l1xx_hal_uart.o(i.HAL_UART_DMAResume), (104 bytes).
    Removing stm32l1xx_hal_uart.o(i.HAL_UART_DMAStop), (40 bytes).
    Removing stm32l1xx_hal_uart.o(i.HAL_UART_DeInit), (60 bytes).
    Removing stm32l1xx_hal_uart.o(i.HAL_UART_GetError), (4 bytes).
    Removing stm32l1xx_hal_uart.o(i.HAL_UART_GetState), (6 bytes).
    Removing stm32l1xx_hal_uart.o(i.HAL_UART_Init), (94 bytes).
    Removing stm32l1xx_hal_uart.o(i.HAL_UART_MspDeInit), (2 bytes).
    Removing stm32l1xx_hal_uart.o(i.HAL_UART_MspInit), (2 bytes).
    Removing stm32l1xx_hal_uart.o(i.HAL_UART_Receive), (204 bytes).
    Removing stm32l1xx_hal_uart.o(i.HAL_UART_Receive_DMA), (136 bytes).
    Removing stm32l1xx_hal_uart.o(i.HAL_UART_Receive_IT), (106 bytes).
    Removing stm32l1xx_hal_uart.o(i.HAL_UART_RxHalfCpltCallback), (2 bytes).
    Removing stm32l1xx_hal_uart.o(i.HAL_UART_Transmit), (204 bytes).
    Removing stm32l1xx_hal_uart.o(i.HAL_UART_Transmit_DMA), (144 bytes).
    Removing stm32l1xx_hal_uart.o(i.HAL_UART_Transmit_IT), (86 bytes).
    Removing stm32l1xx_hal_uart.o(i.HAL_UART_TxHalfCpltCallback), (2 bytes).
    Removing stm32l1xx_hal_uart.o(i.UART_DMAError), (30 bytes).
    Removing stm32l1xx_hal_uart.o(i.UART_DMAReceiveCplt), (54 bytes).
    Removing stm32l1xx_hal_uart.o(i.UART_DMARxHalfCplt), (10 bytes).
    Removing stm32l1xx_hal_uart.o(i.UART_DMATransmitCplt), (46 bytes).
    Removing stm32l1xx_hal_uart.o(i.UART_DMATxHalfCplt), (10 bytes).
    Removing stm32l1xx_hal_uart.o(i.UART_SetConfig), (360 bytes).
    Removing stm32l1xx_hal_uart.o(i.UART_WaitOnFlagUntilTimeout), (146 bytes).
    Removing stm32l1xx_hal_flash_ex.o(.rev16_text), (4 bytes).
    Removing stm32l1xx_hal_flash_ex.o(.revsh_text), (4 bytes).
    Removing stm32l1xx_hal_flash_ex.o(.rrx_text), (6 bytes).
    Removing stm32l1xx_hal_flash_ex.o(i.FLASH_OB_WRPConfig), (196 bytes).
    Removing stm32l1xx_hal_flash_ex.o(i.FLASH_PageErase), (40 bytes).
    Removing stm32l1xx_hal_flash_ex.o(i.HAL_FLASHEx_AdvOBGetConfig), (24 bytes).
    Removing stm32l1xx_hal_flash_ex.o(i.HAL_FLASHEx_AdvOBProgram), (76 bytes).
    Removing stm32l1xx_hal_flash_ex.o(i.HAL_FLASHEx_DATAEEPROM_DisableFixedTimeProgram), (16 bytes).
    Removing stm32l1xx_hal_flash_ex.o(i.HAL_FLASHEx_DATAEEPROM_EnableFixedTimeProgram), (16 bytes).
    Removing stm32l1xx_hal_flash_ex.o(i.HAL_FLASHEx_DATAEEPROM_Erase), (52 bytes).
    Removing stm32l1xx_hal_flash_ex.o(i.HAL_FLASHEx_DATAEEPROM_Lock), (20 bytes).
    Removing stm32l1xx_hal_flash_ex.o(i.HAL_FLASHEx_DATAEEPROM_Program), (220 bytes).
    Removing stm32l1xx_hal_flash_ex.o(i.HAL_FLASHEx_DATAEEPROM_Unlock), (40 bytes).
    Removing stm32l1xx_hal_flash_ex.o(i.HAL_FLASHEx_Erase), (128 bytes).
    Removing stm32l1xx_hal_flash_ex.o(i.HAL_FLASHEx_Erase_IT), (68 bytes).
    Removing stm32l1xx_hal_flash_ex.o(i.HAL_FLASHEx_OBGetConfig), (84 bytes).
    Removing stm32l1xx_hal_flash_ex.o(i.HAL_FLASHEx_OBProgram), (268 bytes).
    Removing stm32l1xx_hal_rcc_ex.o(.rev16_text), (4 bytes).
    Removing stm32l1xx_hal_rcc_ex.o(.revsh_text), (4 bytes).
    Removing stm32l1xx_hal_rcc_ex.o(.rrx_text), (6 bytes).
    Removing stm32l1xx_hal_rcc_ex.o(i.HAL_RCCEx_DisableLSECSS), (44 bytes).
    Removing stm32l1xx_hal_rcc_ex.o(i.HAL_RCCEx_EnableLSECSS), (28 bytes).
    Removing stm32l1xx_hal_rcc_ex.o(i.HAL_RCCEx_EnableLSECSS_IT), (68 bytes).
    Removing stm32l1xx_hal_rcc_ex.o(i.HAL_RCCEx_GetPeriphCLKConfig), (44 bytes).
    Removing stm32l1xx_hal_rcc_ex.o(i.HAL_RCCEx_GetPeriphCLKFreq), (124 bytes).
    Removing stm32l1xx_hal_rcc_ex.o(i.HAL_RCCEx_LSECSS_Callback), (2 bytes).
    Removing stm32l1xx_hal_rcc_ex.o(i.HAL_RCCEx_LSECSS_IRQHandler), (28 bytes).
    Removing stm32l1xx_hal_rcc_ex.o(i.HAL_RCCEx_PeriphCLKConfig), (292 bytes).
    Removing stm32l1xx_hal_tim_ex.o(.rev16_text), (4 bytes).
    Removing stm32l1xx_hal_tim_ex.o(.revsh_text), (4 bytes).
    Removing stm32l1xx_hal_tim_ex.o(.rrx_text), (6 bytes).
    Removing stm32l1xx_hal_rtc.o(.rev16_text), (4 bytes).
    Removing stm32l1xx_hal_rtc.o(.revsh_text), (4 bytes).
    Removing stm32l1xx_hal_rtc.o(.rrx_text), (6 bytes).
    Removing stm32l1xx_hal_adc.o(.rev16_text), (4 bytes).
    Removing stm32l1xx_hal_adc.o(.revsh_text), (4 bytes).
    Removing stm32l1xx_hal_adc.o(.rrx_text), (6 bytes).
    Removing stm32l1xx_hal_adc.o(i.ADC_ConversionStop_Disable), (76 bytes).
    Removing stm32l1xx_hal_adc.o(i.ADC_DMAConvCplt), (98 bytes).
    Removing stm32l1xx_hal_adc.o(i.ADC_DMAError), (26 bytes).
    Removing stm32l1xx_hal_adc.o(i.ADC_DMAHalfConvCplt), (10 bytes).
    Removing stm32l1xx_hal_adc.o(i.ADC_Enable), (116 bytes).
    Removing stm32l1xx_hal_adc.o(i.HAL_ADC_AnalogWDGConfig), (92 bytes).
    Removing stm32l1xx_hal_adc.o(i.HAL_ADC_ConfigChannel), (348 bytes).
    Removing stm32l1xx_hal_adc.o(i.HAL_ADC_ConvHalfCpltCallback), (2 bytes).
    Removing stm32l1xx_hal_adc.o(i.HAL_ADC_DeInit), (264 bytes).
    Removing stm32l1xx_hal_adc.o(i.HAL_ADC_GetError), (4 bytes).
    Removing stm32l1xx_hal_adc.o(i.HAL_ADC_GetState), (4 bytes).
    Removing stm32l1xx_hal_adc.o(i.HAL_ADC_GetValue), (6 bytes).
    Removing stm32l1xx_hal_adc.o(i.HAL_ADC_Init), (404 bytes).
    Removing stm32l1xx_hal_adc.o(i.HAL_ADC_MspDeInit), (2 bytes).
    Removing stm32l1xx_hal_adc.o(i.HAL_ADC_MspInit), (2 bytes).
    Removing stm32l1xx_hal_adc.o(i.HAL_ADC_PollForConversion), (166 bytes).
    Removing stm32l1xx_hal_adc.o(i.HAL_ADC_PollForEvent), (108 bytes).
    Removing stm32l1xx_hal_adc.o(i.HAL_ADC_Start), (118 bytes).
    Removing stm32l1xx_hal_adc.o(i.HAL_ADC_Start_DMA), (196 bytes).
    Removing stm32l1xx_hal_adc.o(i.HAL_ADC_Start_IT), (132 bytes).
    Removing stm32l1xx_hal_adc.o(i.HAL_ADC_Stop), (52 bytes).
    Removing stm32l1xx_hal_adc.o(i.HAL_ADC_Stop_DMA), (86 bytes).
    Removing stm32l1xx_hal_adc.o(i.HAL_ADC_Stop_IT), (62 bytes).
    Removing stm32l1xx_hal_rcc.o(.rev16_text), (4 bytes).
    Removing stm32l1xx_hal_rcc.o(.revsh_text), (4 bytes).
    Removing stm32l1xx_hal_rcc.o(.rrx_text), (6 bytes).
    Removing stm32l1xx_hal_rcc.o(i.HAL_RCC_CSSCallback), (2 bytes).
    Removing stm32l1xx_hal_rcc.o(i.HAL_RCC_DeInit), (96 bytes).
    Removing stm32l1xx_hal_rcc.o(i.HAL_RCC_DisableCSS), (28 bytes).
    Removing stm32l1xx_hal_rcc.o(i.HAL_RCC_EnableCSS), (24 bytes).
    Removing stm32l1xx_hal_rcc.o(i.HAL_RCC_GetClockConfig), (64 bytes).
    Removing stm32l1xx_hal_rcc.o(i.HAL_RCC_GetOscConfig), (208 bytes).
    Removing stm32l1xx_hal_rcc.o(i.HAL_RCC_GetPCLK1Freq), (44 bytes).
    Removing stm32l1xx_hal_rcc.o(i.HAL_RCC_GetPCLK2Freq), (44 bytes).
    Removing stm32l1xx_hal_rcc.o(i.HAL_RCC_MCOConfig), (92 bytes).
    Removing stm32l1xx_hal_rcc.o(i.HAL_RCC_NMI_IRQHandler), (28 bytes).
    Removing stm32l1xx_hal_spi_ex.o(.rev16_text), (4 bytes).
    Removing stm32l1xx_hal_spi_ex.o(.revsh_text), (4 bytes).
    Removing stm32l1xx_hal_spi_ex.o(.rrx_text), (6 bytes).
    Removing stm32l1xx_hal_spi_ex.o(i.HAL_SPI_Init), (132 bytes).
    Removing stm32l1xx_hal_flash.o(.rev16_text), (4 bytes).
    Removing stm32l1xx_hal_flash.o(.revsh_text), (4 bytes).
    Removing stm32l1xx_hal_flash.o(.rrx_text), (6 bytes).
    Removing stm32l1xx_hal_flash.o(i.FLASH_SetErrorCode), (88 bytes).
    Removing stm32l1xx_hal_flash.o(i.FLASH_WaitForLastOperation), (92 bytes).
    Removing stm32l1xx_hal_flash.o(i.HAL_FLASH_EndOfOperationCallback), (2 bytes).
    Removing stm32l1xx_hal_flash.o(i.HAL_FLASH_GetError), (12 bytes).
    Removing stm32l1xx_hal_flash.o(i.HAL_FLASH_IRQHandler), (220 bytes).
    Removing stm32l1xx_hal_flash.o(i.HAL_FLASH_Lock), (20 bytes).
    Removing stm32l1xx_hal_flash.o(i.HAL_FLASH_OB_Launch), (24 bytes).
    Removing stm32l1xx_hal_flash.o(i.HAL_FLASH_OB_Lock), (20 bytes).
    Removing stm32l1xx_hal_flash.o(i.HAL_FLASH_OB_Unlock), (68 bytes).
    Removing stm32l1xx_hal_flash.o(i.HAL_FLASH_OperationErrorCallback), (2 bytes).
    Removing stm32l1xx_hal_flash.o(i.HAL_FLASH_Program), (60 bytes).
    Removing stm32l1xx_hal_flash.o(i.HAL_FLASH_Program_IT), (60 bytes).
    Removing stm32l1xx_hal_flash.o(i.HAL_FLASH_Unlock), (68 bytes).
    Removing stm32l1xx_hal_flash.o(.bss), (24 bytes).
    Removing stm32l1xx_ll_sdmmc.o(.rev16_text), (4 bytes).
    Removing stm32l1xx_ll_sdmmc.o(.revsh_text), (4 bytes).
    Removing stm32l1xx_ll_sdmmc.o(.rrx_text), (6 bytes).
    Removing stm32l1xx_ll_sdmmc.o(i.SDIO_GetDataCounter), (4 bytes).
    Removing stm32l1xx_ll_sdmmc.o(i.SDIO_GetFIFOCount), (6 bytes).
    Removing stm32l1xx_ll_sdmmc.o(i.SDIO_PowerState_OFF), (8 bytes).
    Removing stm32l1xx_ll_sdmmc.o(i.SDIO_SetSDIOReadWaitMode), (12 bytes).
    Removing stm32l1xx_hal_spi.o(.rev16_text), (4 bytes).
    Removing stm32l1xx_hal_spi.o(.revsh_text), (4 bytes).
    Removing stm32l1xx_hal_spi.o(.rrx_text), (6 bytes).
    Removing stm32l1xx_hal_spi.o(i.HAL_SPI_DMAPause), (48 bytes).
    Removing stm32l1xx_hal_spi.o(i.HAL_SPI_DMAResume), (48 bytes).
    Removing stm32l1xx_hal_spi.o(i.HAL_SPI_DMAStop), (50 bytes).
    Removing stm32l1xx_hal_spi.o(i.HAL_SPI_DeInit), (40 bytes).
    Removing stm32l1xx_hal_spi.o(i.HAL_SPI_GetError), (4 bytes).
    Removing stm32l1xx_hal_spi.o(i.HAL_SPI_GetState), (6 bytes).
    Removing stm32l1xx_hal_spi.o(i.HAL_SPI_Init), (4 bytes).
    Removing stm32l1xx_hal_spi.o(i.HAL_SPI_MspDeInit), (2 bytes).
    Removing stm32l1xx_hal_spi.o(i.HAL_SPI_MspInit), (2 bytes).
    Removing stm32l1xx_hal_spi.o(i.HAL_SPI_Receive), (472 bytes).
    Removing stm32l1xx_hal_spi.o(i.HAL_SPI_Receive_DMA), (224 bytes).
    Removing stm32l1xx_hal_spi.o(i.HAL_SPI_Receive_IT), (180 bytes).
    Removing stm32l1xx_hal_spi.o(i.HAL_SPI_RxCpltCallback), (2 bytes).
    Removing stm32l1xx_hal_spi.o(i.HAL_SPI_RxHalfCpltCallback), (2 bytes).
    Removing stm32l1xx_hal_spi.o(i.HAL_SPI_Transmit), (326 bytes).
    Removing stm32l1xx_hal_spi.o(i.HAL_SPI_TransmitReceive), (690 bytes).
    Removing stm32l1xx_hal_spi.o(i.HAL_SPI_TransmitReceive_DMA), (272 bytes).
    Removing stm32l1xx_hal_spi.o(i.HAL_SPI_TransmitReceive_IT), (172 bytes).
    Removing stm32l1xx_hal_spi.o(i.HAL_SPI_Transmit_DMA), (192 bytes).
    Removing stm32l1xx_hal_spi.o(i.HAL_SPI_Transmit_IT), (164 bytes).
    Removing stm32l1xx_hal_spi.o(i.HAL_SPI_TxCpltCallback), (2 bytes).
    Removing stm32l1xx_hal_spi.o(i.HAL_SPI_TxHalfCpltCallback), (2 bytes).
    Removing stm32l1xx_hal_spi.o(i.HAL_SPI_TxRxCpltCallback), (2 bytes).
    Removing stm32l1xx_hal_spi.o(i.HAL_SPI_TxRxHalfCpltCallback), (2 bytes).
    Removing stm32l1xx_hal_spi.o(i.SPI_2LinesRxISR), (44 bytes).
    Removing stm32l1xx_hal_spi.o(i.SPI_DMAError), (30 bytes).
    Removing stm32l1xx_hal_spi.o(i.SPI_DMAHalfReceiveCplt), (10 bytes).
    Removing stm32l1xx_hal_spi.o(i.SPI_DMAHalfTransmitCplt), (10 bytes).
    Removing stm32l1xx_hal_spi.o(i.SPI_DMAHalfTransmitReceiveCplt), (10 bytes).
    Removing stm32l1xx_hal_spi.o(i.SPI_DMAReceiveCplt), (186 bytes).
    Removing stm32l1xx_hal_spi.o(i.SPI_DMATransmitCplt), (108 bytes).
    Removing stm32l1xx_hal_spi.o(i.SPI_DMATransmitReceiveCplt), (190 bytes).
    Removing stm32l1xx_hal_spi.o(i.SPI_RxCloseIRQHandler), (214 bytes).
    Removing stm32l1xx_hal_spi.o(i.SPI_RxISR), (70 bytes).
    Removing stm32l1xx_hal_spi.o(i.SPI_TxCloseIRQHandler), (130 bytes).
    Removing stm32l1xx_hal_spi.o(i.SPI_TxISR), (66 bytes).
    Removing stm32l1xx_hal_spi.o(i.SPI_WaitOnFlagUntilTimeout), (158 bytes).
    Removing stm32l1xx_hal_tim.o(.rev16_text), (4 bytes).
    Removing stm32l1xx_hal_tim.o(.revsh_text), (4 bytes).
    Removing stm32l1xx_hal_tim.o(.rrx_text), (6 bytes).
    Removing stm32l1xx_hal_pwr.o(.rev16_text), (4 bytes).
    Removing stm32l1xx_hal_pwr.o(.revsh_text), (4 bytes).
    Removing stm32l1xx_hal_pwr.o(.rrx_text), (6 bytes).
    Removing stm32l1xx_hal_pwr.o(i.HAL_PWR_ConfigPVD), (124 bytes).
    Removing stm32l1xx_hal_pwr.o(i.HAL_PWR_DeInit), (24 bytes).
    Removing stm32l1xx_hal_pwr.o(i.HAL_PWR_DisableBkUpAccess), (28 bytes).
    Removing stm32l1xx_hal_pwr.o(i.HAL_PWR_DisablePVD), (24 bytes).
    Removing stm32l1xx_hal_pwr.o(i.HAL_PWR_DisableSEVOnPend), (16 bytes).
    Removing stm32l1xx_hal_pwr.o(i.HAL_PWR_DisableSleepOnExit), (16 bytes).
    Removing stm32l1xx_hal_pwr.o(i.HAL_PWR_DisableWakeUpPin), (28 bytes).
    Removing stm32l1xx_hal_pwr.o(i.HAL_PWR_EnableBkUpAccess), (24 bytes).
    Removing stm32l1xx_hal_pwr.o(i.HAL_PWR_EnablePVD), (24 bytes).
    Removing stm32l1xx_hal_pwr.o(i.HAL_PWR_EnableSEVOnPend), (16 bytes).
    Removing stm32l1xx_hal_pwr.o(i.HAL_PWR_EnableSleepOnExit), (16 bytes).
    Removing stm32l1xx_hal_pwr.o(i.HAL_PWR_EnableWakeUpPin), (28 bytes).
    Removing stm32l1xx_hal_pwr.o(i.HAL_PWR_EnterSLEEPMode), (48 bytes).
    Removing stm32l1xx_hal_pwr.o(i.HAL_PWR_EnterSTANDBYMode), (32 bytes).
    Removing stm32l1xx_hal_pwr.o(i.HAL_PWR_EnterSTOPMode), (56 bytes).
    Removing stm32l1xx_hal_pwr.o(i.HAL_PWR_PVDCallback), (2 bytes).
    Removing stm32l1xx_hal_pwr.o(i.HAL_PWR_PVD_IRQHandler), (28 bytes).
    Removing stm32l1xx_hal_sd.o(.rev16_text), (4 bytes).
    Removing stm32l1xx_hal_sd.o(.revsh_text), (4 bytes).
    Removing stm32l1xx_hal_sd.o(.rrx_text), (6 bytes).
    Removing stm32l1xx_hal_sd.o(i.HAL_SD_CheckReadOperation), (94 bytes).
    Removing stm32l1xx_hal_sd.o(i.HAL_SD_CheckWriteOperation), (108 bytes).
    Removing stm32l1xx_hal_sd.o(i.HAL_SD_DMA_RxCpltCallback), (2 bytes).
    Removing stm32l1xx_hal_sd.o(i.HAL_SD_DMA_RxErrorCallback), (2 bytes).
    Removing stm32l1xx_hal_sd.o(i.HAL_SD_DMA_TxCpltCallback), (2 bytes).
    Removing stm32l1xx_hal_sd.o(i.HAL_SD_DMA_TxErrorCallback), (2 bytes).
    Removing stm32l1xx_hal_sd.o(i.HAL_SD_DeInit), (20 bytes).
    Removing stm32l1xx_hal_sd.o(i.HAL_SD_Erase), (248 bytes).
    Removing stm32l1xx_hal_sd.o(i.HAL_SD_GetCardStatus), (114 bytes).
    Removing stm32l1xx_hal_sd.o(i.HAL_SD_HighSpeed), (304 bytes).
    Removing stm32l1xx_hal_sd.o(i.HAL_SD_MspDeInit), (2 bytes).
    Removing stm32l1xx_hal_sd.o(i.HAL_SD_MspInit), (2 bytes).
    Removing stm32l1xx_hal_sd.o(i.HAL_SD_ReadBlocks_DMA), (240 bytes).
    Removing stm32l1xx_hal_sd.o(i.HAL_SD_SendSDStatus), (296 bytes).
    Removing stm32l1xx_hal_sd.o(i.HAL_SD_WriteBlocks_DMA), (244 bytes).
    Removing stm32l1xx_hal_sd.o(i.SD_DMA_RxCplt), (26 bytes).
    Removing stm32l1xx_hal_sd.o(i.SD_DMA_RxError), (12 bytes).
    Removing stm32l1xx_hal_sd.o(i.SD_DMA_TxCplt), (26 bytes).
    Removing stm32l1xx_hal_sd.o(i.SD_DMA_TxError), (12 bytes).
    Removing stm32l1xx_hal_flash_ramfunc.o(.rev16_text), (4 bytes).
    Removing stm32l1xx_hal_flash_ramfunc.o(.revsh_text), (4 bytes).
    Removing stm32l1xx_hal_flash_ramfunc.o(.rrx_text), (6 bytes).
    Removing stm32l1xx_hal_flash_ramfunc.o(i.FLASHRAM_WaitForLastOperation), (88 bytes).
    Removing stm32l1xx_hal_flash_ramfunc.o(i.HAL_FLASHEx_DATAEEPROM_EraseDoubleWord), (92 bytes).
    Removing stm32l1xx_hal_flash_ramfunc.o(i.HAL_FLASHEx_DATAEEPROM_ProgramDoubleWord), (96 bytes).
    Removing stm32l1xx_hal_flash_ramfunc.o(i.HAL_FLASHEx_DisableRunPowerDown), (40 bytes).
    Removing stm32l1xx_hal_flash_ramfunc.o(i.HAL_FLASHEx_EnableRunPowerDown), (40 bytes).
    Removing stm32l1xx_hal_flash_ramfunc.o(i.HAL_FLASHEx_EraseParallelPage), (92 bytes).
    Removing stm32l1xx_hal_flash_ramfunc.o(i.HAL_FLASHEx_HalfPageProgram), (112 bytes).
    Removing stm32l1xx_hal_flash_ramfunc.o(i.HAL_FLASHEx_ProgramParallelHalfPage), (180 bytes).
    Removing stm32l1xx_it.o(.rev16_text), (4 bytes).
    Removing stm32l1xx_it.o(.revsh_text), (4 bytes).
    Removing stm32l1xx_it.o(.rrx_text), (6 bytes).
    Removing bsp_driver_sd.o(.rev16_text), (4 bytes).
    Removing bsp_driver_sd.o(.revsh_text), (4 bytes).
    Removing bsp_driver_sd.o(.rrx_text), (6 bytes).
    Removing bsp_driver_sd.o(i.BSP_SD_DMA_Rx_IRQHandler), (12 bytes).
    Removing bsp_driver_sd.o(i.BSP_SD_DMA_Tx_IRQHandler), (12 bytes).
    Removing bsp_driver_sd.o(i.BSP_SD_DetectCallback), (2 bytes).
    Removing bsp_driver_sd.o(i.BSP_SD_DetectIT), (2 bytes).
    Removing bsp_driver_sd.o(i.BSP_SD_Erase), (28 bytes).
    Removing bsp_driver_sd.o(i.BSP_SD_IRQHandler), (12 bytes).
    Removing bsp_driver_sd.o(i.BSP_SD_ITConfig), (4 bytes).
    Removing bsp_driver_sd.o(i.BSP_SD_IsDetected), (14 bytes).
    Removing bsp_driver_sd.o(i.BSP_SD_ReadBlocks_DMA), (48 bytes).
    Removing bsp_driver_sd.o(i.BSP_SD_WriteBlocks_DMA), (48 bytes).
    Removing stm32l1xx_hal_msp.o(.rev16_text), (4 bytes).
    Removing stm32l1xx_hal_msp.o(.revsh_text), (4 bytes).
    Removing stm32l1xx_hal_msp.o(.rrx_text), (6 bytes).
    Removing stm32l1xx_hal_msp.o(i.HAL_ADC_MspDeInit), (52 bytes).
    Removing stm32l1xx_hal_msp.o(i.HAL_ADC_MspInit), (84 bytes).
    Removing stm32l1xx_hal_msp.o(i.HAL_SD_MspDeInit), (68 bytes).
    Removing stm32l1xx_hal_msp.o(i.HAL_SPI_MspDeInit), (92 bytes).
    Removing stm32l1xx_hal_msp.o(i.HAL_SPI_MspInit), (208 bytes).
    Removing stm32l1xx_hal_msp.o(i.HAL_UART_MspDeInit), (88 bytes).
    Removing stm32l1xx_hal_msp.o(i.HAL_UART_MspInit), (140 bytes).
    Removing main.o(.rev16_text), (4 bytes).
    Removing main.o(.revsh_text), (4 bytes).
    Removing main.o(.rrx_text), (6 bytes).
    Removing fatfs.o(.rev16_text), (4 bytes).
    Removing fatfs.o(.revsh_text), (4 bytes).
    Removing fatfs.o(.rrx_text), (6 bytes).
    Removing system_stm32l1xx.o(.rev16_text), (4 bytes).
    Removing system_stm32l1xx.o(.revsh_text), (4 bytes).
    Removing system_stm32l1xx.o(.rrx_text), (6 bytes).
    Removing system_stm32l1xx.o(i.SystemCoreClockUpdate), (144 bytes).
    Removing system_stm32l1xx.o(.constdata), (25 bytes).

380 unused section(s) (total 28213 bytes) removed from the image.

==============================================================================

Image Symbol Table

    Local Symbols

    Symbol Name                              Value     Ov Type        Size  Object(Section)

    ../Drivers/CMSIS/Device/ST/STM32L1xx/Source/Templates/system_stm32l1xx.c 0x00000000   Number         0  system_stm32l1xx.o ABSOLUTE
    ../Drivers/STM32L1xx_HAL_Driver/Src/stm32l1xx_hal.c 0x00000000   Number         0  stm32l1xx_hal.o ABSOLUTE
    ../Drivers/STM32L1xx_HAL_Driver/Src/stm32l1xx_hal_adc.c 0x00000000   Number         0  stm32l1xx_hal_adc.o ABSOLUTE
    ../Drivers/STM32L1xx_HAL_Driver/Src/stm32l1xx_hal_adc_ex.c 0x00000000   Number         0  stm32l1xx_hal_adc_ex.o ABSOLUTE
    ../Drivers/STM32L1xx_HAL_Driver/Src/stm32l1xx_hal_cortex.c 0x00000000   Number         0  stm32l1xx_hal_cortex.o ABSOLUTE
    ../Drivers/STM32L1xx_HAL_Driver/Src/stm32l1xx_hal_dma.c 0x00000000   Number         0  stm32l1xx_hal_dma.o ABSOLUTE
    ../Drivers/STM32L1xx_HAL_Driver/Src/stm32l1xx_hal_flash.c 0x00000000   Number         0  stm32l1xx_hal_flash.o ABSOLUTE
    ../Drivers/STM32L1xx_HAL_Driver/Src/stm32l1xx_hal_flash_ex.c 0x00000000   Number         0  stm32l1xx_hal_flash_ex.o ABSOLUTE
    ../Drivers/STM32L1xx_HAL_Driver/Src/stm32l1xx_hal_flash_ramfunc.c 0x00000000   Number         0  stm32l1xx_hal_flash_ramfunc.o ABSOLUTE
    ../Drivers/STM32L1xx_HAL_Driver/Src/stm32l1xx_hal_gpio.c 0x00000000   Number         0  stm32l1xx_hal_gpio.o ABSOLUTE
    ../Drivers/STM32L1xx_HAL_Driver/Src/stm32l1xx_hal_pwr.c 0x00000000   Number         0  stm32l1xx_hal_pwr.o ABSOLUTE
    ../Drivers/STM32L1xx_HAL_Driver/Src/stm32l1xx_hal_pwr_ex.c 0x00000000   Number         0  stm32l1xx_hal_pwr_ex.o ABSOLUTE
    ../Drivers/STM32L1xx_HAL_Driver/Src/stm32l1xx_hal_rcc.c 0x00000000   Number         0  stm32l1xx_hal_rcc.o ABSOLUTE
    ../Drivers/STM32L1xx_HAL_Driver/Src/stm32l1xx_hal_rcc_ex.c 0x00000000   Number         0  stm32l1xx_hal_rcc_ex.o ABSOLUTE
    ../Drivers/STM32L1xx_HAL_Driver/Src/stm32l1xx_hal_rtc.c 0x00000000   Number         0  stm32l1xx_hal_rtc.o ABSOLUTE
    ../Drivers/STM32L1xx_HAL_Driver/Src/stm32l1xx_hal_rtc_ex.c 0x00000000   Number         0  stm32l1xx_hal_rtc_ex.o ABSOLUTE
    ../Drivers/STM32L1xx_HAL_Driver/Src/stm32l1xx_hal_sd.c 0x00000000   Number         0  stm32l1xx_hal_sd.o ABSOLUTE
    ../Drivers/STM32L1xx_HAL_Driver/Src/stm32l1xx_hal_spi.c 0x00000000   Number         0  stm32l1xx_hal_spi.o ABSOLUTE
    ../Drivers/STM32L1xx_HAL_Driver/Src/stm32l1xx_hal_spi_ex.c 0x00000000   Number         0  stm32l1xx_hal_spi_ex.o ABSOLUTE
    ../Drivers/STM32L1xx_HAL_Driver/Src/stm32l1xx_hal_tim.c 0x00000000   Number         0  stm32l1xx_hal_tim.o ABSOLUTE
    ../Drivers/STM32L1xx_HAL_Driver/Src/stm32l1xx_hal_tim_ex.c 0x00000000   Number         0  stm32l1xx_hal_tim_ex.o ABSOLUTE
    ../Drivers/STM32L1xx_HAL_Driver/Src/stm32l1xx_hal_uart.c 0x00000000   Number         0  stm32l1xx_hal_uart.o ABSOLUTE
    ../Drivers/STM32L1xx_HAL_Driver/Src/stm32l1xx_ll_sdmmc.c 0x00000000   Number         0  stm32l1xx_ll_sdmmc.o ABSOLUTE
    ../Middlewares/Third_Party/FatFs/src/diskio.c 0x00000000   Number         0  diskio.o ABSOLUTE
    ../Middlewares/Third_Party/FatFs/src/drivers/sd_diskio.c 0x00000000   Number         0  sd_diskio.o ABSOLUTE
    ../Middlewares/Third_Party/FatFs/src/ff.c 0x00000000   Number         0  ff.o ABSOLUTE
    ../Middlewares/Third_Party/FatFs/src/ff_gen_drv.c 0x00000000   Number         0  ff_gen_drv.o ABSOLUTE
    ../Middlewares/Third_Party/FatFs/src/option/syscall.c 0x00000000   Number         0  syscall.o ABSOLUTE
    ../Src/bsp_driver_sd.c                   0x00000000   Number         0  bsp_driver_sd.o ABSOLUTE
    ../Src/fatfs.c                           0x00000000   Number         0  fatfs.o ABSOLUTE
    ../Src/main.c                            0x00000000   Number         0  main.o ABSOLUTE
    ../Src/stm32l1xx_hal_msp.c               0x00000000   Number         0  stm32l1xx_hal_msp.o ABSOLUTE
    ../Src/stm32l1xx_it.c                    0x00000000   Number         0  stm32l1xx_it.o ABSOLUTE
    ../clib/microlib/init/entry.s            0x00000000   Number         0  entry8a.o ABSOLUTE
    ../clib/microlib/init/entry.s            0x00000000   Number         0  entry7b.o ABSOLUTE
    ../clib/microlib/init/entry.s            0x00000000   Number         0  entry5.o ABSOLUTE
    ../clib/microlib/init/entry.s            0x00000000   Number         0  entry.o ABSOLUTE
    ../clib/microlib/init/entry.s            0x00000000   Number         0  entry9b.o ABSOLUTE
    ../clib/microlib/init/entry.s            0x00000000   Number         0  entry2.o ABSOLUTE
    ../clib/microlib/init/entry.s            0x00000000   Number         0  entry7a.o ABSOLUTE
    ../clib/microlib/init/entry.s            0x00000000   Number         0  entry11b.o ABSOLUTE
    ../clib/microlib/init/entry.s            0x00000000   Number         0  entry11a.o ABSOLUTE
    ../clib/microlib/init/entry.s            0x00000000   Number         0  entry10b.o ABSOLUTE
    ../clib/microlib/init/entry.s            0x00000000   Number         0  entry10a.o ABSOLUTE
    ../clib/microlib/init/entry.s            0x00000000   Number         0  entry9a.o ABSOLUTE
    ../clib/microlib/init/entry.s            0x00000000   Number         0  entry8b.o ABSOLUTE
    ../clib/microlib/string/memset.c         0x00000000   Number         0  memseta.o ABSOLUTE
    ../clib/microlib/string/strcmp.c         0x00000000   Number         0  strcmp.o ABSOLUTE
    ..\Drivers\CMSIS\Device\ST\STM32L1xx\Source\Templates\system_stm32l1xx.c 0x00000000   Number         0  system_stm32l1xx.o ABSOLUTE
    ..\Drivers\STM32L1xx_HAL_Driver\Src\stm32l1xx_hal.c 0x00000000   Number         0  stm32l1xx_hal.o ABSOLUTE
    ..\Drivers\STM32L1xx_HAL_Driver\Src\stm32l1xx_hal_adc.c 0x00000000   Number         0  stm32l1xx_hal_adc.o ABSOLUTE
    ..\Drivers\STM32L1xx_HAL_Driver\Src\stm32l1xx_hal_adc_ex.c 0x00000000   Number         0  stm32l1xx_hal_adc_ex.o ABSOLUTE
    ..\Drivers\STM32L1xx_HAL_Driver\Src\stm32l1xx_hal_cortex.c 0x00000000   Number         0  stm32l1xx_hal_cortex.o ABSOLUTE
    ..\Drivers\STM32L1xx_HAL_Driver\Src\stm32l1xx_hal_dma.c 0x00000000   Number         0  stm32l1xx_hal_dma.o ABSOLUTE
    ..\Drivers\STM32L1xx_HAL_Driver\Src\stm32l1xx_hal_flash.c 0x00000000   Number         0  stm32l1xx_hal_flash.o ABSOLUTE
    ..\Drivers\STM32L1xx_HAL_Driver\Src\stm32l1xx_hal_flash_ex.c 0x00000000   Number         0  stm32l1xx_hal_flash_ex.o ABSOLUTE
    ..\Drivers\STM32L1xx_HAL_Driver\Src\stm32l1xx_hal_flash_ramfunc.c 0x00000000   Number         0  stm32l1xx_hal_flash_ramfunc.o ABSOLUTE
    ..\Drivers\STM32L1xx_HAL_Driver\Src\stm32l1xx_hal_gpio.c 0x00000000   Number         0  stm32l1xx_hal_gpio.o ABSOLUTE
    ..\Drivers\STM32L1xx_HAL_Driver\Src\stm32l1xx_hal_pwr.c 0x00000000   Number         0  stm32l1xx_hal_pwr.o ABSOLUTE
    ..\Drivers\STM32L1xx_HAL_Driver\Src\stm32l1xx_hal_pwr_ex.c 0x00000000   Number         0  stm32l1xx_hal_pwr_ex.o ABSOLUTE
    ..\Drivers\STM32L1xx_HAL_Driver\Src\stm32l1xx_hal_rcc.c 0x00000000   Number         0  stm32l1xx_hal_rcc.o ABSOLUTE
    ..\Drivers\STM32L1xx_HAL_Driver\Src\stm32l1xx_hal_rcc_ex.c 0x00000000   Number         0  stm32l1xx_hal_rcc_ex.o ABSOLUTE
    ..\Drivers\STM32L1xx_HAL_Driver\Src\stm32l1xx_hal_rtc.c 0x00000000   Number         0  stm32l1xx_hal_rtc.o ABSOLUTE
    ..\Drivers\STM32L1xx_HAL_Driver\Src\stm32l1xx_hal_rtc_ex.c 0x00000000   Number         0  stm32l1xx_hal_rtc_ex.o ABSOLUTE
    ..\Drivers\STM32L1xx_HAL_Driver\Src\stm32l1xx_hal_sd.c 0x00000000   Number         0  stm32l1xx_hal_sd.o ABSOLUTE
    ..\Drivers\STM32L1xx_HAL_Driver\Src\stm32l1xx_hal_spi.c 0x00000000   Number         0  stm32l1xx_hal_spi.o ABSOLUTE
    ..\Drivers\STM32L1xx_HAL_Driver\Src\stm32l1xx_hal_spi_ex.c 0x00000000   Number         0  stm32l1xx_hal_spi_ex.o ABSOLUTE
    ..\Drivers\STM32L1xx_HAL_Driver\Src\stm32l1xx_hal_tim.c 0x00000000   Number         0  stm32l1xx_hal_tim.o ABSOLUTE
    ..\Drivers\STM32L1xx_HAL_Driver\Src\stm32l1xx_hal_tim_ex.c 0x00000000   Number         0  stm32l1xx_hal_tim_ex.o ABSOLUTE
    ..\Drivers\STM32L1xx_HAL_Driver\Src\stm32l1xx_hal_uart.c 0x00000000   Number         0  stm32l1xx_hal_uart.o ABSOLUTE
    ..\Drivers\STM32L1xx_HAL_Driver\Src\stm32l1xx_ll_sdmmc.c 0x00000000   Number         0  stm32l1xx_ll_sdmmc.o ABSOLUTE
    ..\Middlewares\Third_Party\FatFs\src\diskio.c 0x00000000   Number         0  diskio.o ABSOLUTE
    ..\Middlewares\Third_Party\FatFs\src\drivers\sd_diskio.c 0x00000000   Number         0  sd_diskio.o ABSOLUTE
    ..\Middlewares\Third_Party\FatFs\src\ff.c 0x00000000   Number         0  ff.o ABSOLUTE
    ..\Middlewares\Third_Party\FatFs\src\ff_gen_drv.c 0x00000000   Number         0  ff_gen_drv.o ABSOLUTE
    ..\Middlewares\Third_Party\FatFs\src\option\syscall.c 0x00000000   Number         0  syscall.o ABSOLUTE
    ..\Src\bsp_driver_sd.c                   0x00000000   Number         0  bsp_driver_sd.o ABSOLUTE
    ..\Src\fatfs.c                           0x00000000   Number         0  fatfs.o ABSOLUTE
    ..\Src\main.c                            0x00000000   Number         0  main.o ABSOLUTE
    ..\Src\stm32l1xx_hal_msp.c               0x00000000   Number         0  stm32l1xx_hal_msp.o ABSOLUTE
    ..\Src\stm32l1xx_it.c                    0x00000000   Number         0  stm32l1xx_it.o ABSOLUTE
    dc.s                                     0x00000000   Number         0  dc.o ABSOLUTE
    handlers.s                               0x00000000   Number         0  handlers.o ABSOLUTE
    init.s                                   0x00000000   Number         0  init.o ABSOLUTE
    startup_stm32l151xd.s                    0x00000000   Number         0  startup_stm32l151xd.o ABSOLUTE
    RESET                                    0x08000000   Section      292  startup_stm32l151xd.o(RESET)
    .ARM.Collect$$$$00000000                 0x08000124   Section        0  entry.o(.ARM.Collect$$$$00000000)
    .ARM.Collect$$$$00000001                 0x08000124   Section        4  entry2.o(.ARM.Collect$$$$00000001)
    .ARM.Collect$$$$00000004                 0x08000128   Section        4  entry5.o(.ARM.Collect$$$$00000004)
    .ARM.Collect$$$$00000008                 0x0800012c   Section        0  entry7b.o(.ARM.Collect$$$$00000008)
    .ARM.Collect$$$$0000000A                 0x0800012c   Section        0  entry8b.o(.ARM.Collect$$$$0000000A)
    .ARM.Collect$$$$0000000B                 0x0800012c   Section        8  entry9a.o(.ARM.Collect$$$$0000000B)
    .ARM.Collect$$$$0000000D                 0x08000134   Section        0  entry10a.o(.ARM.Collect$$$$0000000D)
    .ARM.Collect$$$$0000000F                 0x08000134   Section        0  entry11a.o(.ARM.Collect$$$$0000000F)
    .ARM.Collect$$$$00002712                 0x08000134   Section        4  entry2.o(.ARM.Collect$$$$00002712)
    __lit__00000000                          0x08000134   Data           4  entry2.o(.ARM.Collect$$$$00002712)
    .text                                    0x08000138   Section       36  startup_stm32l151xd.o(.text)
    .text                                    0x0800015c   Section        0  strcmp.o(.text)
    .text                                    0x08000178   Section       36  init.o(.text)
    i.ADC1_IRQHandler                        0x0800019c   Section        0  stm32l1xx_it.o(i.ADC1_IRQHandler)
    i.BSP_SD_GetCardInfo                     0x080001a8   Section        0  bsp_driver_sd.o(i.BSP_SD_GetCardInfo)
    i.BSP_SD_GetStatus                       0x080001b4   Section        0  bsp_driver_sd.o(i.BSP_SD_GetStatus)
    i.BSP_SD_Init                            0x080001c0   Section        0  bsp_driver_sd.o(i.BSP_SD_Init)
    i.BSP_SD_ReadBlocks                      0x080001fc   Section        0  bsp_driver_sd.o(i.BSP_SD_ReadBlocks)
    i.BSP_SD_WriteBlocks                     0x0800021c   Section        0  bsp_driver_sd.o(i.BSP_SD_WriteBlocks)
    i.FATFS_LinkDriver                       0x0800023c   Section        0  ff_gen_drv.o(i.FATFS_LinkDriver)
    i.FATFS_LinkDriverEx                     0x08000244   Section        0  ff_gen_drv.o(i.FATFS_LinkDriverEx)
    i.FATFS_UnLinkDriver                     0x08000284   Section        0  ff_gen_drv.o(i.FATFS_UnLinkDriver)
    i.FATFS_UnLinkDriverEx                   0x0800028c   Section        0  ff_gen_drv.o(i.FATFS_UnLinkDriverEx)
    i.HAL_ADCEx_InjectedConvCpltCallback     0x080002c0   Section        0  stm32l1xx_hal_adc_ex.o(i.HAL_ADCEx_InjectedConvCpltCallback)
    i.HAL_ADC_ConvCpltCallback               0x080002c2   Section        0  stm32l1xx_hal_adc.o(i.HAL_ADC_ConvCpltCallback)
    i.HAL_ADC_ErrorCallback                  0x080002c4   Section        0  stm32l1xx_hal_adc.o(i.HAL_ADC_ErrorCallback)
    i.HAL_ADC_IRQHandler                     0x080002c6   Section        0  stm32l1xx_hal_adc.o(i.HAL_ADC_IRQHandler)
    i.HAL_ADC_LevelOutOfWindowCallback       0x080003e8   Section        0  stm32l1xx_hal_adc.o(i.HAL_ADC_LevelOutOfWindowCallback)
    i.HAL_Delay                              0x080003ea   Section        0  stm32l1xx_hal.o(i.HAL_Delay)
    i.HAL_GPIO_Init                          0x08000400   Section        0  stm32l1xx_hal_gpio.o(i.HAL_GPIO_Init)
    i.HAL_GPIO_WritePin                      0x080005b0   Section        0  stm32l1xx_hal_gpio.o(i.HAL_GPIO_WritePin)
    i.HAL_GetTick                            0x080005bc   Section        0  stm32l1xx_hal.o(i.HAL_GetTick)
    i.HAL_IncTick                            0x080005c8   Section        0  stm32l1xx_hal.o(i.HAL_IncTick)
    i.HAL_Init                               0x080005d8   Section        0  stm32l1xx_hal.o(i.HAL_Init)
    i.HAL_InitTick                           0x080005ee   Section        0  stm32l1xx_hal.o(i.HAL_InitTick)
    i.HAL_MspInit                            0x08000610   Section        0  stm32l1xx_hal_msp.o(i.HAL_MspInit)
    i.HAL_NVIC_EnableIRQ                     0x08000650   Section        0  stm32l1xx_hal_cortex.o(i.HAL_NVIC_EnableIRQ)
    i.HAL_NVIC_SetPriority                   0x08000668   Section        0  stm32l1xx_hal_cortex.o(i.HAL_NVIC_SetPriority)
    i.HAL_NVIC_SetPriorityGrouping           0x080006a8   Section        0  stm32l1xx_hal_cortex.o(i.HAL_NVIC_SetPriorityGrouping)
    i.HAL_PWREx_GetVoltageRange              0x080006cc   Section        0  stm32l1xx_hal_pwr_ex.o(i.HAL_PWREx_GetVoltageRange)
    i.HAL_RCC_ClockConfig                    0x080006dc   Section        0  stm32l1xx_hal_rcc.o(i.HAL_RCC_ClockConfig)
    i.HAL_RCC_GetHCLKFreq                    0x080009f8   Section        0  stm32l1xx_hal_rcc.o(i.HAL_RCC_GetHCLKFreq)
    i.HAL_RCC_GetSysClockFreq                0x08000a2c   Section        0  stm32l1xx_hal_rcc.o(i.HAL_RCC_GetSysClockFreq)
    i.HAL_RCC_OscConfig                      0x08000abc   Section        0  stm32l1xx_hal_rcc.o(i.HAL_RCC_OscConfig)
    i.HAL_SD_GetStatus                       0x08001250   Section        0  stm32l1xx_hal_sd.o(i.HAL_SD_GetStatus)
    i.HAL_SD_Get_CardInfo                    0x0800129e   Section        0  stm32l1xx_hal_sd.o(i.HAL_SD_Get_CardInfo)
    i.HAL_SD_IRQHandler                      0x08001556   Section        0  stm32l1xx_hal_sd.o(i.HAL_SD_IRQHandler)
    i.HAL_SD_Init                            0x080015d2   Section        0  stm32l1xx_hal_sd.o(i.HAL_SD_Init)
    i.HAL_SD_MspInit                         0x08001670   Section        0  stm32l1xx_hal_msp.o(i.HAL_SD_MspInit)
    i.HAL_SD_ReadBlocks                      0x080016d8   Section        0  stm32l1xx_hal_sd.o(i.HAL_SD_ReadBlocks)
    i.HAL_SD_StopTransfer                    0x08001854   Section        0  stm32l1xx_hal_sd.o(i.HAL_SD_StopTransfer)
    i.HAL_SD_WideBusOperation_Config         0x08001880   Section        0  stm32l1xx_hal_sd.o(i.HAL_SD_WideBusOperation_Config)
    i.HAL_SD_WriteBlocks                     0x080018dc   Section        0  stm32l1xx_hal_sd.o(i.HAL_SD_WriteBlocks)
    i.HAL_SD_XferCpltCallback                0x08001ab4   Section        0  stm32l1xx_hal_sd.o(i.HAL_SD_XferCpltCallback)
    i.HAL_SD_XferErrorCallback               0x08001ab6   Section        0  stm32l1xx_hal_sd.o(i.HAL_SD_XferErrorCallback)
    i.HAL_SPI_ErrorCallback                  0x08001ab8   Section        0  stm32l1xx_hal_spi.o(i.HAL_SPI_ErrorCallback)
    i.HAL_SPI_IRQHandler                     0x08001aba   Section        0  stm32l1xx_hal_spi.o(i.HAL_SPI_IRQHandler)
    i.HAL_SYSTICK_CLKSourceConfig            0x08001b7e   Section        0  stm32l1xx_hal_cortex.o(i.HAL_SYSTICK_CLKSourceConfig)
    i.HAL_SYSTICK_Callback                   0x08001b96   Section        0  stm32l1xx_hal_cortex.o(i.HAL_SYSTICK_Callback)
    i.HAL_SYSTICK_Config                     0x08001b98   Section        0  stm32l1xx_hal_cortex.o(i.HAL_SYSTICK_Config)
    i.HAL_SYSTICK_IRQHandler                 0x08001bc0   Section        0  stm32l1xx_hal_cortex.o(i.HAL_SYSTICK_IRQHandler)
    i.HAL_UART_ErrorCallback                 0x08001bc8   Section        0  stm32l1xx_hal_uart.o(i.HAL_UART_ErrorCallback)
    i.HAL_UART_IRQHandler                    0x08001bcc   Section        0  stm32l1xx_hal_uart.o(i.HAL_UART_IRQHandler)
    i.HAL_UART_RxCpltCallback                0x08001ca6   Section        0  stm32l1xx_hal_uart.o(i.HAL_UART_RxCpltCallback)
    i.HAL_UART_TxCpltCallback                0x08001ca8   Section        0  stm32l1xx_hal_uart.o(i.HAL_UART_TxCpltCallback)
    i.MX_FATFS_Init                          0x08001cac   Section        0  fatfs.o(i.MX_FATFS_Init)
    i.MX_GPIO_Init                           0x08001cc8   Section        0  main.o(i.MX_GPIO_Init)
    MX_GPIO_Init                             0x08001cc9   Thumb Code   258  main.o(i.MX_GPIO_Init)
    i.NVIC_SetPriority                       0x08001ddc   Section        0  stm32l1xx_hal_cortex.o(i.NVIC_SetPriority)
    NVIC_SetPriority                         0x08001ddd   Thumb Code    32  stm32l1xx_hal_cortex.o(i.NVIC_SetPriority)
    i.RCC_SetFlashLatencyFromMSIRange        0x08001dfc   Section        0  stm32l1xx_hal_rcc.o(i.RCC_SetFlashLatencyFromMSIRange)
    RCC_SetFlashLatencyFromMSIRange          0x08001dfd   Thumb Code   112  stm32l1xx_hal_rcc.o(i.RCC_SetFlashLatencyFromMSIRange)
    i.SDIO_DataConfig                        0x08001e74   Section        0  stm32l1xx_ll_sdmmc.o(i.SDIO_DataConfig)
    i.SDIO_GetCommandResponse                0x08001e98   Section        0  stm32l1xx_ll_sdmmc.o(i.SDIO_GetCommandResponse)
    i.SDIO_GetPowerState                     0x08001e9e   Section        0  stm32l1xx_ll_sdmmc.o(i.SDIO_GetPowerState)
    i.SDIO_GetResponse                       0x08001ea8   Section        0  stm32l1xx_ll_sdmmc.o(i.SDIO_GetResponse)
    i.SDIO_IRQHandler                        0x08001eb8   Section        0  stm32l1xx_it.o(i.SDIO_IRQHandler)
    i.SDIO_Init                              0x08001ec4   Section        0  stm32l1xx_ll_sdmmc.o(i.SDIO_Init)
    i.SDIO_PowerState_ON                     0x08001ee8   Section        0  stm32l1xx_ll_sdmmc.o(i.SDIO_PowerState_ON)
    i.SDIO_ReadFIFO                          0x08001ef0   Section        0  stm32l1xx_ll_sdmmc.o(i.SDIO_ReadFIFO)
    i.SDIO_SendCommand                       0x08001ef6   Section        0  stm32l1xx_ll_sdmmc.o(i.SDIO_SendCommand)
    i.SDIO_WriteFIFO                         0x08001f16   Section        0  stm32l1xx_ll_sdmmc.o(i.SDIO_WriteFIFO)
    i.SD_CmdResp1Error                       0x08001f20   Section        0  stm32l1xx_hal_sd.o(i.SD_CmdResp1Error)
    SD_CmdResp1Error                         0x08001f21   Thumb Code   230  stm32l1xx_hal_sd.o(i.SD_CmdResp1Error)
    i.SD_CmdResp2Error                       0x0800200c   Section        0  stm32l1xx_hal_sd.o(i.SD_CmdResp2Error)
    SD_CmdResp2Error                         0x0800200d   Thumb Code    46  stm32l1xx_hal_sd.o(i.SD_CmdResp2Error)
    i.SD_CmdResp6Error                       0x0800203a   Section        0  stm32l1xx_hal_sd.o(i.SD_CmdResp6Error)
    SD_CmdResp6Error                         0x0800203b   Thumb Code   114  stm32l1xx_hal_sd.o(i.SD_CmdResp6Error)
    i.SD_CmdResp7Error                       0x080020ac   Section        0  stm32l1xx_hal_sd.o(i.SD_CmdResp7Error)
    SD_CmdResp7Error                         0x080020ad   Thumb Code    64  stm32l1xx_hal_sd.o(i.SD_CmdResp7Error)
    i.SD_FindSCR                             0x080020ec   Section        0  stm32l1xx_hal_sd.o(i.SD_FindSCR)
    SD_FindSCR                               0x080020ed   Thumb Code   266  stm32l1xx_hal_sd.o(i.SD_FindSCR)
    i.SD_Initialize_Cards                    0x080021f6   Section        0  stm32l1xx_hal_sd.o(i.SD_Initialize_Cards)
    SD_Initialize_Cards                      0x080021f7   Thumb Code   220  stm32l1xx_hal_sd.o(i.SD_Initialize_Cards)
    i.SD_IsCardProgramming                   0x080022d4   Section        0  stm32l1xx_hal_sd.o(i.SD_IsCardProgramming)
    SD_IsCardProgramming                     0x080022d5   Thumb Code   310  stm32l1xx_hal_sd.o(i.SD_IsCardProgramming)
    i.SD_PowerON                             0x08002410   Section        0  stm32l1xx_hal_sd.o(i.SD_PowerON)
    SD_PowerON                               0x08002411   Thumb Code   364  stm32l1xx_hal_sd.o(i.SD_PowerON)
    i.SD_WideBus_Disable                     0x08002584   Section        0  stm32l1xx_hal_sd.o(i.SD_WideBus_Disable)
    SD_WideBus_Disable                       0x08002585   Thumb Code   114  stm32l1xx_hal_sd.o(i.SD_WideBus_Disable)
    i.SD_WideBus_Enable                      0x080025f6   Section        0  stm32l1xx_hal_sd.o(i.SD_WideBus_Enable)
    SD_WideBus_Enable                        0x080025f7   Thumb Code   116  stm32l1xx_hal_sd.o(i.SD_WideBus_Enable)
    i.SD_initialize                          0x0800266c   Section        0  sd_diskio.o(i.SD_initialize)
    i.SD_ioctl                               0x0800268c   Section        0  sd_diskio.o(i.SD_ioctl)
    i.SD_read                                0x080026dc   Section        0  sd_diskio.o(i.SD_read)
    i.SD_status                              0x080026fc   Section        0  sd_diskio.o(i.SD_status)
    i.SD_write                               0x0800271c   Section        0  sd_diskio.o(i.SD_write)
    i.SPI1_IRQHandler                        0x0800273c   Section        0  stm32l1xx_it.o(i.SPI1_IRQHandler)
    i.SPI2_IRQHandler                        0x08002748   Section        0  stm32l1xx_it.o(i.SPI2_IRQHandler)
    i.SysTick_Handler                        0x08002754   Section        0  stm32l1xx_it.o(i.SysTick_Handler)
    i.SystemClock_Config                     0x08002764   Section        0  main.o(i.SystemClock_Config)
    i.SystemInit                             0x080027e8   Section        0  system_stm32l1xx.o(i.SystemInit)
    i.UART_Receive_IT                        0x08002838   Section        0  stm32l1xx_hal_uart.o(i.UART_Receive_IT)
    UART_Receive_IT                          0x08002839   Thumb Code   168  stm32l1xx_hal_uart.o(i.UART_Receive_IT)
    i.UART_Transmit_IT                       0x080028e0   Section        0  stm32l1xx_hal_uart.o(i.UART_Transmit_IT)
    UART_Transmit_IT                         0x080028e1   Thumb Code   102  stm32l1xx_hal_uart.o(i.UART_Transmit_IT)
    i.USART1_IRQHandler                      0x08002948   Section        0  stm32l1xx_it.o(i.USART1_IRQHandler)
    i.USART2_IRQHandler                      0x08002954   Section        0  stm32l1xx_it.o(i.USART2_IRQHandler)
    i.__scatterload_copy                     0x08002960   Section       14  handlers.o(i.__scatterload_copy)
    i.__scatterload_null                     0x0800296e   Section        2  handlers.o(i.__scatterload_null)
    i.__scatterload_zeroinit                 0x08002970   Section       14  handlers.o(i.__scatterload_zeroinit)
    i.check_fs                               0x08002980   Section        0  ff.o(i.check_fs)
    check_fs                                 0x08002981   Thumb Code    90  ff.o(i.check_fs)
    i.chk_lock                               0x080029e0   Section        0  ff.o(i.chk_lock)
    chk_lock                                 0x080029e1   Thumb Code   102  ff.o(i.chk_lock)
    i.clear_lock                             0x08002a4c   Section        0  ff.o(i.clear_lock)
    clear_lock                               0x08002a4d   Thumb Code    32  ff.o(i.clear_lock)
    i.clmt_clust                             0x08002a70   Section        0  ff.o(i.clmt_clust)
    clmt_clust                               0x08002a71   Thumb Code    42  ff.o(i.clmt_clust)
    i.clust2sect                             0x08002a9a   Section        0  ff.o(i.clust2sect)
    i.create_chain                           0x08002ab8   Section        0  ff.o(i.create_chain)
    create_chain                             0x08002ab9   Thumb Code   176  ff.o(i.create_chain)
    i.create_name                            0x08002b68   Section        0  ff.o(i.create_name)
    create_name                              0x08002b69   Thumb Code   234  ff.o(i.create_name)
    i.dec_lock                               0x08002c68   Section        0  ff.o(i.dec_lock)
    dec_lock                                 0x08002c69   Thumb Code    54  ff.o(i.dec_lock)
    i.dir_next                               0x08002ca4   Section        0  ff.o(i.dir_next)
    dir_next                                 0x08002ca5   Thumb Code   286  ff.o(i.dir_next)
    i.dir_register                           0x08002dc2   Section        0  ff.o(i.dir_register)
    dir_register                             0x08002dc3   Thumb Code   118  ff.o(i.dir_register)
    i.dir_sdi                                0x08002e38   Section        0  ff.o(i.dir_sdi)
    dir_sdi                                  0x08002e39   Thumb Code   152  ff.o(i.dir_sdi)
    i.disk_initialize                        0x08002ed0   Section        0  diskio.o(i.disk_initialize)
    i.disk_ioctl                             0x08002ef8   Section        0  diskio.o(i.disk_ioctl)
    i.disk_read                              0x08002f14   Section        0  diskio.o(i.disk_read)
    i.disk_status                            0x08002f30   Section        0  diskio.o(i.disk_status)
    i.disk_write                             0x08002f48   Section        0  diskio.o(i.disk_write)
    i.f_close                                0x08002f64   Section        0  ff.o(i.f_close)
    i.f_mkfs                                 0x08002f90   Section        0  ff.o(i.f_mkfs)
    i.f_mount                                0x080034c8   Section        0  ff.o(i.f_mount)
    i.f_open                                 0x08003524   Section        0  ff.o(i.f_open)
    i.f_read                                 0x080036c4   Section        0  ff.o(i.f_read)
    i.f_sync                                 0x08003850   Section        0  ff.o(i.f_sync)
    i.f_write                                0x08003908   Section        0  ff.o(i.f_write)
    i.find_volume                            0x08003ae0   Section        0  ff.o(i.find_volume)
    find_volume                              0x08003ae1   Thumb Code   588  ff.o(i.find_volume)
    i.follow_path                            0x08003d38   Section        0  ff.o(i.follow_path)
    follow_path                              0x08003d39   Thumb Code   192  ff.o(i.follow_path)
    i.get_fat                                0x08003df8   Section        0  ff.o(i.get_fat)
    i.get_fattime                            0x08003eba   Section        0  fatfs.o(i.get_fattime)
    i.get_ldnumber                           0x08003ebe   Section        0  ff.o(i.get_ldnumber)
    get_ldnumber                             0x08003ebf   Thumb Code    60  ff.o(i.get_ldnumber)
    i.inc_lock                               0x08003efc   Section        0  ff.o(i.inc_lock)
    inc_lock                                 0x08003efd   Thumb Code   154  ff.o(i.inc_lock)
    i.ld_clust                               0x08003f9c   Section        0  ff.o(i.ld_clust)
    ld_clust                                 0x08003f9d   Thumb Code    20  ff.o(i.ld_clust)
    i.main                                   0x08003fb0   Section        0  main.o(i.main)
    i.mem_cpy                                0x08004100   Section        0  ff.o(i.mem_cpy)
    mem_cpy                                  0x08004101   Thumb Code    18  ff.o(i.mem_cpy)
    i.mem_set                                0x08004112   Section        0  ff.o(i.mem_set)
    mem_set                                  0x08004113   Thumb Code    14  ff.o(i.mem_set)
    i.move_window                            0x08004120   Section        0  ff.o(i.move_window)
    move_window                              0x08004121   Thumb Code    54  ff.o(i.move_window)
    i.put_fat                                0x08004156   Section        0  ff.o(i.put_fat)
    i.remove_chain                           0x0800424e   Section        0  ff.o(i.remove_chain)
    remove_chain                             0x0800424f   Thumb Code   110  ff.o(i.remove_chain)
    i.st_clust                               0x080042bc   Section        0  ff.o(i.st_clust)
    st_clust                                 0x080042bd   Thumb Code    16  ff.o(i.st_clust)
    i.sync_fs                                0x080042cc   Section        0  ff.o(i.sync_fs)
    sync_fs                                  0x080042cd   Thumb Code   182  ff.o(i.sync_fs)
    i.sync_window                            0x08004382   Section        0  ff.o(i.sync_window)
    sync_window                              0x08004383   Thumb Code    96  ff.o(i.sync_window)
    i.validate                               0x080043e2   Section        0  ff.o(i.validate)
    validate                                 0x080043e3   Thumb Code    44  ff.o(i.validate)
    .constdata                               0x08004410   Section       20  sd_diskio.o(.constdata)
    .constdata                               0x08004424   Section      172  ff.o(.constdata)
    ExCvt                                    0x08004424   Data         128  ff.o(.constdata)
    vst                                      0x080044a4   Data          22  ff.o(.constdata)
    cst                                      0x080044ba   Data          22  ff.o(.constdata)
    .constdata                               0x080044d0   Section       29  stm32l1xx_hal_rcc.o(.constdata)
    .constdata                               0x080044ed   Section       13  main.o(.constdata)
    .data                                    0x20000000   Section        1  sd_diskio.o(.data)
    Stat                                     0x20000000   Data           1  sd_diskio.o(.data)
    .data                                    0x20000004   Section        8  ff.o(.data)
    Fsid                                     0x20000004   Data           2  ff.o(.data)
    FatFs                                    0x20000008   Data           4  ff.o(.data)
    .data                                    0x2000000c   Section        4  stm32l1xx_hal.o(.data)
    uwTick                                   0x2000000c   Data           4  stm32l1xx_hal.o(.data)
    .data                                    0x20000010   Section        4  main.o(.data)
    .data                                    0x20000014   Section        5  fatfs.o(.data)
    .data                                    0x2000001c   Section        4  system_stm32l1xx.o(.data)
    .bss                                     0x20000020   Section       12  ff_gen_drv.o(.bss)
    .bss                                     0x2000002c   Section       24  ff.o(.bss)
    Files                                    0x2000002c   Data          24  ff.o(.bss)
    .bss                                     0x20000044   Section       84  main.o(.bss)
    .bss                                     0x20000098   Section     1212  main.o(.bss)
    .bss                                     0x20000558   Section       88  main.o(.bss)
    .bss                                     0x200005b0   Section       88  main.o(.bss)
    .bss                                     0x20000608   Section       88  main.o(.bss)
    .bss                                     0x20000660   Section       64  main.o(.bss)
    .bss                                     0x200006a0   Section       64  main.o(.bss)
    STACK                                    0x200006e0   Section     1024  startup_stm32l151xd.o(STACK)

    Global Symbols

    Symbol Name                              Value     Ov Type        Size  Object(Section)

    BuildAttributes$$THM_ISAv4$P$D$K$B$S$PE$A:L22UL41UL21$X:L11$S22US41US21$IEEE1$IW$USESV6$~STKCKD$USESV7$~SHL$OSPACE$EBA8$MICROLIB$REQ8$PRES8$EABIv2 0x00000000   Number         0  anon$$obj.o ABSOLUTE
    __ARM_use_no_argv                        0x00000000   Number         0  main.o ABSOLUTE
    __cpp_initialize__aeabi_                  - Undefined Weak Reference
    __cxa_finalize                            - Undefined Weak Reference
    __decompress                              - Undefined Weak Reference
    _clock_init                               - Undefined Weak Reference
    _microlib_exit                            - Undefined Weak Reference
    __Vectors_Size                           0x00000124   Number         0  startup_stm32l151xd.o ABSOLUTE
    __Vectors                                0x08000000   Data           4  startup_stm32l151xd.o(RESET)
    __Vectors_End                            0x08000124   Data           0  startup_stm32l151xd.o(RESET)
    __main                                   0x08000125   Thumb Code     0  entry.o(.ARM.Collect$$$$00000000)
    _main_stk                                0x08000125   Thumb Code     0  entry2.o(.ARM.Collect$$$$00000001)
    _main_scatterload                        0x08000129   Thumb Code     0  entry5.o(.ARM.Collect$$$$00000004)
    __main_after_scatterload                 0x0800012d   Thumb Code     0  entry5.o(.ARM.Collect$$$$00000004)
    _main_clock                              0x0800012d   Thumb Code     0  entry7b.o(.ARM.Collect$$$$00000008)
    _main_cpp_init                           0x0800012d   Thumb Code     0  entry8b.o(.ARM.Collect$$$$0000000A)
    _main_init                               0x0800012d   Thumb Code     0  entry9a.o(.ARM.Collect$$$$0000000B)
    __rt_final_cpp                           0x08000135   Thumb Code     0  entry10a.o(.ARM.Collect$$$$0000000D)
    __rt_final_exit                          0x08000135   Thumb Code     0  entry11a.o(.ARM.Collect$$$$0000000F)
    Reset_Handler                            0x08000139   Thumb Code     8  startup_stm32l151xd.o(.text)
    NMI_Handler                              0x08000141   Thumb Code     2  startup_stm32l151xd.o(.text)
    HardFault_Handler                        0x08000143   Thumb Code     2  startup_stm32l151xd.o(.text)
    MemManage_Handler                        0x08000145   Thumb Code     2  startup_stm32l151xd.o(.text)
    BusFault_Handler                         0x08000147   Thumb Code     2  startup_stm32l151xd.o(.text)
    UsageFault_Handler                       0x08000149   Thumb Code     2  startup_stm32l151xd.o(.text)
    SVC_Handler                              0x0800014b   Thumb Code     2  startup_stm32l151xd.o(.text)
    DebugMon_Handler                         0x0800014d   Thumb Code     2  startup_stm32l151xd.o(.text)
    PendSV_Handler                           0x0800014f   Thumb Code     2  startup_stm32l151xd.o(.text)
    COMP_ACQ_IRQHandler                      0x08000153   Thumb Code     0  startup_stm32l151xd.o(.text)
    COMP_IRQHandler                          0x08000153   Thumb Code     0  startup_stm32l151xd.o(.text)
    DAC_IRQHandler                           0x08000153   Thumb Code     0  startup_stm32l151xd.o(.text)
    DMA1_Channel1_IRQHandler                 0x08000153   Thumb Code     0  startup_stm32l151xd.o(.text)
    DMA1_Channel2_IRQHandler                 0x08000153   Thumb Code     0  startup_stm32l151xd.o(.text)
    DMA1_Channel3_IRQHandler                 0x08000153   Thumb Code     0  startup_stm32l151xd.o(.text)
    DMA1_Channel4_IRQHandler                 0x08000153   Thumb Code     0  startup_stm32l151xd.o(.text)
    DMA1_Channel5_IRQHandler                 0x08000153   Thumb Code     0  startup_stm32l151xd.o(.text)
    DMA1_Channel6_IRQHandler                 0x08000153   Thumb Code     0  startup_stm32l151xd.o(.text)
    DMA1_Channel7_IRQHandler                 0x08000153   Thumb Code     0  startup_stm32l151xd.o(.text)
    DMA2_Channel1_IRQHandler                 0x08000153   Thumb Code     0  startup_stm32l151xd.o(.text)
    DMA2_Channel2_IRQHandler                 0x08000153   Thumb Code     0  startup_stm32l151xd.o(.text)
    DMA2_Channel3_IRQHandler                 0x08000153   Thumb Code     0  startup_stm32l151xd.o(.text)
    DMA2_Channel4_IRQHandler                 0x08000153   Thumb Code     0  startup_stm32l151xd.o(.text)
    DMA2_Channel5_IRQHandler                 0x08000153   Thumb Code     0  startup_stm32l151xd.o(.text)
    EXTI0_IRQHandler                         0x08000153   Thumb Code     0  startup_stm32l151xd.o(.text)
    EXTI15_10_IRQHandler                     0x08000153   Thumb Code     0  startup_stm32l151xd.o(.text)
    EXTI1_IRQHandler                         0x08000153   Thumb Code     0  startup_stm32l151xd.o(.text)
    EXTI2_IRQHandler                         0x08000153   Thumb Code     0  startup_stm32l151xd.o(.text)
    EXTI3_IRQHandler                         0x08000153   Thumb Code     0  startup_stm32l151xd.o(.text)
    EXTI4_IRQHandler                         0x08000153   Thumb Code     0  startup_stm32l151xd.o(.text)
    EXTI9_5_IRQHandler                       0x08000153   Thumb Code     0  startup_stm32l151xd.o(.text)
    FLASH_IRQHandler                         0x08000153   Thumb Code     0  startup_stm32l151xd.o(.text)
    I2C1_ER_IRQHandler                       0x08000153   Thumb Code     0  startup_stm32l151xd.o(.text)
    I2C1_EV_IRQHandler                       0x08000153   Thumb Code     0  startup_stm32l151xd.o(.text)
    I2C2_ER_IRQHandler                       0x08000153   Thumb Code     0  startup_stm32l151xd.o(.text)
    I2C2_EV_IRQHandler                       0x08000153   Thumb Code     0  startup_stm32l151xd.o(.text)
    PVD_IRQHandler                           0x08000153   Thumb Code     0  startup_stm32l151xd.o(.text)
    RCC_IRQHandler                           0x08000153   Thumb Code     0  startup_stm32l151xd.o(.text)
    RTC_Alarm_IRQHandler                     0x08000153   Thumb Code     0  startup_stm32l151xd.o(.text)
    RTC_WKUP_IRQHandler                      0x08000153   Thumb Code     0  startup_stm32l151xd.o(.text)
    SPI3_IRQHandler                          0x08000153   Thumb Code     0  startup_stm32l151xd.o(.text)
    TAMPER_STAMP_IRQHandler                  0x08000153   Thumb Code     0  startup_stm32l151xd.o(.text)
    TIM10_IRQHandler                         0x08000153   Thumb Code     0  startup_stm32l151xd.o(.text)
    TIM11_IRQHandler                         0x08000153   Thumb Code     0  startup_stm32l151xd.o(.text)
    TIM2_IRQHandler                          0x08000153   Thumb Code     0  startup_stm32l151xd.o(.text)
    TIM3_IRQHandler                          0x08000153   Thumb Code     0  startup_stm32l151xd.o(.text)
    TIM4_IRQHandler                          0x08000153   Thumb Code     0  startup_stm32l151xd.o(.text)
    TIM5_IRQHandler                          0x08000153   Thumb Code     0  startup_stm32l151xd.o(.text)
    TIM6_IRQHandler                          0x08000153   Thumb Code     0  startup_stm32l151xd.o(.text)
    TIM7_IRQHandler                          0x08000153   Thumb Code     0  startup_stm32l151xd.o(.text)
    TIM9_IRQHandler                          0x08000153   Thumb Code     0  startup_stm32l151xd.o(.text)
    UART4_IRQHandler                         0x08000153   Thumb Code     0  startup_stm32l151xd.o(.text)
    UART5_IRQHandler                         0x08000153   Thumb Code     0  startup_stm32l151xd.o(.text)
    USART3_IRQHandler                        0x08000153   Thumb Code     0  startup_stm32l151xd.o(.text)
    USB_FS_WKUP_IRQHandler                   0x08000153   Thumb Code     0  startup_stm32l151xd.o(.text)
    USB_HP_IRQHandler                        0x08000153   Thumb Code     0  startup_stm32l151xd.o(.text)
    USB_LP_IRQHandler                        0x08000153   Thumb Code     0  startup_stm32l151xd.o(.text)
    WWDG_IRQHandler                          0x08000153   Thumb Code     0  startup_stm32l151xd.o(.text)
    strcmp                                   0x0800015d   Thumb Code    28  strcmp.o(.text)
    __scatterload                            0x08000179   Thumb Code    28  init.o(.text)
    __scatterload_rt2                        0x08000179   Thumb Code     0  init.o(.text)
    ADC1_IRQHandler                          0x0800019d   Thumb Code     6  stm32l1xx_it.o(i.ADC1_IRQHandler)
    BSP_SD_GetCardInfo                       0x080001a9   Thumb Code     8  bsp_driver_sd.o(i.BSP_SD_GetCardInfo)
    BSP_SD_GetStatus                         0x080001b5   Thumb Code     6  bsp_driver_sd.o(i.BSP_SD_GetStatus)
    BSP_SD_Init                              0x080001c1   Thumb Code    50  bsp_driver_sd.o(i.BSP_SD_Init)
    BSP_SD_ReadBlocks                        0x080001fd   Thumb Code    26  bsp_driver_sd.o(i.BSP_SD_ReadBlocks)
    BSP_SD_WriteBlocks                       0x0800021d   Thumb Code    26  bsp_driver_sd.o(i.BSP_SD_WriteBlocks)
    FATFS_LinkDriver                         0x0800023d   Thumb Code     6  ff_gen_drv.o(i.FATFS_LinkDriver)
    FATFS_LinkDriverEx                       0x08000245   Thumb Code    60  ff_gen_drv.o(i.FATFS_LinkDriverEx)
    FATFS_UnLinkDriver                       0x08000285   Thumb Code     6  ff_gen_drv.o(i.FATFS_UnLinkDriver)
    FATFS_UnLinkDriverEx                     0x0800028d   Thumb Code    48  ff_gen_drv.o(i.FATFS_UnLinkDriverEx)
    HAL_ADCEx_InjectedConvCpltCallback       0x080002c1   Thumb Code     2  stm32l1xx_hal_adc_ex.o(i.HAL_ADCEx_InjectedConvCpltCallback)
    HAL_ADC_ConvCpltCallback                 0x080002c3   Thumb Code     2  stm32l1xx_hal_adc.o(i.HAL_ADC_ConvCpltCallback)
    HAL_ADC_ErrorCallback                    0x080002c5   Thumb Code     2  stm32l1xx_hal_adc.o(i.HAL_ADC_ErrorCallback)
    HAL_ADC_IRQHandler                       0x080002c7   Thumb Code   290  stm32l1xx_hal_adc.o(i.HAL_ADC_IRQHandler)
    HAL_ADC_LevelOutOfWindowCallback         0x080003e9   Thumb Code     2  stm32l1xx_hal_adc.o(i.HAL_ADC_LevelOutOfWindowCallback)
    HAL_Delay                                0x080003eb   Thumb Code    22  stm32l1xx_hal.o(i.HAL_Delay)
    HAL_GPIO_Init                            0x08000401   Thumb Code   392  stm32l1xx_hal_gpio.o(i.HAL_GPIO_Init)
    HAL_GPIO_WritePin                        0x080005b1   Thumb Code    10  stm32l1xx_hal_gpio.o(i.HAL_GPIO_WritePin)
    HAL_GetTick                              0x080005bd   Thumb Code     6  stm32l1xx_hal.o(i.HAL_GetTick)
    HAL_IncTick                              0x080005c9   Thumb Code    10  stm32l1xx_hal.o(i.HAL_IncTick)
    HAL_Init                                 0x080005d9   Thumb Code    22  stm32l1xx_hal.o(i.HAL_Init)
    HAL_InitTick                             0x080005ef   Thumb Code    34  stm32l1xx_hal.o(i.HAL_InitTick)
    HAL_MspInit                              0x08000611   Thumb Code    60  stm32l1xx_hal_msp.o(i.HAL_MspInit)
    HAL_NVIC_EnableIRQ                       0x08000651   Thumb Code    22  stm32l1xx_hal_cortex.o(i.HAL_NVIC_EnableIRQ)
    HAL_NVIC_SetPriority                     0x08000669   Thumb Code    60  stm32l1xx_hal_cortex.o(i.HAL_NVIC_SetPriority)
    HAL_NVIC_SetPriorityGrouping             0x080006a9   Thumb Code    26  stm32l1xx_hal_cortex.o(i.HAL_NVIC_SetPriorityGrouping)
    HAL_PWREx_GetVoltageRange                0x080006cd   Thumb Code    10  stm32l1xx_hal_pwr_ex.o(i.HAL_PWREx_GetVoltageRange)
    HAL_RCC_ClockConfig                      0x080006dd   Thumb Code   786  stm32l1xx_hal_rcc.o(i.HAL_RCC_ClockConfig)
    HAL_RCC_GetHCLKFreq                      0x080009f9   Thumb Code    38  stm32l1xx_hal_rcc.o(i.HAL_RCC_GetHCLKFreq)
    HAL_RCC_GetSysClockFreq                  0x08000a2d   Thumb Code   126  stm32l1xx_hal_rcc.o(i.HAL_RCC_GetSysClockFreq)
    HAL_RCC_OscConfig                        0x08000abd   Thumb Code  1928  stm32l1xx_hal_rcc.o(i.HAL_RCC_OscConfig)
    HAL_SD_GetStatus                         0x08001251   Thumb Code    78  stm32l1xx_hal_sd.o(i.HAL_SD_GetStatus)
    HAL_SD_Get_CardInfo                      0x0800129f   Thumb Code   696  stm32l1xx_hal_sd.o(i.HAL_SD_Get_CardInfo)
    HAL_SD_IRQHandler                        0x08001557   Thumb Code   124  stm32l1xx_hal_sd.o(i.HAL_SD_IRQHandler)
    HAL_SD_Init                              0x080015d3   Thumb Code   158  stm32l1xx_hal_sd.o(i.HAL_SD_Init)
    HAL_SD_MspInit                           0x08001671   Thumb Code    88  stm32l1xx_hal_msp.o(i.HAL_SD_MspInit)
    HAL_SD_ReadBlocks                        0x080016d9   Thumb Code   380  stm32l1xx_hal_sd.o(i.HAL_SD_ReadBlocks)
    HAL_SD_StopTransfer                      0x08001855   Thumb Code    44  stm32l1xx_hal_sd.o(i.HAL_SD_StopTransfer)
    HAL_SD_WideBusOperation_Config           0x08001881   Thumb Code    90  stm32l1xx_hal_sd.o(i.HAL_SD_WideBusOperation_Config)
    HAL_SD_WriteBlocks                       0x080018dd   Thumb Code   472  stm32l1xx_hal_sd.o(i.HAL_SD_WriteBlocks)
    HAL_SD_XferCpltCallback                  0x08001ab5   Thumb Code     2  stm32l1xx_hal_sd.o(i.HAL_SD_XferCpltCallback)
    HAL_SD_XferErrorCallback                 0x08001ab7   Thumb Code     2  stm32l1xx_hal_sd.o(i.HAL_SD_XferErrorCallback)
    HAL_SPI_ErrorCallback                    0x08001ab9   Thumb Code     2  stm32l1xx_hal_spi.o(i.HAL_SPI_ErrorCallback)
    HAL_SPI_IRQHandler                       0x08001abb   Thumb Code   196  stm32l1xx_hal_spi.o(i.HAL_SPI_IRQHandler)
    HAL_SYSTICK_CLKSourceConfig              0x08001b7f   Thumb Code    24  stm32l1xx_hal_cortex.o(i.HAL_SYSTICK_CLKSourceConfig)
    HAL_SYSTICK_Callback                     0x08001b97   Thumb Code     2  stm32l1xx_hal_cortex.o(i.HAL_SYSTICK_Callback)
    HAL_SYSTICK_Config                       0x08001b99   Thumb Code    40  stm32l1xx_hal_cortex.o(i.HAL_SYSTICK_Config)
    HAL_SYSTICK_IRQHandler                   0x08001bc1   Thumb Code     8  stm32l1xx_hal_cortex.o(i.HAL_SYSTICK_IRQHandler)
    HAL_UART_ErrorCallback                   0x08001bc9   Thumb Code     2  stm32l1xx_hal_uart.o(i.HAL_UART_ErrorCallback)
    HAL_UART_IRQHandler                      0x08001bcd   Thumb Code   218  stm32l1xx_hal_uart.o(i.HAL_UART_IRQHandler)
    HAL_UART_RxCpltCallback                  0x08001ca7   Thumb Code     2  stm32l1xx_hal_uart.o(i.HAL_UART_RxCpltCallback)
    HAL_UART_TxCpltCallback                  0x08001ca9   Thumb Code     2  stm32l1xx_hal_uart.o(i.HAL_UART_TxCpltCallback)
    MX_FATFS_Init                            0x08001cad   Thumb Code    18  fatfs.o(i.MX_FATFS_Init)
    SDIO_DataConfig                          0x08001e75   Thumb Code    36  stm32l1xx_ll_sdmmc.o(i.SDIO_DataConfig)
    SDIO_GetCommandResponse                  0x08001e99   Thumb Code     6  stm32l1xx_ll_sdmmc.o(i.SDIO_GetCommandResponse)
    SDIO_GetPowerState                       0x08001e9f   Thumb Code     8  stm32l1xx_ll_sdmmc.o(i.SDIO_GetPowerState)
    SDIO_GetResponse                         0x08001ea9   Thumb Code    12  stm32l1xx_ll_sdmmc.o(i.SDIO_GetResponse)
    SDIO_IRQHandler                          0x08001eb9   Thumb Code     6  stm32l1xx_it.o(i.SDIO_IRQHandler)
    SDIO_Init                                0x08001ec5   Thumb Code    36  stm32l1xx_ll_sdmmc.o(i.SDIO_Init)
    SDIO_PowerState_ON                       0x08001ee9   Thumb Code     8  stm32l1xx_ll_sdmmc.o(i.SDIO_PowerState_ON)
    SDIO_ReadFIFO                            0x08001ef1   Thumb Code     6  stm32l1xx_ll_sdmmc.o(i.SDIO_ReadFIFO)
    SDIO_SendCommand                         0x08001ef7   Thumb Code    32  stm32l1xx_ll_sdmmc.o(i.SDIO_SendCommand)
    SDIO_WriteFIFO                           0x08001f17   Thumb Code    10  stm32l1xx_ll_sdmmc.o(i.SDIO_WriteFIFO)
    SD_initialize                            0x0800266d   Thumb Code    26  sd_diskio.o(i.SD_initialize)
    SD_ioctl                                 0x0800268d   Thumb Code    74  sd_diskio.o(i.SD_ioctl)
    SD_read                                  0x080026dd   Thumb Code    30  sd_diskio.o(i.SD_read)
    SD_status                                0x080026fd   Thumb Code    26  sd_diskio.o(i.SD_status)
    SD_write                                 0x0800271d   Thumb Code    30  sd_diskio.o(i.SD_write)
    SPI1_IRQHandler                          0x0800273d   Thumb Code     6  stm32l1xx_it.o(i.SPI1_IRQHandler)
    SPI2_IRQHandler                          0x08002749   Thumb Code     6  stm32l1xx_it.o(i.SPI2_IRQHandler)
    SysTick_Handler                          0x08002755   Thumb Code    14  stm32l1xx_it.o(i.SysTick_Handler)
    SystemClock_Config                       0x08002765   Thumb Code   124  main.o(i.SystemClock_Config)
    SystemInit                               0x080027e9   Thumb Code    62  system_stm32l1xx.o(i.SystemInit)
    USART1_IRQHandler                        0x08002949   Thumb Code     6  stm32l1xx_it.o(i.USART1_IRQHandler)
    USART2_IRQHandler                        0x08002955   Thumb Code     6  stm32l1xx_it.o(i.USART2_IRQHandler)
    __scatterload_copy                       0x08002961   Thumb Code    14  handlers.o(i.__scatterload_copy)
    __scatterload_null                       0x0800296f   Thumb Code     2  handlers.o(i.__scatterload_null)
    __scatterload_zeroinit                   0x08002971   Thumb Code    14  handlers.o(i.__scatterload_zeroinit)
    clust2sect                               0x08002a9b   Thumb Code    30  ff.o(i.clust2sect)
    disk_initialize                          0x08002ed1   Thumb Code    36  diskio.o(i.disk_initialize)
    disk_ioctl                               0x08002ef9   Thumb Code    24  diskio.o(i.disk_ioctl)
    disk_read                                0x08002f15   Thumb Code    24  diskio.o(i.disk_read)
    disk_status                              0x08002f31   Thumb Code    18  diskio.o(i.disk_status)
    disk_write                               0x08002f49   Thumb Code    24  diskio.o(i.disk_write)
    f_close                                  0x08002f65   Thumb Code    42  ff.o(i.f_close)
    f_mkfs                                   0x08002f91   Thumb Code  1334  ff.o(i.f_mkfs)
    f_mount                                  0x080034c9   Thumb Code    88  ff.o(i.f_mount)
    f_open                                   0x08003525   Thumb Code   412  ff.o(i.f_open)
    f_read                                   0x080036c5   Thumb Code   396  ff.o(i.f_read)
    f_sync                                   0x08003851   Thumb Code   184  ff.o(i.f_sync)
    f_write                                  0x08003909   Thumb Code   470  ff.o(i.f_write)
    get_fat                                  0x08003df9   Thumb Code   194  ff.o(i.get_fat)
    get_fattime                              0x08003ebb   Thumb Code     4  fatfs.o(i.get_fattime)
    main                                     0x08003fb1   Thumb Code   284  main.o(i.main)
    put_fat                                  0x08004157   Thumb Code   248  ff.o(i.put_fat)
    SD_Driver                                0x08004410   Data          20  sd_diskio.o(.constdata)
    aPLLDivisionFactorTable                  0x080044d0   Data           4  stm32l1xx_hal_rcc.o(.constdata)
    aAPBAHBPrescTable                        0x080044d4   Data          16  stm32l1xx_hal_rcc.o(.constdata)
    aPLLMULFactorTable                       0x080044e4   Data           9  stm32l1xx_hal_rcc.o(.constdata)
    wtext                                    0x080044ed   Data          13  main.o(.constdata)
    Region$$Table$$Base                      0x080044fc   Number         0  anon$$obj.o(Region$$Table)
    Region$$Table$$Limit                     0x0800451c   Number         0  anon$$obj.o(Region$$Table)
    SDPath                                   0x20000010   Data           4  main.o(.data)
    retSD                                    0x20000014   Data           1  fatfs.o(.data)
    SD_Path                                  0x20000015   Data           4  fatfs.o(.data)
    SystemCoreClock                          0x2000001c   Data           4  system_stm32l1xx.o(.data)
    disk                                     0x20000020   Data          12  ff_gen_drv.o(.bss)
    hadc                                     0x20000044   Data          84  main.o(.bss)
    hsd                                      0x20000098   Data          96  main.o(.bss)
    SDFatFs                                  0x200000f8   Data         560  main.o(.bss)
    MyFile                                   0x20000328   Data         556  main.o(.bss)
    SDCardInfo                               0x20000558   Data          88  main.o(.bss)
    hspi1                                    0x200005b0   Data          88  main.o(.bss)
    hspi2                                    0x20000608   Data          88  main.o(.bss)
    huart1                                   0x20000660   Data          64  main.o(.bss)
    huart2                                   0x200006a0   Data          64  main.o(.bss)
    __initial_sp                             0x20000ae0   Data           0  startup_stm32l151xd.o(STACK)



==============================================================================

Memory Map of the image

  Image Entry point : 0x08000125

  Load Region LR_IROM1 (Base: 0x08000000, Size: 0x0000453c, Max: 0x00060000, ABSOLUTE)

    Execution Region ER_IROM1 (Base: 0x08000000, Size: 0x0000451c, Max: 0x00060000, ABSOLUTE)

    Base Addr    Size         Type   Attr      Idx    E Section Name        Object

    0x08000000   0x00000124   Data   RO            3    RESET               startup_stm32l151xd.o
    0x08000124   0x00000000   Code   RO         3184  * .ARM.Collect$$$$00000000  mc_w.l(entry.o)
    0x08000124   0x00000004   Code   RO         3191    .ARM.Collect$$$$00000001  mc_w.l(entry2.o)
    0x08000128   0x00000004   Code   RO         3194    .ARM.Collect$$$$00000004  mc_w.l(entry5.o)
    0x0800012c   0x00000000   Code   RO         3196    .ARM.Collect$$$$00000008  mc_w.l(entry7b.o)
    0x0800012c   0x00000000   Code   RO         3198    .ARM.Collect$$$$0000000A  mc_w.l(entry8b.o)
    0x0800012c   0x00000008   Code   RO         3199    .ARM.Collect$$$$0000000B  mc_w.l(entry9a.o)
    0x08000134   0x00000000   Code   RO         3201    .ARM.Collect$$$$0000000D  mc_w.l(entry10a.o)
    0x08000134   0x00000000   Code   RO         3203    .ARM.Collect$$$$0000000F  mc_w.l(entry11a.o)
    0x08000134   0x00000004   Code   RO         3192    .ARM.Collect$$$$00002712  mc_w.l(entry2.o)
    0x08000138   0x00000024   Code   RO            4    .text               startup_stm32l151xd.o
    0x0800015c   0x0000001c   Code   RO         3189    .text               mc_w.l(strcmp.o)
    0x08000178   0x00000024   Code   RO         3205    .text               mc_w.l(init.o)
    0x0800019c   0x0000000c   Code   RO         2816    i.ADC1_IRQHandler   stm32l1xx_it.o
    0x080001a8   0x0000000c   Code   RO         2885    i.BSP_SD_GetCardInfo  bsp_driver_sd.o
    0x080001b4   0x0000000c   Code   RO         2886    i.BSP_SD_GetStatus  bsp_driver_sd.o
    0x080001c0   0x0000003c   Code   RO         2889    i.BSP_SD_Init       bsp_driver_sd.o
    0x080001fc   0x00000020   Code   RO         2891    i.BSP_SD_ReadBlocks  bsp_driver_sd.o
    0x0800021c   0x00000020   Code   RO         2893    i.BSP_SD_WriteBlocks  bsp_driver_sd.o
    0x0800023c   0x00000006   Code   RO          187    i.FATFS_LinkDriver  ff_gen_drv.o
    0x08000242   0x00000002   PAD
    0x08000244   0x00000040   Code   RO          188    i.FATFS_LinkDriverEx  ff_gen_drv.o
    0x08000284   0x00000006   Code   RO          189    i.FATFS_UnLinkDriver  ff_gen_drv.o
    0x0800028a   0x00000002   PAD
    0x0800028c   0x00000034   Code   RO          190    i.FATFS_UnLinkDriverEx  ff_gen_drv.o
    0x080002c0   0x00000002   Code   RO          971    i.HAL_ADCEx_InjectedConvCpltCallback  stm32l1xx_hal_adc_ex.o
    0x080002c2   0x00000002   Code   RO         1638    i.HAL_ADC_ConvCpltCallback  stm32l1xx_hal_adc.o
    0x080002c4   0x00000002   Code   RO         1641    i.HAL_ADC_ErrorCallback  stm32l1xx_hal_adc.o
    0x080002c6   0x00000122   Code   RO         1645    i.HAL_ADC_IRQHandler  stm32l1xx_hal_adc.o
    0x080003e8   0x00000002   Code   RO         1647    i.HAL_ADC_LevelOutOfWindowCallback  stm32l1xx_hal_adc.o
    0x080003ea   0x00000016   Code   RO          843    i.HAL_Delay         stm32l1xx_hal.o
    0x08000400   0x000001b0   Code   RO          650    i.HAL_GPIO_Init     stm32l1xx_hal_gpio.o
    0x080005b0   0x0000000a   Code   RO          654    i.HAL_GPIO_WritePin  stm32l1xx_hal_gpio.o
    0x080005ba   0x00000002   PAD
    0x080005bc   0x0000000c   Code   RO          847    i.HAL_GetTick       stm32l1xx_hal.o
    0x080005c8   0x00000010   Code   RO          848    i.HAL_IncTick       stm32l1xx_hal.o
    0x080005d8   0x00000016   Code   RO          849    i.HAL_Init          stm32l1xx_hal.o
    0x080005ee   0x00000022   Code   RO          850    i.HAL_InitTick      stm32l1xx_hal.o
    0x08000610   0x00000040   Code   RO         2990    i.HAL_MspInit       stm32l1xx_hal_msp.o
    0x08000650   0x00000016   Code   RO          716    i.HAL_NVIC_EnableIRQ  stm32l1xx_hal_cortex.o
    0x08000666   0x00000002   PAD
    0x08000668   0x00000040   Code   RO          722    i.HAL_NVIC_SetPriority  stm32l1xx_hal_cortex.o
    0x080006a8   0x00000024   Code   RO          723    i.HAL_NVIC_SetPriorityGrouping  stm32l1xx_hal_cortex.o
    0x080006cc   0x00000010   Code   RO         1042    i.HAL_PWREx_GetVoltageRange  stm32l1xx_hal_pwr_ex.o
    0x080006dc   0x0000031c   Code   RO         1809    i.HAL_RCC_ClockConfig  stm32l1xx_hal_rcc.o
    0x080009f8   0x00000034   Code   RO         1814    i.HAL_RCC_GetHCLKFreq  stm32l1xx_hal_rcc.o
    0x08000a2c   0x00000090   Code   RO         1818    i.HAL_RCC_GetSysClockFreq  stm32l1xx_hal_rcc.o
    0x08000abc   0x00000794   Code   RO         1821    i.HAL_RCC_OscConfig  stm32l1xx_hal_rcc.o
    0x08001250   0x0000004e   Code   RO         2522    i.HAL_SD_GetStatus  stm32l1xx_hal_sd.o
    0x0800129e   0x000002b8   Code   RO         2523    i.HAL_SD_Get_CardInfo  stm32l1xx_hal_sd.o
    0x08001556   0x0000007c   Code   RO         2525    i.HAL_SD_IRQHandler  stm32l1xx_hal_sd.o
    0x080015d2   0x0000009e   Code   RO         2526    i.HAL_SD_Init       stm32l1xx_hal_sd.o
    0x08001670   0x00000068   Code   RO         2992    i.HAL_SD_MspInit    stm32l1xx_hal_msp.o
    0x080016d8   0x0000017c   Code   RO         2529    i.HAL_SD_ReadBlocks  stm32l1xx_hal_sd.o
    0x08001854   0x0000002c   Code   RO         2532    i.HAL_SD_StopTransfer  stm32l1xx_hal_sd.o
    0x08001880   0x0000005a   Code   RO         2533    i.HAL_SD_WideBusOperation_Config  stm32l1xx_hal_sd.o
    0x080018da   0x00000002   PAD
    0x080018dc   0x000001d8   Code   RO         2534    i.HAL_SD_WriteBlocks  stm32l1xx_hal_sd.o
    0x08001ab4   0x00000002   Code   RO         2536    i.HAL_SD_XferCpltCallback  stm32l1xx_hal_sd.o
    0x08001ab6   0x00000002   Code   RO         2537    i.HAL_SD_XferErrorCallback  stm32l1xx_hal_sd.o
    0x08001ab8   0x00000002   Code   RO         2140    i.HAL_SPI_ErrorCallback  stm32l1xx_hal_spi.o
    0x08001aba   0x000000c4   Code   RO         2143    i.HAL_SPI_IRQHandler  stm32l1xx_hal_spi.o
    0x08001b7e   0x00000018   Code   RO          725    i.HAL_SYSTICK_CLKSourceConfig  stm32l1xx_hal_cortex.o
    0x08001b96   0x00000002   Code   RO          726    i.HAL_SYSTICK_Callback  stm32l1xx_hal_cortex.o
    0x08001b98   0x00000028   Code   RO          727    i.HAL_SYSTICK_Config  stm32l1xx_hal_cortex.o
    0x08001bc0   0x00000008   Code   RO          728    i.HAL_SYSTICK_IRQHandler  stm32l1xx_hal_cortex.o
    0x08001bc8   0x00000002   Code   RO         1203    i.HAL_UART_ErrorCallback  stm32l1xx_hal_uart.o
    0x08001bca   0x00000002   PAD
    0x08001bcc   0x000000da   Code   RO         1206    i.HAL_UART_IRQHandler  stm32l1xx_hal_uart.o
    0x08001ca6   0x00000002   Code   RO         1213    i.HAL_UART_RxCpltCallback  stm32l1xx_hal_uart.o
    0x08001ca8   0x00000002   Code   RO         1218    i.HAL_UART_TxCpltCallback  stm32l1xx_hal_uart.o
    0x08001caa   0x00000002   PAD
    0x08001cac   0x0000001c   Code   RO         3114    i.MX_FATFS_Init     fatfs.o
    0x08001cc8   0x00000114   Code   RO         3060    i.MX_GPIO_Init      main.o
    0x08001ddc   0x00000020   Code   RO          729    i.NVIC_SetPriority  stm32l1xx_hal_cortex.o
    0x08001dfc   0x00000078   Code   RO         1822    i.RCC_SetFlashLatencyFromMSIRange  stm32l1xx_hal_rcc.o
    0x08001e74   0x00000024   Code   RO         2040    i.SDIO_DataConfig   stm32l1xx_ll_sdmmc.o
    0x08001e98   0x00000006   Code   RO         2041    i.SDIO_GetCommandResponse  stm32l1xx_ll_sdmmc.o
    0x08001e9e   0x00000008   Code   RO         2044    i.SDIO_GetPowerState  stm32l1xx_ll_sdmmc.o
    0x08001ea6   0x00000002   PAD
    0x08001ea8   0x00000010   Code   RO         2045    i.SDIO_GetResponse  stm32l1xx_ll_sdmmc.o
    0x08001eb8   0x0000000c   Code   RO         2817    i.SDIO_IRQHandler   stm32l1xx_it.o
    0x08001ec4   0x00000024   Code   RO         2046    i.SDIO_Init         stm32l1xx_ll_sdmmc.o
    0x08001ee8   0x00000008   Code   RO         2048    i.SDIO_PowerState_ON  stm32l1xx_ll_sdmmc.o
    0x08001ef0   0x00000006   Code   RO         2049    i.SDIO_ReadFIFO     stm32l1xx_ll_sdmmc.o
    0x08001ef6   0x00000020   Code   RO         2050    i.SDIO_SendCommand  stm32l1xx_ll_sdmmc.o
    0x08001f16   0x0000000a   Code   RO         2052    i.SDIO_WriteFIFO    stm32l1xx_ll_sdmmc.o
    0x08001f20   0x000000ec   Code   RO         2538    i.SD_CmdResp1Error  stm32l1xx_hal_sd.o
    0x0800200c   0x0000002e   Code   RO         2539    i.SD_CmdResp2Error  stm32l1xx_hal_sd.o
    0x0800203a   0x00000072   Code   RO         2540    i.SD_CmdResp6Error  stm32l1xx_hal_sd.o
    0x080020ac   0x00000040   Code   RO         2541    i.SD_CmdResp7Error  stm32l1xx_hal_sd.o
    0x080020ec   0x0000010a   Code   RO         2546    i.SD_FindSCR        stm32l1xx_hal_sd.o
    0x080021f6   0x000000dc   Code   RO         2547    i.SD_Initialize_Cards  stm32l1xx_hal_sd.o
    0x080022d2   0x00000002   PAD
    0x080022d4   0x0000013c   Code   RO         2548    i.SD_IsCardProgramming  stm32l1xx_hal_sd.o
    0x08002410   0x00000174   Code   RO         2549    i.SD_PowerON        stm32l1xx_hal_sd.o
    0x08002584   0x00000072   Code   RO         2550    i.SD_WideBus_Disable  stm32l1xx_hal_sd.o
    0x080025f6   0x00000074   Code   RO         2551    i.SD_WideBus_Enable  stm32l1xx_hal_sd.o
    0x0800266a   0x00000002   PAD
    0x0800266c   0x00000020   Code   RO          237    i.SD_initialize     sd_diskio.o
    0x0800268c   0x00000050   Code   RO          238    i.SD_ioctl          sd_diskio.o
    0x080026dc   0x0000001e   Code   RO          239    i.SD_read           sd_diskio.o
    0x080026fa   0x00000002   PAD
    0x080026fc   0x00000020   Code   RO          240    i.SD_status         sd_diskio.o
    0x0800271c   0x0000001e   Code   RO          241    i.SD_write          sd_diskio.o
    0x0800273a   0x00000002   PAD
    0x0800273c   0x0000000c   Code   RO         2818    i.SPI1_IRQHandler   stm32l1xx_it.o
    0x08002748   0x0000000c   Code   RO         2819    i.SPI2_IRQHandler   stm32l1xx_it.o
    0x08002754   0x0000000e   Code   RO         2820    i.SysTick_Handler   stm32l1xx_it.o
    0x08002762   0x00000002   PAD
    0x08002764   0x00000084   Code   RO         3061    i.SystemClock_Config  main.o
    0x080027e8   0x00000050   Code   RO         3151    i.SystemInit        system_stm32l1xx.o
    0x08002838   0x000000a8   Code   RO         1225    i.UART_Receive_IT   stm32l1xx_hal_uart.o
    0x080028e0   0x00000066   Code   RO         1227    i.UART_Transmit_IT  stm32l1xx_hal_uart.o
    0x08002946   0x00000002   PAD
    0x08002948   0x0000000c   Code   RO         2821    i.USART1_IRQHandler  stm32l1xx_it.o
    0x08002954   0x0000000c   Code   RO         2822    i.USART2_IRQHandler  stm32l1xx_it.o
    0x08002960   0x0000000e   Code   RO         3209    i.__scatterload_copy  mc_w.l(handlers.o)
    0x0800296e   0x00000002   Code   RO         3210    i.__scatterload_null  mc_w.l(handlers.o)
    0x08002970   0x0000000e   Code   RO         3211    i.__scatterload_zeroinit  mc_w.l(handlers.o)
    0x0800297e   0x00000002   PAD
    0x08002980   0x00000060   Code   RO          327    i.check_fs          ff.o
    0x080029e0   0x0000006c   Code   RO          328    i.chk_lock          ff.o
    0x08002a4c   0x00000024   Code   RO          329    i.clear_lock        ff.o
    0x08002a70   0x0000002a   Code   RO          330    i.clmt_clust        ff.o
    0x08002a9a   0x0000001e   Code   RO          331    i.clust2sect        ff.o
    0x08002ab8   0x000000b0   Code   RO          332    i.create_chain      ff.o
    0x08002b68   0x00000100   Code   RO          333    i.create_name       ff.o
    0x08002c68   0x0000003c   Code   RO          334    i.dec_lock          ff.o
    0x08002ca4   0x0000011e   Code   RO          335    i.dir_next          ff.o
    0x08002dc2   0x00000076   Code   RO          337    i.dir_register      ff.o
    0x08002e38   0x00000098   Code   RO          339    i.dir_sdi           ff.o
    0x08002ed0   0x00000028   Code   RO           13    i.disk_initialize   diskio.o
    0x08002ef8   0x0000001c   Code   RO           14    i.disk_ioctl        diskio.o
    0x08002f14   0x0000001c   Code   RO           15    i.disk_read         diskio.o
    0x08002f30   0x00000018   Code   RO           16    i.disk_status       diskio.o
    0x08002f48   0x0000001c   Code   RO           17    i.disk_write        diskio.o
    0x08002f64   0x0000002a   Code   RO          341    i.f_close           ff.o
    0x08002f8e   0x00000002   PAD
    0x08002f90   0x00000536   Code   RO          347    i.f_mkfs            ff.o
    0x080034c6   0x00000002   PAD
    0x080034c8   0x0000005c   Code   RO          348    i.f_mount           ff.o
    0x08003524   0x000001a0   Code   RO          349    i.f_open            ff.o
    0x080036c4   0x0000018c   Code   RO          354    i.f_read            ff.o
    0x08003850   0x000000b8   Code   RO          358    i.f_sync            ff.o
    0x08003908   0x000001d6   Code   RO          362    i.f_write           ff.o
    0x08003ade   0x00000002   PAD
    0x08003ae0   0x00000258   Code   RO          363    i.find_volume       ff.o
    0x08003d38   0x000000c0   Code   RO          364    i.follow_path       ff.o
    0x08003df8   0x000000c2   Code   RO          365    i.get_fat           ff.o
    0x08003eba   0x00000004   Code   RO         3115    i.get_fattime       fatfs.o
    0x08003ebe   0x0000003c   Code   RO          367    i.get_ldnumber      ff.o
    0x08003efa   0x00000002   PAD
    0x08003efc   0x000000a0   Code   RO          368    i.inc_lock          ff.o
    0x08003f9c   0x00000014   Code   RO          369    i.ld_clust          ff.o
    0x08003fb0   0x00000150   Code   RO         3062    i.main              main.o
    0x08004100   0x00000012   Code   RO          370    i.mem_cpy           ff.o
    0x08004112   0x0000000e   Code   RO          371    i.mem_set           ff.o
    0x08004120   0x00000036   Code   RO          372    i.move_window       ff.o
    0x08004156   0x000000f8   Code   RO          373    i.put_fat           ff.o
    0x0800424e   0x0000006e   Code   RO          375    i.remove_chain      ff.o
    0x080042bc   0x00000010   Code   RO          376    i.st_clust          ff.o
    0x080042cc   0x000000b6   Code   RO          377    i.sync_fs           ff.o
    0x08004382   0x00000060   Code   RO          378    i.sync_window       ff.o
    0x080043e2   0x0000002c   Code   RO          379    i.validate          ff.o
    0x0800440e   0x00000002   PAD
    0x08004410   0x00000014   Data   RO          242    .constdata          sd_diskio.o
    0x08004424   0x000000ac   Data   RO          381    .constdata          ff.o
    0x080044d0   0x0000001d   Data   RO         1823    .constdata          stm32l1xx_hal_rcc.o
    0x080044ed   0x0000000d   Data   RO         3070    .constdata          main.o
    0x080044fa   0x00000002   PAD
    0x080044fc   0x00000020   Data   RO         3207    Region$$Table       anon$$obj.o


    Execution Region RW_IRAM1 (Base: 0x20000000, Size: 0x00000ae0, Max: 0x0000c000, ABSOLUTE)

    Base Addr    Size         Type   Attr      Idx    E Section Name        Object

    0x20000000   0x00000001   Data   RW          243    .data               sd_diskio.o
    0x20000001   0x00000003   PAD
    0x20000004   0x00000008   Data   RW          382    .data               ff.o
    0x2000000c   0x00000004   Data   RW          855    .data               stm32l1xx_hal.o
    0x20000010   0x00000004   Data   RW         3071    .data               main.o
    0x20000014   0x00000005   Data   RW         3116    .data               fatfs.o
    0x20000019   0x00000003   PAD
    0x2000001c   0x00000004   Data   RW         3153    .data               system_stm32l1xx.o
    0x20000020   0x0000000c   Zero   RW          191    .bss                ff_gen_drv.o
    0x2000002c   0x00000018   Zero   RW          380    .bss                ff.o
    0x20000044   0x00000054   Zero   RW         3063    .bss                main.o
    0x20000098   0x000004bc   Zero   RW         3064    .bss                main.o
    0x20000554   0x00000004   PAD
    0x20000558   0x00000058   Zero   RW         3065    .bss                main.o
    0x200005b0   0x00000058   Zero   RW         3066    .bss                main.o
    0x20000608   0x00000058   Zero   RW         3067    .bss                main.o
    0x20000660   0x00000040   Zero   RW         3068    .bss                main.o
    0x200006a0   0x00000040   Zero   RW         3069    .bss                main.o
    0x200006e0   0x00000400   Zero   RW            1    STACK               startup_stm32l151xd.o


==============================================================================

Image component sizes


      Code (inc. data)   RO Data    RW Data    ZI Data      Debug   Object Name

       148         32          0          0          0       2830   bsp_driver_sd.o
       148         22          0          0          0     308069   diskio.o
        32         10          0          5          0       1174   fatfs.o
      6302        134        172          8         24      31643   ff.o
       128          8          0          0         12       2599   ff_gen_drv.o
       744         78         13          4       1688       5240   main.o
       204         18         20          1          0       3772   sd_diskio.o
        36          8        292          0       1024        752   startup_stm32l151xd.o
       106         12          0          4          0       3250   stm32l1xx_hal.o
       296          0          0          0          0       2679   stm32l1xx_hal_adc.o
         2          0          0          0          0       1393   stm32l1xx_hal_adc_ex.o
       228         14          0          0          0      28181   stm32l1xx_hal_cortex.o
       442         40          0          0          0       2264   stm32l1xx_hal_gpio.o
       168         20          0          0          0       1395   stm32l1xx_hal_msp.o
        16          6          0          0          0        492   stm32l1xx_hal_pwr_ex.o
      3052         78         29          0          0       5993   stm32l1xx_hal_rcc.o
      3910         20          0          0          0      21424   stm32l1xx_hal_sd.o
       198          0          0          0          0       1681   stm32l1xx_hal_spi.o
       494          0          0          0          0       4167   stm32l1xx_hal_uart.o
        86         36          0          0          0       2650   stm32l1xx_it.o
       158          4          0          0          0       5285   stm32l1xx_ll_sdmmc.o
        80         18          0          4          0       1233   system_stm32l1xx.o

    ----------------------------------------------------------------------
     17016        558        560         32       2752     438166   Object Totals
         0          0         32          0          0          0   (incl. Generated)
        38          0          2          6          4          0   (incl. Padding)

    ----------------------------------------------------------------------

      Code (inc. data)   RO Data    RW Data    ZI Data      Debug   Library Member Name

         0          0          0          0          0          0   entry.o
         0          0          0          0          0          0   entry10a.o
         0          0          0          0          0          0   entry11a.o
         8          4          0          0          0          0   entry2.o
         4          0          0          0          0          0   entry5.o
         0          0          0          0          0          0   entry7b.o
         0          0          0          0          0          0   entry8b.o
         8          4          0          0          0          0   entry9a.o
        30          0          0          0          0          0   handlers.o
        36          8          0          0          0         68   init.o
        28          0          0          0          0         76   strcmp.o

    ----------------------------------------------------------------------
       116         16          0          0          0        144   Library Totals
         2          0          0          0          0          0   (incl. Padding)

    ----------------------------------------------------------------------

      Code (inc. data)   RO Data    RW Data    ZI Data      Debug   Library Name

       114         16          0          0          0        144   mc_w.l

    ----------------------------------------------------------------------
       116         16          0          0          0        144   Library Totals

    ----------------------------------------------------------------------

==============================================================================


      Code (inc. data)   RO Data    RW Data    ZI Data      Debug   

     17132        574        560         32       2752     431962   Grand Totals
     17132        574        560         32       2752     431962   ELF Image Totals
     17132        574        560         32          0          0   ROM Totals

==============================================================================

    Total RO  Size (Code + RO Data)                17692 (  17.28kB)
    Total RW  Size (RW Data + ZI Data)              2784 (   2.72kB)
    Total ROM Size (Code + RO Data + RW Data)      17724 (  17.31kB)

==============================================================================

