Component: ARM Compiler 5.06 (build 20) Tool: armlink [4d35a3]

==============================================================================

Section Cross References

    startup_stm32l151xd.o(RESET) refers to startup_stm32l151xd.o(STACK) for __initial_sp
    startup_stm32l151xd.o(RESET) refers to startup_stm32l151xd.o(.text) for Reset_Handler
    startup_stm32l151xd.o(RESET) refers to stm32l1xx_it.o(i.SysTick_Handler) for SysTick_Handler
    startup_stm32l151xd.o(RESET) refers to stm32l1xx_it.o(i.ADC1_IRQHandler) for ADC1_IRQHandler
    startup_stm32l151xd.o(RESET) refers to stm32l1xx_it.o(i.SPI1_IRQHandler) for SPI1_IRQHandler
    startup_stm32l151xd.o(RESET) refers to stm32l1xx_it.o(i.SPI2_IRQHandler) for SPI2_IRQHandler
    startup_stm32l151xd.o(RESET) refers to stm32l1xx_it.o(i.USART1_IRQHandler) for USART1_IRQHandler
    startup_stm32l151xd.o(RESET) refers to stm32l1xx_it.o(i.USART2_IRQHandler) for USART2_IRQHandler
    startup_stm32l151xd.o(RESET) refers to stm32l1xx_it.o(i.SDIO_IRQHandler) for SDIO_IRQHandler
    startup_stm32l151xd.o(.text) refers to system_stm32l1xx.o(i.SystemInit) for SystemInit
    startup_stm32l151xd.o(.text) refers to entry.o(.ARM.Collect$$$$00000000) for __main
    diskio.o(i.disk_initialize) refers to ff_gen_drv.o(.bss) for disk
    diskio.o(i.disk_ioctl) refers to ff_gen_drv.o(.bss) for disk
    diskio.o(i.disk_read) refers to ff_gen_drv.o(.bss) for disk
    diskio.o(i.disk_status) refers to ff_gen_drv.o(.bss) for disk
    diskio.o(i.disk_write) refers to ff_gen_drv.o(.bss) for disk
    ff_gen_drv.o(i.FATFS_GetAttachedDriversNbr) refers to ff_gen_drv.o(.bss) for disk
    ff_gen_drv.o(i.FATFS_LinkDriver) refers to ff_gen_drv.o(i.FATFS_LinkDriverEx) for FATFS_LinkDriverEx
    ff_gen_drv.o(i.FATFS_LinkDriverEx) refers to ff_gen_drv.o(.bss) for disk
    ff_gen_drv.o(i.FATFS_UnLinkDriver) refers to ff_gen_drv.o(i.FATFS_UnLinkDriverEx) for FATFS_UnLinkDriverEx
    ff_gen_drv.o(i.FATFS_UnLinkDriverEx) refers to ff_gen_drv.o(.bss) for disk
    sd_diskio.o(i.SD_initialize) refers to bsp_driver_sd.o(i.BSP_SD_Init) for BSP_SD_Init
    sd_diskio.o(i.SD_initialize) refers to sd_diskio.o(.data) for Stat
    sd_diskio.o(i.SD_ioctl) refers to bsp_driver_sd.o(i.BSP_SD_GetCardInfo) for BSP_SD_GetCardInfo
    sd_diskio.o(i.SD_ioctl) refers to uldiv.o(.text) for __aeabi_uldivmod
    sd_diskio.o(i.SD_ioctl) refers to sd_diskio.o(.data) for Stat
    sd_diskio.o(i.SD_read) refers to bsp_driver_sd.o(i.BSP_SD_ReadBlocks) for BSP_SD_ReadBlocks
    sd_diskio.o(i.SD_status) refers to bsp_driver_sd.o(i.BSP_SD_GetStatus) for BSP_SD_GetStatus
    sd_diskio.o(i.SD_status) refers to sd_diskio.o(.data) for Stat
    sd_diskio.o(i.SD_write) refers to bsp_driver_sd.o(i.BSP_SD_WriteBlocks) for BSP_SD_WriteBlocks
    sd_diskio.o(.constdata) refers to sd_diskio.o(i.SD_initialize) for SD_initialize
    sd_diskio.o(.constdata) refers to sd_diskio.o(i.SD_status) for SD_status
    sd_diskio.o(.constdata) refers to sd_diskio.o(i.SD_read) for SD_read
    sd_diskio.o(.constdata) refers to sd_diskio.o(i.SD_write) for SD_write
    sd_diskio.o(.constdata) refers to sd_diskio.o(i.SD_ioctl) for SD_ioctl
    ff.o(i.check_fs) refers to ff.o(i.move_window) for move_window
    ff.o(i.chk_lock) refers to ff.o(.bss) for Files
    ff.o(i.clear_lock) refers to ff.o(.bss) for Files
    ff.o(i.create_chain) refers to ff.o(i.get_fat) for get_fat
    ff.o(i.create_chain) refers to ff.o(i.put_fat) for put_fat
    ff.o(i.create_name) refers to ff.o(i.mem_set) for mem_set
    ff.o(i.create_name) refers to ff.o(i.chk_chr) for chk_chr
    ff.o(i.create_name) refers to ff.o(.constdata) for ExCvt
    ff.o(i.dec_lock) refers to ff.o(.bss) for Files
    ff.o(i.dir_alloc) refers to ff.o(i.dir_sdi) for dir_sdi
    ff.o(i.dir_alloc) refers to ff.o(i.move_window) for move_window
    ff.o(i.dir_alloc) refers to ff.o(i.dir_next) for dir_next
    ff.o(i.dir_find) refers to ff.o(i.dir_sdi) for dir_sdi
    ff.o(i.dir_find) refers to ff.o(i.move_window) for move_window
    ff.o(i.dir_find) refers to ff.o(i.mem_cmp) for mem_cmp
    ff.o(i.dir_find) refers to ff.o(i.dir_next) for dir_next
    ff.o(i.dir_next) refers to ff.o(i.get_fat) for get_fat
    ff.o(i.dir_next) refers to ff.o(i.create_chain) for create_chain
    ff.o(i.dir_next) refers to ff.o(i.sync_window) for sync_window
    ff.o(i.dir_next) refers to ff.o(i.mem_set) for mem_set
    ff.o(i.dir_next) refers to ff.o(i.clust2sect) for clust2sect
    ff.o(i.dir_read) refers to ff.o(i.move_window) for move_window
    ff.o(i.dir_read) refers to ff.o(i.dir_next) for dir_next
    ff.o(i.dir_register) refers to ff.o(i.dir_alloc) for dir_alloc
    ff.o(i.dir_register) refers to ff.o(i.move_window) for move_window
    ff.o(i.dir_register) refers to ff.o(i.mem_set) for mem_set
    ff.o(i.dir_register) refers to ff.o(i.mem_cpy) for mem_cpy
    ff.o(i.dir_remove) refers to ff.o(i.dir_sdi) for dir_sdi
    ff.o(i.dir_remove) refers to ff.o(i.move_window) for move_window
[...]
    Removing stm32l1xx_hal_cortex.o(i.HAL_NVIC_GetPriorityGrouping), (8 bytes).
    Removing stm32l1xx_hal_cortex.o(i.HAL_NVIC_SetPendingIRQ), (28 bytes).
    Removing stm32l1xx_hal_cortex.o(i.HAL_NVIC_SystemReset), (68 bytes).
    Removing stm32l1xx_hal.o(.rev16_text), (4 bytes).
    Removing stm32l1xx_hal.o(.revsh_text), (4 bytes).
    Removing stm32l1xx_hal.o(.rrx_text), (6 bytes).
    Removing stm32l1xx_hal.o(i.HAL_DBGMCU_DisableDBGSleepMode), (20 bytes).
    Removing stm32l1xx_hal.o(i.HAL_DBGMCU_DisableDBGStandbyMode), (20 bytes).
    Removing stm32l1xx_hal.o(i.HAL_DBGMCU_DisableDBGStopMode), (20 bytes).
    Removing stm32l1xx_hal.o(i.HAL_DBGMCU_EnableDBGSleepMode), (20 bytes).
    Removing stm32l1xx_hal.o(i.HAL_DBGMCU_EnableDBGStandbyMode), (20 bytes).
    Removing stm32l1xx_hal.o(i.HAL_DBGMCU_EnableDBGStopMode), (20 bytes).
    Removing stm32l1xx_hal.o(i.HAL_DeInit), (48 bytes).
    Removing stm32l1xx_hal.o(i.HAL_GetDEVID), (16 bytes).
    Removing stm32l1xx_hal.o(i.HAL_GetHalVersion), (8 bytes).
    Removing stm32l1xx_hal.o(i.HAL_GetREVID), (12 bytes).
    Removing stm32l1xx_hal.o(i.HAL_MspDeInit), (2 bytes).
    Removing stm32l1xx_hal.o(i.HAL_MspInit), (2 bytes).
    Removing stm32l1xx_hal.o(i.HAL_ResumeTick), (18 bytes).
    Removing stm32l1xx_hal.o(i.HAL_SuspendTick), (18 bytes).
    Removing stm32l1xx_hal_adc_ex.o(.rev16_text), (4 bytes).
    Removing stm32l1xx_hal_adc_ex.o(.revsh_text), (4 bytes).
    Removing stm32l1xx_hal_adc_ex.o(.rrx_text), (6 bytes).
    Removing stm32l1xx_hal_adc_ex.o(i.HAL_ADCEx_InjectedConfigChannel), (672 bytes).
    Removing stm32l1xx_hal_adc_ex.o(i.HAL_ADCEx_InjectedGetValue), (50 bytes).
    Removing stm32l1xx_hal_adc_ex.o(i.HAL_ADCEx_InjectedPollForConversion), (328 bytes).
    Removing stm32l1xx_hal_adc_ex.o(i.HAL_ADCEx_InjectedStart), (116 bytes).
    Removing stm32l1xx_hal_adc_ex.o(i.HAL_ADCEx_InjectedStart_IT), (128 bytes).
    Removing stm32l1xx_hal_adc_ex.o(i.HAL_ADCEx_InjectedStop), (94 bytes).
    Removing stm32l1xx_hal_adc_ex.o(i.HAL_ADCEx_InjectedStop_IT), (106 bytes).
    Removing stm32l1xx_hal_pwr_ex.o(.rev16_text), (4 bytes).
    Removing stm32l1xx_hal_pwr_ex.o(.revsh_text), (4 bytes).
    Removing stm32l1xx_hal_pwr_ex.o(.rrx_text), (6 bytes).
    Removing stm32l1xx_hal_pwr_ex.o(i.HAL_PWREx_DisableFastWakeUp), (28 bytes).
    Removing stm32l1xx_hal_pwr_ex.o(i.HAL_PWREx_DisableLowPowerRunMode), (40 bytes).
    Removing stm32l1xx_hal_pwr_ex.o(i.HAL_PWREx_DisableUltraLowPower), (28 bytes).
    Removing stm32l1xx_hal_pwr_ex.o(i.HAL_PWREx_EnableFastWakeUp), (24 bytes).
    Removing stm32l1xx_hal_pwr_ex.o(i.HAL_PWREx_EnableLowPowerRunMode), (36 bytes).
    Removing stm32l1xx_hal_pwr_ex.o(i.HAL_PWREx_EnableUltraLowPower), (24 bytes).
    Removing stm32l1xx_hal_rtc_ex.o(.rev16_text), (4 bytes).
    Removing stm32l1xx_hal_rtc_ex.o(.revsh_text), (4 bytes).
    Removing stm32l1xx_hal_rtc_ex.o(.rrx_text), (6 bytes).
    Removing stm32l1xx_hal_dma.o(.rev16_text), (4 bytes).
    Removing stm32l1xx_hal_dma.o(.revsh_text), (4 bytes).
    Removing stm32l1xx_hal_dma.o(.rrx_text), (6 bytes).
    Removing stm32l1xx_hal_dma.o(i.DMA_SetConfig), (32 bytes).
    Removing stm32l1xx_hal_dma.o(i.HAL_DMA_Abort), (98 bytes).
    Removing stm32l1xx_hal_dma.o(i.HAL_DMA_DeInit), (1128 bytes).
    Removing stm32l1xx_hal_dma.o(i.HAL_DMA_GetError), (6 bytes).
    Removing stm32l1xx_hal_dma.o(i.HAL_DMA_GetState), (8 bytes).
    Removing stm32l1xx_hal_dma.o(i.HAL_DMA_IRQHandler), (2320 bytes).
    Removing stm32l1xx_hal_dma.o(i.HAL_DMA_Init), (84 bytes).
    Removing stm32l1xx_hal_dma.o(i.HAL_DMA_PollForTransfer), (1924 bytes).
    Removing stm32l1xx_hal_dma.o(i.HAL_DMA_Start), (82 bytes).
    Removing stm32l1xx_hal_dma.o(i.HAL_DMA_Start_IT), (118 bytes).
    Removing stm32l1xx_hal_uart.o(.rev16_text), (4 bytes).
    Removing stm32l1xx_hal_uart.o(.revsh_text), (4 bytes).
    Removing stm32l1xx_hal_uart.o(.rrx_text), (6 bytes).
    Removing stm32l1xx_hal_uart.o(i.HAL_HalfDuplex_EnableReceiver), (64 bytes).
    Removing stm32l1xx_hal_uart.o(i.HAL_HalfDuplex_EnableTransmitter), (66 bytes).
    Removing stm32l1xx_hal_uart.o(i.HAL_HalfDuplex_Init), (114 bytes).
    Removing stm32l1xx_hal_uart.o(i.HAL_LIN_Init), (130 bytes).
    Removing stm32l1xx_hal_uart.o(i.HAL_LIN_SendBreak), (62 bytes).
    Removing stm32l1xx_hal_uart.o(i.HAL_MultiProcessor_EnterMuteMode), (62 bytes).
    Removing stm32l1xx_hal_uart.o(i.HAL_MultiProcessor_ExitMuteMode), (62 bytes).
    Removing stm32l1xx_hal_uart.o(i.HAL_MultiProcessor_Init), (134 bytes).
    Removing stm32l1xx_hal_uart.o(i.HAL_UART_DMAPause), (118 bytes).
    Removing stm32l1xx_hal_uart.o(i.HAL_UART_DMAResume), (156 bytes).
    Removing stm32l1xx_hal_uart.o(i.HAL_UART_DMAStop), (46 bytes).
    Removing stm32l1xx_hal_uart.o(i.HAL_UART_DeInit), (68 bytes).
    Removing stm32l1xx_hal_uart.o(i.HAL_UART_GetError), (6 bytes).
    Removing stm32l1xx_hal_uart.o(i.HAL_UART_GetState), (8 bytes).
    Removing stm32l1xx_hal_uart.o(i.HAL_UART_MspDeInit), (2 bytes).
    Removing stm32l1xx_hal_uart.o(i.HAL_UART_MspInit), (2 bytes).
    Removing stm32l1xx_hal_uart.o(i.HAL_UART_Receive), (248 bytes).
    Removing stm32l1xx_hal_uart.o(i.HAL_UART_Receive_DMA), (160 bytes).
    Removing stm32l1xx_hal_uart.o(i.HAL_UART_Receive_IT), (134 bytes).
    Removing stm32l1xx_hal_uart.o(i.HAL_UART_RxHalfCpltCallback), (2 bytes).
    Removing stm32l1xx_hal_uart.o(i.HAL_UART_Transmit), (240 bytes).
    Removing stm32l1xx_hal_uart.o(i.HAL_UART_Transmit_DMA), (168 bytes).
    Removing stm32l1xx_hal_uart.o(i.HAL_UART_Transmit_IT), (110 bytes).
    Removing stm32l1xx_hal_uart.o(i.HAL_UART_TxHalfCpltCallback), (2 bytes).
    Removing stm32l1xx_hal_uart.o(i.UART_DMAError), (34 bytes).
    Removing stm32l1xx_hal_uart.o(i.UART_DMAReceiveCplt), (62 bytes).
    Removing stm32l1xx_hal_uart.o(i.UART_DMARxHalfCplt), (14 bytes).
    Removing stm32l1xx_hal_uart.o(i.UART_DMATransmitCplt), (54 bytes).
    Removing stm32l1xx_hal_uart.o(i.UART_DMATxHalfCplt), (14 bytes).
    Removing stm32l1xx_hal_uart.o(i.UART_WaitOnFlagUntilTimeout), (250 bytes).
    Removing stm32l1xx_hal_flash_ex.o(.rev16_text), (4 bytes).
    Removing stm32l1xx_hal_flash_ex.o(.revsh_text), (4 bytes).
    Removing stm32l1xx_hal_flash_ex.o(.rrx_text), (6 bytes).
    Removing stm32l1xx_hal_flash_ex.o(i.FLASH_DATAEEPROM_FastProgramByte), (52 bytes).
    Removing stm32l1xx_hal_flash_ex.o(i.FLASH_DATAEEPROM_FastProgramHalfWord), (52 bytes).
    Removing stm32l1xx_hal_flash_ex.o(i.FLASH_DATAEEPROM_FastProgramWord), (52 bytes).
    Removing stm32l1xx_hal_flash_ex.o(i.FLASH_DATAEEPROM_ProgramByte), (36 bytes).
    Removing stm32l1xx_hal_flash_ex.o(i.FLASH_DATAEEPROM_ProgramHalfWord), (36 bytes).
    Removing stm32l1xx_hal_flash_ex.o(i.FLASH_DATAEEPROM_ProgramWord), (36 bytes).
    Removing stm32l1xx_hal_flash_ex.o(i.FLASH_OB_BORConfig), (88 bytes).
    Removing stm32l1xx_hal_flash_ex.o(i.FLASH_OB_BootConfig), (84 bytes).
    Removing stm32l1xx_hal_flash_ex.o(i.FLASH_OB_GetBOR), (32 bytes).
    Removing stm32l1xx_hal_flash_ex.o(i.FLASH_OB_GetRDP), (12 bytes).
    Removing stm32l1xx_hal_flash_ex.o(i.FLASH_OB_GetUser), (32 bytes).
    Removing stm32l1xx_hal_flash_ex.o(i.FLASH_OB_RDPConfig), (104 bytes).
    Removing stm32l1xx_hal_flash_ex.o(i.FLASH_OB_UserConfig), (108 bytes).
    Removing stm32l1xx_hal_flash_ex.o(i.FLASH_OB_WRPConfig), (80 bytes).
    Removing stm32l1xx_hal_flash_ex.o(i.FLASH_OB_WRPConfigWRP1OrPCROP1), (100 bytes).
    Removing stm32l1xx_hal_flash_ex.o(i.FLASH_OB_WRPConfigWRP2OrPCROP2), (100 bytes).
    Removing stm32l1xx_hal_flash_ex.o(i.FLASH_OB_WRPConfigWRP3), (100 bytes).
    Removing stm32l1xx_hal_flash_ex.o(i.FLASH_PageErase), (48 bytes).
    Removing stm32l1xx_hal_flash_ex.o(i.HAL_FLASHEx_AdvOBGetConfig), (20 bytes).
    Removing stm32l1xx_hal_flash_ex.o(i.HAL_FLASHEx_AdvOBProgram), (28 bytes).
    Removing stm32l1xx_hal_flash_ex.o(i.HAL_FLASHEx_DATAEEPROM_DisableFixedTimeProgram), (20 bytes).
    Removing stm32l1xx_hal_flash_ex.o(i.HAL_FLASHEx_DATAEEPROM_EnableFixedTimeProgram), (20 bytes).
    Removing stm32l1xx_hal_flash_ex.o(i.HAL_FLASHEx_DATAEEPROM_Erase), (56 bytes).
    Removing stm32l1xx_hal_flash_ex.o(i.HAL_FLASHEx_DATAEEPROM_Lock), (20 bytes).
    Removing stm32l1xx_hal_flash_ex.o(i.HAL_FLASHEx_DATAEEPROM_Program), (152 bytes).
    Removing stm32l1xx_hal_flash_ex.o(i.HAL_FLASHEx_DATAEEPROM_Unlock), (44 bytes).
    Removing stm32l1xx_hal_flash_ex.o(i.HAL_FLASHEx_Erase), (144 bytes).
    Removing stm32l1xx_hal_flash_ex.o(i.HAL_FLASHEx_Erase_IT), (84 bytes).
    Removing stm32l1xx_hal_flash_ex.o(i.HAL_FLASHEx_OBGetConfig), (56 bytes).
    Removing stm32l1xx_hal_flash_ex.o(i.HAL_FLASHEx_OBProgram), (212 bytes).
    Removing stm32l1xx_hal_rcc_ex.o(.rev16_text), (4 bytes).
    Removing stm32l1xx_hal_rcc_ex.o(.revsh_text), (4 bytes).
    Removing stm32l1xx_hal_rcc_ex.o(.rrx_text), (6 bytes).
    Removing stm32l1xx_hal_rcc_ex.o(i.HAL_RCCEx_DisableLSECSS), (48 bytes).
    Removing stm32l1xx_hal_rcc_ex.o(i.HAL_RCCEx_EnableLSECSS), (28 bytes).
    Removing stm32l1xx_hal_rcc_ex.o(i.HAL_RCCEx_EnableLSECSS_IT), (76 bytes).
    Removing stm32l1xx_hal_rcc_ex.o(i.HAL_RCCEx_GetPeriphCLKConfig), (44 bytes).
    Removing stm32l1xx_hal_rcc_ex.o(i.HAL_RCCEx_GetPeriphCLKFreq), (148 bytes).
    Removing stm32l1xx_hal_rcc_ex.o(i.HAL_RCCEx_LSECSS_Callback), (2 bytes).
    Removing stm32l1xx_hal_rcc_ex.o(i.HAL_RCCEx_LSECSS_IRQHandler), (32 bytes).
    Removing stm32l1xx_hal_rcc_ex.o(i.HAL_RCCEx_PeriphCLKConfig), (368 bytes).
    Removing stm32l1xx_hal_tim_ex.o(.rev16_text), (4 bytes).
    Removing stm32l1xx_hal_tim_ex.o(.revsh_text), (4 bytes).
    Removing stm32l1xx_hal_tim_ex.o(.rrx_text), (6 bytes).
    Removing stm32l1xx_hal_rtc.o(.rev16_text), (4 bytes).
    Removing stm32l1xx_hal_rtc.o(.revsh_text), (4 bytes).
    Removing stm32l1xx_hal_rtc.o(.rrx_text), (6 bytes).
    Removing stm32l1xx_hal_adc.o(.rev16_text), (4 bytes).
    Removing stm32l1xx_hal_adc.o(.revsh_text), (4 bytes).
    Removing stm32l1xx_hal_adc.o(.rrx_text), (6 bytes).
    Removing stm32l1xx_hal_adc.o(i.ADC_DMAConvCplt), (110 bytes).
    Removing stm32l1xx_hal_adc.o(i.ADC_DMAError), (30 bytes).
    Removing stm32l1xx_hal_adc.o(i.ADC_DMAHalfConvCplt), (14 bytes).
    Removing stm32l1xx_hal_adc.o(i.HAL_ADC_AnalogWDGConfig), (152 bytes).
    Removing stm32l1xx_hal_adc.o(i.HAL_ADC_ConvHalfCpltCallback), (2 bytes).
    Removing stm32l1xx_hal_adc.o(i.HAL_ADC_DeInit), (308 bytes).
    Removing stm32l1xx_hal_adc.o(i.HAL_ADC_GetError), (6 bytes).
    Removing stm32l1xx_hal_adc.o(i.HAL_ADC_GetState), (6 bytes).
    Removing stm32l1xx_hal_adc.o(i.HAL_ADC_MspDeInit), (2 bytes).
    Removing stm32l1xx_hal_adc.o(i.HAL_ADC_MspInit), (2 bytes).
    Removing stm32l1xx_hal_adc.o(i.HAL_ADC_PollForEvent), (132 bytes).
    Removing stm32l1xx_hal_adc.o(i.HAL_ADC_Start_DMA), (220 bytes).
    Removing stm32l1xx_hal_adc.o(i.HAL_ADC_Start_IT), (156 bytes).
    Removing stm32l1xx_hal_adc.o(i.HAL_ADC_Stop_DMA), (108 bytes).
    Removing stm32l1xx_hal_adc.o(i.HAL_ADC_Stop_IT), (76 bytes).
    Removing stm32l1xx_hal_rcc.o(.rev16_text), (4 bytes).
    Removing stm32l1xx_hal_rcc.o(.revsh_text), (4 bytes).
    Removing stm32l1xx_hal_rcc.o(.rrx_text), (6 bytes).
    Removing stm32l1xx_hal_rcc.o(i.HAL_RCC_CSSCallback), (2 bytes).
    Removing stm32l1xx_hal_rcc.o(i.HAL_RCC_DeInit), (140 bytes).
    Removing stm32l1xx_hal_rcc.o(i.HAL_RCC_DisableCSS), (28 bytes).
    Removing stm32l1xx_hal_rcc.o(i.HAL_RCC_EnableCSS), (24 bytes).
    Removing stm32l1xx_hal_rcc.o(i.HAL_RCC_GetClockConfig), (68 bytes).
    Removing stm32l1xx_hal_rcc.o(i.HAL_RCC_GetOscConfig), (292 bytes).
    Removing stm32l1xx_hal_rcc.o(i.HAL_RCC_MCOConfig), (108 bytes).
    Removing stm32l1xx_hal_rcc.o(i.HAL_RCC_NMI_IRQHandler), (32 bytes).
    Removing stm32l1xx_hal_spi_ex.o(.rev16_text), (4 bytes).
    Removing stm32l1xx_hal_spi_ex.o(.revsh_text), (4 bytes).
    Removing stm32l1xx_hal_spi_ex.o(.rrx_text), (6 bytes).
    Removing stm32l1xx_hal_flash.o(.rev16_text), (4 bytes).
    Removing stm32l1xx_hal_flash.o(.revsh_text), (4 bytes).
    Removing stm32l1xx_hal_flash.o(.rrx_text), (6 bytes).
    Removing stm32l1xx_hal_flash.o(i.FLASH_SetErrorCode), (140 bytes).
    Removing stm32l1xx_hal_flash.o(i.FLASH_WaitForLastOperation), (132 bytes).
    Removing stm32l1xx_hal_flash.o(i.HAL_FLASH_EndOfOperationCallback), (2 bytes).
    Removing stm32l1xx_hal_flash.o(i.HAL_FLASH_GetError), (12 bytes).
    Removing stm32l1xx_hal_flash.o(i.HAL_FLASH_IRQHandler), (300 bytes).
    Removing stm32l1xx_hal_flash.o(i.HAL_FLASH_Lock), (20 bytes).
    Removing stm32l1xx_hal_flash.o(i.HAL_FLASH_OB_Launch), (28 bytes).
    Removing stm32l1xx_hal_flash.o(i.HAL_FLASH_OB_Lock), (20 bytes).
    Removing stm32l1xx_hal_flash.o(i.HAL_FLASH_OB_Unlock), (76 bytes).
    Removing stm32l1xx_hal_flash.o(i.HAL_FLASH_OperationErrorCallback), (2 bytes).
    Removing stm32l1xx_hal_flash.o(i.HAL_FLASH_Program), (88 bytes).
    Removing stm32l1xx_hal_flash.o(i.HAL_FLASH_Program_IT), (72 bytes).
    Removing stm32l1xx_hal_flash.o(i.HAL_FLASH_Unlock), (76 bytes).
    Removing stm32l1xx_hal_flash.o(.bss), (24 bytes).
    Removing stm32l1xx_ll_sdmmc.o(.rev16_text), (4 bytes).
    Removing stm32l1xx_ll_sdmmc.o(.revsh_text), (4 bytes).
    Removing stm32l1xx_ll_sdmmc.o(.rrx_text), (6 bytes).
    Removing stm32l1xx_ll_sdmmc.o(i.SDIO_DataConfig), (44 bytes).
    Removing stm32l1xx_ll_sdmmc.o(i.SDIO_GetCommandResponse), (8 bytes).
    Removing stm32l1xx_ll_sdmmc.o(i.SDIO_GetDataCounter), (6 bytes).
    Removing stm32l1xx_ll_sdmmc.o(i.SDIO_GetFIFOCount), (8 bytes).
    Removing stm32l1xx_ll_sdmmc.o(i.SDIO_GetPowerState), (10 bytes).
    Removing stm32l1xx_ll_sdmmc.o(i.SDIO_GetResponse), (24 bytes).
    Removing stm32l1xx_ll_sdmmc.o(i.SDIO_Init), (52 bytes).
    Removing stm32l1xx_ll_sdmmc.o(i.SDIO_PowerState_OFF), (8 bytes).
    Removing stm32l1xx_ll_sdmmc.o(i.SDIO_PowerState_ON), (10 bytes).
    Removing stm32l1xx_ll_sdmmc.o(i.SDIO_ReadFIFO), (8 bytes).
    Removing stm32l1xx_ll_sdmmc.o(i.SDIO_SendCommand), (40 bytes).
    Removing stm32l1xx_ll_sdmmc.o(i.SDIO_SetSDIOReadWaitMode), (16 bytes).
    Removing stm32l1xx_ll_sdmmc.o(i.SDIO_WriteFIFO), (12 bytes).
    Removing stm32l1xx_hal_spi.o(.rev16_text), (4 bytes).
    Removing stm32l1xx_hal_spi.o(.revsh_text), (4 bytes).
    Removing stm32l1xx_hal_spi.o(.rrx_text), (6 bytes).
    Removing stm32l1xx_hal_spi.o(i.HAL_SPI_DMAPause), (62 bytes).
    Removing stm32l1xx_hal_spi.o(i.HAL_SPI_DMAResume), (62 bytes).
    Removing stm32l1xx_hal_spi.o(i.HAL_SPI_DMAStop), (58 bytes).
    Removing stm32l1xx_hal_spi.o(i.HAL_SPI_DeInit), (48 bytes).
    Removing stm32l1xx_hal_spi.o(i.HAL_SPI_GetError), (6 bytes).
    Removing stm32l1xx_hal_spi.o(i.HAL_SPI_GetState), (8 bytes).
    Removing stm32l1xx_hal_spi.o(i.HAL_SPI_Init), (6 bytes).
    Removing stm32l1xx_hal_spi.o(i.HAL_SPI_MspDeInit), (2 bytes).
    Removing stm32l1xx_hal_spi.o(i.HAL_SPI_MspInit), (2 bytes).
    Removing stm32l1xx_hal_spi.o(i.HAL_SPI_Receive_DMA), (272 bytes).
    Removing stm32l1xx_hal_spi.o(i.HAL_SPI_Receive_IT), (228 bytes).
    Removing stm32l1xx_hal_spi.o(i.HAL_SPI_RxCpltCallback), (2 bytes).
    Removing stm32l1xx_hal_spi.o(i.HAL_SPI_RxHalfCpltCallback), (2 bytes).
    Removing stm32l1xx_hal_spi.o(i.HAL_SPI_TransmitReceive_DMA), (332 bytes).
    Removing stm32l1xx_hal_spi.o(i.HAL_SPI_TransmitReceive_IT), (204 bytes).
    Removing stm32l1xx_hal_spi.o(i.HAL_SPI_Transmit_DMA), (232 bytes).
    Removing stm32l1xx_hal_spi.o(i.HAL_SPI_Transmit_IT), (204 bytes).
    Removing stm32l1xx_hal_spi.o(i.HAL_SPI_TxCpltCallback), (2 bytes).
    Removing stm32l1xx_hal_spi.o(i.HAL_SPI_TxHalfCpltCallback), (2 bytes).
    Removing stm32l1xx_hal_spi.o(i.HAL_SPI_TxRxCpltCallback), (2 bytes).
    Removing stm32l1xx_hal_spi.o(i.HAL_SPI_TxRxHalfCpltCallback), (2 bytes).
    Removing stm32l1xx_hal_spi.o(i.SPI_2LinesRxISR), (56 bytes).
    Removing stm32l1xx_hal_spi.o(i.SPI_DMAError), (34 bytes).
    Removing stm32l1xx_hal_spi.o(i.SPI_DMAHalfReceiveCplt), (14 bytes).
    Removing stm32l1xx_hal_spi.o(i.SPI_DMAHalfTransmitCplt), (14 bytes).
    Removing stm32l1xx_hal_spi.o(i.SPI_DMAHalfTransmitReceiveCplt), (14 bytes).
    Removing stm32l1xx_hal_spi.o(i.SPI_DMAReceiveCplt), (210 bytes).
    Removing stm32l1xx_hal_spi.o(i.SPI_DMATransmitCplt), (124 bytes).
    Removing stm32l1xx_hal_spi.o(i.SPI_DMATransmitReceiveCplt), (212 bytes).
    Removing stm32l1xx_hal_spi.o(i.SPI_RxCloseIRQHandler), (242 bytes).
    Removing stm32l1xx_hal_spi.o(i.SPI_RxISR), (82 bytes).
    Removing stm32l1xx_hal_spi.o(i.SPI_TxCloseIRQHandler), (158 bytes).
    Removing stm32l1xx_hal_spi.o(i.SPI_TxISR), (74 bytes).
    Removing stm32l1xx_hal_tim.o(.rev16_text), (4 bytes).
    Removing stm32l1xx_hal_tim.o(.revsh_text), (4 bytes).
    Removing stm32l1xx_hal_tim.o(.rrx_text), (6 bytes).
    Removing stm32l1xx_hal_pwr.o(.rev16_text), (4 bytes).
    Removing stm32l1xx_hal_pwr.o(.revsh_text), (4 bytes).
    Removing stm32l1xx_hal_pwr.o(.rrx_text), (6 bytes).
    Removing stm32l1xx_hal_pwr.o(i.HAL_PWR_ConfigPVD), (184 bytes).
    Removing stm32l1xx_hal_pwr.o(i.HAL_PWR_DeInit), (28 bytes).
    Removing stm32l1xx_hal_pwr.o(i.HAL_PWR_DisableBkUpAccess), (28 bytes).
    Removing stm32l1xx_hal_pwr.o(i.HAL_PWR_DisablePVD), (24 bytes).
    Removing stm32l1xx_hal_pwr.o(i.HAL_PWR_DisableSEVOnPend), (20 bytes).
    Removing stm32l1xx_hal_pwr.o(i.HAL_PWR_DisableSleepOnExit), (20 bytes).
    Removing stm32l1xx_hal_pwr.o(i.HAL_PWR_DisableWakeUpPin), (28 bytes).
    Removing stm32l1xx_hal_pwr.o(i.HAL_PWR_EnableBkUpAccess), (24 bytes).
    Removing stm32l1xx_hal_pwr.o(i.HAL_PWR_EnablePVD), (24 bytes).
    Removing stm32l1xx_hal_pwr.o(i.HAL_PWR_EnableSEVOnPend), (20 bytes).
    Removing stm32l1xx_hal_pwr.o(i.HAL_PWR_EnableSleepOnExit), (20 bytes).
    Removing stm32l1xx_hal_pwr.o(i.HAL_PWR_EnableWakeUpPin), (28 bytes).
    Removing stm32l1xx_hal_pwr.o(i.HAL_PWR_EnterSLEEPMode), (52 bytes).
    Removing stm32l1xx_hal_pwr.o(i.HAL_PWR_EnterSTANDBYMode), (40 bytes).
    Removing stm32l1xx_hal_pwr.o(i.HAL_PWR_EnterSTOPMode), (64 bytes).
    Removing stm32l1xx_hal_pwr.o(i.HAL_PWR_PVDCallback), (2 bytes).
    Removing stm32l1xx_hal_pwr.o(i.HAL_PWR_PVD_IRQHandler), (32 bytes).
    Removing stm32l1xx_hal_sd.o(.rev16_text), (4 bytes).
    Removing stm32l1xx_hal_sd.o(.revsh_text), (4 bytes).
    Removing stm32l1xx_hal_sd.o(.rrx_text), (6 bytes).
    Removing stm32l1xx_hal_sd.o(i.HAL_SD_CheckReadOperation), (130 bytes).
    Removing stm32l1xx_hal_sd.o(i.HAL_SD_CheckWriteOperation), (142 bytes).
    Removing stm32l1xx_hal_sd.o(i.HAL_SD_DMA_RxCpltCallback), (2 bytes).
    Removing stm32l1xx_hal_sd.o(i.HAL_SD_DMA_RxErrorCallback), (2 bytes).
    Removing stm32l1xx_hal_sd.o(i.HAL_SD_DMA_TxCpltCallback), (2 bytes).
    Removing stm32l1xx_hal_sd.o(i.HAL_SD_DMA_TxErrorCallback), (2 bytes).
    Removing stm32l1xx_hal_sd.o(i.HAL_SD_DeInit), (20 bytes).
    Removing stm32l1xx_hal_sd.o(i.HAL_SD_Erase), (344 bytes).
    Removing stm32l1xx_hal_sd.o(i.HAL_SD_GetCardStatus), (174 bytes).
    Removing stm32l1xx_hal_sd.o(i.HAL_SD_GetStatus), (34 bytes).
    Removing stm32l1xx_hal_sd.o(i.HAL_SD_Get_CardInfo), (750 bytes).
    Removing stm32l1xx_hal_sd.o(i.HAL_SD_HighSpeed), (392 bytes).
    Removing stm32l1xx_hal_sd.o(i.HAL_SD_Init), (154 bytes).
    Removing stm32l1xx_hal_sd.o(i.HAL_SD_MspDeInit), (2 bytes).
    Removing stm32l1xx_hal_sd.o(i.HAL_SD_MspInit), (2 bytes).
    Removing stm32l1xx_hal_sd.o(i.HAL_SD_ReadBlocks), (496 bytes).
    Removing stm32l1xx_hal_sd.o(i.HAL_SD_ReadBlocks_DMA), (288 bytes).
    Removing stm32l1xx_hal_sd.o(i.HAL_SD_SendSDStatus), (364 bytes).
    Removing stm32l1xx_hal_sd.o(i.HAL_SD_StopTransfer), (54 bytes).
    Removing stm32l1xx_hal_sd.o(i.HAL_SD_WideBusOperation_Config), (128 bytes).
    Removing stm32l1xx_hal_sd.o(i.HAL_SD_WriteBlocks), (650 bytes).
    Removing stm32l1xx_hal_sd.o(i.HAL_SD_WriteBlocks_DMA), (284 bytes).
    Removing stm32l1xx_hal_sd.o(i.SD_CmdError), (54 bytes).
    Removing stm32l1xx_hal_sd.o(i.SD_CmdResp1Error), (384 bytes).
    Removing stm32l1xx_hal_sd.o(i.SD_CmdResp2Error), (70 bytes).
    Removing stm32l1xx_hal_sd.o(i.SD_CmdResp3Error), (50 bytes).
    Removing stm32l1xx_hal_sd.o(i.SD_CmdResp6Error), (172 bytes).
    Removing stm32l1xx_hal_sd.o(i.SD_CmdResp7Error), (102 bytes).
    Removing stm32l1xx_hal_sd.o(i.SD_DMA_RxCplt), (32 bytes).
    Removing stm32l1xx_hal_sd.o(i.SD_DMA_RxError), (14 bytes).
    Removing stm32l1xx_hal_sd.o(i.SD_DMA_TxCplt), (32 bytes).
    Removing stm32l1xx_hal_sd.o(i.SD_DMA_TxError), (14 bytes).
    Removing stm32l1xx_hal_sd.o(i.SD_FindSCR), (370 bytes).
    Removing stm32l1xx_hal_sd.o(i.SD_GetState), (30 bytes).
    Removing stm32l1xx_hal_sd.o(i.SD_Initialize_Cards), (250 bytes).
    Removing stm32l1xx_hal_sd.o(i.SD_IsCardProgramming), (468 bytes).
    Removing stm32l1xx_hal_sd.o(i.SD_PowerOFF), (16 bytes).
    Removing stm32l1xx_hal_sd.o(i.SD_PowerON), (356 bytes).
    Removing stm32l1xx_hal_sd.o(i.SD_Select_Deselect), (56 bytes).
    Removing stm32l1xx_hal_sd.o(i.SD_SendStatus), (80 bytes).
    Removing stm32l1xx_hal_sd.o(i.SD_WideBus_Disable), (150 bytes).
    Removing stm32l1xx_hal_sd.o(i.SD_WideBus_Enable), (150 bytes).
    Removing stm32l1xx_hal_flash_ramfunc.o(.rev16_text), (4 bytes).
    Removing stm32l1xx_hal_flash_ramfunc.o(.revsh_text), (4 bytes).
    Removing stm32l1xx_hal_flash_ramfunc.o(.rrx_text), (6 bytes).
    Removing stm32l1xx_hal_flash_ramfunc.o(i.FLASHRAM_WaitForLastOperation), (104 bytes).
    Removing stm32l1xx_hal_flash_ramfunc.o(i.HAL_FLASHEx_DATAEEPROM_EraseDoubleWord), (120 bytes).
    Removing stm32l1xx_hal_flash_ramfunc.o(i.HAL_FLASHEx_DATAEEPROM_ProgramDoubleWord), (128 bytes).
    Removing stm32l1xx_hal_flash_ramfunc.o(i.HAL_FLASHEx_DisableRunPowerDown), (48 bytes).
    Removing stm32l1xx_hal_flash_ramfunc.o(i.HAL_FLASHEx_EnableRunPowerDown), (48 bytes).
    Removing stm32l1xx_hal_flash_ramfunc.o(i.HAL_FLASHEx_EraseParallelPage), (108 bytes).
    Removing stm32l1xx_hal_flash_ramfunc.o(i.HAL_FLASHEx_HalfPageProgram), (136 bytes).
    Removing stm32l1xx_hal_flash_ramfunc.o(i.HAL_FLASHEx_ProgramParallelHalfPage), (188 bytes).
    Removing stm32l1xx_it.o(.rev16_text), (4 bytes).
    Removing stm32l1xx_it.o(.revsh_text), (4 bytes).
    Removing stm32l1xx_it.o(.rrx_text), (6 bytes).
    Removing bsp_driver_sd.o(.rev16_text), (4 bytes).
    Removing bsp_driver_sd.o(.revsh_text), (4 bytes).
    Removing bsp_driver_sd.o(.rrx_text), (6 bytes).
    Removing bsp_driver_sd.o(i.BSP_SD_DMA_Rx_IRQHandler), (16 bytes).
    Removing bsp_driver_sd.o(i.BSP_SD_DMA_Tx_IRQHandler), (16 bytes).
    Removing bsp_driver_sd.o(i.BSP_SD_DetectCallback), (2 bytes).
    Removing bsp_driver_sd.o(i.BSP_SD_DetectIT), (2 bytes).
    Removing bsp_driver_sd.o(i.BSP_SD_Erase), (44 bytes).
    Removing bsp_driver_sd.o(i.BSP_SD_GetCardInfo), (20 bytes).
    Removing bsp_driver_sd.o(i.BSP_SD_GetStatus), (16 bytes).
    Removing bsp_driver_sd.o(i.BSP_SD_IRQHandler), (16 bytes).
    Removing bsp_driver_sd.o(i.BSP_SD_ITConfig), (4 bytes).
    Removing bsp_driver_sd.o(i.BSP_SD_Init), (60 bytes).
    Removing bsp_driver_sd.o(i.BSP_SD_IsDetected), (12 bytes).
    Removing bsp_driver_sd.o(i.BSP_SD_ReadBlocks), (48 bytes).
    Removing bsp_driver_sd.o(i.BSP_SD_ReadBlocks_DMA), (68 bytes).
    Removing bsp_driver_sd.o(i.BSP_SD_WriteBlocks), (48 bytes).
    Removing bsp_driver_sd.o(i.BSP_SD_WriteBlocks_DMA), (68 bytes).
    Removing stm32l1xx_hal_msp.o(.rev16_text), (4 bytes).
    Removing stm32l1xx_hal_msp.o(.revsh_text), (4 bytes).
    Removing stm32l1xx_hal_msp.o(.rrx_text), (6 bytes).
    Removing stm32l1xx_hal_msp.o(i.HAL_ADC_MspDeInit), (52 bytes).
    Removing stm32l1xx_hal_msp.o(i.HAL_SD_MspDeInit), (68 bytes).
    Removing stm32l1xx_hal_msp.o(i.HAL_SD_MspInit), (136 bytes).
    Removing stm32l1xx_hal_msp.o(i.HAL_SPI_MspDeInit), (104 bytes).
    Removing stm32l1xx_hal_msp.o(i.HAL_UART_MspDeInit), (100 bytes).
    Removing main.o(.rev16_text), (4 bytes).
    Removing main.o(.revsh_text), (4 bytes).
    Removing main.o(.rrx_text), (6 bytes).
    Removing main.o(i.MX_SDIO_SD_Init), (36 bytes).
    Removing main.o(.constdata), (13 bytes).
    Removing fatfs.o(.rev16_text), (4 bytes).
    Removing fatfs.o(.revsh_text), (4 bytes).
    Removing fatfs.o(.rrx_text), (6 bytes).
    Removing fatfs.o(i.MX_FATFS_Init), (28 bytes).
    Removing fatfs.o(i.get_fattime), (4 bytes).
    Removing fatfs.o(.data), (5 bytes).
    Removing lis3dh_driver.o(.rev16_text), (4 bytes).
    Removing lis3dh_driver.o(.revsh_text), (4 bytes).
    Removing lis3dh_driver.o(.rrx_text), (6 bytes).
    Removing lis3dh_driver.o(i.LIS3DH_FIFOModeEnable), (522 bytes).
    Removing lis3dh_driver.o(i.LIS3DH_Get6DPosition), (104 bytes).
    Removing lis3dh_driver.o(i.LIS3DH_GetAccAxesRaw), (114 bytes).
    Removing lis3dh_driver.o(i.LIS3DH_GetAuxRaw), (158 bytes).
    Removing lis3dh_driver.o(i.LIS3DH_GetClickResponse), (302 bytes).
    Removing lis3dh_driver.o(i.LIS3DH_GetFifoSourceBit), (120 bytes).
    Removing lis3dh_driver.o(i.LIS3DH_GetFifoSourceFSS), (38 bytes).
    Removing lis3dh_driver.o(i.LIS3DH_GetFifoSourceReg), (22 bytes).
    Removing lis3dh_driver.o(i.LIS3DH_GetInt1Src), (22 bytes).
    Removing lis3dh_driver.o(i.LIS3DH_GetInt1SrcBit), (234 bytes).
    Removing lis3dh_driver.o(i.LIS3DH_GetStatusAUX), (22 bytes).
    Removing lis3dh_driver.o(i.LIS3DH_GetStatusAUXBit), (264 bytes).
    Removing lis3dh_driver.o(i.LIS3DH_GetStatusBit), (268 bytes).
    Removing lis3dh_driver.o(i.LIS3DH_GetStatusReg), (22 bytes).
    Removing lis3dh_driver.o(i.LIS3DH_GetTempRaw), (44 bytes).
    Removing lis3dh_driver.o(i.LIS3DH_HPFAOI1Enable), (56 bytes).
    Removing lis3dh_driver.o(i.LIS3DH_HPFAOI2Enable), (60 bytes).
    Removing lis3dh_driver.o(i.LIS3DH_HPFClickEnable), (60 bytes).
    Removing lis3dh_driver.o(i.LIS3DH_Int1LatchEnable), (60 bytes).
    Removing lis3dh_driver.o(i.LIS3DH_ResetInt1Latch), (20 bytes).
    Removing lis3dh_driver.o(i.LIS3DH_SetADCAux), (60 bytes).
    Removing lis3dh_driver.o(i.LIS3DH_SetBDU), (60 bytes).
    Removing lis3dh_driver.o(i.LIS3DH_SetBLE), (60 bytes).
    Removing lis3dh_driver.o(i.LIS3DH_SetClickCFG), (56 bytes).
    Removing lis3dh_driver.o(i.LIS3DH_SetClickLATENCY), (22 bytes).
    Removing lis3dh_driver.o(i.LIS3DH_SetClickLIMIT), (30 bytes).
    Removing lis3dh_driver.o(i.LIS3DH_SetClickTHS), (30 bytes).
    Removing lis3dh_driver.o(i.LIS3DH_SetClickWINDOW), (22 bytes).
    Removing lis3dh_driver.o(i.LIS3DH_SetFilterDataSel), (60 bytes).
    Removing lis3dh_driver.o(i.LIS3DH_SetHPFCutOFF), (68 bytes).
    Removing lis3dh_driver.o(i.LIS3DH_SetHPFMode), (60 bytes).
    Removing lis3dh_driver.o(i.LIS3DH_SetInt1Duration), (30 bytes).
    Removing lis3dh_driver.o(i.LIS3DH_SetInt1Pin), (50 bytes).
    Removing lis3dh_driver.o(i.LIS3DH_SetInt1Threshold), (30 bytes).
    Removing lis3dh_driver.o(i.LIS3DH_SetInt2Pin), (50 bytes).
    Removing lis3dh_driver.o(i.LIS3DH_SetInt6D4DConfiguration), (186 bytes).
    Removing lis3dh_driver.o(i.LIS3DH_SetIntConfiguration), (56 bytes).
    Removing lis3dh_driver.o(i.LIS3DH_SetIntMode), (60 bytes).
    Removing lis3dh_driver.o(i.LIS3DH_SetSPIInterface), (56 bytes).
    Removing lis3dh_driver.o(i.LIS3DH_SetSelfTest), (60 bytes).
    Removing lis3dh_driver.o(i.LIS3DH_SetTemperature), (60 bytes).
    Removing lis3dh_driver.o(i.LIS3DH_SetTriggerInt), (60 bytes).
    Removing lis3dh_driver.o(i.LIS3DH_SetWaterMark), (64 bytes).
    Removing power.o(.rev16_text), (4 bytes).
    Removing power.o(.revsh_text), (4 bytes).
    Removing power.o(.rrx_text), (6 bytes).
    Removing system_stm32l1xx.o(.rev16_text), (4 bytes).
    Removing system_stm32l1xx.o(.revsh_text), (4 bytes).
    Removing system_stm32l1xx.o(.rrx_text), (6 bytes).
    Removing system_stm32l1xx.o(i.SystemCoreClockUpdate), (220 bytes).
    Removing system_stm32l1xx.o(.constdata), (25 bytes).
    Removing dadd.o(.text), (334 bytes).
    Removing dmul.o(.text), (228 bytes).
    Removing ddiv.o(.text), (222 bytes).
    Removing dfixul.o(.text), (48 bytes).
    Removing cdrcmple.o(.text), (48 bytes).
    Removing depilogue.o(.text), (186 bytes).

532 unused section(s) (total 50686 bytes) removed from the image.

==============================================================================

Image Symbol Table

    Local Symbols

    Symbol Name                              Value     Ov Type        Size  Object(Section)

    ../Drivers/CMSIS/Device/ST/STM32L1xx/Source/Templates/system_stm32l1xx.c 0x00000000   Number         0  system_stm32l1xx.o ABSOLUTE
    ../Drivers/STM32L1xx_HAL_Driver/Src/stm32l1xx_hal.c 0x00000000   Number         0  stm32l1xx_hal.o ABSOLUTE
    ../Drivers/STM32L1xx_HAL_Driver/Src/stm32l1xx_hal_adc.c 0x00000000   Number         0  stm32l1xx_hal_adc.o ABSOLUTE
    ../Drivers/STM32L1xx_HAL_Driver/Src/stm32l1xx_hal_adc_ex.c 0x00000000   Number         0  stm32l1xx_hal_adc_ex.o ABSOLUTE
    ../Drivers/STM32L1xx_HAL_Driver/Src/stm32l1xx_hal_cortex.c 0x00000000   Number         0  stm32l1xx_hal_cortex.o ABSOLUTE
    ../Drivers/STM32L1xx_HAL_Driver/Src/stm32l1xx_hal_dma.c 0x00000000   Number         0  stm32l1xx_hal_dma.o ABSOLUTE
    ../Drivers/STM32L1xx_HAL_Driver/Src/stm32l1xx_hal_flash.c 0x00000000   Number         0  stm32l1xx_hal_flash.o ABSOLUTE
    ../Drivers/STM32L1xx_HAL_Driver/Src/stm32l1xx_hal_flash_ex.c 0x00000000   Number         0  stm32l1xx_hal_flash_ex.o ABSOLUTE
    ../Drivers/STM32L1xx_HAL_Driver/Src/stm32l1xx_hal_flash_ramfunc.c 0x00000000   Number         0  stm32l1xx_hal_flash_ramfunc.o ABSOLUTE
    ../Drivers/STM32L1xx_HAL_Driver/Src/stm32l1xx_hal_gpio.c 0x00000000   Number         0  stm32l1xx_hal_gpio.o ABSOLUTE
    ../Drivers/STM32L1xx_HAL_Driver/Src/stm32l1xx_hal_pwr.c 0x00000000   Number         0  stm32l1xx_hal_pwr.o ABSOLUTE
    ../Drivers/STM32L1xx_HAL_Driver/Src/stm32l1xx_hal_pwr_ex.c 0x00000000   Number         0  stm32l1xx_hal_pwr_ex.o ABSOLUTE
    ../Drivers/STM32L1xx_HAL_Driver/Src/stm32l1xx_hal_rcc.c 0x00000000   Number         0  stm32l1xx_hal_rcc.o ABSOLUTE
    ../Drivers/STM32L1xx_HAL_Driver/Src/stm32l1xx_hal_rcc_ex.c 0x00000000   Number         0  stm32l1xx_hal_rcc_ex.o ABSOLUTE
    ../Drivers/STM32L1xx_HAL_Driver/Src/stm32l1xx_hal_rtc.c 0x00000000   Number         0  stm32l1xx_hal_rtc.o ABSOLUTE
    ../Drivers/STM32L1xx_HAL_Driver/Src/stm32l1xx_hal_rtc_ex.c 0x00000000   Number         0  stm32l1xx_hal_rtc_ex.o ABSOLUTE
    ../Drivers/STM32L1xx_HAL_Driver/Src/stm32l1xx_hal_sd.c 0x00000000   Number         0  stm32l1xx_hal_sd.o ABSOLUTE
    ../Drivers/STM32L1xx_HAL_Driver/Src/stm32l1xx_hal_spi.c 0x00000000   Number         0  stm32l1xx_hal_spi.o ABSOLUTE
    ../Drivers/STM32L1xx_HAL_Driver/Src/stm32l1xx_hal_spi_ex.c 0x00000000   Number         0  stm32l1xx_hal_spi_ex.o ABSOLUTE
    ../Drivers/STM32L1xx_HAL_Driver/Src/stm32l1xx_hal_tim.c 0x00000000   Number         0  stm32l1xx_hal_tim.o ABSOLUTE
    ../Drivers/STM32L1xx_HAL_Driver/Src/stm32l1xx_hal_tim_ex.c 0x00000000   Number         0  stm32l1xx_hal_tim_ex.o ABSOLUTE
    ../Drivers/STM32L1xx_HAL_Driver/Src/stm32l1xx_hal_uart.c 0x00000000   Number         0  stm32l1xx_hal_uart.o ABSOLUTE
    ../Drivers/STM32L1xx_HAL_Driver/Src/stm32l1xx_ll_sdmmc.c 0x00000000   Number         0  stm32l1xx_ll_sdmmc.o ABSOLUTE
    ../Middlewares/Third_Party/FatFs/src/diskio.c 0x00000000   Number         0  diskio.o ABSOLUTE
    ../Middlewares/Third_Party/FatFs/src/drivers/sd_diskio.c 0x00000000   Number         0  sd_diskio.o ABSOLUTE
    ../Middlewares/Third_Party/FatFs/src/ff.c 0x00000000   Number         0  ff.o ABSOLUTE
    ../Middlewares/Third_Party/FatFs/src/ff_gen_drv.c 0x00000000   Number         0  ff_gen_drv.o ABSOLUTE
    ../Middlewares/Third_Party/FatFs/src/option/syscall.c 0x00000000   Number         0  syscall.o ABSOLUTE
    ../Src/bsp_driver_sd.c                   0x00000000   Number         0  bsp_driver_sd.o ABSOLUTE
    ../Src/fatfs.c                           0x00000000   Number         0  fatfs.o ABSOLUTE
    ../Src/main.c                            0x00000000   Number         0  main.o ABSOLUTE
    ../Src/stm32l1xx_hal_msp.c               0x00000000   Number         0  stm32l1xx_hal_msp.o ABSOLUTE
    ../Src/stm32l1xx_it.c                    0x00000000   Number         0  stm32l1xx_it.o ABSOLUTE
    ../clib/microlib/division.c              0x00000000   Number         0  uldiv.o ABSOLUTE
    ../clib/microlib/division.c              0x00000000   Number         0  uidiv.o ABSOLUTE
    ../clib/microlib/init/entry.s            0x00000000   Number         0  entry9b.o ABSOLUTE
    ../clib/microlib/init/entry.s            0x00000000   Number         0  entry11b.o ABSOLUTE
    ../clib/microlib/init/entry.s            0x00000000   Number         0  entry9a.o ABSOLUTE
    ../clib/microlib/init/entry.s            0x00000000   Number         0  entry8a.o ABSOLUTE
    ../clib/microlib/init/entry.s            0x00000000   Number         0  entry7b.o ABSOLUTE
    ../clib/microlib/init/entry.s            0x00000000   Number         0  entry.o ABSOLUTE
    ../clib/microlib/init/entry.s            0x00000000   Number         0  entry5.o ABSOLUTE
    ../clib/microlib/init/entry.s            0x00000000   Number         0  entry7a.o ABSOLUTE
    ../clib/microlib/init/entry.s            0x00000000   Number         0  entry2.o ABSOLUTE
    ../clib/microlib/init/entry.s            0x00000000   Number         0  entry11a.o ABSOLUTE
    ../clib/microlib/init/entry.s            0x00000000   Number         0  entry10b.o ABSOLUTE
    ../clib/microlib/init/entry.s            0x00000000   Number         0  entry8b.o ABSOLUTE
    ../clib/microlib/init/entry.s            0x00000000   Number         0  entry10a.o ABSOLUTE
    ../clib/microlib/longlong.c              0x00000000   Number         0  llshl.o ABSOLUTE
    ../clib/microlib/longlong.c              0x00000000   Number         0  llushr.o ABSOLUTE
    ../clib/microlib/longlong.c              0x00000000   Number         0  llsshr.o ABSOLUTE
    ../clib/microlib/printf/printf.c         0x00000000   Number         0  printf1.o ABSOLUTE
    ../clib/microlib/printf/printf.c         0x00000000   Number         0  printfa.o ABSOLUTE
    ../clib/microlib/printf/printf.c         0x00000000   Number         0  printf2.o ABSOLUTE
    ../clib/microlib/printf/printf.c         0x00000000   Number         0  printf3.o ABSOLUTE
    ../clib/microlib/printf/printf.c         0x00000000   Number         0  printf8.o ABSOLUTE
    ../clib/microlib/printf/printf.c         0x00000000   Number         0  printf7.o ABSOLUTE
    ../clib/microlib/printf/printf.c         0x00000000   Number         0  printf4.o ABSOLUTE
    ../clib/microlib/printf/printf.c         0x00000000   Number         0  printfb.o ABSOLUTE
    ../clib/microlib/printf/printf.c         0x00000000   Number         0  printf6.o ABSOLUTE
    ../clib/microlib/printf/printf.c         0x00000000   Number         0  printf0.o ABSOLUTE
    ../clib/microlib/printf/printf.c         0x00000000   Number         0  printf5.o ABSOLUTE
    ../clib/microlib/printf/stubs.s          0x00000000   Number         0  stubs.o ABSOLUTE
    ../clib/microlib/string/memset.c         0x00000000   Number         0  memseta.o ABSOLUTE
    ../clib/microlib/stubs.s                 0x00000000   Number         0  iusefp.o ABSOLUTE
    ../fplib/microlib/fpadd.c                0x00000000   Number         0  dadd.o ABSOLUTE
    ../fplib/microlib/fpdiv.c                0x00000000   Number         0  ddiv.o ABSOLUTE
    ../fplib/microlib/fpepilogue.c           0x00000000   Number         0  depilogue.o ABSOLUTE
    ../fplib/microlib/fpfix.c                0x00000000   Number         0  dfixul.o ABSOLUTE
    ../fplib/microlib/fpmul.c                0x00000000   Number         0  dmul.o ABSOLUTE
    ..\Drivers\CMSIS\Device\ST\STM32L1xx\Source\Templates\system_stm32l1xx.c 0x00000000   Number         0  system_stm32l1xx.o ABSOLUTE
    ..\Drivers\STM32L1xx_HAL_Driver\Src\stm32l1xx_hal.c 0x00000000   Number         0  stm32l1xx_hal.o ABSOLUTE
    ..\Drivers\STM32L1xx_HAL_Driver\Src\stm32l1xx_hal_adc.c 0x00000000   Number         0  stm32l1xx_hal_adc.o ABSOLUTE
    ..\Drivers\STM32L1xx_HAL_Driver\Src\stm32l1xx_hal_adc_ex.c 0x00000000   Number         0  stm32l1xx_hal_adc_ex.o ABSOLUTE
    ..\Drivers\STM32L1xx_HAL_Driver\Src\stm32l1xx_hal_cortex.c 0x00000000   Number         0  stm32l1xx_hal_cortex.o ABSOLUTE
    ..\Drivers\STM32L1xx_HAL_Driver\Src\stm32l1xx_hal_dma.c 0x00000000   Number         0  stm32l1xx_hal_dma.o ABSOLUTE
    ..\Drivers\STM32L1xx_HAL_Driver\Src\stm32l1xx_hal_flash.c 0x00000000   Number         0  stm32l1xx_hal_flash.o ABSOLUTE
    ..\Drivers\STM32L1xx_HAL_Driver\Src\stm32l1xx_hal_flash_ex.c 0x00000000   Number         0  stm32l1xx_hal_flash_ex.o ABSOLUTE
    ..\Drivers\STM32L1xx_HAL_Driver\Src\stm32l1xx_hal_flash_ramfunc.c 0x00000000   Number         0  stm32l1xx_hal_flash_ramfunc.o ABSOLUTE
    ..\Drivers\STM32L1xx_HAL_Driver\Src\stm32l1xx_hal_gpio.c 0x00000000   Number         0  stm32l1xx_hal_gpio.o ABSOLUTE
    ..\Drivers\STM32L1xx_HAL_Driver\Src\stm32l1xx_hal_pwr.c 0x00000000   Number         0  stm32l1xx_hal_pwr.o ABSOLUTE
    ..\Drivers\STM32L1xx_HAL_Driver\Src\stm32l1xx_hal_pwr_ex.c 0x00000000   Number         0  stm32l1xx_hal_pwr_ex.o ABSOLUTE
    ..\Drivers\STM32L1xx_HAL_Driver\Src\stm32l1xx_hal_rcc.c 0x00000000   Number         0  stm32l1xx_hal_rcc.o ABSOLUTE
    ..\Drivers\STM32L1xx_HAL_Driver\Src\stm32l1xx_hal_rcc_ex.c 0x00000000   Number         0  stm32l1xx_hal_rcc_ex.o ABSOLUTE
    ..\Drivers\STM32L1xx_HAL_Driver\Src\stm32l1xx_hal_rtc.c 0x00000000   Number         0  stm32l1xx_hal_rtc.o ABSOLUTE
    ..\Drivers\STM32L1xx_HAL_Driver\Src\stm32l1xx_hal_rtc_ex.c 0x00000000   Number         0  stm32l1xx_hal_rtc_ex.o ABSOLUTE
    ..\Drivers\STM32L1xx_HAL_Driver\Src\stm32l1xx_hal_sd.c 0x00000000   Number         0  stm32l1xx_hal_sd.o ABSOLUTE
    ..\Drivers\STM32L1xx_HAL_Driver\Src\stm32l1xx_hal_spi.c 0x00000000   Number         0  stm32l1xx_hal_spi.o ABSOLUTE
    ..\Drivers\STM32L1xx_HAL_Driver\Src\stm32l1xx_hal_spi_ex.c 0x00000000   Number         0  stm32l1xx_hal_spi_ex.o ABSOLUTE
    ..\Drivers\STM32L1xx_HAL_Driver\Src\stm32l1xx_hal_tim.c 0x00000000   Number         0  stm32l1xx_hal_tim.o ABSOLUTE
    ..\Drivers\STM32L1xx_HAL_Driver\Src\stm32l1xx_hal_tim_ex.c 0x00000000   Number         0  stm32l1xx_hal_tim_ex.o ABSOLUTE
    ..\Drivers\STM32L1xx_HAL_Driver\Src\stm32l1xx_hal_uart.c 0x00000000   Number         0  stm32l1xx_hal_uart.o ABSOLUTE
    ..\Drivers\STM32L1xx_HAL_Driver\Src\stm32l1xx_ll_sdmmc.c 0x00000000   Number         0  stm32l1xx_ll_sdmmc.o ABSOLUTE
    ..\Middlewares\Third_Party\FatFs\src\diskio.c 0x00000000   Number         0  diskio.o ABSOLUTE
    ..\Middlewares\Third_Party\FatFs\src\drivers\sd_diskio.c 0x00000000   Number         0  sd_diskio.o ABSOLUTE
    ..\Middlewares\Third_Party\FatFs\src\ff.c 0x00000000   Number         0  ff.o ABSOLUTE
    ..\Middlewares\Third_Party\FatFs\src\ff_gen_drv.c 0x00000000   Number         0  ff_gen_drv.o ABSOLUTE
    ..\Middlewares\Third_Party\FatFs\src\option\syscall.c 0x00000000   Number         0  syscall.o ABSOLUTE
    ..\Src\bsp_driver_sd.c                   0x00000000   Number         0  bsp_driver_sd.o ABSOLUTE
    ..\Src\fatfs.c                           0x00000000   Number         0  fatfs.o ABSOLUTE
    ..\Src\lis3dh_driver.c                   0x00000000   Number         0  lis3dh_driver.o ABSOLUTE
    ..\Src\main.c                            0x00000000   Number         0  main.o ABSOLUTE
    ..\Src\power.c                           0x00000000   Number         0  power.o ABSOLUTE
    ..\Src\stm32l1xx_hal_msp.c               0x00000000   Number         0  stm32l1xx_hal_msp.o ABSOLUTE
    ..\Src\stm32l1xx_it.c                    0x00000000   Number         0  stm32l1xx_it.o ABSOLUTE
    ..\\Src\\lis3dh_driver.c                 0x00000000   Number         0  lis3dh_driver.o ABSOLUTE
    ..\\Src\\power.c                         0x00000000   Number         0  power.o ABSOLUTE
    cdrcmple.s                               0x00000000   Number         0  cdrcmple.o ABSOLUTE
    dc.s                                     0x00000000   Number         0  dc.o ABSOLUTE
    handlers.s                               0x00000000   Number         0  handlers.o ABSOLUTE
    init.s                                   0x00000000   Number         0  init.o ABSOLUTE
    startup_stm32l151xd.s                    0x00000000   Number         0  startup_stm32l151xd.o ABSOLUTE
    RESET                                    0x08000000   Section      292  startup_stm32l151xd.o(RESET)
    .ARM.Collect$$$$00000000                 0x08000124   Section        0  entry.o(.ARM.Collect$$$$00000000)
    .ARM.Collect$$$$00000001                 0x08000124   Section        4  entry2.o(.ARM.Collect$$$$00000001)
    .ARM.Collect$$$$00000004                 0x08000128   Section        4  entry5.o(.ARM.Collect$$$$00000004)
    .ARM.Collect$$$$00000008                 0x0800012c   Section        0  entry7b.o(.ARM.Collect$$$$00000008)
    .ARM.Collect$$$$0000000A                 0x0800012c   Section        0  entry8b.o(.ARM.Collect$$$$0000000A)
    .ARM.Collect$$$$0000000B                 0x0800012c   Section        8  entry9a.o(.ARM.Collect$$$$0000000B)
    .ARM.Collect$$$$0000000D                 0x08000134   Section        0  entry10a.o(.ARM.Collect$$$$0000000D)
    .ARM.Collect$$$$0000000F                 0x08000134   Section        0  entry11a.o(.ARM.Collect$$$$0000000F)
    .ARM.Collect$$$$00002712                 0x08000134   Section        4  entry2.o(.ARM.Collect$$$$00002712)
    __lit__00000000                          0x08000134   Data           4  entry2.o(.ARM.Collect$$$$00002712)
    .text                                    0x08000138   Section       36  startup_stm32l151xd.o(.text)
    .text                                    0x0800015c   Section        0  uidiv.o(.text)
    .text                                    0x08000188   Section       36  init.o(.text)
    i.ADC1_IRQHandler                        0x080001ac   Section        0  stm32l1xx_it.o(i.ADC1_IRQHandler)
    i.ADC_ConversionStop_Disable             0x080001bc   Section        0  stm32l1xx_hal_adc.o(i.ADC_ConversionStop_Disable)
    i.ADC_Enable                             0x08000210   Section        0  stm32l1xx_hal_adc.o(i.ADC_Enable)
    i.HAL_ADCEx_InjectedConvCpltCallback     0x08000298   Section        0  stm32l1xx_hal_adc_ex.o(i.HAL_ADCEx_InjectedConvCpltCallback)
    i.HAL_ADC_ConfigChannel                  0x0800029c   Section        0  stm32l1xx_hal_adc.o(i.HAL_ADC_ConfigChannel)
    i.HAL_ADC_ConvCpltCallback               0x08000498   Section        0  stm32l1xx_hal_adc.o(i.HAL_ADC_ConvCpltCallback)
    i.HAL_ADC_ErrorCallback                  0x0800049a   Section        0  stm32l1xx_hal_adc.o(i.HAL_ADC_ErrorCallback)
    i.HAL_ADC_GetValue                       0x0800049c   Section        0  stm32l1xx_hal_adc.o(i.HAL_ADC_GetValue)
    i.HAL_ADC_IRQHandler                     0x080004a4   Section        0  stm32l1xx_hal_adc.o(i.HAL_ADC_IRQHandler)
    i.HAL_ADC_Init                           0x0800061c   Section        0  stm32l1xx_hal_adc.o(i.HAL_ADC_Init)
    i.HAL_ADC_LevelOutOfWindowCallback       0x080007fc   Section        0  stm32l1xx_hal_adc.o(i.HAL_ADC_LevelOutOfWindowCallback)
    i.HAL_ADC_MspInit                        0x08000800   Section        0  stm32l1xx_hal_msp.o(i.HAL_ADC_MspInit)
    i.HAL_ADC_PollForConversion              0x08000860   Section        0  stm32l1xx_hal_adc.o(i.HAL_ADC_PollForConversion)
    i.HAL_ADC_Start                          0x0800091e   Section        0  stm32l1xx_hal_adc.o(i.HAL_ADC_Start)
    i.HAL_ADC_Stop                           0x080009a8   Section        0  stm32l1xx_hal_adc.o(i.HAL_ADC_Stop)
    i.HAL_Delay                              0x080009e8   Section        0  stm32l1xx_hal.o(i.HAL_Delay)
    i.HAL_GPIO_Init                          0x08000a04   Section        0  stm32l1xx_hal_gpio.o(i.HAL_GPIO_Init)
    i.HAL_GPIO_WritePin                      0x08000bf0   Section        0  stm32l1xx_hal_gpio.o(i.HAL_GPIO_WritePin)
    i.HAL_GetTick                            0x08000bfc   Section        0  stm32l1xx_hal.o(i.HAL_GetTick)
    i.HAL_IncTick                            0x08000c08   Section        0  stm32l1xx_hal.o(i.HAL_IncTick)
    i.HAL_Init                               0x08000c18   Section        0  stm32l1xx_hal.o(i.HAL_Init)
    i.HAL_InitTick                           0x08000c2e   Section        0  stm32l1xx_hal.o(i.HAL_InitTick)
    i.HAL_MspInit                            0x08000c54   Section        0  stm32l1xx_hal_msp.o(i.HAL_MspInit)
    i.HAL_NVIC_EnableIRQ                     0x08000ca4   Section        0  stm32l1xx_hal_cortex.o(i.HAL_NVIC_EnableIRQ)
    i.HAL_NVIC_SetPriority                   0x08000cbe   Section        0  stm32l1xx_hal_cortex.o(i.HAL_NVIC_SetPriority)
    i.HAL_NVIC_SetPriorityGrouping           0x08000d3c   Section        0  stm32l1xx_hal_cortex.o(i.HAL_NVIC_SetPriorityGrouping)
    i.HAL_PWREx_GetVoltageRange              0x08000d64   Section        0  stm32l1xx_hal_pwr_ex.o(i.HAL_PWREx_GetVoltageRange)
    i.HAL_RCC_ClockConfig                    0x08000d74   Section        0  stm32l1xx_hal_rcc.o(i.HAL_RCC_ClockConfig)
    i.HAL_RCC_GetHCLKFreq                    0x08001224   Section        0  stm32l1xx_hal_rcc.o(i.HAL_RCC_GetHCLKFreq)
    i.HAL_RCC_GetPCLK1Freq                   0x0800125c   Section        0  stm32l1xx_hal_rcc.o(i.HAL_RCC_GetPCLK1Freq)
    i.HAL_RCC_GetPCLK2Freq                   0x08001288   Section        0  stm32l1xx_hal_rcc.o(i.HAL_RCC_GetPCLK2Freq)
    i.HAL_RCC_GetSysClockFreq                0x080012b4   Section        0  stm32l1xx_hal_rcc.o(i.HAL_RCC_GetSysClockFreq)
    i.HAL_RCC_OscConfig                      0x08001370   Section        0  stm32l1xx_hal_rcc.o(i.HAL_RCC_OscConfig)
    i.HAL_SD_IRQHandler                      0x08001da0   Section        0  stm32l1xx_hal_sd.o(i.HAL_SD_IRQHandler)
    i.HAL_SD_XferCpltCallback                0x08001e60   Section        0  stm32l1xx_hal_sd.o(i.HAL_SD_XferCpltCallback)
    i.HAL_SD_XferErrorCallback               0x08001e62   Section        0  stm32l1xx_hal_sd.o(i.HAL_SD_XferErrorCallback)
    i.HAL_SPI_ErrorCallback                  0x08001e64   Section        0  stm32l1xx_hal_spi.o(i.HAL_SPI_ErrorCallback)
    i.HAL_SPI_IRQHandler                     0x08001e66   Section        0  stm32l1xx_hal_spi.o(i.HAL_SPI_IRQHandler)
    i.HAL_SPI_Init                           0x08001f66   Section        0  stm32l1xx_hal_spi_ex.o(i.HAL_SPI_Init)
    i.HAL_SPI_MspInit                        0x08001ff0   Section        0  stm32l1xx_hal_msp.o(i.HAL_SPI_MspInit)
    i.HAL_SPI_Receive                        0x080020b8   Section        0  stm32l1xx_hal_spi.o(i.HAL_SPI_Receive)
    i.HAL_SPI_Transmit                       0x080022f2   Section        0  stm32l1xx_hal_spi.o(i.HAL_SPI_Transmit)
    i.HAL_SPI_TransmitReceive                0x080024b2   Section        0  stm32l1xx_hal_spi.o(i.HAL_SPI_TransmitReceive)
    i.HAL_SYSTICK_CLKSourceConfig            0x080027fe   Section        0  stm32l1xx_hal_cortex.o(i.HAL_SYSTICK_CLKSourceConfig)
    i.HAL_SYSTICK_Callback                   0x08002826   Section        0  stm32l1xx_hal_cortex.o(i.HAL_SYSTICK_Callback)
    i.HAL_SYSTICK_Config                     0x08002828   Section        0  stm32l1xx_hal_cortex.o(i.HAL_SYSTICK_Config)
    i.HAL_SYSTICK_IRQHandler                 0x0800285c   Section        0  stm32l1xx_hal_cortex.o(i.HAL_SYSTICK_IRQHandler)
    i.HAL_UART_ErrorCallback                 0x08002864   Section        0  stm32l1xx_hal_uart.o(i.HAL_UART_ErrorCallback)
    i.HAL_UART_IRQHandler                    0x08002866   Section        0  stm32l1xx_hal_uart.o(i.HAL_UART_IRQHandler)
    i.HAL_UART_Init                          0x08002940   Section        0  stm32l1xx_hal_uart.o(i.HAL_UART_Init)
    i.HAL_UART_MspInit                       0x080029b0   Section        0  stm32l1xx_hal_msp.o(i.HAL_UART_MspInit)
    i.HAL_UART_RxCpltCallback                0x08002a74   Section        0  stm32l1xx_hal_uart.o(i.HAL_UART_RxCpltCallback)
    i.HAL_UART_TxCpltCallback                0x08002a76   Section        0  stm32l1xx_hal_uart.o(i.HAL_UART_TxCpltCallback)
    i.LIS3DH_GetWHO_AM_I                     0x08002a78   Section        0  lis3dh_driver.o(i.LIS3DH_GetWHO_AM_I)
    i.LIS3DH_ReadReg                         0x08002a90   Section        0  lis3dh_driver.o(i.LIS3DH_ReadReg)
    i.LIS3DH_SetAxis                         0x08002adc   Section        0  lis3dh_driver.o(i.LIS3DH_SetAxis)
    i.LIS3DH_SetFullScale                    0x08002b18   Section        0  lis3dh_driver.o(i.LIS3DH_SetFullScale)
    i.LIS3DH_SetMode                         0x08002b54   Section        0  lis3dh_driver.o(i.LIS3DH_SetMode)
    i.LIS3DH_SetODR                          0x08002c28   Section        0  lis3dh_driver.o(i.LIS3DH_SetODR)
    i.LIS3DH_WriteReg                        0x08002c64   Section        0  lis3dh_driver.o(i.LIS3DH_WriteReg)
    i.MX_ADC_Init                            0x08002cb8   Section        0  main.o(i.MX_ADC_Init)
    MX_ADC_Init                              0x08002cb9   Thumb Code    88  main.o(i.MX_ADC_Init)
    i.MX_GPIO_Init                           0x08002d1c   Section        0  main.o(i.MX_GPIO_Init)
    MX_GPIO_Init                             0x08002d1d   Thumb Code   318  main.o(i.MX_GPIO_Init)
    i.MX_SPI1_Init                           0x08002e6c   Section        0  main.o(i.MX_SPI1_Init)
    MX_SPI1_Init                             0x08002e6d   Thumb Code    54  main.o(i.MX_SPI1_Init)
    i.MX_SPI2_Init                           0x08002eac   Section        0  main.o(i.MX_SPI2_Init)
    MX_SPI2_Init                             0x08002ead   Thumb Code    54  main.o(i.MX_SPI2_Init)
    i.MX_USART1_UART_Init                    0x08002eec   Section        0  main.o(i.MX_USART1_UART_Init)
    MX_USART1_UART_Init                      0x08002eed   Thumb Code    40  main.o(i.MX_USART1_UART_Init)
    i.MX_USART2_UART_Init                    0x08002f1c   Section        0  main.o(i.MX_USART2_UART_Init)
    MX_USART2_UART_Init                      0x08002f1d   Thumb Code    40  main.o(i.MX_USART2_UART_Init)
    i.NVIC_GetPriorityGrouping               0x08002f4c   Section        0  stm32l1xx_hal_cortex.o(i.NVIC_GetPriorityGrouping)
    NVIC_GetPriorityGrouping                 0x08002f4d   Thumb Code    10  stm32l1xx_hal_cortex.o(i.NVIC_GetPriorityGrouping)
    i.NVIC_SetPriority                       0x08002f5c   Section        0  stm32l1xx_hal_cortex.o(i.NVIC_SetPriority)
    NVIC_SetPriority                         0x08002f5d   Thumb Code    32  stm32l1xx_hal_cortex.o(i.NVIC_SetPriority)
    i.RCC_SetFlashLatencyFromMSIRange        0x08002f84   Section        0  stm32l1xx_hal_rcc.o(i.RCC_SetFlashLatencyFromMSIRange)
    RCC_SetFlashLatencyFromMSIRange          0x08002f85   Thumb Code   160  stm32l1xx_hal_rcc.o(i.RCC_SetFlashLatencyFromMSIRange)
    i.SDIO_IRQHandler                        0x0800302c   Section        0  stm32l1xx_it.o(i.SDIO_IRQHandler)
    i.SPI1_IRQHandler                        0x0800303c   Section        0  stm32l1xx_it.o(i.SPI1_IRQHandler)
    i.SPI2_IRQHandler                        0x0800304c   Section        0  stm32l1xx_it.o(i.SPI2_IRQHandler)
    i.SPI_WaitOnFlagUntilTimeout             0x0800305c   Section        0  stm32l1xx_hal_spi.o(i.SPI_WaitOnFlagUntilTimeout)
    SPI_WaitOnFlagUntilTimeout               0x0800305d   Thumb Code   276  stm32l1xx_hal_spi.o(i.SPI_WaitOnFlagUntilTimeout)
    i.SysTick_Handler                        0x08003170   Section        0  stm32l1xx_it.o(i.SysTick_Handler)
    i.SystemClock_Config                     0x0800317c   Section        0  main.o(i.SystemClock_Config)
    i.SystemInit                             0x08003214   Section        0  system_stm32l1xx.o(i.SystemInit)
    i.UART_EndTransmit_IT                    0x08003278   Section        0  stm32l1xx_hal_uart.o(i.UART_EndTransmit_IT)
    UART_EndTransmit_IT                      0x08003279   Thumb Code    48  stm32l1xx_hal_uart.o(i.UART_EndTransmit_IT)
    i.UART_Receive_IT                        0x080032a8   Section        0  stm32l1xx_hal_uart.o(i.UART_Receive_IT)
    UART_Receive_IT                          0x080032a9   Thumb Code   188  stm32l1xx_hal_uart.o(i.UART_Receive_IT)
    i.UART_SetConfig                         0x08003364   Section        0  stm32l1xx_hal_uart.o(i.UART_SetConfig)
    UART_SetConfig                           0x08003365   Thumb Code   522  stm32l1xx_hal_uart.o(i.UART_SetConfig)
    i.UART_Transmit_IT                       0x08003574   Section        0  stm32l1xx_hal_uart.o(i.UART_Transmit_IT)
    UART_Transmit_IT                         0x08003575   Thumb Code   112  stm32l1xx_hal_uart.o(i.UART_Transmit_IT)
    i.USART1_IRQHandler                      0x080035e4   Section        0  stm32l1xx_it.o(i.USART1_IRQHandler)
    i.USART2_IRQHandler                      0x080035f4   Section        0  stm32l1xx_it.o(i.USART2_IRQHandler)
    i.__0printf$1                            0x08003604   Section        0  printf1.o(i.__0printf$1)
    i.__scatterload_copy                     0x08003624   Section       14  handlers.o(i.__scatterload_copy)
    i.__scatterload_null                     0x08003632   Section        2  handlers.o(i.__scatterload_null)
    i.__scatterload_zeroinit                 0x08003634   Section       14  handlers.o(i.__scatterload_zeroinit)
    i._printf_core                           0x08003644   Section        0  printf1.o(i._printf_core)
    _printf_core                             0x08003645   Thumb Code   336  printf1.o(i._printf_core)
    i.fputc                                  0x08003798   Section        0  main.o(i.fputc)
    i.main                                   0x080037bc   Section        0  main.o(i.main)
    i.power_read                             0x080038c4   Section        0  power.o(i.power_read)
    .constdata                               0x08003948   Section       29  stm32l1xx_hal_rcc.o(.constdata)
    .data                                    0x20000000   Section        4  stm32l1xx_hal.o(.data)
    uwTick                                   0x20000000   Data           4  stm32l1xx_hal.o(.data)
    .data                                    0x20000004   Section       16  main.o(.data)
    .data                                    0x20000014   Section        1  lis3dh_driver.o(.data)
    ODR_old_value                            0x20000014   Data           1  lis3dh_driver.o(.data)
    .data                                    0x20000018   Section       12  power.o(.data)
    .data                                    0x20000024   Section        4  system_stm32l1xx.o(.data)
    .bss                                     0x20000028   Section     1692  main.o(.bss)
    STACK                                    0x200006c8   Section     1024  startup_stm32l151xd.o(STACK)

    Global Symbols

    Symbol Name                              Value     Ov Type        Size  Object(Section)

    BuildAttributes$$THM_ISAv4$P$D$K$B$S$PE$A:L22UL41UL21$X:L11$S22US41US21$IEEE1$IW$USESV6$~STKCKD$USESV7$~SHL$OSPACE$ROPI$EBA8$MICROLIB$REQ8$PRES8$EABIv2 0x00000000   Number         0  anon$$obj.o ABSOLUTE
    __ARM_use_no_argv                        0x00000000   Number         0  main.o ABSOLUTE
    _printf_a                                0x00000000   Number         0  stubs.o ABSOLUTE
    _printf_c                                0x00000000   Number         0  stubs.o ABSOLUTE
    _printf_charcount                        0x00000000   Number         0  stubs.o ABSOLUTE
    _printf_d                                0x00000000   Number         0  stubs.o ABSOLUTE
    _printf_e                                0x00000000   Number         0  stubs.o ABSOLUTE
    _printf_f                                0x00000000   Number         0  stubs.o ABSOLUTE
    _printf_flags                            0x00000000   Number         0  stubs.o ABSOLUTE
    _printf_fp_dec                           0x00000000   Number         0  stubs.o ABSOLUTE
    _printf_fp_hex                           0x00000000   Number         0  stubs.o ABSOLUTE
    _printf_g                                0x00000000   Number         0  stubs.o ABSOLUTE
    _printf_i                                0x00000000   Number         0  stubs.o ABSOLUTE
    _printf_int_dec                          0x00000000   Number         0  stubs.o ABSOLUTE
    _printf_l                                0x00000000   Number         0  stubs.o ABSOLUTE
    _printf_lc                               0x00000000   Number         0  stubs.o ABSOLUTE
    _printf_ll                               0x00000000   Number         0  stubs.o ABSOLUTE
    _printf_lld                              0x00000000   Number         0  stubs.o ABSOLUTE
    _printf_lli                              0x00000000   Number         0  stubs.o ABSOLUTE
    _printf_llo                              0x00000000   Number         0  stubs.o ABSOLUTE
    _printf_llu                              0x00000000   Number         0  stubs.o ABSOLUTE
    _printf_llx                              0x00000000   Number         0  stubs.o ABSOLUTE
    _printf_longlong_dec                     0x00000000   Number         0  stubs.o ABSOLUTE
    _printf_longlong_hex                     0x00000000   Number         0  stubs.o ABSOLUTE
    _printf_longlong_oct                     0x00000000   Number         0  stubs.o ABSOLUTE
    _printf_ls                               0x00000000   Number         0  stubs.o ABSOLUTE
    _printf_mbtowc                           0x00000000   Number         0  stubs.o ABSOLUTE
    _printf_n                                0x00000000   Number         0  stubs.o ABSOLUTE
    _printf_o                                0x00000000   Number         0  stubs.o ABSOLUTE
    _printf_p                                0x00000000   Number         0  stubs.o ABSOLUTE
    _printf_percent                          0x00000000   Number         0  stubs.o ABSOLUTE
    _printf_pre_padding                      0x00000000   Number         0  stubs.o ABSOLUTE
    _printf_return_value                     0x00000000   Number         0  stubs.o ABSOLUTE
    _printf_s                                0x00000000   Number         0  stubs.o ABSOLUTE
    _printf_sizespec                         0x00000000   Number         0  stubs.o ABSOLUTE
    _printf_str                              0x00000000   Number         0  stubs.o ABSOLUTE
    _printf_truncate_signed                  0x00000000   Number         0  stubs.o ABSOLUTE
    _printf_truncate_unsigned                0x00000000   Number         0  stubs.o ABSOLUTE
    _printf_u                                0x00000000   Number         0  stubs.o ABSOLUTE
    _printf_wc                               0x00000000   Number         0  stubs.o ABSOLUTE
    _printf_wctomb                           0x00000000   Number         0  stubs.o ABSOLUTE
    _printf_widthprec                        0x00000000   Number         0  stubs.o ABSOLUTE
    _printf_x                                0x00000000   Number         0  stubs.o ABSOLUTE
    __cpp_initialize__aeabi_                  - Undefined Weak Reference
    __cxa_finalize                            - Undefined Weak Reference
    __decompress                              - Undefined Weak Reference
    _clock_init                               - Undefined Weak Reference
    _microlib_exit                            - Undefined Weak Reference
    __Vectors_Size                           0x00000124   Number         0  startup_stm32l151xd.o ABSOLUTE
    __Vectors                                0x08000000   Data           4  startup_stm32l151xd.o(RESET)
    __Vectors_End                            0x08000124   Data           0  startup_stm32l151xd.o(RESET)
    __main                                   0x08000125   Thumb Code     0  entry.o(.ARM.Collect$$$$00000000)
    _main_stk                                0x08000125   Thumb Code     0  entry2.o(.ARM.Collect$$$$00000001)
    _main_scatterload                        0x08000129   Thumb Code     0  entry5.o(.ARM.Collect$$$$00000004)
    __main_after_scatterload                 0x0800012d   Thumb Code     0  entry5.o(.ARM.Collect$$$$00000004)
    _main_clock                              0x0800012d   Thumb Code     0  entry7b.o(.ARM.Collect$$$$00000008)
    _main_cpp_init                           0x0800012d   Thumb Code     0  entry8b.o(.ARM.Collect$$$$0000000A)
    _main_init                               0x0800012d   Thumb Code     0  entry9a.o(.ARM.Collect$$$$0000000B)
    __rt_final_cpp                           0x08000135   Thumb Code     0  entry10a.o(.ARM.Collect$$$$0000000D)
    __rt_final_exit                          0x08000135   Thumb Code     0  entry11a.o(.ARM.Collect$$$$0000000F)
    Reset_Handler                            0x08000139   Thumb Code     8  startup_stm32l151xd.o(.text)
    NMI_Handler                              0x08000141   Thumb Code     2  startup_stm32l151xd.o(.text)
    HardFault_Handler                        0x08000143   Thumb Code     2  startup_stm32l151xd.o(.text)
    MemManage_Handler                        0x08000145   Thumb Code     2  startup_stm32l151xd.o(.text)
    BusFault_Handler                         0x08000147   Thumb Code     2  startup_stm32l151xd.o(.text)
    UsageFault_Handler                       0x08000149   Thumb Code     2  startup_stm32l151xd.o(.text)
    SVC_Handler                              0x0800014b   Thumb Code     2  startup_stm32l151xd.o(.text)
    DebugMon_Handler                         0x0800014d   Thumb Code     2  startup_stm32l151xd.o(.text)
    PendSV_Handler                           0x0800014f   Thumb Code     2  startup_stm32l151xd.o(.text)
    COMP_ACQ_IRQHandler                      0x08000153   Thumb Code     0  startup_stm32l151xd.o(.text)
    COMP_IRQHandler                          0x08000153   Thumb Code     0  startup_stm32l151xd.o(.text)
    DAC_IRQHandler                           0x08000153   Thumb Code     0  startup_stm32l151xd.o(.text)
    DMA1_Channel1_IRQHandler                 0x08000153   Thumb Code     0  startup_stm32l151xd.o(.text)
    DMA1_Channel2_IRQHandler                 0x08000153   Thumb Code     0  startup_stm32l151xd.o(.text)
    DMA1_Channel3_IRQHandler                 0x08000153   Thumb Code     0  startup_stm32l151xd.o(.text)
    DMA1_Channel4_IRQHandler                 0x08000153   Thumb Code     0  startup_stm32l151xd.o(.text)
    DMA1_Channel5_IRQHandler                 0x08000153   Thumb Code     0  startup_stm32l151xd.o(.text)
    DMA1_Channel6_IRQHandler                 0x08000153   Thumb Code     0  startup_stm32l151xd.o(.text)
    DMA1_Channel7_IRQHandler                 0x08000153   Thumb Code     0  startup_stm32l151xd.o(.text)
    DMA2_Channel1_IRQHandler                 0x08000153   Thumb Code     0  startup_stm32l151xd.o(.text)
    DMA2_Channel2_IRQHandler                 0x08000153   Thumb Code     0  startup_stm32l151xd.o(.text)
    DMA2_Channel3_IRQHandler                 0x08000153   Thumb Code     0  startup_stm32l151xd.o(.text)
    DMA2_Channel4_IRQHandler                 0x08000153   Thumb Code     0  startup_stm32l151xd.o(.text)
    DMA2_Channel5_IRQHandler                 0x08000153   Thumb Code     0  startup_stm32l151xd.o(.text)
    EXTI0_IRQHandler                         0x08000153   Thumb Code     0  startup_stm32l151xd.o(.text)
    EXTI15_10_IRQHandler                     0x08000153   Thumb Code     0  startup_stm32l151xd.o(.text)
    EXTI1_IRQHandler                         0x08000153   Thumb Code     0  startup_stm32l151xd.o(.text)
    EXTI2_IRQHandler                         0x08000153   Thumb Code     0  startup_stm32l151xd.o(.text)
    EXTI3_IRQHandler                         0x08000153   Thumb Code     0  startup_stm32l151xd.o(.text)
    EXTI4_IRQHandler                         0x08000153   Thumb Code     0  startup_stm32l151xd.o(.text)
    EXTI9_5_IRQHandler                       0x08000153   Thumb Code     0  startup_stm32l151xd.o(.text)
    FLASH_IRQHandler                         0x08000153   Thumb Code     0  startup_stm32l151xd.o(.text)
    I2C1_ER_IRQHandler                       0x08000153   Thumb Code     0  startup_stm32l151xd.o(.text)
    I2C1_EV_IRQHandler                       0x08000153   Thumb Code     0  startup_stm32l151xd.o(.text)
    I2C2_ER_IRQHandler                       0x08000153   Thumb Code     0  startup_stm32l151xd.o(.text)
    I2C2_EV_IRQHandler                       0x08000153   Thumb Code     0  startup_stm32l151xd.o(.text)
    PVD_IRQHandler                           0x08000153   Thumb Code     0  startup_stm32l151xd.o(.text)
    RCC_IRQHandler                           0x08000153   Thumb Code     0  startup_stm32l151xd.o(.text)
    RTC_Alarm_IRQHandler                     0x08000153   Thumb Code     0  startup_stm32l151xd.o(.text)
    RTC_WKUP_IRQHandler                      0x08000153   Thumb Code     0  startup_stm32l151xd.o(.text)
    SPI3_IRQHandler                          0x08000153   Thumb Code     0  startup_stm32l151xd.o(.text)
    TAMPER_STAMP_IRQHandler                  0x08000153   Thumb Code     0  startup_stm32l151xd.o(.text)
    TIM10_IRQHandler                         0x08000153   Thumb Code     0  startup_stm32l151xd.o(.text)
    TIM11_IRQHandler                         0x08000153   Thumb Code     0  startup_stm32l151xd.o(.text)
    TIM2_IRQHandler                          0x08000153   Thumb Code     0  startup_stm32l151xd.o(.text)
    TIM3_IRQHandler                          0x08000153   Thumb Code     0  startup_stm32l151xd.o(.text)
    TIM4_IRQHandler                          0x08000153   Thumb Code     0  startup_stm32l151xd.o(.text)
    TIM5_IRQHandler                          0x08000153   Thumb Code     0  startup_stm32l151xd.o(.text)
    TIM6_IRQHandler                          0x08000153   Thumb Code     0  startup_stm32l151xd.o(.text)
    TIM7_IRQHandler                          0x08000153   Thumb Code     0  startup_stm32l151xd.o(.text)
    TIM9_IRQHandler                          0x08000153   Thumb Code     0  startup_stm32l151xd.o(.text)
    UART4_IRQHandler                         0x08000153   Thumb Code     0  startup_stm32l151xd.o(.text)
    UART5_IRQHandler                         0x08000153   Thumb Code     0  startup_stm32l151xd.o(.text)
    USART3_IRQHandler                        0x08000153   Thumb Code     0  startup_stm32l151xd.o(.text)
    USB_FS_WKUP_IRQHandler                   0x08000153   Thumb Code     0  startup_stm32l151xd.o(.text)
    USB_HP_IRQHandler                        0x08000153   Thumb Code     0  startup_stm32l151xd.o(.text)
    USB_LP_IRQHandler                        0x08000153   Thumb Code     0  startup_stm32l151xd.o(.text)
    WWDG_IRQHandler                          0x08000153   Thumb Code     0  startup_stm32l151xd.o(.text)
    __aeabi_uidiv                            0x0800015d   Thumb Code     0  uidiv.o(.text)
    __aeabi_uidivmod                         0x0800015d   Thumb Code    44  uidiv.o(.text)
    __scatterload                            0x08000189   Thumb Code    28  init.o(.text)
    __scatterload_rt2                        0x08000189   Thumb Code     0  init.o(.text)
    ADC1_IRQHandler                          0x080001ad   Thumb Code    10  stm32l1xx_it.o(i.ADC1_IRQHandler)
    ADC_ConversionStop_Disable               0x080001bd   Thumb Code    82  stm32l1xx_hal_adc.o(i.ADC_ConversionStop_Disable)
    ADC_Enable                               0x08000211   Thumb Code   126  stm32l1xx_hal_adc.o(i.ADC_Enable)
    HAL_ADCEx_InjectedConvCpltCallback       0x08000299   Thumb Code     2  stm32l1xx_hal_adc_ex.o(i.HAL_ADCEx_InjectedConvCpltCallback)
    HAL_ADC_ConfigChannel                    0x0800029d   Thumb Code   496  stm32l1xx_hal_adc.o(i.HAL_ADC_ConfigChannel)
    HAL_ADC_ConvCpltCallback                 0x08000499   Thumb Code     2  stm32l1xx_hal_adc.o(i.HAL_ADC_ConvCpltCallback)
    HAL_ADC_ErrorCallback                    0x0800049b   Thumb Code     2  stm32l1xx_hal_adc.o(i.HAL_ADC_ErrorCallback)
    HAL_ADC_GetValue                         0x0800049d   Thumb Code     8  stm32l1xx_hal_adc.o(i.HAL_ADC_GetValue)
    HAL_ADC_IRQHandler                       0x080004a5   Thumb Code   374  stm32l1xx_hal_adc.o(i.HAL_ADC_IRQHandler)
    HAL_ADC_Init                             0x0800061d   Thumb Code   460  stm32l1xx_hal_adc.o(i.HAL_ADC_Init)
    HAL_ADC_LevelOutOfWindowCallback         0x080007fd   Thumb Code     2  stm32l1xx_hal_adc.o(i.HAL_ADC_LevelOutOfWindowCallback)
    HAL_ADC_MspInit                          0x08000801   Thumb Code    82  stm32l1xx_hal_msp.o(i.HAL_ADC_MspInit)
    HAL_ADC_PollForConversion                0x08000861   Thumb Code   190  stm32l1xx_hal_adc.o(i.HAL_ADC_PollForConversion)
    HAL_ADC_Start                            0x0800091f   Thumb Code   138  stm32l1xx_hal_adc.o(i.HAL_ADC_Start)
    HAL_ADC_Stop                             0x080009a9   Thumb Code    64  stm32l1xx_hal_adc.o(i.HAL_ADC_Stop)
    HAL_Delay                                0x080009e9   Thumb Code    26  stm32l1xx_hal.o(i.HAL_Delay)
    HAL_GPIO_Init                            0x08000a05   Thumb Code   450  stm32l1xx_hal_gpio.o(i.HAL_GPIO_Init)
    HAL_GPIO_WritePin                        0x08000bf1   Thumb Code    12  stm32l1xx_hal_gpio.o(i.HAL_GPIO_WritePin)
    HAL_GetTick                              0x08000bfd   Thumb Code     6  stm32l1xx_hal.o(i.HAL_GetTick)
    HAL_IncTick                              0x08000c09   Thumb Code    12  stm32l1xx_hal.o(i.HAL_IncTick)
    HAL_Init                                 0x08000c19   Thumb Code    22  stm32l1xx_hal.o(i.HAL_Init)
    HAL_InitTick                             0x08000c2f   Thumb Code    36  stm32l1xx_hal.o(i.HAL_InitTick)
    HAL_MspInit                              0x08000c55   Thumb Code    76  stm32l1xx_hal_msp.o(i.HAL_MspInit)
    HAL_NVIC_EnableIRQ                       0x08000ca5   Thumb Code    26  stm32l1xx_hal_cortex.o(i.HAL_NVIC_EnableIRQ)
    HAL_NVIC_SetPriority                     0x08000cbf   Thumb Code   124  stm32l1xx_hal_cortex.o(i.HAL_NVIC_SetPriority)
    HAL_NVIC_SetPriorityGrouping             0x08000d3d   Thumb Code    32  stm32l1xx_hal_cortex.o(i.HAL_NVIC_SetPriorityGrouping)
    HAL_PWREx_GetVoltageRange                0x08000d65   Thumb Code    10  stm32l1xx_hal_pwr_ex.o(i.HAL_PWREx_GetVoltageRange)
    HAL_RCC_ClockConfig                      0x08000d75   Thumb Code  1190  stm32l1xx_hal_rcc.o(i.HAL_RCC_ClockConfig)
    HAL_RCC_GetHCLKFreq                      0x08001225   Thumb Code    42  stm32l1xx_hal_rcc.o(i.HAL_RCC_GetHCLKFreq)
    HAL_RCC_GetPCLK1Freq                     0x0800125d   Thumb Code    36  stm32l1xx_hal_rcc.o(i.HAL_RCC_GetPCLK1Freq)
    HAL_RCC_GetPCLK2Freq                     0x08001289   Thumb Code    36  stm32l1xx_hal_rcc.o(i.HAL_RCC_GetPCLK2Freq)
    HAL_RCC_GetSysClockFreq                  0x080012b5   Thumb Code   166  stm32l1xx_hal_rcc.o(i.HAL_RCC_GetSysClockFreq)
    HAL_RCC_OscConfig                        0x08001371   Thumb Code  2600  stm32l1xx_hal_rcc.o(i.HAL_RCC_OscConfig)
    HAL_SD_IRQHandler                        0x08001da1   Thumb Code   192  stm32l1xx_hal_sd.o(i.HAL_SD_IRQHandler)
    HAL_SD_XferCpltCallback                  0x08001e61   Thumb Code     2  stm32l1xx_hal_sd.o(i.HAL_SD_XferCpltCallback)
    HAL_SD_XferErrorCallback                 0x08001e63   Thumb Code     2  stm32l1xx_hal_sd.o(i.HAL_SD_XferErrorCallback)
    HAL_SPI_ErrorCallback                    0x08001e65   Thumb Code     2  stm32l1xx_hal_spi.o(i.HAL_SPI_ErrorCallback)
    HAL_SPI_IRQHandler                       0x08001e67   Thumb Code   256  stm32l1xx_hal_spi.o(i.HAL_SPI_IRQHandler)
    HAL_SPI_Init                             0x08001f67   Thumb Code   136  stm32l1xx_hal_spi_ex.o(i.HAL_SPI_Init)
    HAL_SPI_MspInit                          0x08001ff1   Thumb Code   178  stm32l1xx_hal_msp.o(i.HAL_SPI_MspInit)
    HAL_SPI_Receive                          0x080020b9   Thumb Code   570  stm32l1xx_hal_spi.o(i.HAL_SPI_Receive)
    HAL_SPI_Transmit                         0x080022f3   Thumb Code   448  stm32l1xx_hal_spi.o(i.HAL_SPI_Transmit)
    HAL_SPI_TransmitReceive                  0x080024b3   Thumb Code   844  stm32l1xx_hal_spi.o(i.HAL_SPI_TransmitReceive)
    HAL_SYSTICK_CLKSourceConfig              0x080027ff   Thumb Code    40  stm32l1xx_hal_cortex.o(i.HAL_SYSTICK_CLKSourceConfig)
    HAL_SYSTICK_Callback                     0x08002827   Thumb Code     2  stm32l1xx_hal_cortex.o(i.HAL_SYSTICK_Callback)
    HAL_SYSTICK_Config                       0x08002829   Thumb Code    52  stm32l1xx_hal_cortex.o(i.HAL_SYSTICK_Config)
    HAL_SYSTICK_IRQHandler                   0x0800285d   Thumb Code     8  stm32l1xx_hal_cortex.o(i.HAL_SYSTICK_IRQHandler)
    HAL_UART_ErrorCallback                   0x08002865   Thumb Code     2  stm32l1xx_hal_uart.o(i.HAL_UART_ErrorCallback)
    HAL_UART_IRQHandler                      0x08002867   Thumb Code   218  stm32l1xx_hal_uart.o(i.HAL_UART_IRQHandler)
    HAL_UART_Init                            0x08002941   Thumb Code   110  stm32l1xx_hal_uart.o(i.HAL_UART_Init)
    HAL_UART_MspInit                         0x080029b1   Thumb Code   178  stm32l1xx_hal_msp.o(i.HAL_UART_MspInit)
    HAL_UART_RxCpltCallback                  0x08002a75   Thumb Code     2  stm32l1xx_hal_uart.o(i.HAL_UART_RxCpltCallback)
    HAL_UART_TxCpltCallback                  0x08002a77   Thumb Code     2  stm32l1xx_hal_uart.o(i.HAL_UART_TxCpltCallback)
    LIS3DH_GetWHO_AM_I                       0x08002a79   Thumb Code    22  lis3dh_driver.o(i.LIS3DH_GetWHO_AM_I)
    LIS3DH_ReadReg                           0x08002a91   Thumb Code    68  lis3dh_driver.o(i.LIS3DH_ReadReg)
    LIS3DH_SetAxis                           0x08002add   Thumb Code    60  lis3dh_driver.o(i.LIS3DH_SetAxis)
    LIS3DH_SetFullScale                      0x08002b19   Thumb Code    60  lis3dh_driver.o(i.LIS3DH_SetFullScale)
    LIS3DH_SetMode                           0x08002b55   Thumb Code   208  lis3dh_driver.o(i.LIS3DH_SetMode)
    LIS3DH_SetODR                            0x08002c29   Thumb Code    60  lis3dh_driver.o(i.LIS3DH_SetODR)
    LIS3DH_WriteReg                          0x08002c65   Thumb Code    74  lis3dh_driver.o(i.LIS3DH_WriteReg)
    SDIO_IRQHandler                          0x0800302d   Thumb Code    10  stm32l1xx_it.o(i.SDIO_IRQHandler)
    SPI1_IRQHandler                          0x0800303d   Thumb Code    10  stm32l1xx_it.o(i.SPI1_IRQHandler)
    SPI2_IRQHandler                          0x0800304d   Thumb Code    10  stm32l1xx_it.o(i.SPI2_IRQHandler)
    SysTick_Handler                          0x08003171   Thumb Code    12  stm32l1xx_it.o(i.SysTick_Handler)
    SystemClock_Config                       0x0800317d   Thumb Code   144  main.o(i.SystemClock_Config)
    SystemInit                               0x08003215   Thumb Code    82  system_stm32l1xx.o(i.SystemInit)
    USART1_IRQHandler                        0x080035e5   Thumb Code    10  stm32l1xx_it.o(i.USART1_IRQHandler)
    USART2_IRQHandler                        0x080035f5   Thumb Code    10  stm32l1xx_it.o(i.USART2_IRQHandler)
    __0printf$1                              0x08003605   Thumb Code    22  printf1.o(i.__0printf$1)
    __1printf$1                              0x08003605   Thumb Code     0  printf1.o(i.__0printf$1)
    __2printf                                0x08003605   Thumb Code     0  printf1.o(i.__0printf$1)
    __scatterload_copy                       0x08003625   Thumb Code    14  handlers.o(i.__scatterload_copy)
    __scatterload_null                       0x08003633   Thumb Code     2  handlers.o(i.__scatterload_null)
    __scatterload_zeroinit                   0x08003635   Thumb Code    14  handlers.o(i.__scatterload_zeroinit)
    fputc                                    0x08003799   Thumb Code    30  main.o(i.fputc)
    main                                     0x080037bd   Thumb Code   234  main.o(i.main)
    power_read                               0x080038c5   Thumb Code   100  power.o(i.power_read)
    aAPBAHBPrescTable                        0x08003948   Data          16  stm32l1xx_hal_rcc.o(.constdata)
    aPLLDivisionFactorTable                  0x08003958   Data           4  stm32l1xx_hal_rcc.o(.constdata)
    aPLLMULFactorTable                       0x0800395c   Data           9  stm32l1xx_hal_rcc.o(.constdata)
    Region$$Table$$Base                      0x08003968   Number         0  anon$$obj.o(Region$$Table)
    Region$$Table$$Limit                     0x08003988   Number         0  anon$$obj.o(Region$$Table)
    SDPath                                   0x20000004   Data           4  main.o(.data)
    resp                                     0x20000008   Data           1  main.o(.data)
    __stdout                                 0x2000000c   Data           4  main.o(.data)
    __stdin                                  0x20000010   Data           4  main.o(.data)
    adc_power                                0x20000018   Data           4  power.o(.data)
    shunt                                    0x2000001c   Data           4  power.o(.data)
    gain                                     0x20000020   Data           4  power.o(.data)
    SystemCoreClock                          0x20000024   Data           4  system_stm32l1xx.o(.data)
    hadc                                     0x20000028   Data          84  main.o(.bss)
    hsd                                      0x2000007c   Data          96  main.o(.bss)
    SDCardInfo                               0x200000e0   Data          88  main.o(.bss)
    hspi1                                    0x20000138   Data          88  main.o(.bss)
    hspi2                                    0x20000190   Data          88  main.o(.bss)
    huart1                                   0x200001e8   Data          64  main.o(.bss)
    huart2                                   0x20000228   Data          64  main.o(.bss)
    SDFatFs                                  0x20000268   Data         560  main.o(.bss)
    MyFile                                   0x20000498   Data         556  main.o(.bss)
    __initial_sp                             0x20000ac8   Data           0  startup_stm32l151xd.o(STACK)



==============================================================================

Memory Map of the image

  Image Entry point : 0x08000125

  Load Region LR_IROM1 (Base: 0x08000000, Size: 0x000039b0, Max: 0x00060000, ABSOLUTE)

    Execution Region ER_IROM1 (Base: 0x08000000, Size: 0x00003988, Max: 0x00060000, ABSOLUTE)

    Base Addr    Size         Type   Attr      Idx    E Section Name        Object

    0x08000000   0x00000124   Data   RO            3    RESET               startup_stm32l151xd.o
    0x08000124   0x00000000   Code   RO         3722  * .ARM.Collect$$$$00000000  mc_w.l(entry.o)
    0x08000124   0x00000004   Code   RO         3990    .ARM.Collect$$$$00000001  mc_w.l(entry2.o)
    0x08000128   0x00000004   Code   RO         3993    .ARM.Collect$$$$00000004  mc_w.l(entry5.o)
    0x0800012c   0x00000000   Code   RO         3995    .ARM.Collect$$$$00000008  mc_w.l(entry7b.o)
    0x0800012c   0x00000000   Code   RO         3997    .ARM.Collect$$$$0000000A  mc_w.l(entry8b.o)
    0x0800012c   0x00000008   Code   RO         3998    .ARM.Collect$$$$0000000B  mc_w.l(entry9a.o)
    0x08000134   0x00000000   Code   RO         4000    .ARM.Collect$$$$0000000D  mc_w.l(entry10a.o)
    0x08000134   0x00000000   Code   RO         4002    .ARM.Collect$$$$0000000F  mc_w.l(entry11a.o)
    0x08000134   0x00000004   Code   RO         3991    .ARM.Collect$$$$00002712  mc_w.l(entry2.o)
    0x08000138   0x00000024   Code   RO            4    .text               startup_stm32l151xd.o
    0x0800015c   0x0000002c   Code   RO         4004    .text               mc_w.l(uidiv.o)
    0x08000188   0x00000024   Code   RO         4021    .text               mc_w.l(init.o)
    0x080001ac   0x00000010   Code   RO         2962    i.ADC1_IRQHandler   stm32l1xx_it.o
    0x080001bc   0x00000052   Code   RO         1747    i.ADC_ConversionStop_Disable  stm32l1xx_hal_adc.o
    0x0800020e   0x00000002   PAD
    0x08000210   0x00000088   Code   RO         1751    i.ADC_Enable        stm32l1xx_hal_adc.o
    0x08000298   0x00000002   Code   RO         1001    i.HAL_ADCEx_InjectedConvCpltCallback  stm32l1xx_hal_adc_ex.o
    0x0800029a   0x00000002   PAD
    0x0800029c   0x000001fc   Code   RO         1753    i.HAL_ADC_ConfigChannel  stm32l1xx_hal_adc.o
    0x08000498   0x00000002   Code   RO         1754    i.HAL_ADC_ConvCpltCallback  stm32l1xx_hal_adc.o
    0x0800049a   0x00000002   Code   RO         1757    i.HAL_ADC_ErrorCallback  stm32l1xx_hal_adc.o
    0x0800049c   0x00000008   Code   RO         1760    i.HAL_ADC_GetValue  stm32l1xx_hal_adc.o
    0x080004a4   0x00000176   Code   RO         1761    i.HAL_ADC_IRQHandler  stm32l1xx_hal_adc.o
    0x0800061a   0x00000002   PAD
    0x0800061c   0x000001e0   Code   RO         1762    i.HAL_ADC_Init      stm32l1xx_hal_adc.o
    0x080007fc   0x00000002   Code   RO         1763    i.HAL_ADC_LevelOutOfWindowCallback  stm32l1xx_hal_adc.o
    0x080007fe   0x00000002   PAD
    0x08000800   0x00000060   Code   RO         3136    i.HAL_ADC_MspInit   stm32l1xx_hal_msp.o
    0x08000860   0x000000be   Code   RO         1766    i.HAL_ADC_PollForConversion  stm32l1xx_hal_adc.o
    0x0800091e   0x0000008a   Code   RO         1768    i.HAL_ADC_Start     stm32l1xx_hal_adc.o
    0x080009a8   0x00000040   Code   RO         1771    i.HAL_ADC_Stop      stm32l1xx_hal_adc.o
    0x080009e8   0x0000001a   Code   RO          873    i.HAL_Delay         stm32l1xx_hal.o
    0x08000a02   0x00000002   PAD
    0x08000a04   0x000001ec   Code   RO          675    i.HAL_GPIO_Init     stm32l1xx_hal_gpio.o
    0x08000bf0   0x0000000c   Code   RO          679    i.HAL_GPIO_WritePin  stm32l1xx_hal_gpio.o
    0x08000bfc   0x0000000c   Code   RO          877    i.HAL_GetTick       stm32l1xx_hal.o
    0x08000c08   0x00000010   Code   RO          878    i.HAL_IncTick       stm32l1xx_hal.o
    0x08000c18   0x00000016   Code   RO          879    i.HAL_Init          stm32l1xx_hal.o
    0x08000c2e   0x00000024   Code   RO          880    i.HAL_InitTick      stm32l1xx_hal.o
    0x08000c52   0x00000002   PAD
    0x08000c54   0x00000050   Code   RO         3137    i.HAL_MspInit       stm32l1xx_hal_msp.o
    0x08000ca4   0x0000001a   Code   RO          741    i.HAL_NVIC_EnableIRQ  stm32l1xx_hal_cortex.o
    0x08000cbe   0x0000007c   Code   RO          747    i.HAL_NVIC_SetPriority  stm32l1xx_hal_cortex.o
    0x08000d3a   0x00000002   PAD
    0x08000d3c   0x00000028   Code   RO          748    i.HAL_NVIC_SetPriorityGrouping  stm32l1xx_hal_cortex.o
    0x08000d64   0x00000010   Code   RO         1072    i.HAL_PWREx_GetVoltageRange  stm32l1xx_hal_pwr_ex.o
    0x08000d74   0x000004b0   Code   RO         1925    i.HAL_RCC_ClockConfig  stm32l1xx_hal_rcc.o
    0x08001224   0x00000038   Code   RO         1930    i.HAL_RCC_GetHCLKFreq  stm32l1xx_hal_rcc.o
    0x0800125c   0x0000002c   Code   RO         1932    i.HAL_RCC_GetPCLK1Freq  stm32l1xx_hal_rcc.o
    0x08001288   0x0000002c   Code   RO         1933    i.HAL_RCC_GetPCLK2Freq  stm32l1xx_hal_rcc.o
    0x080012b4   0x000000bc   Code   RO         1934    i.HAL_RCC_GetSysClockFreq  stm32l1xx_hal_rcc.o
    0x08001370   0x00000a30   Code   RO         1937    i.HAL_RCC_OscConfig  stm32l1xx_hal_rcc.o
    0x08001da0   0x000000c0   Code   RO         2641    i.HAL_SD_IRQHandler  stm32l1xx_hal_sd.o
    0x08001e60   0x00000002   Code   RO         2652    i.HAL_SD_XferCpltCallback  stm32l1xx_hal_sd.o
    0x08001e62   0x00000002   Code   RO         2653    i.HAL_SD_XferErrorCallback  stm32l1xx_hal_sd.o
    0x08001e64   0x00000002   Code   RO         2256    i.HAL_SPI_ErrorCallback  stm32l1xx_hal_spi.o
    0x08001e66   0x00000100   Code   RO         2259    i.HAL_SPI_IRQHandler  stm32l1xx_hal_spi.o
    0x08001f66   0x00000088   Code   RO         2034    i.HAL_SPI_Init      stm32l1xx_hal_spi_ex.o
    0x08001fee   0x00000002   PAD
    0x08001ff0   0x000000c8   Code   RO         3141    i.HAL_SPI_MspInit   stm32l1xx_hal_msp.o
    0x080020b8   0x0000023a   Code   RO         2263    i.HAL_SPI_Receive   stm32l1xx_hal_spi.o
    0x080022f2   0x000001c0   Code   RO         2268    i.HAL_SPI_Transmit  stm32l1xx_hal_spi.o
    0x080024b2   0x0000034c   Code   RO         2269    i.HAL_SPI_TransmitReceive  stm32l1xx_hal_spi.o
    0x080027fe   0x00000028   Code   RO          750    i.HAL_SYSTICK_CLKSourceConfig  stm32l1xx_hal_cortex.o
    0x08002826   0x00000002   Code   RO          751    i.HAL_SYSTICK_Callback  stm32l1xx_hal_cortex.o
    0x08002828   0x00000034   Code   RO          752    i.HAL_SYSTICK_Config  stm32l1xx_hal_cortex.o
    0x0800285c   0x00000008   Code   RO          753    i.HAL_SYSTICK_IRQHandler  stm32l1xx_hal_cortex.o
    0x08002864   0x00000002   Code   RO         1233    i.HAL_UART_ErrorCallback  stm32l1xx_hal_uart.o
    0x08002866   0x000000da   Code   RO         1236    i.HAL_UART_IRQHandler  stm32l1xx_hal_uart.o
    0x08002940   0x0000006e   Code   RO         1237    i.HAL_UART_Init     stm32l1xx_hal_uart.o
    0x080029ae   0x00000002   PAD
    0x080029b0   0x000000c4   Code   RO         3143    i.HAL_UART_MspInit  stm32l1xx_hal_msp.o
    0x08002a74   0x00000002   Code   RO         1243    i.HAL_UART_RxCpltCallback  stm32l1xx_hal_uart.o
    0x08002a76   0x00000002   Code   RO         1248    i.HAL_UART_TxCpltCallback  stm32l1xx_hal_uart.o
    0x08002a78   0x00000016   Code   RO         3355    i.LIS3DH_GetWHO_AM_I  lis3dh_driver.o
    0x08002a8e   0x00000002   PAD
    0x08002a90   0x0000004c   Code   RO         3360    i.LIS3DH_ReadReg    lis3dh_driver.o
    0x08002adc   0x0000003c   Code   RO         3363    i.LIS3DH_SetAxis    lis3dh_driver.o
    0x08002b18   0x0000003c   Code   RO         3372    i.LIS3DH_SetFullScale  lis3dh_driver.o
    0x08002b54   0x000000d4   Code   RO         3382    i.LIS3DH_SetMode    lis3dh_driver.o
    0x08002c28   0x0000003c   Code   RO         3383    i.LIS3DH_SetODR     lis3dh_driver.o
    0x08002c64   0x00000054   Code   RO         3389    i.LIS3DH_WriteReg   lis3dh_driver.o
    0x08002cb8   0x00000064   Code   RO         3207    i.MX_ADC_Init       main.o
    0x08002d1c   0x00000150   Code   RO         3208    i.MX_GPIO_Init      main.o
    0x08002e6c   0x00000040   Code   RO         3210    i.MX_SPI1_Init      main.o
    0x08002eac   0x00000040   Code   RO         3211    i.MX_SPI2_Init      main.o
    0x08002eec   0x00000030   Code   RO         3212    i.MX_USART1_UART_Init  main.o
    0x08002f1c   0x00000030   Code   RO         3213    i.MX_USART2_UART_Init  main.o
    0x08002f4c   0x00000010   Code   RO          754    i.NVIC_GetPriorityGrouping  stm32l1xx_hal_cortex.o
    0x08002f5c   0x00000028   Code   RO          755    i.NVIC_SetPriority  stm32l1xx_hal_cortex.o
    0x08002f84   0x000000a8   Code   RO         1938    i.RCC_SetFlashLatencyFromMSIRange  stm32l1xx_hal_rcc.o
    0x0800302c   0x00000010   Code   RO         2963    i.SDIO_IRQHandler   stm32l1xx_it.o
    0x0800303c   0x00000010   Code   RO         2964    i.SPI1_IRQHandler   stm32l1xx_it.o
    0x0800304c   0x00000010   Code   RO         2965    i.SPI2_IRQHandler   stm32l1xx_it.o
    0x0800305c   0x00000114   Code   RO         2290    i.SPI_WaitOnFlagUntilTimeout  stm32l1xx_hal_spi.o
    0x08003170   0x0000000c   Code   RO         2966    i.SysTick_Handler   stm32l1xx_it.o
    0x0800317c   0x00000098   Code   RO         3214    i.SystemClock_Config  main.o
    0x08003214   0x00000064   Code   RO         3689    i.SystemInit        system_stm32l1xx.o
    0x08003278   0x00000030   Code   RO         1255    i.UART_EndTransmit_IT  stm32l1xx_hal_uart.o
    0x080032a8   0x000000bc   Code   RO         1256    i.UART_Receive_IT   stm32l1xx_hal_uart.o
    0x08003364   0x00000210   Code   RO         1257    i.UART_SetConfig    stm32l1xx_hal_uart.o
    0x08003574   0x00000070   Code   RO         1258    i.UART_Transmit_IT  stm32l1xx_hal_uart.o
    0x080035e4   0x00000010   Code   RO         2967    i.USART1_IRQHandler  stm32l1xx_it.o
    0x080035f4   0x00000010   Code   RO         2968    i.USART2_IRQHandler  stm32l1xx_it.o
    0x08003604   0x00000020   Code   RO         3774    i.__0printf$1       mc_w.l(printf1.o)
    0x08003624   0x0000000e   Code   RO         4029    i.__scatterload_copy  mc_w.l(handlers.o)
    0x08003632   0x00000002   Code   RO         4030    i.__scatterload_null  mc_w.l(handlers.o)
    0x08003634   0x0000000e   Code   RO         4031    i.__scatterload_zeroinit  mc_w.l(handlers.o)
    0x08003642   0x00000002   PAD
    0x08003644   0x00000154   Code   RO         3781    i._printf_core      mc_w.l(printf1.o)
    0x08003798   0x00000024   Code   RO         3215    i.fputc             main.o
    0x080037bc   0x00000108   Code   RO         3216    i.main              main.o
    0x080038c4   0x00000084   Code   RO         3660    i.power_read        power.o
    0x08003948   0x0000001d   Data   RO         1939    .constdata          stm32l1xx_hal_rcc.o
    0x08003965   0x00000003   PAD
    0x08003968   0x00000020   Data   RO         4027    Region$$Table       anon$$obj.o


    Execution Region RW_IRAM1 (Base: 0x20000000, Size: 0x00000ac8, Max: 0x0000c000, ABSOLUTE)

    Base Addr    Size         Type   Attr      Idx    E Section Name        Object

    0x20000000   0x00000004   Data   RW          885    .data               stm32l1xx_hal.o
    0x20000004   0x00000010   Data   RW         3219    .data               main.o
    0x20000014   0x00000001   Data   RW         3390    .data               lis3dh_driver.o
    0x20000015   0x00000003   PAD
    0x20000018   0x0000000c   Data   RW         3661    .data               power.o
    0x20000024   0x00000004   Data   RW         3691    .data               system_stm32l1xx.o
    0x20000028   0x0000069c   Zero   RW         3217    .bss                main.o
    0x200006c4   0x00000004   PAD
    0x200006c8   0x00000400   Zero   RW            1    STACK               startup_stm32l151xd.o


==============================================================================

Image component sizes


      Code (inc. data)   RO Data    RW Data    ZI Data      Debug   Object Name

         0          0          0          0          0     304656   diskio.o
       574         22          0          1          0       4696   lis3dh_driver.o
      1112        110          0         16       1692      16865   main.o
       132         32          0         12          0        720   power.o
        36          8        292          0       1024        752   startup_stm32l151xd.o
       112         10          0          4          0       3258   stm32l1xx_hal.o
      1986         42          0          0          0       8610   stm32l1xx_hal_adc.o
         2          0          0          0          0       1417   stm32l1xx_hal_adc_ex.o
       348         22          0          0          0      28577   stm32l1xx_hal_cortex.o
       504         42          0          0          0       2148   stm32l1xx_hal_gpio.o
       572         58          0          0          0       2713   stm32l1xx_hal_msp.o
        16          6          0          0          0        492   stm32l1xx_hal_pwr_ex.o
      4308        106         29          0          0       6779   stm32l1xx_hal_rcc.o
       196          0          0          0          0       4349   stm32l1xx_hal_sd.o
      2396          0          0          0          0       6008   stm32l1xx_hal_spi.o
       136          0          0          0          0        955   stm32l1xx_hal_spi_ex.o
      1210          6          0          0          0       5787   stm32l1xx_hal_uart.o
       108         36          0          0          0       2806   stm32l1xx_it.o
       100         18          0          4          0       1225   system_stm32l1xx.o

    ----------------------------------------------------------------------
     13868        518        356         40       2720     402813   Object Totals
         0          0         32          0          0          0   (incl. Generated)
        20          0          3          3          4          0   (incl. Padding)

    ----------------------------------------------------------------------

      Code (inc. data)   RO Data    RW Data    ZI Data      Debug   Library Member Name

         0          0          0          0          0          0   entry.o
         0          0          0          0          0          0   entry10a.o
         0          0          0          0          0          0   entry11a.o
         8          4          0          0          0          0   entry2.o
         4          0          0          0          0          0   entry5.o
         0          0          0          0          0          0   entry7b.o
         0          0          0          0          0          0   entry8b.o
         8          4          0          0          0          0   entry9a.o
        30          0          0          0          0          0   handlers.o
        36          8          0          0          0         68   init.o
       372         14          0          0          0        184   printf1.o
        44          0          0          0          0         80   uidiv.o

    ----------------------------------------------------------------------
       504         30          0          0          0        332   Library Totals
         2          0          0          0          0          0   (incl. Padding)

    ----------------------------------------------------------------------

      Code (inc. data)   RO Data    RW Data    ZI Data      Debug   Library Name

       502         30          0          0          0        332   mc_w.l

    ----------------------------------------------------------------------
       504         30          0          0          0        332   Library Totals

    ----------------------------------------------------------------------

==============================================================================


      Code (inc. data)   RO Data    RW Data    ZI Data      Debug   

     14372        548        356         40       2720     398981   Grand Totals
     14372        548        356         40       2720     398981   ELF Image Totals
     14372        548        356         40          0          0   ROM Totals

==============================================================================

    Total RO  Size (Code + RO Data)                14728 (  14.38kB)
    Total RW  Size (RW Data + ZI Data)              2760 (   2.70kB)
    Total ROM Size (Code + RO Data + RW Data)      14768 (  14.42kB)

==============================================================================

