Component: ARM Compiler 5.06 (build 20) Tool: armlink [4d35a3]

==============================================================================

Section Cross References

    fatfs.o(i.MX_FATFS_Init) refers to ff_gen_drv.o(i.FATFS_LinkDriver) for FATFS_LinkDriver
    fatfs.o(i.MX_FATFS_Init) refers to ff.o(i.f_mount) for f_mount
    fatfs.o(i.MX_FATFS_Init) refers to ff.o(i.f_open) for f_open
    fatfs.o(i.MX_FATFS_Init) refers to ff.o(i.f_close) for f_close
    fatfs.o(i.MX_FATFS_Init) refers to fatfs.o(.data) for .data
    fatfs.o(i.MX_FATFS_Init) refers to sd_diskio.o(.constdata) for SD_Driver
    bsp_driver_sd.o(i.BSP_SD_DMA_Rx_IRQHandler) refers to stm32l1xx_hal_dma.o(i.HAL_DMA_IRQHandler) for HAL_DMA_IRQHandler
    bsp_driver_sd.o(i.BSP_SD_DMA_Rx_IRQHandler) refers to main.o(.bss) for hsd
    bsp_driver_sd.o(i.BSP_SD_DMA_Tx_IRQHandler) refers to stm32l1xx_hal_dma.o(i.HAL_DMA_IRQHandler) for HAL_DMA_IRQHandler
    bsp_driver_sd.o(i.BSP_SD_DMA_Tx_IRQHandler) refers to main.o(.bss) for hsd
    bsp_driver_sd.o(i.BSP_SD_Erase) refers to stm32l1xx_hal_sd.o(i.HAL_SD_Erase) for HAL_SD_Erase
    bsp_driver_sd.o(i.BSP_SD_Erase) refers to main.o(.bss) for hsd
    bsp_driver_sd.o(i.BSP_SD_GetCardInfo) refers to stm32l1xx_hal_sd.o(i.HAL_SD_Get_CardInfo) for HAL_SD_Get_CardInfo
    bsp_driver_sd.o(i.BSP_SD_GetCardInfo) refers to main.o(.bss) for hsd
    bsp_driver_sd.o(i.BSP_SD_GetStatus) refers to stm32l1xx_hal_sd.o(i.HAL_SD_GetStatus) for HAL_SD_GetStatus
    bsp_driver_sd.o(i.BSP_SD_GetStatus) refers to main.o(.bss) for hsd
    bsp_driver_sd.o(i.BSP_SD_IRQHandler) refers to stm32l1xx_hal_sd.o(i.HAL_SD_IRQHandler) for HAL_SD_IRQHandler
    bsp_driver_sd.o(i.BSP_SD_IRQHandler) refers to main.o(.bss) for hsd
    bsp_driver_sd.o(i.BSP_SD_Init) refers to stm32l1xx_hal_sd.o(i.HAL_SD_Init) for HAL_SD_Init
    bsp_driver_sd.o(i.BSP_SD_Init) refers to stm32l1xx_hal_sd.o(i.HAL_SD_WideBusOperation_Config) for HAL_SD_WideBusOperation_Config
    bsp_driver_sd.o(i.BSP_SD_Init) refers to main.o(.bss) for SDCardInfo
    bsp_driver_sd.o(i.BSP_SD_Init) refers to main.o(.bss) for hsd
    bsp_driver_sd.o(i.BSP_SD_ReadBlocks) refers to stm32l1xx_hal_sd.o(i.HAL_SD_ReadBlocks) for HAL_SD_ReadBlocks
    bsp_driver_sd.o(i.BSP_SD_ReadBlocks) refers to main.o(.bss) for hsd
    bsp_driver_sd.o(i.BSP_SD_ReadBlocks_DMA) refers to stm32l1xx_hal_sd.o(i.HAL_SD_ReadBlocks_DMA) for HAL_SD_ReadBlocks_DMA
    bsp_driver_sd.o(i.BSP_SD_ReadBlocks_DMA) refers to stm32l1xx_hal_sd.o(i.HAL_SD_CheckReadOperation) for HAL_SD_CheckReadOperation
    bsp_driver_sd.o(i.BSP_SD_ReadBlocks_DMA) refers to main.o(.bss) for hsd
    bsp_driver_sd.o(i.BSP_SD_WriteBlocks) refers to stm32l1xx_hal_sd.o(i.HAL_SD_WriteBlocks) for HAL_SD_WriteBlocks
    bsp_driver_sd.o(i.BSP_SD_WriteBlocks) refers to main.o(.bss) for hsd
    bsp_driver_sd.o(i.BSP_SD_WriteBlocks_DMA) refers to stm32l1xx_hal_sd.o(i.HAL_SD_WriteBlocks_DMA) for HAL_SD_WriteBlocks_DMA
    bsp_driver_sd.o(i.BSP_SD_WriteBlocks_DMA) refers to stm32l1xx_hal_sd.o(i.HAL_SD_CheckWriteOperation) for HAL_SD_CheckWriteOperation
    bsp_driver_sd.o(i.BSP_SD_WriteBlocks_DMA) refers to main.o(.bss) for hsd
    main.o(i.MX_ADC_Init) refers to stm32l1xx_hal_adc.o(i.HAL_ADC_Init) for HAL_ADC_Init
    main.o(i.MX_ADC_Init) refers to stm32l1xx_hal_adc.o(i.HAL_ADC_ConfigChannel) for HAL_ADC_ConfigChannel
    main.o(i.MX_ADC_Init) refers to main.o(.bss) for .bss
    main.o(i.MX_GPIO_Init) refers to stm32l1xx_hal_gpio.o(i.HAL_GPIO_Init) for HAL_GPIO_Init
    main.o(i.MX_SPI1_Init) refers to stm32l1xx_hal_spi_ex.o(i.HAL_SPI_Init) for HAL_SPI_Init
    main.o(i.MX_SPI1_Init) refers to main.o(.bss) for .bss
    main.o(i.MX_SPI2_Init) refers to stm32l1xx_hal_spi_ex.o(i.HAL_SPI_Init) for HAL_SPI_Init
    main.o(i.MX_SPI2_Init) refers to main.o(.bss) for .bss
    main.o(i.SystemClock_Config) refers to stm32l1xx_hal_rcc.o(i.HAL_RCC_OscConfig) for HAL_RCC_OscConfig
    main.o(i.SystemClock_Config) refers to stm32l1xx_hal_rcc.o(i.HAL_RCC_ClockConfig) for HAL_RCC_ClockConfig
    main.o(i.SystemClock_Config) refers to stm32l1xx_hal_rcc.o(i.HAL_RCC_GetHCLKFreq) for HAL_RCC_GetHCLKFreq
    main.o(i.SystemClock_Config) refers to stm32l1xx_hal_cortex.o(i.HAL_SYSTICK_Config) for HAL_SYSTICK_Config
    main.o(i.SystemClock_Config) refers to stm32l1xx_hal_cortex.o(i.HAL_SYSTICK_CLKSourceConfig) for HAL_SYSTICK_CLKSourceConfig
    main.o(i.SystemClock_Config) refers to stm32l1xx_hal_cortex.o(i.HAL_NVIC_SetPriority) for HAL_NVIC_SetPriority
    main.o(i.main) refers to stm32l1xx_hal.o(i.HAL_Init) for HAL_Init
    main.o(i.main) refers to main.o(i.SystemClock_Config) for SystemClock_Config
    main.o(i.main) refers to main.o(i.MX_GPIO_Init) for MX_GPIO_Init
    main.o(i.main) refers to main.o(i.MX_ADC_Init) for MX_ADC_Init
    main.o(i.main) refers to stm32l1xx_hal_gpio.o(i.HAL_GPIO_WritePin) for HAL_GPIO_WritePin
    main.o(i.main) refers to stm32l1xx_hal.o(i.HAL_Delay) for HAL_Delay
    main.o(i.main) refers to main.o(i.MX_SPI1_Init) for MX_SPI1_Init
[...]
    ../Drivers/STM32L1xx_HAL_Driver/Src/stm32l1xx_hal_flash.c 0x00000000   Number         0  stm32l1xx_hal_flash.o ABSOLUTE
    ../Drivers/STM32L1xx_HAL_Driver/Src/stm32l1xx_hal_flash_ex.c 0x00000000   Number         0  stm32l1xx_hal_flash_ex.o ABSOLUTE
    ../Drivers/STM32L1xx_HAL_Driver/Src/stm32l1xx_hal_flash_ramfunc.c 0x00000000   Number         0  stm32l1xx_hal_flash_ramfunc.o ABSOLUTE
    ../Drivers/STM32L1xx_HAL_Driver/Src/stm32l1xx_hal_gpio.c 0x00000000   Number         0  stm32l1xx_hal_gpio.o ABSOLUTE
    ../Drivers/STM32L1xx_HAL_Driver/Src/stm32l1xx_hal_pwr.c 0x00000000   Number         0  stm32l1xx_hal_pwr.o ABSOLUTE
    ../Drivers/STM32L1xx_HAL_Driver/Src/stm32l1xx_hal_pwr_ex.c 0x00000000   Number         0  stm32l1xx_hal_pwr_ex.o ABSOLUTE
    ../Drivers/STM32L1xx_HAL_Driver/Src/stm32l1xx_hal_rcc.c 0x00000000   Number         0  stm32l1xx_hal_rcc.o ABSOLUTE
    ../Drivers/STM32L1xx_HAL_Driver/Src/stm32l1xx_hal_rcc_ex.c 0x00000000   Number         0  stm32l1xx_hal_rcc_ex.o ABSOLUTE
    ../Drivers/STM32L1xx_HAL_Driver/Src/stm32l1xx_hal_sd.c 0x00000000   Number         0  stm32l1xx_hal_sd.o ABSOLUTE
    ../Drivers/STM32L1xx_HAL_Driver/Src/stm32l1xx_hal_spi.c 0x00000000   Number         0  stm32l1xx_hal_spi.o ABSOLUTE
    ../Drivers/STM32L1xx_HAL_Driver/Src/stm32l1xx_hal_spi_ex.c 0x00000000   Number         0  stm32l1xx_hal_spi_ex.o ABSOLUTE
    ../Drivers/STM32L1xx_HAL_Driver/Src/stm32l1xx_hal_uart.c 0x00000000   Number         0  stm32l1xx_hal_uart.o ABSOLUTE
    ../Drivers/STM32L1xx_HAL_Driver/Src/stm32l1xx_ll_sdmmc.c 0x00000000   Number         0  stm32l1xx_ll_sdmmc.o ABSOLUTE
    ../Middlewares/Third_Party/FatFs/src/diskio.c 0x00000000   Number         0  diskio.o ABSOLUTE
    ../Middlewares/Third_Party/FatFs/src/drivers/sd_diskio.c 0x00000000   Number         0  sd_diskio.o ABSOLUTE
    ../Middlewares/Third_Party/FatFs/src/ff.c 0x00000000   Number         0  ff.o ABSOLUTE
    ../Middlewares/Third_Party/FatFs/src/ff_gen_drv.c 0x00000000   Number         0  ff_gen_drv.o ABSOLUTE
    ../Middlewares/Third_Party/FatFs/src/option/syscall.c 0x00000000   Number         0  syscall.o ABSOLUTE
    ../Src/bsp_driver_sd.c                   0x00000000   Number         0  bsp_driver_sd.o ABSOLUTE
    ../Src/fatfs.c                           0x00000000   Number         0  fatfs.o ABSOLUTE
    ../Src/main.c                            0x00000000   Number         0  main.o ABSOLUTE
    ../Src/stm32l1xx_hal_msp.c               0x00000000   Number         0  stm32l1xx_hal_msp.o ABSOLUTE
    ../Src/stm32l1xx_it.c                    0x00000000   Number         0  stm32l1xx_it.o ABSOLUTE
    ../Src/user_diskio.c                     0x00000000   Number         0  user_diskio.o ABSOLUTE
    ../clib/angel/boardlib.s                 0x00000000   Number         0  boardshut.o ABSOLUTE
    ../clib/angel/boardlib.s                 0x00000000   Number         0  boardinit2.o ABSOLUTE
    ../clib/angel/boardlib.s                 0x00000000   Number         0  boardinit3.o ABSOLUTE
    ../clib/angel/boardlib.s                 0x00000000   Number         0  boardinit1.o ABSOLUTE
    ../clib/angel/handlers.s                 0x00000000   Number         0  __scatter_zi.o ABSOLUTE
    ../clib/angel/handlers.s                 0x00000000   Number         0  __scatter_copy.o ABSOLUTE
    ../clib/angel/kernel.s                   0x00000000   Number         0  rtexit2.o ABSOLUTE
    ../clib/angel/kernel.s                   0x00000000   Number         0  __rtentry4.o ABSOLUTE
    ../clib/angel/kernel.s                   0x00000000   Number         0  __rtentry2.o ABSOLUTE
    ../clib/angel/kernel.s                   0x00000000   Number         0  __rtentry.o ABSOLUTE
    ../clib/angel/kernel.s                   0x00000000   Number         0  rtexit.o ABSOLUTE
    ../clib/angel/rt.s                       0x00000000   Number         0  rt_raise.o ABSOLUTE
    ../clib/angel/scatter.s                  0x00000000   Number         0  __scatter.o ABSOLUTE
    ../clib/angel/startup.s                  0x00000000   Number         0  __main.o ABSOLUTE
    ../clib/angel/sys.s                      0x00000000   Number         0  use_no_semi.o ABSOLUTE
    ../clib/angel/sys.s                      0x00000000   Number         0  sys_stackheap_outer.o ABSOLUTE
    ../clib/angel/sys.s                      0x00000000   Number         0  libspace.o ABSOLUTE
    ../clib/angel/sys.s                      0x00000000   Number         0  indicate_semi.o ABSOLUTE
    ../clib/angel/sysapp.c                   0x00000000   Number         0  sys_command.o ABSOLUTE
    ../clib/angel/sysapp.c                   0x00000000   Number         0  sys_wrch.o ABSOLUTE
    ../clib/angel/sysapp.c                   0x00000000   Number         0  sys_exit.o ABSOLUTE
    ../clib/armsys.c                         0x00000000   Number         0  _get_argv_nomalloc.o ABSOLUTE
    ../clib/armsys.c                         0x00000000   Number         0  argv_veneer.o ABSOLUTE
    ../clib/armsys.c                         0x00000000   Number         0  no_argv.o ABSOLUTE
    ../clib/armsys.c                         0x00000000   Number         0  argv_veneer.o ABSOLUTE
    ../clib/heapalloc.c                      0x00000000   Number         0  hrguard.o ABSOLUTE
    ../clib/heapaux.c                        0x00000000   Number         0  heapauxi.o ABSOLUTE
    ../clib/libinit.s                        0x00000000   Number         0  libinit2.o ABSOLUTE
    ../clib/libinit.s                        0x00000000   Number         0  libshutdown.o ABSOLUTE
    ../clib/libinit.s                        0x00000000   Number         0  libshutdown2.o ABSOLUTE
    ../clib/libinit.s                        0x00000000   Number         0  libinit.o ABSOLUTE
    ../clib/memcpset.s                       0x00000000   Number         0  rt_memclr_w.o ABSOLUTE
    ../clib/signal.c                         0x00000000   Number         0  __raise.o ABSOLUTE
    ../clib/signal.c                         0x00000000   Number         0  defsig_other.o ABSOLUTE
    ../clib/signal.c                         0x00000000   Number         0  defsig_stak_inner.o ABSOLUTE
    ../clib/signal.c                         0x00000000   Number         0  defsig_segv_inner.o ABSOLUTE
    ../clib/signal.c                         0x00000000   Number         0  defsig_cppl_inner.o ABSOLUTE
    ../clib/signal.c                         0x00000000   Number         0  defsig_pvfn_inner.o ABSOLUTE
    ../clib/signal.c                         0x00000000   Number         0  defsig_exit.o ABSOLUTE
    ../clib/signal.c                         0x00000000   Number         0  defsig_rtred_inner.o ABSOLUTE
    ../clib/signal.c                         0x00000000   Number         0  defsig_fpe_inner.o ABSOLUTE
    ../clib/signal.c                         0x00000000   Number         0  defsig_rtmem_formal.o ABSOLUTE
    ../clib/signal.c                         0x00000000   Number         0  defsig_rtmem_inner.o ABSOLUTE
    ../clib/signal.c                         0x00000000   Number         0  defsig_rtmem_outer.o ABSOLUTE
    ../clib/signal.c                         0x00000000   Number         0  defsig_abrt_inner.o ABSOLUTE
    ../clib/signal.c                         0x00000000   Number         0  defsig_general.o ABSOLUTE
    ../clib/signal.s                         0x00000000   Number         0  defsig.o ABSOLUTE
    ../clib/stdlib.c                         0x00000000   Number         0  exit.o ABSOLUTE
    ../fplib/fpinit.s                        0x00000000   Number         0  fpinit.o ABSOLUTE
    ..\Drivers\CMSIS\Device\ST\STM32L1xx\Source\Templates\system_stm32l1xx.c 0x00000000   Number         0  system_stm32l1xx.o ABSOLUTE
    ..\Drivers\STM32L1xx_HAL_Driver\Src\stm32l1xx_hal.c 0x00000000   Number         0  stm32l1xx_hal.o ABSOLUTE
    ..\Drivers\STM32L1xx_HAL_Driver\Src\stm32l1xx_hal_adc.c 0x00000000   Number         0  stm32l1xx_hal_adc.o ABSOLUTE
    ..\Drivers\STM32L1xx_HAL_Driver\Src\stm32l1xx_hal_adc_ex.c 0x00000000   Number         0  stm32l1xx_hal_adc_ex.o ABSOLUTE
    ..\Drivers\STM32L1xx_HAL_Driver\Src\stm32l1xx_hal_cortex.c 0x00000000   Number         0  stm32l1xx_hal_cortex.o ABSOLUTE
    ..\Drivers\STM32L1xx_HAL_Driver\Src\stm32l1xx_hal_dma.c 0x00000000   Number         0  stm32l1xx_hal_dma.o ABSOLUTE
    ..\Drivers\STM32L1xx_HAL_Driver\Src\stm32l1xx_hal_flash.c 0x00000000   Number         0  stm32l1xx_hal_flash.o ABSOLUTE
    ..\Drivers\STM32L1xx_HAL_Driver\Src\stm32l1xx_hal_flash_ex.c 0x00000000   Number         0  stm32l1xx_hal_flash_ex.o ABSOLUTE
    ..\Drivers\STM32L1xx_HAL_Driver\Src\stm32l1xx_hal_flash_ramfunc.c 0x00000000   Number         0  stm32l1xx_hal_flash_ramfunc.o ABSOLUTE
    ..\Drivers\STM32L1xx_HAL_Driver\Src\stm32l1xx_hal_gpio.c 0x00000000   Number         0  stm32l1xx_hal_gpio.o ABSOLUTE
    ..\Drivers\STM32L1xx_HAL_Driver\Src\stm32l1xx_hal_pwr.c 0x00000000   Number         0  stm32l1xx_hal_pwr.o ABSOLUTE
    ..\Drivers\STM32L1xx_HAL_Driver\Src\stm32l1xx_hal_pwr_ex.c 0x00000000   Number         0  stm32l1xx_hal_pwr_ex.o ABSOLUTE
    ..\Drivers\STM32L1xx_HAL_Driver\Src\stm32l1xx_hal_rcc.c 0x00000000   Number         0  stm32l1xx_hal_rcc.o ABSOLUTE
    ..\Drivers\STM32L1xx_HAL_Driver\Src\stm32l1xx_hal_rcc_ex.c 0x00000000   Number         0  stm32l1xx_hal_rcc_ex.o ABSOLUTE
    ..\Drivers\STM32L1xx_HAL_Driver\Src\stm32l1xx_hal_sd.c 0x00000000   Number         0  stm32l1xx_hal_sd.o ABSOLUTE
    ..\Drivers\STM32L1xx_HAL_Driver\Src\stm32l1xx_hal_spi.c 0x00000000   Number         0  stm32l1xx_hal_spi.o ABSOLUTE
    ..\Drivers\STM32L1xx_HAL_Driver\Src\stm32l1xx_hal_spi_ex.c 0x00000000   Number         0  stm32l1xx_hal_spi_ex.o ABSOLUTE
    ..\Drivers\STM32L1xx_HAL_Driver\Src\stm32l1xx_hal_uart.c 0x00000000   Number         0  stm32l1xx_hal_uart.o ABSOLUTE
    ..\Drivers\STM32L1xx_HAL_Driver\Src\stm32l1xx_ll_sdmmc.c 0x00000000   Number         0  stm32l1xx_ll_sdmmc.o ABSOLUTE
    ..\Middlewares\Third_Party\FatFs\src\diskio.c 0x00000000   Number         0  diskio.o ABSOLUTE
    ..\Middlewares\Third_Party\FatFs\src\drivers\sd_diskio.c 0x00000000   Number         0  sd_diskio.o ABSOLUTE
    ..\Middlewares\Third_Party\FatFs\src\ff.c 0x00000000   Number         0  ff.o ABSOLUTE
    ..\Middlewares\Third_Party\FatFs\src\ff_gen_drv.c 0x00000000   Number         0  ff_gen_drv.o ABSOLUTE
    ..\Middlewares\Third_Party\FatFs\src\option\syscall.c 0x00000000   Number         0  syscall.o ABSOLUTE
    ..\Src\bsp_driver_sd.c                   0x00000000   Number         0  bsp_driver_sd.o ABSOLUTE
    ..\Src\fatfs.c                           0x00000000   Number         0  fatfs.o ABSOLUTE
    ..\Src\main.c                            0x00000000   Number         0  main.o ABSOLUTE
    ..\Src\stm32l1xx_hal_msp.c               0x00000000   Number         0  stm32l1xx_hal_msp.o ABSOLUTE
    ..\Src\stm32l1xx_it.c                    0x00000000   Number         0  stm32l1xx_it.o ABSOLUTE
    ..\Src\user_diskio.c                     0x00000000   Number         0  user_diskio.o ABSOLUTE
    dc.s                                     0x00000000   Number         0  dc.o ABSOLUTE
    RESET                                    0x08000000   Section      292  startup_stm32l151xd.o(RESET)
    !!!main                                  0x08000124   Section        8  __main.o(!!!main)
    !!!scatter                               0x0800012c   Section       52  __scatter.o(!!!scatter)
    !!handler_copy                           0x08000160   Section       26  __scatter_copy.o(!!handler_copy)
    !!handler_zi                             0x0800017c   Section       28  __scatter_zi.o(!!handler_zi)
    .ARM.Collect$$libinit$$00000000          0x08000198   Section        2  libinit.o(.ARM.Collect$$libinit$$00000000)
    .ARM.Collect$$libinit$$00000002          0x0800019a   Section        0  libinit2.o(.ARM.Collect$$libinit$$00000002)
    .ARM.Collect$$libinit$$00000004          0x0800019a   Section        0  libinit2.o(.ARM.Collect$$libinit$$00000004)
    .ARM.Collect$$libinit$$0000000A          0x0800019a   Section        0  libinit2.o(.ARM.Collect$$libinit$$0000000A)
    .ARM.Collect$$libinit$$0000000C          0x0800019a   Section        0  libinit2.o(.ARM.Collect$$libinit$$0000000C)
    .ARM.Collect$$libinit$$0000000E          0x0800019a   Section        0  libinit2.o(.ARM.Collect$$libinit$$0000000E)
    .ARM.Collect$$libinit$$00000011          0x0800019a   Section        0  libinit2.o(.ARM.Collect$$libinit$$00000011)
    .ARM.Collect$$libinit$$00000013          0x0800019a   Section        0  libinit2.o(.ARM.Collect$$libinit$$00000013)
    .ARM.Collect$$libinit$$00000015          0x0800019a   Section        0  libinit2.o(.ARM.Collect$$libinit$$00000015)
    .ARM.Collect$$libinit$$00000017          0x0800019a   Section        0  libinit2.o(.ARM.Collect$$libinit$$00000017)
    .ARM.Collect$$libinit$$00000019          0x0800019a   Section        0  libinit2.o(.ARM.Collect$$libinit$$00000019)
    .ARM.Collect$$libinit$$0000001B          0x0800019a   Section        0  libinit2.o(.ARM.Collect$$libinit$$0000001B)
    .ARM.Collect$$libinit$$0000001D          0x0800019a   Section        0  libinit2.o(.ARM.Collect$$libinit$$0000001D)
    .ARM.Collect$$libinit$$0000001F          0x0800019a   Section        0  libinit2.o(.ARM.Collect$$libinit$$0000001F)
    .ARM.Collect$$libinit$$00000021          0x0800019a   Section        0  libinit2.o(.ARM.Collect$$libinit$$00000021)
    .ARM.Collect$$libinit$$00000023          0x0800019a   Section        0  libinit2.o(.ARM.Collect$$libinit$$00000023)
    .ARM.Collect$$libinit$$00000025          0x0800019a   Section        0  libinit2.o(.ARM.Collect$$libinit$$00000025)
    .ARM.Collect$$libinit$$0000002C          0x0800019a   Section        0  libinit2.o(.ARM.Collect$$libinit$$0000002C)
    .ARM.Collect$$libinit$$0000002E          0x0800019a   Section        0  libinit2.o(.ARM.Collect$$libinit$$0000002E)
    .ARM.Collect$$libinit$$00000030          0x0800019a   Section        0  libinit2.o(.ARM.Collect$$libinit$$00000030)
    .ARM.Collect$$libinit$$00000032          0x0800019a   Section        0  libinit2.o(.ARM.Collect$$libinit$$00000032)
    .ARM.Collect$$libinit$$00000033          0x0800019a   Section        2  libinit2.o(.ARM.Collect$$libinit$$00000033)
    .ARM.Collect$$libshutdown$$00000000      0x0800019c   Section        2  libshutdown.o(.ARM.Collect$$libshutdown$$00000000)
    .ARM.Collect$$libshutdown$$00000002      0x0800019e   Section        0  libshutdown2.o(.ARM.Collect$$libshutdown$$00000002)
    .ARM.Collect$$libshutdown$$00000004      0x0800019e   Section        0  libshutdown2.o(.ARM.Collect$$libshutdown$$00000004)
    .ARM.Collect$$libshutdown$$00000007      0x0800019e   Section        0  libshutdown2.o(.ARM.Collect$$libshutdown$$00000007)
    .ARM.Collect$$libshutdown$$0000000A      0x0800019e   Section        0  libshutdown2.o(.ARM.Collect$$libshutdown$$0000000A)
    .ARM.Collect$$libshutdown$$0000000C      0x0800019e   Section        0  libshutdown2.o(.ARM.Collect$$libshutdown$$0000000C)
    .ARM.Collect$$libshutdown$$0000000F      0x0800019e   Section        0  libshutdown2.o(.ARM.Collect$$libshutdown$$0000000F)
    .ARM.Collect$$libshutdown$$00000010      0x0800019e   Section        2  libshutdown2.o(.ARM.Collect$$libshutdown$$00000010)
    .ARM.Collect$$rtentry$$00000000          0x080001a0   Section        0  __rtentry.o(.ARM.Collect$$rtentry$$00000000)
    .ARM.Collect$$rtentry$$00000002          0x080001a0   Section        0  __rtentry2.o(.ARM.Collect$$rtentry$$00000002)
    .ARM.Collect$$rtentry$$00000004          0x080001a0   Section        6  __rtentry4.o(.ARM.Collect$$rtentry$$00000004)
    .ARM.Collect$$rtentry$$00000009          0x080001a6   Section        0  __rtentry2.o(.ARM.Collect$$rtentry$$00000009)
    .ARM.Collect$$rtentry$$0000000A          0x080001a6   Section        4  __rtentry2.o(.ARM.Collect$$rtentry$$0000000A)
    .ARM.Collect$$rtentry$$0000000C          0x080001aa   Section        0  __rtentry2.o(.ARM.Collect$$rtentry$$0000000C)
    .ARM.Collect$$rtentry$$0000000D          0x080001aa   Section        8  __rtentry2.o(.ARM.Collect$$rtentry$$0000000D)
    .ARM.Collect$$rtexit$$00000000           0x080001b2   Section        2  rtexit.o(.ARM.Collect$$rtexit$$00000000)
    .ARM.Collect$$rtexit$$00000002           0x080001b4   Section        0  rtexit2.o(.ARM.Collect$$rtexit$$00000002)
    .ARM.Collect$$rtexit$$00000003           0x080001b4   Section        4  rtexit2.o(.ARM.Collect$$rtexit$$00000003)
    .ARM.Collect$$rtexit$$00000004           0x080001b8   Section        6  rtexit2.o(.ARM.Collect$$rtexit$$00000004)
    .text                                    0x080001c0   Section       64  startup_stm32l151xd.o(.text)
    .text                                    0x08000200   Section        0  heapauxi.o(.text)
    .text                                    0x08000206   Section       74  sys_stackheap_outer.o(.text)
    .text                                    0x08000250   Section        0  exit.o(.text)
    .text                                    0x08000264   Section        8  libspace.o(.text)
    .text                                    0x0800026c   Section        0  sys_exit.o(.text)
    .text                                    0x08000278   Section        2  use_no_semi.o(.text)
    .text                                    0x0800027a   Section        0  indicate_semi.o(.text)
    i.ADC1_IRQHandler                        0x0800027c   Section        0  stm32l1xx_it.o(i.ADC1_IRQHandler)
    i.BSP_SD_GetCardInfo                     0x08000288   Section        0  bsp_driver_sd.o(i.BSP_SD_GetCardInfo)
    i.BSP_SD_GetStatus                       0x08000294   Section        0  bsp_driver_sd.o(i.BSP_SD_GetStatus)
    i.BSP_SD_Init                            0x080002a0   Section        0  bsp_driver_sd.o(i.BSP_SD_Init)
    i.BSP_SD_ReadBlocks                      0x080002dc   Section        0  bsp_driver_sd.o(i.BSP_SD_ReadBlocks)
    i.BSP_SD_WriteBlocks                     0x080002fc   Section        0  bsp_driver_sd.o(i.BSP_SD_WriteBlocks)
    i.FATFS_LinkDriver                       0x0800031c   Section        0  ff_gen_drv.o(i.FATFS_LinkDriver)
    i.FATFS_LinkDriverEx                     0x08000324   Section        0  ff_gen_drv.o(i.FATFS_LinkDriverEx)
    i.HAL_ADCEx_InjectedConvCpltCallback     0x08000364   Section        0  stm32l1xx_hal_adc_ex.o(i.HAL_ADCEx_InjectedConvCpltCallback)
    i.HAL_ADC_ConfigChannel                  0x08000368   Section        0  stm32l1xx_hal_adc.o(i.HAL_ADC_ConfigChannel)
    i.HAL_ADC_ConvCpltCallback               0x080004c4   Section        0  stm32l1xx_hal_adc.o(i.HAL_ADC_ConvCpltCallback)
    i.HAL_ADC_ErrorCallback                  0x080004c6   Section        0  stm32l1xx_hal_adc.o(i.HAL_ADC_ErrorCallback)
    i.HAL_ADC_IRQHandler                     0x080004c8   Section        0  stm32l1xx_hal_adc.o(i.HAL_ADC_IRQHandler)
    i.HAL_ADC_Init                           0x080005ec   Section        0  stm32l1xx_hal_adc.o(i.HAL_ADC_Init)
    i.HAL_ADC_LevelOutOfWindowCallback       0x08000780   Section        0  stm32l1xx_hal_adc.o(i.HAL_ADC_LevelOutOfWindowCallback)
    i.HAL_ADC_MspInit                        0x08000784   Section        0  stm32l1xx_hal_msp.o(i.HAL_ADC_MspInit)
    i.HAL_Delay                              0x080007d8   Section        0  stm32l1xx_hal.o(i.HAL_Delay)
    i.HAL_GPIO_Init                          0x080007f0   Section        0  stm32l1xx_hal_gpio.o(i.HAL_GPIO_Init)
    i.HAL_GPIO_WritePin                      0x080009a0   Section        0  stm32l1xx_hal_gpio.o(i.HAL_GPIO_WritePin)
    i.HAL_GetTick                            0x080009ac   Section        0  stm32l1xx_hal.o(i.HAL_GetTick)
    i.HAL_IncTick                            0x080009b8   Section        0  stm32l1xx_hal.o(i.HAL_IncTick)
    i.HAL_Init                               0x080009c8   Section        0  stm32l1xx_hal.o(i.HAL_Init)
    i.HAL_InitTick                           0x080009de   Section        0  stm32l1xx_hal.o(i.HAL_InitTick)
    i.HAL_MspInit                            0x08000a00   Section        0  stm32l1xx_hal_msp.o(i.HAL_MspInit)
    i.HAL_NVIC_EnableIRQ                     0x08000a40   Section        0  stm32l1xx_hal_cortex.o(i.HAL_NVIC_EnableIRQ)
    i.HAL_NVIC_SetPriority                   0x08000a58   Section        0  stm32l1xx_hal_cortex.o(i.HAL_NVIC_SetPriority)
    i.HAL_NVIC_SetPriorityGrouping           0x08000a98   Section        0  stm32l1xx_hal_cortex.o(i.HAL_NVIC_SetPriorityGrouping)
    i.HAL_PWREx_GetVoltageRange              0x08000abc   Section        0  stm32l1xx_hal_pwr_ex.o(i.HAL_PWREx_GetVoltageRange)
    i.HAL_RCC_ClockConfig                    0x08000acc   Section        0  stm32l1xx_hal_rcc.o(i.HAL_RCC_ClockConfig)
    i.HAL_RCC_GetHCLKFreq                    0x08000de8   Section        0  stm32l1xx_hal_rcc.o(i.HAL_RCC_GetHCLKFreq)
    i.HAL_RCC_GetPCLK1Freq                   0x08000e1c   Section        0  stm32l1xx_hal_rcc.o(i.HAL_RCC_GetPCLK1Freq)
    i.HAL_RCC_GetPCLK2Freq                   0x08000e48   Section        0  stm32l1xx_hal_rcc.o(i.HAL_RCC_GetPCLK2Freq)
    i.HAL_RCC_GetSysClockFreq                0x08000e74   Section        0  stm32l1xx_hal_rcc.o(i.HAL_RCC_GetSysClockFreq)
    i.HAL_RCC_OscConfig                      0x08000f04   Section        0  stm32l1xx_hal_rcc.o(i.HAL_RCC_OscConfig)
    i.HAL_SD_GetStatus                       0x08001698   Section        0  stm32l1xx_hal_sd.o(i.HAL_SD_GetStatus)
    i.HAL_SD_Get_CardInfo                    0x080016e6   Section        0  stm32l1xx_hal_sd.o(i.HAL_SD_Get_CardInfo)
    i.HAL_SD_IRQHandler                      0x0800199e   Section        0  stm32l1xx_hal_sd.o(i.HAL_SD_IRQHandler)
    i.HAL_SD_Init                            0x08001a1a   Section        0  stm32l1xx_hal_sd.o(i.HAL_SD_Init)
    i.HAL_SD_MspInit                         0x08001ab8   Section        0  stm32l1xx_hal_msp.o(i.HAL_SD_MspInit)
    i.HAL_SD_ReadBlocks                      0x08001b20   Section        0  stm32l1xx_hal_sd.o(i.HAL_SD_ReadBlocks)
    i.HAL_SD_StopTransfer                    0x08001c9c   Section        0  stm32l1xx_hal_sd.o(i.HAL_SD_StopTransfer)
    i.HAL_SD_WideBusOperation_Config         0x08001cc8   Section        0  stm32l1xx_hal_sd.o(i.HAL_SD_WideBusOperation_Config)
    i.HAL_SD_WriteBlocks                     0x08001d24   Section        0  stm32l1xx_hal_sd.o(i.HAL_SD_WriteBlocks)
    i.HAL_SD_XferCpltCallback                0x08001efc   Section        0  stm32l1xx_hal_sd.o(i.HAL_SD_XferCpltCallback)
    i.HAL_SD_XferErrorCallback               0x08001efe   Section        0  stm32l1xx_hal_sd.o(i.HAL_SD_XferErrorCallback)
    i.HAL_SPI_ErrorCallback                  0x08001f00   Section        0  stm32l1xx_hal_spi.o(i.HAL_SPI_ErrorCallback)
    i.HAL_SPI_IRQHandler                     0x08001f02   Section        0  stm32l1xx_hal_spi.o(i.HAL_SPI_IRQHandler)
    i.HAL_SPI_Init                           0x08001fc6   Section        0  stm32l1xx_hal_spi_ex.o(i.HAL_SPI_Init)
    i.HAL_SPI_MspInit                        0x0800204c   Section        0  stm32l1xx_hal_msp.o(i.HAL_SPI_MspInit)
    i.HAL_SYSTICK_CLKSourceConfig            0x080020ec   Section        0  stm32l1xx_hal_cortex.o(i.HAL_SYSTICK_CLKSourceConfig)
    i.HAL_SYSTICK_Callback                   0x08002104   Section        0  stm32l1xx_hal_cortex.o(i.HAL_SYSTICK_Callback)
    i.HAL_SYSTICK_Config                     0x08002106   Section        0  stm32l1xx_hal_cortex.o(i.HAL_SYSTICK_Config)
    i.HAL_SYSTICK_IRQHandler                 0x0800212e   Section        0  stm32l1xx_hal_cortex.o(i.HAL_SYSTICK_IRQHandler)
    i.HAL_UART_ErrorCallback                 0x08002136   Section        0  stm32l1xx_hal_uart.o(i.HAL_UART_ErrorCallback)
    i.HAL_UART_IRQHandler                    0x08002138   Section        0  stm32l1xx_hal_uart.o(i.HAL_UART_IRQHandler)
    i.HAL_UART_Init                          0x08002212   Section        0  stm32l1xx_hal_uart.o(i.HAL_UART_Init)
    i.HAL_UART_MspInit                       0x08002270   Section        0  stm32l1xx_hal_msp.o(i.HAL_UART_MspInit)
    i.HAL_UART_RxCpltCallback                0x080022fc   Section        0  stm32l1xx_hal_uart.o(i.HAL_UART_RxCpltCallback)
    i.HAL_UART_TxCpltCallback                0x080022fe   Section        0  stm32l1xx_hal_uart.o(i.HAL_UART_TxCpltCallback)
    i.MX_ADC_Init                            0x08002300   Section        0  main.o(i.MX_ADC_Init)
    MX_ADC_Init                              0x08002301   Thumb Code    72  main.o(i.MX_ADC_Init)
    i.MX_FATFS_Init                          0x08002354   Section        0  fatfs.o(i.MX_FATFS_Init)
    i.MX_GPIO_Init                           0x080023b4   Section        0  main.o(i.MX_GPIO_Init)
    MX_GPIO_Init                             0x080023b5   Thumb Code   172  main.o(i.MX_GPIO_Init)
    i.MX_SPI1_Init                           0x08002470   Section        0  main.o(i.MX_SPI1_Init)
    MX_SPI1_Init                             0x08002471   Thumb Code    44  main.o(i.MX_SPI1_Init)
    i.MX_SPI2_Init                           0x080024a4   Section        0  main.o(i.MX_SPI2_Init)
    MX_SPI2_Init                             0x080024a5   Thumb Code    44  main.o(i.MX_SPI2_Init)
    i.NVIC_SetPriority                       0x080024d8   Section        0  stm32l1xx_hal_cortex.o(i.NVIC_SetPriority)
    NVIC_SetPriority                         0x080024d9   Thumb Code    32  stm32l1xx_hal_cortex.o(i.NVIC_SetPriority)
    i.RCC_SetFlashLatencyFromMSIRange        0x080024f8   Section        0  stm32l1xx_hal_rcc.o(i.RCC_SetFlashLatencyFromMSIRange)
    RCC_SetFlashLatencyFromMSIRange          0x080024f9   Thumb Code   112  stm32l1xx_hal_rcc.o(i.RCC_SetFlashLatencyFromMSIRange)
    i.SDIO_DataConfig                        0x08002570   Section        0  stm32l1xx_ll_sdmmc.o(i.SDIO_DataConfig)
    i.SDIO_GetCommandResponse                0x08002594   Section        0  stm32l1xx_ll_sdmmc.o(i.SDIO_GetCommandResponse)
    i.SDIO_GetPowerState                     0x0800259a   Section        0  stm32l1xx_ll_sdmmc.o(i.SDIO_GetPowerState)
    i.SDIO_GetResponse                       0x080025a4   Section        0  stm32l1xx_ll_sdmmc.o(i.SDIO_GetResponse)
    i.SDIO_IRQHandler                        0x080025b4   Section        0  stm32l1xx_it.o(i.SDIO_IRQHandler)
    i.SDIO_Init                              0x080025c0   Section        0  stm32l1xx_ll_sdmmc.o(i.SDIO_Init)
    i.SDIO_PowerState_ON                     0x080025e4   Section        0  stm32l1xx_ll_sdmmc.o(i.SDIO_PowerState_ON)
    i.SDIO_ReadFIFO                          0x080025ec   Section        0  stm32l1xx_ll_sdmmc.o(i.SDIO_ReadFIFO)
    i.SDIO_SendCommand                       0x080025f2   Section        0  stm32l1xx_ll_sdmmc.o(i.SDIO_SendCommand)
    i.SDIO_WriteFIFO                         0x08002612   Section        0  stm32l1xx_ll_sdmmc.o(i.SDIO_WriteFIFO)
    i.SD_CmdResp1Error                       0x0800261c   Section        0  stm32l1xx_hal_sd.o(i.SD_CmdResp1Error)
    SD_CmdResp1Error                         0x0800261d   Thumb Code   230  stm32l1xx_hal_sd.o(i.SD_CmdResp1Error)
    i.SD_CmdResp2Error                       0x08002708   Section        0  stm32l1xx_hal_sd.o(i.SD_CmdResp2Error)
    SD_CmdResp2Error                         0x08002709   Thumb Code    46  stm32l1xx_hal_sd.o(i.SD_CmdResp2Error)
    i.SD_CmdResp6Error                       0x08002736   Section        0  stm32l1xx_hal_sd.o(i.SD_CmdResp6Error)
    SD_CmdResp6Error                         0x08002737   Thumb Code   114  stm32l1xx_hal_sd.o(i.SD_CmdResp6Error)
    i.SD_CmdResp7Error                       0x080027a8   Section        0  stm32l1xx_hal_sd.o(i.SD_CmdResp7Error)
    SD_CmdResp7Error                         0x080027a9   Thumb Code    64  stm32l1xx_hal_sd.o(i.SD_CmdResp7Error)
    i.SD_FindSCR                             0x080027e8   Section        0  stm32l1xx_hal_sd.o(i.SD_FindSCR)
    SD_FindSCR                               0x080027e9   Thumb Code   266  stm32l1xx_hal_sd.o(i.SD_FindSCR)
    i.SD_Initialize_Cards                    0x080028f2   Section        0  stm32l1xx_hal_sd.o(i.SD_Initialize_Cards)
    SD_Initialize_Cards                      0x080028f3   Thumb Code   220  stm32l1xx_hal_sd.o(i.SD_Initialize_Cards)
    i.SD_IsCardProgramming                   0x080029d0   Section        0  stm32l1xx_hal_sd.o(i.SD_IsCardProgramming)
    SD_IsCardProgramming                     0x080029d1   Thumb Code   310  stm32l1xx_hal_sd.o(i.SD_IsCardProgramming)
    i.SD_PowerON                             0x08002b0c   Section        0  stm32l1xx_hal_sd.o(i.SD_PowerON)
    SD_PowerON                               0x08002b0d   Thumb Code   364  stm32l1xx_hal_sd.o(i.SD_PowerON)
    i.SD_WideBus_Disable                     0x08002c80   Section        0  stm32l1xx_hal_sd.o(i.SD_WideBus_Disable)
    SD_WideBus_Disable                       0x08002c81   Thumb Code   114  stm32l1xx_hal_sd.o(i.SD_WideBus_Disable)
    i.SD_WideBus_Enable                      0x08002cf2   Section        0  stm32l1xx_hal_sd.o(i.SD_WideBus_Enable)
    SD_WideBus_Enable                        0x08002cf3   Thumb Code   116  stm32l1xx_hal_sd.o(i.SD_WideBus_Enable)
    i.SD_initialize                          0x08002d68   Section        0  sd_diskio.o(i.SD_initialize)
    i.SD_ioctl                               0x08002d88   Section        0  sd_diskio.o(i.SD_ioctl)
    i.SD_read                                0x08002dd8   Section        0  sd_diskio.o(i.SD_read)
    i.SD_status                              0x08002df8   Section        0  sd_diskio.o(i.SD_status)
    i.SD_write                               0x08002e18   Section        0  sd_diskio.o(i.SD_write)
    i.SPI1_IRQHandler                        0x08002e38   Section        0  stm32l1xx_it.o(i.SPI1_IRQHandler)
    i.SPI2_IRQHandler                        0x08002e44   Section        0  stm32l1xx_it.o(i.SPI2_IRQHandler)
    i.SysTick_Handler                        0x08002e50   Section        0  stm32l1xx_it.o(i.SysTick_Handler)
    i.SystemClock_Config                     0x08002e88   Section        0  main.o(i.SystemClock_Config)
    i.SystemInit                             0x08002f0c   Section        0  system_stm32l1xx.o(i.SystemInit)
    i.UART_Receive_IT                        0x08002f5c   Section        0  stm32l1xx_hal_uart.o(i.UART_Receive_IT)
    UART_Receive_IT                          0x08002f5d   Thumb Code   168  stm32l1xx_hal_uart.o(i.UART_Receive_IT)
    i.UART_SetConfig                         0x08003004   Section        0  stm32l1xx_hal_uart.o(i.UART_SetConfig)
    UART_SetConfig                           0x08003005   Thumb Code   354  stm32l1xx_hal_uart.o(i.UART_SetConfig)
    i.UART_Transmit_IT                       0x0800316c   Section        0  stm32l1xx_hal_uart.o(i.UART_Transmit_IT)
    UART_Transmit_IT                         0x0800316d   Thumb Code   102  stm32l1xx_hal_uart.o(i.UART_Transmit_IT)
    i.USART1_IRQHandler                      0x080031d4   Section        0  stm32l1xx_it.o(i.USART1_IRQHandler)
    i.USART2_IRQHandler                      0x080031e0   Section        0  stm32l1xx_it.o(i.USART2_IRQHandler)
    i.check_fs                               0x080031ec   Section        0  ff.o(i.check_fs)
    check_fs                                 0x080031ed   Thumb Code    90  ff.o(i.check_fs)
    i.chk_lock                               0x0800324c   Section        0  ff.o(i.chk_lock)
    chk_lock                                 0x0800324d   Thumb Code   102  ff.o(i.chk_lock)
    i.clear_lock                             0x080032b8   Section        0  ff.o(i.clear_lock)
    clear_lock                               0x080032b9   Thumb Code    32  ff.o(i.clear_lock)
    i.clust2sect                             0x080032dc   Section        0  ff.o(i.clust2sect)
    i.create_chain                           0x080032fa   Section        0  ff.o(i.create_chain)
    create_chain                             0x080032fb   Thumb Code   176  ff.o(i.create_chain)
    i.create_name                            0x080033ac   Section        0  ff.o(i.create_name)
    create_name                              0x080033ad   Thumb Code   234  ff.o(i.create_name)
    i.dec_lock                               0x080034ac   Section        0  ff.o(i.dec_lock)
    dec_lock                                 0x080034ad   Thumb Code    54  ff.o(i.dec_lock)
    i.dir_next                               0x080034e8   Section        0  ff.o(i.dir_next)
    dir_next                                 0x080034e9   Thumb Code   286  ff.o(i.dir_next)
    i.dir_register                           0x08003606   Section        0  ff.o(i.dir_register)
    dir_register                             0x08003607   Thumb Code   118  ff.o(i.dir_register)
    i.dir_sdi                                0x0800367c   Section        0  ff.o(i.dir_sdi)
    dir_sdi                                  0x0800367d   Thumb Code   152  ff.o(i.dir_sdi)
    i.disk_initialize                        0x08003714   Section        0  diskio.o(i.disk_initialize)
    i.disk_ioctl                             0x0800373c   Section        0  diskio.o(i.disk_ioctl)
    i.disk_read                              0x08003758   Section        0  diskio.o(i.disk_read)
    i.disk_status                            0x08003774   Section        0  diskio.o(i.disk_status)
    i.disk_write                             0x0800378c   Section        0  diskio.o(i.disk_write)
    i.f_close                                0x080037a8   Section        0  ff.o(i.f_close)
    i.f_mount                                0x080037d4   Section        0  ff.o(i.f_mount)
    i.f_open                                 0x08003830   Section        0  ff.o(i.f_open)
    i.f_sync                                 0x080039d0   Section        0  ff.o(i.f_sync)
    i.find_volume                            0x08003a88   Section        0  ff.o(i.find_volume)
    find_volume                              0x08003a89   Thumb Code   588  ff.o(i.find_volume)
    i.follow_path                            0x08003ce0   Section        0  ff.o(i.follow_path)
    follow_path                              0x08003ce1   Thumb Code   192  ff.o(i.follow_path)
    i.get_fat                                0x08003da0   Section        0  ff.o(i.get_fat)
    i.get_fattime                            0x08003e62   Section        0  fatfs.o(i.get_fattime)
    i.get_ldnumber                           0x08003e66   Section        0  ff.o(i.get_ldnumber)
    get_ldnumber                             0x08003e67   Thumb Code    60  ff.o(i.get_ldnumber)
    i.inc_lock                               0x08003ea4   Section        0  ff.o(i.inc_lock)
    inc_lock                                 0x08003ea5   Thumb Code   154  ff.o(i.inc_lock)
    i.ld_clust                               0x08003f44   Section        0  ff.o(i.ld_clust)
    ld_clust                                 0x08003f45   Thumb Code    20  ff.o(i.ld_clust)
    i.main                                   0x08003f58   Section        0  main.o(i.main)
    i.mem_cpy                                0x08004004   Section        0  ff.o(i.mem_cpy)
    mem_cpy                                  0x08004005   Thumb Code    18  ff.o(i.mem_cpy)
    i.mem_set                                0x08004016   Section        0  ff.o(i.mem_set)
    mem_set                                  0x08004017   Thumb Code    14  ff.o(i.mem_set)
    i.move_window                            0x08004024   Section        0  ff.o(i.move_window)
    move_window                              0x08004025   Thumb Code    54  ff.o(i.move_window)
    i.put_fat                                0x0800405a   Section        0  ff.o(i.put_fat)
    i.remove_chain                           0x08004152   Section        0  ff.o(i.remove_chain)
    remove_chain                             0x08004153   Thumb Code   110  ff.o(i.remove_chain)
    i.st_clust                               0x080041c0   Section        0  ff.o(i.st_clust)
    st_clust                                 0x080041c1   Thumb Code    16  ff.o(i.st_clust)
    i.sync_fs                                0x080041d0   Section        0  ff.o(i.sync_fs)
    sync_fs                                  0x080041d1   Thumb Code   182  ff.o(i.sync_fs)
    i.sync_window                            0x08004286   Section        0  ff.o(i.sync_window)
    sync_window                              0x08004287   Thumb Code    96  ff.o(i.sync_window)
    i.validate                               0x080042e6   Section        0  ff.o(i.validate)
    validate                                 0x080042e7   Thumb Code    44  ff.o(i.validate)
    .constdata                               0x08004312   Section       29  stm32l1xx_hal_rcc.o(.constdata)
    .constdata                               0x08004330   Section      172  ff.o(.constdata)
    ExCvt                                    0x08004330   Data         128  ff.o(.constdata)
    vst                                      0x080043b0   Data          22  ff.o(.constdata)
    cst                                      0x080043c6   Data          22  ff.o(.constdata)
    .constdata                               0x080043dc   Section       20  sd_diskio.o(.constdata)
    .data                                    0x20000000   Section        5  fatfs.o(.data)
    .data                                    0x20000008   Section        4  stm32l1xx_it.o(.data)
    ms                                       0x20000008   Data           4  stm32l1xx_it.o(.data)
    .data                                    0x2000000c   Section        4  system_stm32l1xx.o(.data)
    .data                                    0x20000010   Section        4  stm32l1xx_hal.o(.data)
    uwTick                                   0x20000010   Data           4  stm32l1xx_hal.o(.data)
    .data                                    0x20000014   Section       12  ff.o(.data)
    Fsid                                     0x20000014   Data           2  ff.o(.data)
    FatFs                                    0x20000018   Data           8  ff.o(.data)
    .data                                    0x20000020   Section        1  sd_diskio.o(.data)
    Stat                                     0x20000020   Data           1  sd_diskio.o(.data)
    .bss                                     0x20000024   Section      484  main.o(.bss)
    .bss                                     0x20000208   Section       88  main.o(.bss)
    .bss                                     0x20000260   Section       24  ff.o(.bss)
    Files                                    0x20000260   Data          24  ff.o(.bss)
    .bss                                     0x20000278   Section       16  ff_gen_drv.o(.bss)
    .bss                                     0x20000288   Section       96  libspace.o(.bss)
    HEAP                                     0x200002e8   Section      512  startup_stm32l151xd.o(HEAP)
    Heap_Mem                                 0x200002e8   Data         512  startup_stm32l151xd.o(HEAP)
    STACK                                    0x200004e8   Section     1024  startup_stm32l151xd.o(STACK)
    Stack_Mem                                0x200004e8   Data        1024  startup_stm32l151xd.o(STACK)
    __initial_sp                             0x200008e8   Data           0  startup_stm32l151xd.o(STACK)

    Global Symbols

    Symbol Name                              Value     Ov Type        Size  Object(Section)

    BuildAttributes$$THM_ISAv4$P$D$K$B$S$PE$A:L22UL41UL21$X:L11$S22US41US21$IEEE1$IW$USESV6$~STKCKD$USESV7$~SHL$OSPACE$ROPI$EBA8$UX$STANDARDLIB$REQ8$PRES8$EABIv2 0x00000000   Number         0  anon$$obj.o ABSOLUTE
    __ARM_use_no_argv                        0x00000000   Number         0  main.o ABSOLUTE
    __ARM_exceptions_init                     - Undefined Weak Reference
    __alloca_initialize                       - Undefined Weak Reference
    __arm_preinit_                            - Undefined Weak Reference
    __cpp_initialize__aeabi_                  - Undefined Weak Reference
    __cxa_finalize                            - Undefined Weak Reference
    __rt_locale                               - Undefined Weak Reference
    __sigvec_lookup                           - Undefined Weak Reference
    _atexit_init                              - Undefined Weak Reference
    _call_atexit_fns                          - Undefined Weak Reference
    _clock_init                               - Undefined Weak Reference
    _fp_trap_init                             - Undefined Weak Reference
    _fp_trap_shutdown                         - Undefined Weak Reference
    _get_lc_collate                           - Undefined Weak Reference
    _get_lc_ctype                             - Undefined Weak Reference
    _get_lc_monetary                          - Undefined Weak Reference
    _get_lc_numeric                           - Undefined Weak Reference
    _get_lc_time                              - Undefined Weak Reference
    _getenv_init                              - Undefined Weak Reference
    _handle_redirection                       - Undefined Weak Reference
    _init_alloc                               - Undefined Weak Reference
    _init_user_alloc                          - Undefined Weak Reference
    _initio                                   - Undefined Weak Reference
    _rand_init                                - Undefined Weak Reference
    _signal_finish                            - Undefined Weak Reference
    _signal_init                              - Undefined Weak Reference
    _terminate_alloc                          - Undefined Weak Reference
    _terminate_user_alloc                     - Undefined Weak Reference
    _terminateio                              - Undefined Weak Reference
    __Vectors_Size                           0x00000124   Number         0  startup_stm32l151xd.o ABSOLUTE
    __Vectors                                0x08000000   Data           4  startup_stm32l151xd.o(RESET)
    __Vectors_End                            0x08000124   Data           0  startup_stm32l151xd.o(RESET)
    __main                                   0x08000125   Thumb Code     8  __main.o(!!!main)
    __scatterload                            0x0800012d   Thumb Code     0  __scatter.o(!!!scatter)
    __scatterload_rt2                        0x0800012d   Thumb Code    44  __scatter.o(!!!scatter)
    __scatterload_rt2_thumb_only             0x0800012d   Thumb Code     0  __scatter.o(!!!scatter)
    __scatterload_null                       0x0800013b   Thumb Code     0  __scatter.o(!!!scatter)
    __scatterload_copy                       0x08000161   Thumb Code    26  __scatter_copy.o(!!handler_copy)
    __scatterload_zeroinit                   0x0800017d   Thumb Code    28  __scatter_zi.o(!!handler_zi)
    __rt_lib_init                            0x08000199   Thumb Code     0  libinit.o(.ARM.Collect$$libinit$$00000000)
    __rt_lib_init_alloca_1                   0x0800019b   Thumb Code     0  libinit2.o(.ARM.Collect$$libinit$$0000002E)
    __rt_lib_init_argv_1                     0x0800019b   Thumb Code     0  libinit2.o(.ARM.Collect$$libinit$$0000002C)
    __rt_lib_init_atexit_1                   0x0800019b   Thumb Code     0  libinit2.o(.ARM.Collect$$libinit$$0000001B)
    __rt_lib_init_clock_1                    0x0800019b   Thumb Code     0  libinit2.o(.ARM.Collect$$libinit$$00000021)
    __rt_lib_init_cpp_1                      0x0800019b   Thumb Code     0  libinit2.o(.ARM.Collect$$libinit$$00000032)
    __rt_lib_init_exceptions_1               0x0800019b   Thumb Code     0  libinit2.o(.ARM.Collect$$libinit$$00000030)
    __rt_lib_init_fp_1                       0x0800019b   Thumb Code     0  libinit2.o(.ARM.Collect$$libinit$$00000002)
    __rt_lib_init_fp_trap_1                  0x0800019b   Thumb Code     0  libinit2.o(.ARM.Collect$$libinit$$0000001F)
    __rt_lib_init_getenv_1                   0x0800019b   Thumb Code     0  libinit2.o(.ARM.Collect$$libinit$$00000023)
    __rt_lib_init_heap_1                     0x0800019b   Thumb Code     0  libinit2.o(.ARM.Collect$$libinit$$0000000A)
    __rt_lib_init_lc_collate_1               0x0800019b   Thumb Code     0  libinit2.o(.ARM.Collect$$libinit$$00000011)
    __rt_lib_init_lc_ctype_1                 0x0800019b   Thumb Code     0  libinit2.o(.ARM.Collect$$libinit$$00000013)
    __rt_lib_init_lc_monetary_1              0x0800019b   Thumb Code     0  libinit2.o(.ARM.Collect$$libinit$$00000015)
    __rt_lib_init_lc_numeric_1               0x0800019b   Thumb Code     0  libinit2.o(.ARM.Collect$$libinit$$00000017)
    __rt_lib_init_lc_time_1                  0x0800019b   Thumb Code     0  libinit2.o(.ARM.Collect$$libinit$$00000019)
    __rt_lib_init_preinit_1                  0x0800019b   Thumb Code     0  libinit2.o(.ARM.Collect$$libinit$$00000004)
    __rt_lib_init_rand_1                     0x0800019b   Thumb Code     0  libinit2.o(.ARM.Collect$$libinit$$0000000E)
    __rt_lib_init_return                     0x0800019b   Thumb Code     0  libinit2.o(.ARM.Collect$$libinit$$00000033)
    __rt_lib_init_signal_1                   0x0800019b   Thumb Code     0  libinit2.o(.ARM.Collect$$libinit$$0000001D)
    __rt_lib_init_stdio_1                    0x0800019b   Thumb Code     0  libinit2.o(.ARM.Collect$$libinit$$00000025)
    __rt_lib_init_user_alloc_1               0x0800019b   Thumb Code     0  libinit2.o(.ARM.Collect$$libinit$$0000000C)
    __rt_lib_shutdown                        0x0800019d   Thumb Code     0  libshutdown.o(.ARM.Collect$$libshutdown$$00000000)
    __rt_lib_shutdown_cpp_1                  0x0800019f   Thumb Code     0  libshutdown2.o(.ARM.Collect$$libshutdown$$00000002)
    __rt_lib_shutdown_fp_trap_1              0x0800019f   Thumb Code     0  libshutdown2.o(.ARM.Collect$$libshutdown$$00000007)
    __rt_lib_shutdown_heap_1                 0x0800019f   Thumb Code     0  libshutdown2.o(.ARM.Collect$$libshutdown$$0000000F)
    __rt_lib_shutdown_return                 0x0800019f   Thumb Code     0  libshutdown2.o(.ARM.Collect$$libshutdown$$00000010)
    __rt_lib_shutdown_signal_1               0x0800019f   Thumb Code     0  libshutdown2.o(.ARM.Collect$$libshutdown$$0000000A)
    __rt_lib_shutdown_stdio_1                0x0800019f   Thumb Code     0  libshutdown2.o(.ARM.Collect$$libshutdown$$00000004)
    __rt_lib_shutdown_user_alloc_1           0x0800019f   Thumb Code     0  libshutdown2.o(.ARM.Collect$$libshutdown$$0000000C)
    __rt_entry                               0x080001a1   Thumb Code     0  __rtentry.o(.ARM.Collect$$rtentry$$00000000)
    __rt_entry_presh_1                       0x080001a1   Thumb Code     0  __rtentry2.o(.ARM.Collect$$rtentry$$00000002)
    __rt_entry_sh                            0x080001a1   Thumb Code     0  __rtentry4.o(.ARM.Collect$$rtentry$$00000004)
    __rt_entry_li                            0x080001a7   Thumb Code     0  __rtentry2.o(.ARM.Collect$$rtentry$$0000000A)
    __rt_entry_postsh_1                      0x080001a7   Thumb Code     0  __rtentry2.o(.ARM.Collect$$rtentry$$00000009)
    __rt_entry_main                          0x080001ab   Thumb Code     0  __rtentry2.o(.ARM.Collect$$rtentry$$0000000D)
    __rt_entry_postli_1                      0x080001ab   Thumb Code     0  __rtentry2.o(.ARM.Collect$$rtentry$$0000000C)
    __rt_exit                                0x080001b3   Thumb Code     0  rtexit.o(.ARM.Collect$$rtexit$$00000000)
    __rt_exit_ls                             0x080001b5   Thumb Code     0  rtexit2.o(.ARM.Collect$$rtexit$$00000003)
    __rt_exit_prels_1                        0x080001b5   Thumb Code     0  rtexit2.o(.ARM.Collect$$rtexit$$00000002)
    __rt_exit_exit                           0x080001b9   Thumb Code     0  rtexit2.o(.ARM.Collect$$rtexit$$00000004)
    Reset_Handler                            0x080001c1   Thumb Code     8  startup_stm32l151xd.o(.text)
    NMI_Handler                              0x080001c9   Thumb Code     2  startup_stm32l151xd.o(.text)
    HardFault_Handler                        0x080001cb   Thumb Code     2  startup_stm32l151xd.o(.text)
    MemManage_Handler                        0x080001cd   Thumb Code     2  startup_stm32l151xd.o(.text)
    BusFault_Handler                         0x080001cf   Thumb Code     2  startup_stm32l151xd.o(.text)
    UsageFault_Handler                       0x080001d1   Thumb Code     2  startup_stm32l151xd.o(.text)
    SVC_Handler                              0x080001d3   Thumb Code     2  startup_stm32l151xd.o(.text)
    DebugMon_Handler                         0x080001d5   Thumb Code     2  startup_stm32l151xd.o(.text)
    PendSV_Handler                           0x080001d7   Thumb Code     2  startup_stm32l151xd.o(.text)
    COMP_ACQ_IRQHandler                      0x080001db   Thumb Code     0  startup_stm32l151xd.o(.text)
    COMP_IRQHandler                          0x080001db   Thumb Code     0  startup_stm32l151xd.o(.text)
    DAC_IRQHandler                           0x080001db   Thumb Code     0  startup_stm32l151xd.o(.text)
    DMA1_Channel1_IRQHandler                 0x080001db   Thumb Code     0  startup_stm32l151xd.o(.text)
    DMA1_Channel2_IRQHandler                 0x080001db   Thumb Code     0  startup_stm32l151xd.o(.text)
    DMA1_Channel3_IRQHandler                 0x080001db   Thumb Code     0  startup_stm32l151xd.o(.text)
    DMA1_Channel4_IRQHandler                 0x080001db   Thumb Code     0  startup_stm32l151xd.o(.text)
    DMA1_Channel5_IRQHandler                 0x080001db   Thumb Code     0  startup_stm32l151xd.o(.text)
    DMA1_Channel6_IRQHandler                 0x080001db   Thumb Code     0  startup_stm32l151xd.o(.text)
    DMA1_Channel7_IRQHandler                 0x080001db   Thumb Code     0  startup_stm32l151xd.o(.text)
    DMA2_Channel1_IRQHandler                 0x080001db   Thumb Code     0  startup_stm32l151xd.o(.text)
    DMA2_Channel2_IRQHandler                 0x080001db   Thumb Code     0  startup_stm32l151xd.o(.text)
    DMA2_Channel3_IRQHandler                 0x080001db   Thumb Code     0  startup_stm32l151xd.o(.text)
    DMA2_Channel4_IRQHandler                 0x080001db   Thumb Code     0  startup_stm32l151xd.o(.text)
    DMA2_Channel5_IRQHandler                 0x080001db   Thumb Code     0  startup_stm32l151xd.o(.text)
    EXTI0_IRQHandler                         0x080001db   Thumb Code     0  startup_stm32l151xd.o(.text)
    EXTI15_10_IRQHandler                     0x080001db   Thumb Code     0  startup_stm32l151xd.o(.text)
    EXTI1_IRQHandler                         0x080001db   Thumb Code     0  startup_stm32l151xd.o(.text)
    EXTI2_IRQHandler                         0x080001db   Thumb Code     0  startup_stm32l151xd.o(.text)
    EXTI3_IRQHandler                         0x080001db   Thumb Code     0  startup_stm32l151xd.o(.text)
    EXTI4_IRQHandler                         0x080001db   Thumb Code     0  startup_stm32l151xd.o(.text)
    EXTI9_5_IRQHandler                       0x080001db   Thumb Code     0  startup_stm32l151xd.o(.text)
    FLASH_IRQHandler                         0x080001db   Thumb Code     0  startup_stm32l151xd.o(.text)
    I2C1_ER_IRQHandler                       0x080001db   Thumb Code     0  startup_stm32l151xd.o(.text)
    I2C1_EV_IRQHandler                       0x080001db   Thumb Code     0  startup_stm32l151xd.o(.text)
    I2C2_ER_IRQHandler                       0x080001db   Thumb Code     0  startup_stm32l151xd.o(.text)
    I2C2_EV_IRQHandler                       0x080001db   Thumb Code     0  startup_stm32l151xd.o(.text)
    PVD_IRQHandler                           0x080001db   Thumb Code     0  startup_stm32l151xd.o(.text)
    RCC_IRQHandler                           0x080001db   Thumb Code     0  startup_stm32l151xd.o(.text)
    RTC_Alarm_IRQHandler                     0x080001db   Thumb Code     0  startup_stm32l151xd.o(.text)
    RTC_WKUP_IRQHandler                      0x080001db   Thumb Code     0  startup_stm32l151xd.o(.text)
    SPI3_IRQHandler                          0x080001db   Thumb Code     0  startup_stm32l151xd.o(.text)
    TAMPER_STAMP_IRQHandler                  0x080001db   Thumb Code     0  startup_stm32l151xd.o(.text)
    TIM10_IRQHandler                         0x080001db   Thumb Code     0  startup_stm32l151xd.o(.text)
    TIM11_IRQHandler                         0x080001db   Thumb Code     0  startup_stm32l151xd.o(.text)
    TIM2_IRQHandler                          0x080001db   Thumb Code     0  startup_stm32l151xd.o(.text)
    TIM3_IRQHandler                          0x080001db   Thumb Code     0  startup_stm32l151xd.o(.text)
    TIM4_IRQHandler                          0x080001db   Thumb Code     0  startup_stm32l151xd.o(.text)
    TIM5_IRQHandler                          0x080001db   Thumb Code     0  startup_stm32l151xd.o(.text)
    TIM6_IRQHandler                          0x080001db   Thumb Code     0  startup_stm32l151xd.o(.text)
    TIM7_IRQHandler                          0x080001db   Thumb Code     0  startup_stm32l151xd.o(.text)
    TIM9_IRQHandler                          0x080001db   Thumb Code     0  startup_stm32l151xd.o(.text)
    UART4_IRQHandler                         0x080001db   Thumb Code     0  startup_stm32l151xd.o(.text)
    UART5_IRQHandler                         0x080001db   Thumb Code     0  startup_stm32l151xd.o(.text)
    USART3_IRQHandler                        0x080001db   Thumb Code     0  startup_stm32l151xd.o(.text)
    USB_FS_WKUP_IRQHandler                   0x080001db   Thumb Code     0  startup_stm32l151xd.o(.text)
    USB_HP_IRQHandler                        0x080001db   Thumb Code     0  startup_stm32l151xd.o(.text)
    USB_LP_IRQHandler                        0x080001db   Thumb Code     0  startup_stm32l151xd.o(.text)
    WWDG_IRQHandler                          0x080001db   Thumb Code     0  startup_stm32l151xd.o(.text)
    __user_initial_stackheap                 0x080001dd   Thumb Code     0  startup_stm32l151xd.o(.text)
    __use_two_region_memory                  0x08000201   Thumb Code     2  heapauxi.o(.text)
    __rt_heap_escrow$2region                 0x08000203   Thumb Code     2  heapauxi.o(.text)
    __rt_heap_expand$2region                 0x08000205   Thumb Code     2  heapauxi.o(.text)
    __user_setup_stackheap                   0x08000207   Thumb Code    74  sys_stackheap_outer.o(.text)
    exit                                     0x08000251   Thumb Code    18  exit.o(.text)
    __user_libspace                          0x08000265   Thumb Code     8  libspace.o(.text)
    __user_perproc_libspace                  0x08000265   Thumb Code     0  libspace.o(.text)
    __user_perthread_libspace                0x08000265   Thumb Code     0  libspace.o(.text)
    _sys_exit                                0x0800026d   Thumb Code     8  sys_exit.o(.text)
    __I$use$semihosting                      0x08000279   Thumb Code     0  use_no_semi.o(.text)
    __use_no_semihosting_swi                 0x08000279   Thumb Code     2  use_no_semi.o(.text)
    __semihosting_library_function           0x0800027b   Thumb Code     0  indicate_semi.o(.text)
    ADC1_IRQHandler                          0x0800027d   Thumb Code     6  stm32l1xx_it.o(i.ADC1_IRQHandler)
    BSP_SD_GetCardInfo                       0x08000289   Thumb Code     8  bsp_driver_sd.o(i.BSP_SD_GetCardInfo)
    BSP_SD_GetStatus                         0x08000295   Thumb Code     6  bsp_driver_sd.o(i.BSP_SD_GetStatus)
    BSP_SD_Init                              0x080002a1   Thumb Code    50  bsp_driver_sd.o(i.BSP_SD_Init)
    BSP_SD_ReadBlocks                        0x080002dd   Thumb Code    26  bsp_driver_sd.o(i.BSP_SD_ReadBlocks)
    BSP_SD_WriteBlocks                       0x080002fd   Thumb Code    26  bsp_driver_sd.o(i.BSP_SD_WriteBlocks)
    FATFS_LinkDriver                         0x0800031d   Thumb Code     6  ff_gen_drv.o(i.FATFS_LinkDriver)
    FATFS_LinkDriverEx                       0x08000325   Thumb Code    60  ff_gen_drv.o(i.FATFS_LinkDriverEx)
    HAL_ADCEx_InjectedConvCpltCallback       0x08000365   Thumb Code     2  stm32l1xx_hal_adc_ex.o(i.HAL_ADCEx_InjectedConvCpltCallback)
    HAL_ADC_ConfigChannel                    0x08000369   Thumb Code   334  stm32l1xx_hal_adc.o(i.HAL_ADC_ConfigChannel)
    HAL_ADC_ConvCpltCallback                 0x080004c5   Thumb Code     2  stm32l1xx_hal_adc.o(i.HAL_ADC_ConvCpltCallback)
    HAL_ADC_ErrorCallback                    0x080004c7   Thumb Code     2  stm32l1xx_hal_adc.o(i.HAL_ADC_ErrorCallback)
    HAL_ADC_IRQHandler                       0x080004c9   Thumb Code   290  stm32l1xx_hal_adc.o(i.HAL_ADC_IRQHandler)
    HAL_ADC_Init                             0x080005ed   Thumb Code   382  stm32l1xx_hal_adc.o(i.HAL_ADC_Init)
    HAL_ADC_LevelOutOfWindowCallback         0x08000781   Thumb Code     2  stm32l1xx_hal_adc.o(i.HAL_ADC_LevelOutOfWindowCallback)
    HAL_ADC_MspInit                          0x08000785   Thumb Code    70  stm32l1xx_hal_msp.o(i.HAL_ADC_MspInit)
    HAL_Delay                                0x080007d9   Thumb Code    22  stm32l1xx_hal.o(i.HAL_Delay)
    HAL_GPIO_Init                            0x080007f1   Thumb Code   392  stm32l1xx_hal_gpio.o(i.HAL_GPIO_Init)
    HAL_GPIO_WritePin                        0x080009a1   Thumb Code    10  stm32l1xx_hal_gpio.o(i.HAL_GPIO_WritePin)
    HAL_GetTick                              0x080009ad   Thumb Code     6  stm32l1xx_hal.o(i.HAL_GetTick)
    HAL_IncTick                              0x080009b9   Thumb Code    10  stm32l1xx_hal.o(i.HAL_IncTick)
    HAL_Init                                 0x080009c9   Thumb Code    22  stm32l1xx_hal.o(i.HAL_Init)
    HAL_InitTick                             0x080009df   Thumb Code    34  stm32l1xx_hal.o(i.HAL_InitTick)
    HAL_MspInit                              0x08000a01   Thumb Code    60  stm32l1xx_hal_msp.o(i.HAL_MspInit)
    HAL_NVIC_EnableIRQ                       0x08000a41   Thumb Code    22  stm32l1xx_hal_cortex.o(i.HAL_NVIC_EnableIRQ)
    HAL_NVIC_SetPriority                     0x08000a59   Thumb Code    60  stm32l1xx_hal_cortex.o(i.HAL_NVIC_SetPriority)
    HAL_NVIC_SetPriorityGrouping             0x08000a99   Thumb Code    26  stm32l1xx_hal_cortex.o(i.HAL_NVIC_SetPriorityGrouping)
    HAL_PWREx_GetVoltageRange                0x08000abd   Thumb Code    10  stm32l1xx_hal_pwr_ex.o(i.HAL_PWREx_GetVoltageRange)
    HAL_RCC_ClockConfig                      0x08000acd   Thumb Code   786  stm32l1xx_hal_rcc.o(i.HAL_RCC_ClockConfig)
    HAL_RCC_GetHCLKFreq                      0x08000de9   Thumb Code    38  stm32l1xx_hal_rcc.o(i.HAL_RCC_GetHCLKFreq)
    HAL_RCC_GetPCLK1Freq                     0x08000e1d   Thumb Code    36  stm32l1xx_hal_rcc.o(i.HAL_RCC_GetPCLK1Freq)
    HAL_RCC_GetPCLK2Freq                     0x08000e49   Thumb Code    36  stm32l1xx_hal_rcc.o(i.HAL_RCC_GetPCLK2Freq)
    HAL_RCC_GetSysClockFreq                  0x08000e75   Thumb Code   126  stm32l1xx_hal_rcc.o(i.HAL_RCC_GetSysClockFreq)
    HAL_RCC_OscConfig                        0x08000f05   Thumb Code  1928  stm32l1xx_hal_rcc.o(i.HAL_RCC_OscConfig)
    HAL_SD_GetStatus                         0x08001699   Thumb Code    78  stm32l1xx_hal_sd.o(i.HAL_SD_GetStatus)
    HAL_SD_Get_CardInfo                      0x080016e7   Thumb Code   696  stm32l1xx_hal_sd.o(i.HAL_SD_Get_CardInfo)
    HAL_SD_IRQHandler                        0x0800199f   Thumb Code   124  stm32l1xx_hal_sd.o(i.HAL_SD_IRQHandler)
    HAL_SD_Init                              0x08001a1b   Thumb Code   158  stm32l1xx_hal_sd.o(i.HAL_SD_Init)
    HAL_SD_MspInit                           0x08001ab9   Thumb Code    88  stm32l1xx_hal_msp.o(i.HAL_SD_MspInit)
    HAL_SD_ReadBlocks                        0x08001b21   Thumb Code   380  stm32l1xx_hal_sd.o(i.HAL_SD_ReadBlocks)
    HAL_SD_StopTransfer                      0x08001c9d   Thumb Code    44  stm32l1xx_hal_sd.o(i.HAL_SD_StopTransfer)
    HAL_SD_WideBusOperation_Config           0x08001cc9   Thumb Code    90  stm32l1xx_hal_sd.o(i.HAL_SD_WideBusOperation_Config)
    HAL_SD_WriteBlocks                       0x08001d25   Thumb Code   472  stm32l1xx_hal_sd.o(i.HAL_SD_WriteBlocks)
    HAL_SD_XferCpltCallback                  0x08001efd   Thumb Code     2  stm32l1xx_hal_sd.o(i.HAL_SD_XferCpltCallback)
    HAL_SD_XferErrorCallback                 0x08001eff   Thumb Code     2  stm32l1xx_hal_sd.o(i.HAL_SD_XferErrorCallback)
    HAL_SPI_ErrorCallback                    0x08001f01   Thumb Code     2  stm32l1xx_hal_spi.o(i.HAL_SPI_ErrorCallback)
    HAL_SPI_IRQHandler                       0x08001f03   Thumb Code   196  stm32l1xx_hal_spi.o(i.HAL_SPI_IRQHandler)
    HAL_SPI_Init                             0x08001fc7   Thumb Code   132  stm32l1xx_hal_spi_ex.o(i.HAL_SPI_Init)
    HAL_SPI_MspInit                          0x0800204d   Thumb Code   140  stm32l1xx_hal_msp.o(i.HAL_SPI_MspInit)
    HAL_SYSTICK_CLKSourceConfig              0x080020ed   Thumb Code    24  stm32l1xx_hal_cortex.o(i.HAL_SYSTICK_CLKSourceConfig)
    HAL_SYSTICK_Callback                     0x08002105   Thumb Code     2  stm32l1xx_hal_cortex.o(i.HAL_SYSTICK_Callback)
    HAL_SYSTICK_Config                       0x08002107   Thumb Code    40  stm32l1xx_hal_cortex.o(i.HAL_SYSTICK_Config)
    HAL_SYSTICK_IRQHandler                   0x0800212f   Thumb Code     8  stm32l1xx_hal_cortex.o(i.HAL_SYSTICK_IRQHandler)
    HAL_UART_ErrorCallback                   0x08002137   Thumb Code     2  stm32l1xx_hal_uart.o(i.HAL_UART_ErrorCallback)
    HAL_UART_IRQHandler                      0x08002139   Thumb Code   218  stm32l1xx_hal_uart.o(i.HAL_UART_IRQHandler)
    HAL_UART_Init                            0x08002213   Thumb Code    94  stm32l1xx_hal_uart.o(i.HAL_UART_Init)
    HAL_UART_MspInit                         0x08002271   Thumb Code   124  stm32l1xx_hal_msp.o(i.HAL_UART_MspInit)
    HAL_UART_RxCpltCallback                  0x080022fd   Thumb Code     2  stm32l1xx_hal_uart.o(i.HAL_UART_RxCpltCallback)
    HAL_UART_TxCpltCallback                  0x080022ff   Thumb Code     2  stm32l1xx_hal_uart.o(i.HAL_UART_TxCpltCallback)
    MX_FATFS_Init                            0x08002355   Thumb Code    68  fatfs.o(i.MX_FATFS_Init)
    SDIO_DataConfig                          0x08002571   Thumb Code    36  stm32l1xx_ll_sdmmc.o(i.SDIO_DataConfig)
    SDIO_GetCommandResponse                  0x08002595   Thumb Code     6  stm32l1xx_ll_sdmmc.o(i.SDIO_GetCommandResponse)
    SDIO_GetPowerState                       0x0800259b   Thumb Code     8  stm32l1xx_ll_sdmmc.o(i.SDIO_GetPowerState)
    SDIO_GetResponse                         0x080025a5   Thumb Code    12  stm32l1xx_ll_sdmmc.o(i.SDIO_GetResponse)
    SDIO_IRQHandler                          0x080025b5   Thumb Code     6  stm32l1xx_it.o(i.SDIO_IRQHandler)
    SDIO_Init                                0x080025c1   Thumb Code    36  stm32l1xx_ll_sdmmc.o(i.SDIO_Init)
    SDIO_PowerState_ON                       0x080025e5   Thumb Code     8  stm32l1xx_ll_sdmmc.o(i.SDIO_PowerState_ON)
    SDIO_ReadFIFO                            0x080025ed   Thumb Code     6  stm32l1xx_ll_sdmmc.o(i.SDIO_ReadFIFO)
    SDIO_SendCommand                         0x080025f3   Thumb Code    32  stm32l1xx_ll_sdmmc.o(i.SDIO_SendCommand)
    SDIO_WriteFIFO                           0x08002613   Thumb Code    10  stm32l1xx_ll_sdmmc.o(i.SDIO_WriteFIFO)
    SD_initialize                            0x08002d69   Thumb Code    26  sd_diskio.o(i.SD_initialize)
    SD_ioctl                                 0x08002d89   Thumb Code    74  sd_diskio.o(i.SD_ioctl)
    SD_read                                  0x08002dd9   Thumb Code    30  sd_diskio.o(i.SD_read)
    SD_status                                0x08002df9   Thumb Code    26  sd_diskio.o(i.SD_status)
    SD_write                                 0x08002e19   Thumb Code    30  sd_diskio.o(i.SD_write)
    SPI1_IRQHandler                          0x08002e39   Thumb Code     6  stm32l1xx_it.o(i.SPI1_IRQHandler)
    SPI2_IRQHandler                          0x08002e45   Thumb Code     6  stm32l1xx_it.o(i.SPI2_IRQHandler)
    SysTick_Handler                          0x08002e51   Thumb Code    48  stm32l1xx_it.o(i.SysTick_Handler)
    SystemClock_Config                       0x08002e89   Thumb Code   124  main.o(i.SystemClock_Config)
    SystemInit                               0x08002f0d   Thumb Code    62  system_stm32l1xx.o(i.SystemInit)
    USART1_IRQHandler                        0x080031d5   Thumb Code     6  stm32l1xx_it.o(i.USART1_IRQHandler)
    USART2_IRQHandler                        0x080031e1   Thumb Code     6  stm32l1xx_it.o(i.USART2_IRQHandler)
    clust2sect                               0x080032dd   Thumb Code    30  ff.o(i.clust2sect)
    disk_initialize                          0x08003715   Thumb Code    36  diskio.o(i.disk_initialize)
    disk_ioctl                               0x0800373d   Thumb Code    24  diskio.o(i.disk_ioctl)
    disk_read                                0x08003759   Thumb Code    24  diskio.o(i.disk_read)
    disk_status                              0x08003775   Thumb Code    18  diskio.o(i.disk_status)
    disk_write                               0x0800378d   Thumb Code    24  diskio.o(i.disk_write)
    f_close                                  0x080037a9   Thumb Code    42  ff.o(i.f_close)
    f_mount                                  0x080037d5   Thumb Code    88  ff.o(i.f_mount)
    f_open                                   0x08003831   Thumb Code   412  ff.o(i.f_open)
    f_sync                                   0x080039d1   Thumb Code   184  ff.o(i.f_sync)
    get_fat                                  0x08003da1   Thumb Code   194  ff.o(i.get_fat)
    get_fattime                              0x08003e63   Thumb Code     4  fatfs.o(i.get_fattime)
    main                                     0x08003f59   Thumb Code   144  main.o(i.main)
    put_fat                                  0x0800405b   Thumb Code   248  ff.o(i.put_fat)
    aPLLDivisionFactorTable                  0x08004312   Data           4  stm32l1xx_hal_rcc.o(.constdata)
    aAPBAHBPrescTable                        0x08004316   Data          16  stm32l1xx_hal_rcc.o(.constdata)
    aPLLMULFactorTable                       0x08004326   Data           9  stm32l1xx_hal_rcc.o(.constdata)
    SD_Driver                                0x080043dc   Data          20  sd_diskio.o(.constdata)
    Region$$Table$$Base                      0x080043f0   Number         0  anon$$obj.o(Region$$Table)
    Region$$Table$$Limit                     0x08004410   Number         0  anon$$obj.o(Region$$Table)
    retSD                                    0x20000000   Data           1  fatfs.o(.data)
    SD_Path                                  0x20000001   Data           4  fatfs.o(.data)
    SystemCoreClock                          0x2000000c   Data           4  system_stm32l1xx.o(.data)
    hadc                                     0x20000024   Data          84  main.o(.bss)
    hsd                                      0x20000078   Data          96  main.o(.bss)
    hspi1                                    0x200000d8   Data          88  main.o(.bss)
    hspi2                                    0x20000130   Data          88  main.o(.bss)
    huart1                                   0x20000188   Data          64  main.o(.bss)
    huart2                                   0x200001c8   Data          64  main.o(.bss)
    SDCardInfo                               0x20000208   Data          88  main.o(.bss)
    disk                                     0x20000278   Data          16  ff_gen_drv.o(.bss)
    __libspace_start                         0x20000288   Data          96  libspace.o(.bss)
    __temporary_stack_top$libspace           0x200002e8   Data           0  libspace.o(.bss)



==============================================================================

Memory Map of the image

  Image Entry point : 0x08000125

  Load Region LR_IROM1 (Base: 0x08000000, Size: 0x00004434, Max: 0x00060000, ABSOLUTE)

    Execution Region ER_IROM1 (Base: 0x08000000, Size: 0x00004410, Max: 0x00060000, ABSOLUTE)

    Base Addr    Size         Type   Attr      Idx    E Section Name        Object

    0x08000000   0x00000124   Data   RO         3174    RESET               startup_stm32l151xd.o
    0x08000124   0x00000008   Code   RO         3185  * !!!main             c_w.l(__main.o)
    0x0800012c   0x00000034   Code   RO         3342    !!!scatter          c_w.l(__scatter.o)
    0x08000160   0x0000001a   Code   RO         3344    !!handler_copy      c_w.l(__scatter_copy.o)
    0x0800017a   0x00000002   PAD
    0x0800017c   0x0000001c   Code   RO         3346    !!handler_zi        c_w.l(__scatter_zi.o)
    0x08000198   0x00000002   Code   RO         3212    .ARM.Collect$$libinit$$00000000  c_w.l(libinit.o)
    0x0800019a   0x00000000   Code   RO         3219    .ARM.Collect$$libinit$$00000002  c_w.l(libinit2.o)
    0x0800019a   0x00000000   Code   RO         3221    .ARM.Collect$$libinit$$00000004  c_w.l(libinit2.o)
    0x0800019a   0x00000000   Code   RO         3224    .ARM.Collect$$libinit$$0000000A  c_w.l(libinit2.o)
    0x0800019a   0x00000000   Code   RO         3226    .ARM.Collect$$libinit$$0000000C  c_w.l(libinit2.o)
    0x0800019a   0x00000000   Code   RO         3228    .ARM.Collect$$libinit$$0000000E  c_w.l(libinit2.o)
    0x0800019a   0x00000000   Code   RO         3231    .ARM.Collect$$libinit$$00000011  c_w.l(libinit2.o)
    0x0800019a   0x00000000   Code   RO         3233    .ARM.Collect$$libinit$$00000013  c_w.l(libinit2.o)
    0x0800019a   0x00000000   Code   RO         3235    .ARM.Collect$$libinit$$00000015  c_w.l(libinit2.o)
    0x0800019a   0x00000000   Code   RO         3237    .ARM.Collect$$libinit$$00000017  c_w.l(libinit2.o)
    0x0800019a   0x00000000   Code   RO         3239    .ARM.Collect$$libinit$$00000019  c_w.l(libinit2.o)
    0x0800019a   0x00000000   Code   RO         3241    .ARM.Collect$$libinit$$0000001B  c_w.l(libinit2.o)
    0x0800019a   0x00000000   Code   RO         3243    .ARM.Collect$$libinit$$0000001D  c_w.l(libinit2.o)
    0x0800019a   0x00000000   Code   RO         3245    .ARM.Collect$$libinit$$0000001F  c_w.l(libinit2.o)
    0x0800019a   0x00000000   Code   RO         3247    .ARM.Collect$$libinit$$00000021  c_w.l(libinit2.o)
    0x0800019a   0x00000000   Code   RO         3249    .ARM.Collect$$libinit$$00000023  c_w.l(libinit2.o)
    0x0800019a   0x00000000   Code   RO         3251    .ARM.Collect$$libinit$$00000025  c_w.l(libinit2.o)
    0x0800019a   0x00000000   Code   RO         3255    .ARM.Collect$$libinit$$0000002C  c_w.l(libinit2.o)
    0x0800019a   0x00000000   Code   RO         3257    .ARM.Collect$$libinit$$0000002E  c_w.l(libinit2.o)
    0x0800019a   0x00000000   Code   RO         3259    .ARM.Collect$$libinit$$00000030  c_w.l(libinit2.o)
    0x0800019a   0x00000000   Code   RO         3261    .ARM.Collect$$libinit$$00000032  c_w.l(libinit2.o)
    0x0800019a   0x00000002   Code   RO         3262    .ARM.Collect$$libinit$$00000033  c_w.l(libinit2.o)
    0x0800019c   0x00000002   Code   RO         3282    .ARM.Collect$$libshutdown$$00000000  c_w.l(libshutdown.o)
    0x0800019e   0x00000000   Code   RO         3295    .ARM.Collect$$libshutdown$$00000002  c_w.l(libshutdown2.o)
    0x0800019e   0x00000000   Code   RO         3297    .ARM.Collect$$libshutdown$$00000004  c_w.l(libshutdown2.o)
    0x0800019e   0x00000000   Code   RO         3300    .ARM.Collect$$libshutdown$$00000007  c_w.l(libshutdown2.o)
    0x0800019e   0x00000000   Code   RO         3303    .ARM.Collect$$libshutdown$$0000000A  c_w.l(libshutdown2.o)
    0x0800019e   0x00000000   Code   RO         3305    .ARM.Collect$$libshutdown$$0000000C  c_w.l(libshutdown2.o)
    0x0800019e   0x00000000   Code   RO         3308    .ARM.Collect$$libshutdown$$0000000F  c_w.l(libshutdown2.o)
    0x0800019e   0x00000002   Code   RO         3309    .ARM.Collect$$libshutdown$$00000010  c_w.l(libshutdown2.o)
    0x080001a0   0x00000000   Code   RO         3187    .ARM.Collect$$rtentry$$00000000  c_w.l(__rtentry.o)
    0x080001a0   0x00000000   Code   RO         3189    .ARM.Collect$$rtentry$$00000002  c_w.l(__rtentry2.o)
    0x080001a0   0x00000006   Code   RO         3201    .ARM.Collect$$rtentry$$00000004  c_w.l(__rtentry4.o)
    0x080001a6   0x00000000   Code   RO         3191    .ARM.Collect$$rtentry$$00000009  c_w.l(__rtentry2.o)
    0x080001a6   0x00000004   Code   RO         3192    .ARM.Collect$$rtentry$$0000000A  c_w.l(__rtentry2.o)
    0x080001aa   0x00000000   Code   RO         3194    .ARM.Collect$$rtentry$$0000000C  c_w.l(__rtentry2.o)
    0x080001aa   0x00000008   Code   RO         3195    .ARM.Collect$$rtentry$$0000000D  c_w.l(__rtentry2.o)
    0x080001b2   0x00000002   Code   RO         3216    .ARM.Collect$$rtexit$$00000000  c_w.l(rtexit.o)
    0x080001b4   0x00000000   Code   RO         3264    .ARM.Collect$$rtexit$$00000002  c_w.l(rtexit2.o)
    0x080001b4   0x00000004   Code   RO         3265    .ARM.Collect$$rtexit$$00000003  c_w.l(rtexit2.o)
    0x080001b8   0x00000006   Code   RO         3266    .ARM.Collect$$rtexit$$00000004  c_w.l(rtexit2.o)
    0x080001be   0x00000002   PAD
    0x080001c0   0x00000040   Code   RO         3175    .text               startup_stm32l151xd.o
    0x08000200   0x00000006   Code   RO         3183    .text               c_w.l(heapauxi.o)
    0x08000206   0x0000004a   Code   RO         3203    .text               c_w.l(sys_stackheap_outer.o)
    0x08000250   0x00000012   Code   RO         3205    .text               c_w.l(exit.o)
    0x08000262   0x00000002   PAD
    0x08000264   0x00000008   Code   RO         3213    .text               c_w.l(libspace.o)
    0x0800026c   0x0000000c   Code   RO         3274    .text               c_w.l(sys_exit.o)
    0x08000278   0x00000002   Code   RO         3285    .text               c_w.l(use_no_semi.o)
    0x0800027a   0x00000000   Code   RO         3287    .text               c_w.l(indicate_semi.o)
    0x0800027a   0x00000002   PAD
    0x0800027c   0x0000000c   Code   RO          336    i.ADC1_IRQHandler   stm32l1xx_it.o
    0x08000288   0x0000000c   Code   RO          175    i.BSP_SD_GetCardInfo  bsp_driver_sd.o
    0x08000294   0x0000000c   Code   RO          176    i.BSP_SD_GetStatus  bsp_driver_sd.o
    0x080002a0   0x0000003c   Code   RO          179    i.BSP_SD_Init       bsp_driver_sd.o
    0x080002dc   0x00000020   Code   RO          181    i.BSP_SD_ReadBlocks  bsp_driver_sd.o
    0x080002fc   0x00000020   Code   RO          183    i.BSP_SD_WriteBlocks  bsp_driver_sd.o
    0x0800031c   0x00000006   Code   RO         3125    i.FATFS_LinkDriver  ff_gen_drv.o
    0x08000322   0x00000002   PAD
    0x08000324   0x00000040   Code   RO         3126    i.FATFS_LinkDriverEx  ff_gen_drv.o
    0x08000364   0x00000002   Code   RO         2364    i.HAL_ADCEx_InjectedConvCpltCallback  stm32l1xx_hal_adc_ex.o
    0x08000366   0x00000002   PAD
    0x08000368   0x0000015c   Code   RO         1411    i.HAL_ADC_ConfigChannel  stm32l1xx_hal_adc.o
    0x080004c4   0x00000002   Code   RO         1412    i.HAL_ADC_ConvCpltCallback  stm32l1xx_hal_adc.o
    0x080004c6   0x00000002   Code   RO         1415    i.HAL_ADC_ErrorCallback  stm32l1xx_hal_adc.o
    0x080004c8   0x00000122   Code   RO         1419    i.HAL_ADC_IRQHandler  stm32l1xx_hal_adc.o
    0x080005ea   0x00000002   PAD
    0x080005ec   0x00000194   Code   RO         1420    i.HAL_ADC_Init      stm32l1xx_hal_adc.o
    0x08000780   0x00000002   Code   RO         1421    i.HAL_ADC_LevelOutOfWindowCallback  stm32l1xx_hal_adc.o
    0x08000782   0x00000002   PAD
    0x08000784   0x00000054   Code   RO          402    i.HAL_ADC_MspInit   stm32l1xx_hal_msp.o
    0x080007d8   0x00000016   Code   RO         2236    i.HAL_Delay         stm32l1xx_hal.o
    0x080007ee   0x00000002   PAD
    0x080007f0   0x000001b0   Code   RO          572    i.HAL_GPIO_Init     stm32l1xx_hal_gpio.o
    0x080009a0   0x0000000a   Code   RO          576    i.HAL_GPIO_WritePin  stm32l1xx_hal_gpio.o
    0x080009aa   0x00000002   PAD
    0x080009ac   0x0000000c   Code   RO         2240    i.HAL_GetTick       stm32l1xx_hal.o
    0x080009b8   0x00000010   Code   RO         2241    i.HAL_IncTick       stm32l1xx_hal.o
    0x080009c8   0x00000016   Code   RO         2242    i.HAL_Init          stm32l1xx_hal.o
    0x080009de   0x00000022   Code   RO         2243    i.HAL_InitTick      stm32l1xx_hal.o
    0x08000a00   0x00000040   Code   RO          403    i.HAL_MspInit       stm32l1xx_hal_msp.o
    0x08000a40   0x00000016   Code   RO         1871    i.HAL_NVIC_EnableIRQ  stm32l1xx_hal_cortex.o
    0x08000a56   0x00000002   PAD
    0x08000a58   0x00000040   Code   RO         1877    i.HAL_NVIC_SetPriority  stm32l1xx_hal_cortex.o
    0x08000a98   0x00000024   Code   RO         1878    i.HAL_NVIC_SetPriorityGrouping  stm32l1xx_hal_cortex.o
    0x08000abc   0x00000010   Code   RO          641    i.HAL_PWREx_GetVoltageRange  stm32l1xx_hal_pwr_ex.o
    0x08000acc   0x0000031c   Code   RO         1195    i.HAL_RCC_ClockConfig  stm32l1xx_hal_rcc.o
    0x08000de8   0x00000034   Code   RO         1200    i.HAL_RCC_GetHCLKFreq  stm32l1xx_hal_rcc.o
    0x08000e1c   0x0000002c   Code   RO         1202    i.HAL_RCC_GetPCLK1Freq  stm32l1xx_hal_rcc.o
    0x08000e48   0x0000002c   Code   RO         1203    i.HAL_RCC_GetPCLK2Freq  stm32l1xx_hal_rcc.o
    0x08000e74   0x00000090   Code   RO         1204    i.HAL_RCC_GetSysClockFreq  stm32l1xx_hal_rcc.o
    0x08000f04   0x00000794   Code   RO         1207    i.HAL_RCC_OscConfig  stm32l1xx_hal_rcc.o
    0x08001698   0x0000004e   Code   RO         2000    i.HAL_SD_GetStatus  stm32l1xx_hal_sd.o
    0x080016e6   0x000002b8   Code   RO         2001    i.HAL_SD_Get_CardInfo  stm32l1xx_hal_sd.o
    0x0800199e   0x0000007c   Code   RO         2003    i.HAL_SD_IRQHandler  stm32l1xx_hal_sd.o
    0x08001a1a   0x0000009e   Code   RO         2004    i.HAL_SD_Init       stm32l1xx_hal_sd.o
    0x08001ab8   0x00000068   Code   RO          405    i.HAL_SD_MspInit    stm32l1xx_hal_msp.o
    0x08001b20   0x0000017c   Code   RO         2007    i.HAL_SD_ReadBlocks  stm32l1xx_hal_sd.o
    0x08001c9c   0x0000002c   Code   RO         2010    i.HAL_SD_StopTransfer  stm32l1xx_hal_sd.o
    0x08001cc8   0x0000005a   Code   RO         2011    i.HAL_SD_WideBusOperation_Config  stm32l1xx_hal_sd.o
    0x08001d22   0x00000002   PAD
    0x08001d24   0x000001d8   Code   RO         2012    i.HAL_SD_WriteBlocks  stm32l1xx_hal_sd.o
    0x08001efc   0x00000002   Code   RO         2014    i.HAL_SD_XferCpltCallback  stm32l1xx_hal_sd.o
    0x08001efe   0x00000002   Code   RO         2015    i.HAL_SD_XferErrorCallback  stm32l1xx_hal_sd.o
    0x08001f00   0x00000002   Code   RO          893    i.HAL_SPI_ErrorCallback  stm32l1xx_hal_spi.o
    0x08001f02   0x000000c4   Code   RO          896    i.HAL_SPI_IRQHandler  stm32l1xx_hal_spi.o
    0x08001fc6   0x00000084   Code   RO         1844    i.HAL_SPI_Init      stm32l1xx_hal_spi_ex.o
    0x0800204a   0x00000002   PAD
    0x0800204c   0x000000a0   Code   RO          407    i.HAL_SPI_MspInit   stm32l1xx_hal_msp.o
    0x080020ec   0x00000018   Code   RO         1880    i.HAL_SYSTICK_CLKSourceConfig  stm32l1xx_hal_cortex.o
    0x08002104   0x00000002   Code   RO         1881    i.HAL_SYSTICK_Callback  stm32l1xx_hal_cortex.o
    0x08002106   0x00000028   Code   RO         1882    i.HAL_SYSTICK_Config  stm32l1xx_hal_cortex.o
    0x0800212e   0x00000008   Code   RO         1883    i.HAL_SYSTICK_IRQHandler  stm32l1xx_hal_cortex.o
    0x08002136   0x00000002   Code   RO         2441    i.HAL_UART_ErrorCallback  stm32l1xx_hal_uart.o
    0x08002138   0x000000da   Code   RO         2444    i.HAL_UART_IRQHandler  stm32l1xx_hal_uart.o
    0x08002212   0x0000005e   Code   RO         2445    i.HAL_UART_Init     stm32l1xx_hal_uart.o
    0x08002270   0x0000008c   Code   RO          409    i.HAL_UART_MspInit  stm32l1xx_hal_msp.o
    0x080022fc   0x00000002   Code   RO         2451    i.HAL_UART_RxCpltCallback  stm32l1xx_hal_uart.o
    0x080022fe   0x00000002   Code   RO         2456    i.HAL_UART_TxCpltCallback  stm32l1xx_hal_uart.o
    0x08002300   0x00000054   Code   RO          278    i.MX_ADC_Init       main.o
    0x08002354   0x00000060   Code   RO            4    i.MX_FATFS_Init     fatfs.o
    0x080023b4   0x000000bc   Code   RO          279    i.MX_GPIO_Init      main.o
    0x08002470   0x00000034   Code   RO          280    i.MX_SPI1_Init      main.o
    0x080024a4   0x00000034   Code   RO          281    i.MX_SPI2_Init      main.o
    0x080024d8   0x00000020   Code   RO         1884    i.NVIC_SetPriority  stm32l1xx_hal_cortex.o
    0x080024f8   0x00000078   Code   RO         1208    i.RCC_SetFlashLatencyFromMSIRange  stm32l1xx_hal_rcc.o
    0x08002570   0x00000024   Code   RO          695    i.SDIO_DataConfig   stm32l1xx_ll_sdmmc.o
    0x08002594   0x00000006   Code   RO          696    i.SDIO_GetCommandResponse  stm32l1xx_ll_sdmmc.o
    0x0800259a   0x00000008   Code   RO          699    i.SDIO_GetPowerState  stm32l1xx_ll_sdmmc.o
    0x080025a2   0x00000002   PAD
    0x080025a4   0x00000010   Code   RO          700    i.SDIO_GetResponse  stm32l1xx_ll_sdmmc.o
    0x080025b4   0x0000000c   Code   RO          337    i.SDIO_IRQHandler   stm32l1xx_it.o
    0x080025c0   0x00000024   Code   RO          701    i.SDIO_Init         stm32l1xx_ll_sdmmc.o
    0x080025e4   0x00000008   Code   RO          703    i.SDIO_PowerState_ON  stm32l1xx_ll_sdmmc.o
    0x080025ec   0x00000006   Code   RO          704    i.SDIO_ReadFIFO     stm32l1xx_ll_sdmmc.o
    0x080025f2   0x00000020   Code   RO          705    i.SDIO_SendCommand  stm32l1xx_ll_sdmmc.o
    0x08002612   0x0000000a   Code   RO          707    i.SDIO_WriteFIFO    stm32l1xx_ll_sdmmc.o
    0x0800261c   0x000000ec   Code   RO         2016    i.SD_CmdResp1Error  stm32l1xx_hal_sd.o
    0x08002708   0x0000002e   Code   RO         2017    i.SD_CmdResp2Error  stm32l1xx_hal_sd.o
    0x08002736   0x00000072   Code   RO         2018    i.SD_CmdResp6Error  stm32l1xx_hal_sd.o
    0x080027a8   0x00000040   Code   RO         2019    i.SD_CmdResp7Error  stm32l1xx_hal_sd.o
    0x080027e8   0x0000010a   Code   RO         2024    i.SD_FindSCR        stm32l1xx_hal_sd.o
    0x080028f2   0x000000dc   Code   RO         2025    i.SD_Initialize_Cards  stm32l1xx_hal_sd.o
    0x080029ce   0x00000002   PAD
    0x080029d0   0x0000013c   Code   RO         2026    i.SD_IsCardProgramming  stm32l1xx_hal_sd.o
    0x08002b0c   0x00000174   Code   RO         2027    i.SD_PowerON        stm32l1xx_hal_sd.o
    0x08002c80   0x00000072   Code   RO         2028    i.SD_WideBus_Disable  stm32l1xx_hal_sd.o
    0x08002cf2   0x00000074   Code   RO         2029    i.SD_WideBus_Enable  stm32l1xx_hal_sd.o
    0x08002d66   0x00000002   PAD
    0x08002d68   0x00000020   Code   RO         3072    i.SD_initialize     sd_diskio.o
    0x08002d88   0x00000050   Code   RO         3073    i.SD_ioctl          sd_diskio.o
    0x08002dd8   0x0000001e   Code   RO         3074    i.SD_read           sd_diskio.o
    0x08002df6   0x00000002   PAD
    0x08002df8   0x00000020   Code   RO         3075    i.SD_status         sd_diskio.o
    0x08002e18   0x0000001e   Code   RO         3076    i.SD_write          sd_diskio.o
    0x08002e36   0x00000002   PAD
    0x08002e38   0x0000000c   Code   RO          338    i.SPI1_IRQHandler   stm32l1xx_it.o
    0x08002e44   0x0000000c   Code   RO          339    i.SPI2_IRQHandler   stm32l1xx_it.o
    0x08002e50   0x00000038   Code   RO          340    i.SysTick_Handler   stm32l1xx_it.o
    0x08002e88   0x00000084   Code   RO          282    i.SystemClock_Config  main.o
    0x08002f0c   0x00000050   Code   RO          533    i.SystemInit        system_stm32l1xx.o
    0x08002f5c   0x000000a8   Code   RO         2463    i.UART_Receive_IT   stm32l1xx_hal_uart.o
    0x08003004   0x00000168   Code   RO         2464    i.UART_SetConfig    stm32l1xx_hal_uart.o
    0x0800316c   0x00000066   Code   RO         2465    i.UART_Transmit_IT  stm32l1xx_hal_uart.o
    0x080031d2   0x00000002   PAD
    0x080031d4   0x0000000c   Code   RO          341    i.USART1_IRQHandler  stm32l1xx_it.o
    0x080031e0   0x0000000c   Code   RO          342    i.USART2_IRQHandler  stm32l1xx_it.o
    0x080031ec   0x00000060   Code   RO         2666    i.check_fs          ff.o
    0x0800324c   0x0000006c   Code   RO         2667    i.chk_lock          ff.o
    0x080032b8   0x00000024   Code   RO         2668    i.clear_lock        ff.o
    0x080032dc   0x0000001e   Code   RO         2670    i.clust2sect        ff.o
    0x080032fa   0x000000b0   Code   RO         2671    i.create_chain      ff.o
    0x080033aa   0x00000002   PAD
    0x080033ac   0x00000100   Code   RO         2672    i.create_name       ff.o
    0x080034ac   0x0000003c   Code   RO         2673    i.dec_lock          ff.o
    0x080034e8   0x0000011e   Code   RO         2674    i.dir_next          ff.o
    0x08003606   0x00000076   Code   RO         2676    i.dir_register      ff.o
    0x0800367c   0x00000098   Code   RO         2678    i.dir_sdi           ff.o
    0x08003714   0x00000028   Code   RO         2986    i.disk_initialize   diskio.o
    0x0800373c   0x0000001c   Code   RO         2987    i.disk_ioctl        diskio.o
    0x08003758   0x0000001c   Code   RO         2988    i.disk_read         diskio.o
    0x08003774   0x00000018   Code   RO         2989    i.disk_status       diskio.o
    0x0800378c   0x0000001c   Code   RO         2990    i.disk_write        diskio.o
    0x080037a8   0x0000002a   Code   RO         2680    i.f_close           ff.o
    0x080037d2   0x00000002   PAD
    0x080037d4   0x0000005c   Code   RO         2687    i.f_mount           ff.o
    0x08003830   0x000001a0   Code   RO         2688    i.f_open            ff.o
    0x080039d0   0x000000b8   Code   RO         2697    i.f_sync            ff.o
    0x08003a88   0x00000258   Code   RO         2702    i.find_volume       ff.o
    0x08003ce0   0x000000c0   Code   RO         2703    i.follow_path       ff.o
    0x08003da0   0x000000c2   Code   RO         2704    i.get_fat           ff.o
    0x08003e62   0x00000004   Code   RO            5    i.get_fattime       fatfs.o
    0x08003e66   0x0000003c   Code   RO         2706    i.get_ldnumber      ff.o
    0x08003ea2   0x00000002   PAD
    0x08003ea4   0x000000a0   Code   RO         2707    i.inc_lock          ff.o
    0x08003f44   0x00000014   Code   RO         2708    i.ld_clust          ff.o
    0x08003f58   0x000000ac   Code   RO          283    i.main              main.o
    0x08004004   0x00000012   Code   RO         2709    i.mem_cpy           ff.o
    0x08004016   0x0000000e   Code   RO         2710    i.mem_set           ff.o
    0x08004024   0x00000036   Code   RO         2711    i.move_window       ff.o
    0x0800405a   0x000000f8   Code   RO         2712    i.put_fat           ff.o
    0x08004152   0x0000006e   Code   RO         2714    i.remove_chain      ff.o
    0x080041c0   0x00000010   Code   RO         2715    i.st_clust          ff.o
    0x080041d0   0x000000b6   Code   RO         2716    i.sync_fs           ff.o
    0x08004286   0x00000060   Code   RO         2717    i.sync_window       ff.o
    0x080042e6   0x0000002c   Code   RO         2718    i.validate          ff.o
    0x08004312   0x0000001d   Data   RO         1209    .constdata          stm32l1xx_hal_rcc.o
    0x0800432f   0x00000001   PAD
    0x08004330   0x000000ac   Data   RO         2720    .constdata          ff.o
    0x080043dc   0x00000014   Data   RO         3077    .constdata          sd_diskio.o
    0x080043f0   0x00000020   Data   RO         3340    Region$$Table       anon$$obj.o


    Execution Region RW_IRAM1 (Base: 0x20000000, Size: 0x000008e8, Max: 0x0000c000, ABSOLUTE)

    Base Addr    Size         Type   Attr      Idx    E Section Name        Object

    0x20000000   0x00000005   Data   RW            6    .data               fatfs.o
    0x20000005   0x00000003   PAD
    0x20000008   0x00000004   Data   RW          343    .data               stm32l1xx_it.o
    0x2000000c   0x00000004   Data   RW          535    .data               system_stm32l1xx.o
    0x20000010   0x00000004   Data   RW         2248    .data               stm32l1xx_hal.o
    0x20000014   0x0000000c   Data   RW         2721    .data               ff.o
    0x20000020   0x00000001   Data   RW         3078    .data               sd_diskio.o
    0x20000021   0x00000003   PAD
    0x20000024   0x000001e4   Zero   RW          284    .bss                main.o
    0x20000208   0x00000058   Zero   RW          285    .bss                main.o
    0x20000260   0x00000018   Zero   RW         2719    .bss                ff.o
    0x20000278   0x00000010   Zero   RW         3129    .bss                ff_gen_drv.o
    0x20000288   0x00000060   Zero   RW         3214    .bss                c_w.l(libspace.o)
    0x200002e8   0x00000200   Zero   RW         3173    HEAP                startup_stm32l151xd.o
    0x200004e8   0x00000400   Zero   RW         3172    STACK               startup_stm32l151xd.o


==============================================================================

Image component sizes


      Code (inc. data)   RO Data    RW Data    ZI Data      Debug   Object Name

       148         32          0          0          0       2830   bsp_driver_sd.o
       148         22          0          0          0       3285   diskio.o
       100         28          0          5          0     306176   fatfs.o
      4060         70        172         12         24      27960   ff.o
        70          4          0          0         16       1435   ff_gen_drv.o
       680         80          0          0        572       5796   main.o
       204         18         20          1          0       3772   sd_diskio.o
        64         26        292          0       1536        848   startup_stm32l151xd.o
       106         12          0          4          0       3250   stm32l1xx_hal.o
      1048         36          0          0          0       4666   stm32l1xx_hal_adc.o
         2          0          0          0          0       1393   stm32l1xx_hal_adc_ex.o
       228         14          0          0          0      28181   stm32l1xx_hal_cortex.o
       442         40          0          0          0       2264   stm32l1xx_hal_gpio.o
       552         70          0          0          0       3314   stm32l1xx_hal_msp.o
        16          6          0          0          0        492   stm32l1xx_hal_pwr_ex.o
      3140         94         29          0          0       6991   stm32l1xx_hal_rcc.o
      3910         20          0          0          0      21424   stm32l1xx_hal_sd.o
       198          0          0          0          0       1681   stm32l1xx_hal_spi.o
       132          0          0          0          0        967   stm32l1xx_hal_spi_ex.o
       948          6          0          0          0       5387   stm32l1xx_hal_uart.o
       128         44          0          4          0       2702   stm32l1xx_it.o
       158          4          0          0          0       5285   stm32l1xx_ll_sdmmc.o
        80         18          0          4          0       1233   system_stm32l1xx.o

    ----------------------------------------------------------------------
     16598        644        546         36       2148     441332   Object Totals
         0          0         32          0          0          0   (incl. Generated)
        36          0          1          6          0          0   (incl. Padding)

    ----------------------------------------------------------------------

      Code (inc. data)   RO Data    RW Data    ZI Data      Debug   Library Member Name

         8          0          0          0          0         68   __main.o
         0          0          0          0          0          0   __rtentry.o
        12          0          0          0          0          0   __rtentry2.o
         6          0          0          0          0          0   __rtentry4.o
        52          8          0          0          0          0   __scatter.o
        26          0          0          0          0          0   __scatter_copy.o
        28          0          0          0          0          0   __scatter_zi.o
        18          0          0          0          0         80   exit.o
         6          0          0          0          0        152   heapauxi.o
         0          0          0          0          0          0   indicate_semi.o
         2          0          0          0          0          0   libinit.o
         2          0          0          0          0          0   libinit2.o
         2          0          0          0          0          0   libshutdown.o
         2          0          0          0          0          0   libshutdown2.o
         8          4          0          0         96         68   libspace.o
         2          0          0          0          0          0   rtexit.o
        10          0          0          0          0          0   rtexit2.o
        12          4          0          0          0         68   sys_exit.o
        74          0          0          0          0         80   sys_stackheap_outer.o
         2          0          0          0          0         68   use_no_semi.o

    ----------------------------------------------------------------------
       280         16          0          0         96        584   Library Totals
         8          0          0          0          0          0   (incl. Padding)

    ----------------------------------------------------------------------

      Code (inc. data)   RO Data    RW Data    ZI Data      Debug   Library Name

       272         16          0          0         96        584   c_w.l

    ----------------------------------------------------------------------
       280         16          0          0         96        584   Library Totals

    ----------------------------------------------------------------------

==============================================================================


      Code (inc. data)   RO Data    RW Data    ZI Data      Debug   

     16878        660        546         36       2244     434944   Grand Totals
     16878        660        546         36       2244     434944   ELF Image Totals
     16878        660        546         36          0          0   ROM Totals

==============================================================================

    Total RO  Size (Code + RO Data)                17424 (  17.02kB)
    Total RW  Size (RW Data + ZI Data)              2280 (   2.23kB)
    Total ROM Size (Code + RO Data + RW Data)      17460 (  17.05kB)

==============================================================================

